<html>
<body>
<pre>
<h1>µVision Build Log</h1>
<h2>Tool Versions:</h2>
IDE-Version: ¦ÌVision V5.24.2.0
Copyright (C) 2017 ARM Ltd and ARM Germany GmbH. All rights reserved.
License Information: 1 1, 1, LIC=WHYKP-MP2YL-Z9XG9-4SY4L-9FM8V-95I19
 
Tool Versions:
Toolchain:       MDK-ARM Plus  Version: 5.24.1
Toolchain Path:  D:\software install\Keil\ARM\ARMCC\Bin
C Compiler:      Armcc.exe V5.06 update 5 (build 528)
Assembler:       Armasm.exe V5.06 update 5 (build 528)
Linker/Locator:  ArmLink.exe V5.06 update 5 (build 528)
Library Manager: ArmAr.exe V5.06 update 5 (build 528)
Hex Converter:   FromElf.exe V5.06 update 5 (build 528)
CPU DLL:         SARMCM3.DLL V5.24.1
Dialog DLL:      DCM.DLL V1.16.0.0
Target DLL:      STLink\ST-LINKIII-KEIL_SWO.dll V3.0.1.0
Dialog DLL:      TCM.DLL V1.32.0.0
 
<h2>Project:</h2>
C:\Users\xu\Desktop\ModbusMaster\Project\ModbusMaster.uvprojx
Project File Date:  06/13/2018

<h2>Output:</h2>
*** Using Compiler 'V5.06 update 5 (build 528)', folder: 'D:\software install\Keil\ARM\ARMCC\Bin'
Rebuild target 'ModbusMaster'
assembling startup_stm32f10x_hd.s...
compiling core_cm3.c...
compiling system_stm32f10x.c...
compiling misc.c...
compiling stm32f10x_fsmc.c...
compiling stm32f10x_gpio.c...
compiling stm32f10x_rcc.c...
compiling stm32f10x_usart.c...
compiling stm32f10x_tim.c...
compiling master.c...
..\Master\master.c(233): warning:  #550-D: variable "u32StartTime"  was set but never used
    uint32_t u32StartTime;
..\Master\master.c(13): warning:  #177-D: variable "ku8MBResponseTimedOut"  was declared but never referenced
  static const uint8_t ku8MBResponseTimedOut           = 0xE2;
..\Master\master.c(44): warning:  #177-D: variable "ku16MBResponseTimeout"  was declared but never referenced
  static const uint16_t ku16MBResponseTimeout          = 2000; ///< Modbus timeout [milliseconds]
..\Master\master.c: 3 warnings, 0 errors
compiling ringbuffer.c...
compiling trans_recieve_buff_control.c...
compiling Modbus_m.c...
..\Master\Modbus_m.c(184): warning:  #1-D: last line of file ends without a newline
  }
..\Master\Modbus_m.c: 1 warning, 0 errors
compiling delay.c...
compiling timer.c...
compiling usart.c...
compiling main.c...
compiling stm32_it.c...
linking...
Program Size: Code=5860 RO-data=336 RW-data=80 ZI-data=2712  
".\Objects\ModbusMaster.axf" - 0 Error(s), 4 Warning(s).

<h2>Software Packages used:</h2>

Package Vendor: Keil
                http://www.keil.com/pack/Keil.STM32F1xx_DFP.2.2.0.pack
                Keil.STM32F1xx_DFP.2.2.0
                STMicroelectronics STM32F1 Series Device Support, Drivers and Examples

<h2>Collection of Component include folders:</h2>
  .\RTE\_ModbusMaster
  D:\software install\Keil\Keil\STM32F1xx_DFP\2.2.0\Device\Include

<h2>Collection of Component Files used:</h2>
Build Time Elapsed:  00:00:06
</pre>
</body>
</html>
