<html>
<body>
<pre>
<h1>µVision Build Log</h1>
<h2>Project:</h2>
C:\Users\yangchao\Desktop\yc\DE_1104\Project\DEH.uvproj
Project File Date:  02/24/2015

<h2>Output:</h2>
Rebuild target 'DEH'
compiling DEcontrollerdesign.c...
..\USER\DEcontrollerdesign.c(11): warning:  #177-D: variable "dehLiq" was declared but never referenced
compiling main.c...
compiling mcp3208.c...
compiling stm32f10_dac.c...
compiling stm32f10_gpio.c...
compiling stm32f10_timer.c...
compiling stm32f10_usart.c...
compiling stm32f10x_it.c...
compiling misc.c...
compiling stm32f10x_gpio.c...
compiling stm32f10x_rcc.c...
compiling stm32f10x_usart.c...
compiling stm32f10x_tim.c...
compiling core_cm3.c...
compiling system_stm32f10x.c...
assembling startup_stm32f10x_hd.s...
linking...
Program Size: Code=19250 RO-data=350 RW-data=572 ZI-data=1884  
".\OUTPUT\DEH.axf" - 0 Error(s), 1 Warning(s).
