Component: ARM Compiler 5.06 update 5 (build 528) Tool: armlink [4d35e2]

==============================================================================

Section Cross References

    system_stm32f10x.o(i.SetSysClock) refers to system_stm32f10x.o(i.SetSysClockTo72) for SetSysClockTo72
    system_stm32f10x.o(i.SystemCoreClockUpdate) refers to system_stm32f10x.o(.data) for SystemCoreClock
    system_stm32f10x.o(i.SystemInit) refers to system_stm32f10x.o(i.SetSysClock) for SetSysClock
    stm32f10x_gpio.o(i.GPIO_AFIODeInit) refers to stm32f10x_rcc.o(i.RCC_APB2PeriphResetCmd) for RCC_APB2PeriphResetCmd
    stm32f10x_gpio.o(i.GPIO_DeInit) refers to stm32f10x_rcc.o(i.RCC_APB2PeriphResetCmd) for RCC_APB2PeriphResetCmd
    stm32f10x_i2c.o(i.I2C_DeInit) refers to stm32f10x_rcc.o(i.RCC_APB1PeriphResetCmd) for RCC_APB1PeriphResetCmd
    stm32f10x_i2c.o(i.I2C_Init) refers to stm32f10x_rcc.o(i.RCC_GetClocksFreq) for RCC_GetClocksFreq
    stm32f10x_rcc.o(i.RCC_GetClocksFreq) refers to stm32f10x_rcc.o(.data) for APBAHBPrescTable
    stm32f10x_rcc.o(i.RCC_WaitForHSEStartUp) refers to stm32f10x_rcc.o(i.RCC_GetFlagStatus) for RCC_GetFlagStatus
    stm32f10x_spi.o(i.I2S_Init) refers to stm32f10x_rcc.o(i.RCC_GetClocksFreq) for RCC_GetClocksFreq
    stm32f10x_spi.o(i.SPI_I2S_DeInit) refers to stm32f10x_rcc.o(i.RCC_APB2PeriphResetCmd) for RCC_APB2PeriphResetCmd
    stm32f10x_spi.o(i.SPI_I2S_DeInit) refers to stm32f10x_rcc.o(i.RCC_APB1PeriphResetCmd) for RCC_APB1PeriphResetCmd
    stm32f10x_tim.o(i.TIM_DeInit) refers to stm32f10x_rcc.o(i.RCC_APB2PeriphResetCmd) for RCC_APB2PeriphResetCmd
    stm32f10x_tim.o(i.TIM_DeInit) refers to stm32f10x_rcc.o(i.RCC_APB1PeriphResetCmd) for RCC_APB1PeriphResetCmd
    stm32f10x_tim.o(i.TIM_ETRClockMode1Config) refers to stm32f10x_tim.o(i.TIM_ETRConfig) for TIM_ETRConfig
    stm32f10x_tim.o(i.TIM_ETRClockMode2Config) refers to stm32f10x_tim.o(i.TIM_ETRConfig) for TIM_ETRConfig
    stm32f10x_tim.o(i.TIM_ICInit) refers to stm32f10x_tim.o(i.TI1_Config) for TI1_Config
    stm32f10x_tim.o(i.TIM_ICInit) refers to stm32f10x_tim.o(i.TIM_SetIC1Prescaler) for TIM_SetIC1Prescaler
    stm32f10x_tim.o(i.TIM_ICInit) refers to stm32f10x_tim.o(i.TI2_Config) for TI2_Config
    stm32f10x_tim.o(i.TIM_ICInit) refers to stm32f10x_tim.o(i.TIM_SetIC2Prescaler) for TIM_SetIC2Prescaler
    stm32f10x_tim.o(i.TIM_ICInit) refers to stm32f10x_tim.o(i.TI3_Config) for TI3_Config
    stm32f10x_tim.o(i.TIM_ICInit) refers to stm32f10x_tim.o(i.TIM_SetIC3Prescaler) for TIM_SetIC3Prescaler
    stm32f10x_tim.o(i.TIM_ICInit) refers to stm32f10x_tim.o(i.TI4_Config) for TI4_Config
    stm32f10x_tim.o(i.TIM_ICInit) refers to stm32f10x_tim.o(i.TIM_SetIC4Prescaler) for TIM_SetIC4Prescaler
    stm32f10x_tim.o(i.TIM_ITRxExternalClockConfig) refers to stm32f10x_tim.o(i.TIM_SelectInputTrigger) for TIM_SelectInputTrigger
    stm32f10x_tim.o(i.TIM_PWMIConfig) refers to stm32f10x_tim.o(i.TI1_Config) for TI1_Config
    stm32f10x_tim.o(i.TIM_PWMIConfig) refers to stm32f10x_tim.o(i.TIM_SetIC1Prescaler) for TIM_SetIC1Prescaler
    stm32f10x_tim.o(i.TIM_PWMIConfig) refers to stm32f10x_tim.o(i.TI2_Config) for TI2_Config
    stm32f10x_tim.o(i.TIM_PWMIConfig) refers to stm32f10x_tim.o(i.TIM_SetIC2Prescaler) for TIM_SetIC2Prescaler
    stm32f10x_tim.o(i.TIM_TIxExternalClockConfig) refers to stm32f10x_tim.o(i.TI2_Config) for TI2_Config
    stm32f10x_tim.o(i.TIM_TIxExternalClockConfig) refers to stm32f10x_tim.o(i.TI1_Config) for TI1_Config
    stm32f10x_tim.o(i.TIM_TIxExternalClockConfig) refers to stm32f10x_tim.o(i.TIM_SelectInputTrigger) for TIM_SelectInputTrigger
    stm32f10x_usart.o(i.USART_DeInit) refers to stm32f10x_rcc.o(i.RCC_APB2PeriphResetCmd) for RCC_APB2PeriphResetCmd
    stm32f10x_usart.o(i.USART_DeInit) refers to stm32f10x_rcc.o(i.RCC_APB1PeriphResetCmd) for RCC_APB1PeriphResetCmd
    stm32f10x_usart.o(i.USART_Init) refers to stm32f10x_rcc.o(i.RCC_GetClocksFreq) for RCC_GetClocksFreq
    stm32f10x_adc.o(i.ADC_DeInit) refers to stm32f10x_rcc.o(i.RCC_APB2PeriphResetCmd) for RCC_APB2PeriphResetCmd
    ad.o(i.ADC1_GPIO_Config) refers to stm32f10x_rcc.o(i.RCC_AHBPeriphClockCmd) for RCC_AHBPeriphClockCmd
    ad.o(i.ADC1_GPIO_Config) refers to stm32f10x_rcc.o(i.RCC_APB2PeriphClockCmd) for RCC_APB2PeriphClockCmd
    ad.o(i.ADC1_GPIO_Config) refers to stm32f10x_gpio.o(i.GPIO_Init) for GPIO_Init
    ad.o(i.ADC1_Mode_Config) refers to stm32f10x_dma.o(i.DMA_DeInit) for DMA_DeInit
    ad.o(i.ADC1_Mode_Config) refers to stm32f10x_dma.o(i.DMA_Init) for DMA_Init
    ad.o(i.ADC1_Mode_Config) refers to stm32f10x_dma.o(i.DMA_Cmd) for DMA_Cmd
    ad.o(i.ADC1_Mode_Config) refers to stm32f10x_adc.o(i.ADC_Init) for ADC_Init
    ad.o(i.ADC1_Mode_Config) refers to stm32f10x_rcc.o(i.RCC_ADCCLKConfig) for RCC_ADCCLKConfig
    ad.o(i.ADC1_Mode_Config) refers to stm32f10x_adc.o(i.ADC_RegularChannelConfig) for ADC_RegularChannelConfig
    ad.o(i.ADC1_Mode_Config) refers to stm32f10x_adc.o(i.ADC_DMACmd) for ADC_DMACmd
[...]
    i.CheckTSReceivedData                    0x080005e0   Section        0  touchscreen.o(i.CheckTSReceivedData)
    i.DAC7554_GPIO_Config                    0x08000610   Section        0  dac8554.o(i.DAC7554_GPIO_Config)
    i.DAC7554_Send_16_bits                   0x08000644   Section        0  dac8554.o(i.DAC7554_Send_16_bits)
    i.DAC8554_delay                          0x080006b0   Section        0  dac8554.o(i.DAC8554_delay)
    i.DMA_Cmd                                0x080006bc   Section        0  stm32f10x_dma.o(i.DMA_Cmd)
    i.DMA_DeInit                             0x080006d4   Section        0  stm32f10x_dma.o(i.DMA_DeInit)
    i.DMA_Init                               0x08000820   Section        0  stm32f10x_dma.o(i.DMA_Init)
    i.DebugMon_Handler                       0x0800085c   Section        0  stm32f10x_it.o(i.DebugMon_Handler)
    i.DiGpioCfg                              0x08000860   Section        0  dio.o(i.DiGpioCfg)
    i.DioCfg                                 0x0800088c   Section        0  dio.o(i.DioCfg)
    i.DoMuxGpioCfg                           0x08000898   Section        0  dio.o(i.DoMuxGpioCfg)
    i.GPIO_Init                              0x080008d0   Section        0  stm32f10x_gpio.o(i.GPIO_Init)
    i.GPIO_PinRemapConfig                    0x080009e8   Section        0  stm32f10x_gpio.o(i.GPIO_PinRemapConfig)
    i.GPIO_ResetBits                         0x08000a78   Section        0  stm32f10x_gpio.o(i.GPIO_ResetBits)
    i.GPIO_SetBits                           0x08000a7c   Section        0  stm32f10x_gpio.o(i.GPIO_SetBits)
    i.GPIO_WriteBit                          0x08000a80   Section        0  stm32f10x_gpio.o(i.GPIO_WriteBit)
    i.GetTouchScreenValue                    0x08000a8c   Section        0  touchscreen.o(i.GetTouchScreenValue)
    i.HardFault_Handler                      0x08000b78   Section        0  stm32f10x_it.o(i.HardFault_Handler)
    i.IWDG_Configuration                     0x08000b7c   Section        0  main.o(i.IWDG_Configuration)
    i.IWDG_Enable                            0x08000ba0   Section        0  stm32f10x_iwdg.o(i.IWDG_Enable)
    i.IWDG_ReloadCounter                     0x08000bb0   Section        0  stm32f10x_iwdg.o(i.IWDG_ReloadCounter)
    i.IWDG_SetPrescaler                      0x08000bc0   Section        0  stm32f10x_iwdg.o(i.IWDG_SetPrescaler)
    i.IWDG_SetReload                         0x08000bcc   Section        0  stm32f10x_iwdg.o(i.IWDG_SetReload)
    i.IWDG_WriteAccessCmd                    0x08000bd8   Section        0  stm32f10x_iwdg.o(i.IWDG_WriteAccessCmd)
    i.LedInit                                0x08000be4   Section        0  main.o(i.LedInit)
    i.MemManage_Handler                      0x08000c34   Section        0  stm32f10x_it.o(i.MemManage_Handler)
    i.Modbus_01_Solve                        0x08000c38   Section        0  modbusnew.o(i.Modbus_01_Solve)
    i.Modbus_02_Solve                        0x08000dc4   Section        0  modbusnew.o(i.Modbus_02_Solve)
    i.Modbus_03_Solve                        0x08000f50   Section        0  modbusnew.o(i.Modbus_03_Solve)
    i.Modbus_05_Solve                        0x08001050   Section        0  modbusnew.o(i.Modbus_05_Solve)
    i.Modbus_06_Solve                        0x08001108   Section        0  modbusnew.o(i.Modbus_06_Solve)
    i.Modbus_15_Solve                        0x0800119c   Section        0  modbusnew.o(i.Modbus_15_Solve)
    i.Modbus_16_Solve                        0x080012a4   Section        0  modbusnew.o(i.Modbus_16_Solve)
    i.Modbus_RegMap                          0x0800139c   Section        0  modbusnew.o(i.Modbus_RegMap)
    i.NMI_Handler                            0x080013dc   Section        0  stm32f10x_it.o(i.NMI_Handler)
    i.NVIC_Configuration                     0x080013de   Section        0  main.o(i.NVIC_Configuration)
    i.NVIC_Init                              0x08001454   Section        0  misc.o(i.NVIC_Init)
    i.NVIC_PriorityGroupConfig               0x080014c4   Section        0  misc.o(i.NVIC_PriorityGroupConfig)
    i.NVIC_SetVectorTable                    0x080014d8   Section        0  misc.o(i.NVIC_SetVectorTable)
    i.PWM1_Init                              0x080014ec   Section        0  pwm.o(i.PWM1_Init)
    i.PWM1_SetHighTime                       0x08001588   Section        0  pwm.o(i.PWM1_SetHighTime)
    i.PWM2_Init                              0x080015ac   Section        0  pwm.o(i.PWM2_Init)
    i.PWM2_SetHighTime                       0x08001648   Section        0  pwm.o(i.PWM2_SetHighTime)
    i.PendSV_Handler                         0x0800166c   Section        0  stm32f10x_it.o(i.PendSV_Handler)
    i.RCC_ADCCLKConfig                       0x08001670   Section        0  stm32f10x_rcc.o(i.RCC_ADCCLKConfig)
    i.RCC_AHBPeriphClockCmd                  0x08001688   Section        0  stm32f10x_rcc.o(i.RCC_AHBPeriphClockCmd)
    i.RCC_APB1PeriphClockCmd                 0x080016a8   Section        0  stm32f10x_rcc.o(i.RCC_APB1PeriphClockCmd)
    i.RCC_APB1PeriphResetCmd                 0x080016c8   Section        0  stm32f10x_rcc.o(i.RCC_APB1PeriphResetCmd)
    i.RCC_APB2PeriphClockCmd                 0x080016e8   Section        0  stm32f10x_rcc.o(i.RCC_APB2PeriphClockCmd)
    i.RCC_APB2PeriphResetCmd                 0x08001708   Section        0  stm32f10x_rcc.o(i.RCC_APB2PeriphResetCmd)
    i.RCC_Configuration                      0x08001728   Section        0  main.o(i.RCC_Configuration)
    i.RCC_DeInit                             0x08001780   Section        0  stm32f10x_rcc.o(i.RCC_DeInit)
    i.RCC_GetClocksFreq                      0x080017cc   Section        0  stm32f10x_rcc.o(i.RCC_GetClocksFreq)
    i.RCC_GetFlagStatus                      0x080018a0   Section        0  stm32f10x_rcc.o(i.RCC_GetFlagStatus)
    i.RCC_GetSYSCLKSource                    0x080018dc   Section        0  stm32f10x_rcc.o(i.RCC_GetSYSCLKSource)
    i.RCC_HCLKConfig                         0x080018ec   Section        0  stm32f10x_rcc.o(i.RCC_HCLKConfig)
    i.RCC_HSEConfig                          0x08001904   Section        0  stm32f10x_rcc.o(i.RCC_HSEConfig)
    i.RCC_PCLK1Config                        0x08001950   Section        0  stm32f10x_rcc.o(i.RCC_PCLK1Config)
    i.RCC_PCLK2Config                        0x08001968   Section        0  stm32f10x_rcc.o(i.RCC_PCLK2Config)
    i.RCC_PLLCmd                             0x08001980   Section        0  stm32f10x_rcc.o(i.RCC_PLLCmd)
    i.RCC_PLLConfig                          0x0800198c   Section        0  stm32f10x_rcc.o(i.RCC_PLLConfig)
    i.RCC_SYSCLKConfig                       0x080019a8   Section        0  stm32f10x_rcc.o(i.RCC_SYSCLKConfig)
    i.RCC_WaitForHSEStartUp                  0x080019c0   Section        0  stm32f10x_rcc.o(i.RCC_WaitForHSEStartUp)
    i.RS485_SendData                         0x080019f8   Section        0  modbusnew.o(i.RS485_SendData)
    i.RS485_Service                          0x08001a40   Section        0  modbusnew.o(i.RS485_Service)
    i.ReadAdOfChannel                        0x08001bb8   Section        0  ad.o(i.ReadAdOfChannel)
    i.SPI_Cmd                                0x08001cb4   Section        0  stm32f10x_spi.o(i.SPI_Cmd)
    i.SPI_Flash_Init                         0x08001ccc   Section        0  w25q16.o(i.SPI_Flash_Init)
    i.SPI_Init                               0x08001cd4   Section        0  stm32f10x_spi.o(i.SPI_Init)
    i.SPIx_Init                              0x08001d10   Section        0  w25q16.o(i.SPIx_Init)
    i.SVC_Handler                            0x08001de8   Section        0  stm32f10x_it.o(i.SVC_Handler)
    i.SetAoOut                               0x08001dec   Section        0  dac8554.o(i.SetAoOut)
    i.SetSysClock                            0x08001f98   Section        0  system_stm32f10x.o(i.SetSysClock)
    SetSysClock                              0x08001f99   Thumb Code     8  system_stm32f10x.o(i.SetSysClock)
    i.SetSysClockTo72                        0x08001fa0   Section        0  system_stm32f10x.o(i.SetSysClockTo72)
    SetSysClockTo72                          0x08001fa1   Thumb Code   214  system_stm32f10x.o(i.SetSysClockTo72)
    i.SysTick_CLKSourceConfig                0x08002080   Section        0  misc.o(i.SysTick_CLKSourceConfig)
    i.SysTick_Handler                        0x080020a8   Section        0  stm32f10x_it.o(i.SysTick_Handler)
    i.SystemInit                             0x080020ac   Section        0  system_stm32f10x.o(i.SystemInit)
    i.TIM1_UP_IRQHandler                     0x0800210c   Section        0  stm32f10x_it.o(i.TIM1_UP_IRQHandler)
    i.TIM2_IRQHandler                        0x08002144   Section        0  stm32f10x_it.o(i.TIM2_IRQHandler)
    i.TIM_ClearFlag                          0x08002194   Section        0  stm32f10x_tim.o(i.TIM_ClearFlag)
    i.TIM_ClearITPendingBit                  0x0800219a   Section        0  stm32f10x_tim.o(i.TIM_ClearITPendingBit)
    i.TIM_Cmd                                0x080021a0   Section        0  stm32f10x_tim.o(i.TIM_Cmd)
    i.TIM_DeInit                             0x080021b8   Section        0  stm32f10x_tim.o(i.TIM_DeInit)
    i.TIM_GetITStatus                        0x080023a0   Section        0  stm32f10x_tim.o(i.TIM_GetITStatus)
    i.TIM_ITConfig                           0x080023c2   Section        0  stm32f10x_tim.o(i.TIM_ITConfig)
    i.TIM_OC1Init                            0x080023d4   Section        0  stm32f10x_tim.o(i.TIM_OC1Init)
    i.TIM_OC1PreloadConfig                   0x0800246c   Section        0  stm32f10x_tim.o(i.TIM_OC1PreloadConfig)
    i.TIM_SetCompare1                        0x0800247e   Section        0  stm32f10x_tim.o(i.TIM_SetCompare1)
    i.TIM_SetCounter                         0x08002482   Section        0  stm32f10x_tim.o(i.TIM_SetCounter)
    i.TIM_TimeBaseInit                       0x08002488   Section        0  stm32f10x_tim.o(i.TIM_TimeBaseInit)
    i.TSDataProcess                          0x0800252c   Section        0  touchscreen.o(i.TSDataProcess)
    i.TSPacketAnalysis                       0x08002568   Section        0  touchscreen.o(i.TSPacketAnalysis)
    i.TSSentDataGeneration                   0x08002598   Section        0  touchscreen.o(i.TSSentDataGeneration)
    i.TSreadPorts                            0x08002628   Section        0  touchscreen.o(i.TSreadPorts)
    i.Tim2Configure                          0x08002708   Section        0  timer.o(i.Tim2Configure)
    i.Timer1Config                           0x0800275c   Section        0  timer.o(i.Timer1Config)
    i.USART1_IRQHandler                      0x080027b0   Section        0  stm32f10x_it.o(i.USART1_IRQHandler)
    i.USART2_IRQHandler                      0x08002820   Section        0  stm32f10x_it.o(i.USART2_IRQHandler)
    i.USART_ClearFlag                        0x080029cc   Section        0  stm32f10x_usart.o(i.USART_ClearFlag)
    i.USART_ClearITPendingBit                0x080029de   Section        0  stm32f10x_usart.o(i.USART_ClearITPendingBit)
    i.USART_Cmd                              0x080029fc   Section        0  stm32f10x_usart.o(i.USART_Cmd)
    i.USART_DeInit                           0x08002a14   Section        0  stm32f10x_usart.o(i.USART_DeInit)
    i.USART_GetFlagStatus                    0x08002ab0   Section        0  stm32f10x_usart.o(i.USART_GetFlagStatus)
    i.USART_GetITStatus                      0x08002aca   Section        0  stm32f10x_usart.o(i.USART_GetITStatus)
    i.USART_ITConfig                         0x08002b1e   Section        0  stm32f10x_usart.o(i.USART_ITConfig)
    i.USART_Init                             0x08002b68   Section        0  stm32f10x_usart.o(i.USART_Init)
    i.USART_ReceiveData                      0x08002c40   Section        0  stm32f10x_usart.o(i.USART_ReceiveData)
    i.USART_SendData                         0x08002c4a   Section        0  stm32f10x_usart.o(i.USART_SendData)
    i.UsageFault_Handler                     0x08002c52   Section        0  stm32f10x_it.o(i.UsageFault_Handler)
    i.UsartConfigure                         0x08002c58   Section        0  usart.o(i.UsartConfigure)
    i.UsartSendData                          0x08002dd0   Section        0  usart.o(i.UsartSendData)
    i.Usart_GetChar                          0x08002de8   Section        0  usart.o(i.Usart_GetChar)
    i.Usart_SendChar                         0x08002df8   Section        0  usart.o(i.Usart_SendChar)
    i.checkSentData                          0x08002e28   Section        0  protocol.o(i.checkSentData)
    i.delay_init                             0x08002e4c   Section        0  delay.o(i.delay_init)
    i.delay_ms                               0x08002e90   Section        0  delay.o(i.delay_ms)
    i.getAIPhysicalValue                     0x08002edc   Section        0  touchscreen.o(i.getAIPhysicalValue)
    i.getDecHighByte                         0x08002ef4   Section        0  protocol.o(i.getDecHighByte)
    i.getDecLowByte                          0x08002f3c   Section        0  protocol.o(i.getDecLowByte)
    i.getIntHighByte                         0x08002f7c   Section        0  protocol.o(i.getIntHighByte)
    i.getIntLowByte                          0x08002faa   Section        0  protocol.o(i.getIntLowByte)
    i.main                                   0x08002fd0   Section        0  main.o(i.main)
    x$fpl$d2f                                0x08003120   Section       98  d2f.o(x$fpl$d2f)
    x$fpl$dadd                               0x08003184   Section      336  daddsub_clz.o(x$fpl$dadd)
    _dadd1                                   0x08003195   Thumb Code     0  daddsub_clz.o(x$fpl$dadd)
    x$fpl$dcmpinf                            0x080032d4   Section       24  dcmpi.o(x$fpl$dcmpinf)
    x$fpl$ddiv                               0x080032ec   Section      688  ddiv.o(x$fpl$ddiv)
    ddiv_entry                               0x080032f3   Thumb Code     0  ddiv.o(x$fpl$ddiv)
    x$fpl$dfixu                              0x0800359c   Section       90  dfixu.o(x$fpl$dfixu)
    x$fpl$dflt                               0x080035f6   Section       46  dflt_clz.o(x$fpl$dflt)
    x$fpl$dfltu                              0x08003624   Section       38  dflt_clz.o(x$fpl$dfltu)
    x$fpl$dleqf                              0x0800364c   Section      120  dleqf.o(x$fpl$dleqf)
    x$fpl$dmul                               0x080036c4   Section      340  dmul.o(x$fpl$dmul)
    x$fpl$dnaninf                            0x08003818   Section      156  dnaninf.o(x$fpl$dnaninf)
    x$fpl$dretinf                            0x080038b4   Section       12  dretinf.o(x$fpl$dretinf)
    x$fpl$drleqf                             0x080038c0   Section      108  drleqf.o(x$fpl$drleqf)
    x$fpl$dsub                               0x0800392c   Section      468  daddsub_clz.o(x$fpl$dsub)
    _dsub1                                   0x0800393d   Thumb Code     0  daddsub_clz.o(x$fpl$dsub)
    x$fpl$f2d                                0x08003b00   Section       86  f2d.o(x$fpl$f2d)
    x$fpl$fadd                               0x08003b58   Section      196  faddsub_clz.o(x$fpl$fadd)
    _fadd1                                   0x08003b67   Thumb Code     0  faddsub_clz.o(x$fpl$fadd)
    x$fpl$fcmpinf                            0x08003c1c   Section       24  fcmpi.o(x$fpl$fcmpinf)
    x$fpl$ffix                               0x08003c34   Section       54  ffix.o(x$fpl$ffix)
    x$fpl$ffixu                              0x08003c6c   Section       62  ffixu.o(x$fpl$ffixu)
    x$fpl$fflt                               0x08003cac   Section       48  fflt_clz.o(x$fpl$fflt)
    x$fpl$fleqf                              0x08003cdc   Section      104  fleqf.o(x$fpl$fleqf)
    x$fpl$fmul                               0x08003d44   Section      258  fmul.o(x$fpl$fmul)
    x$fpl$fnaninf                            0x08003e46   Section      140  fnaninf.o(x$fpl$fnaninf)
    x$fpl$fretinf                            0x08003ed2   Section       10  fretinf.o(x$fpl$fretinf)
    x$fpl$fsub                               0x08003edc   Section      234  faddsub_clz.o(x$fpl$fsub)
    _fsub1                                   0x08003eeb   Thumb Code     0  faddsub_clz.o(x$fpl$fsub)
    .constdata                               0x08003fc6   Section      256  modbusnew.o(.constdata)
    x$fpl$usenofp                            0x08003fc6   Section        0  usenofp.o(x$fpl$usenofp)
    .data                                    0x20000000   Section       20  system_stm32f10x.o(.data)
    .data                                    0x20000014   Section       20  stm32f10x_rcc.o(.data)
    APBAHBPrescTable                         0x20000014   Data          16  stm32f10x_rcc.o(.data)
    ADCPrescTable                            0x20000024   Data           4  stm32f10x_rcc.o(.data)
    .data                                    0x20000028   Section        4  ad.o(.data)
    .data                                    0x2000002c   Section        2  dac8554.o(.data)
    .data                                    0x2000002e   Section        2  pwm.o(.data)
    .data                                    0x20000030   Section        4  delay.o(.data)
    fac_us                                   0x20000030   Data           1  delay.o(.data)
    fac_ms                                   0x20000032   Data           2  delay.o(.data)
    .data                                    0x20000034   Section      274  globle.o(.data)
    .data                                    0x20000146   Section      262  modbusnew.o(.data)
    .data                                    0x2000024c   Section        8  main.o(.data)
    .data                                    0x20000254   Section        8  stm32f10x_it.o(.data)
    receivedCount                            0x20000254   Data           4  stm32f10x_it.o(.data)
    ScanTime                                 0x20000258   Data           4  stm32f10x_it.o(.data)
    .bss                                     0x2000025c   Section    14620  globle.o(.bss)
    .bss                                     0x20003b78   Section       96  libspace.o(.bss)
    HEAP                                     0x20003bd8   Section      512  startup_stm32f10x_hd.o(HEAP)
    Heap_Mem                                 0x20003bd8   Data         512  startup_stm32f10x_hd.o(HEAP)
    STACK                                    0x20003dd8   Section     1024  startup_stm32f10x_hd.o(STACK)
    Stack_Mem                                0x20003dd8   Data        1024  startup_stm32f10x_hd.o(STACK)
    __initial_sp                             0x200041d8   Data           0  startup_stm32f10x_hd.o(STACK)

    Global Symbols

    Symbol Name                              Value     Ov Type        Size  Object(Section)

    BuildAttributes$$THM_ISAv4$P$D$K$B$S$PE$A:L22UL41UL21$X:L11$S22US41US21$IEEE1$IW$USESV6$~STKCKD$USESV7$~SHL$OSPACE$ROPI$EBA8$UX$STANDARDLIB$REQ8$PRES8$EABIv2 0x00000000   Number         0  anon$$obj.o ABSOLUTE
    __ARM_use_no_argv                        0x00000000   Number         0  main.o ABSOLUTE
    __ARM_exceptions_init                     - Undefined Weak Reference
    __alloca_initialize                       - Undefined Weak Reference
    __arm_preinit_                            - Undefined Weak Reference
    __cpp_initialize__aeabi_                  - Undefined Weak Reference
    __cxa_finalize                            - Undefined Weak Reference
    __rt_locale                               - Undefined Weak Reference
    __sigvec_lookup                           - Undefined Weak Reference
    _atexit_init                              - Undefined Weak Reference
    _call_atexit_fns                          - Undefined Weak Reference
    _clock_init                               - Undefined Weak Reference
    _fp_trap_init                             - Undefined Weak Reference
    _fp_trap_shutdown                         - Undefined Weak Reference
    _get_lc_collate                           - Undefined Weak Reference
    _get_lc_ctype                             - Undefined Weak Reference
    _get_lc_monetary                          - Undefined Weak Reference
    _get_lc_numeric                           - Undefined Weak Reference
    _get_lc_time                              - Undefined Weak Reference
    _getenv_init                              - Undefined Weak Reference
    _handle_redirection                       - Undefined Weak Reference
    _init_alloc                               - Undefined Weak Reference
    _init_user_alloc                          - Undefined Weak Reference
    _initio                                   - Undefined Weak Reference
    _rand_init                                - Undefined Weak Reference
    _signal_finish                            - Undefined Weak Reference
    _signal_init                              - Undefined Weak Reference
    _terminate_alloc                          - Undefined Weak Reference
    _terminate_user_alloc                     - Undefined Weak Reference
    _terminateio                              - Undefined Weak Reference
    __Vectors_Size                           0x00000130   Number         0  startup_stm32f10x_hd.o ABSOLUTE
    __Vectors                                0x08000000   Data           4  startup_stm32f10x_hd.o(RESET)
    __Vectors_End                            0x08000130   Data           0  startup_stm32f10x_hd.o(RESET)
    __main                                   0x08000131   Thumb Code     8  __main.o(!!!main)
    __scatterload                            0x08000139   Thumb Code     0  __scatter.o(!!!scatter)
    __scatterload_rt2                        0x08000139   Thumb Code    44  __scatter.o(!!!scatter)
    __scatterload_rt2_thumb_only             0x08000139   Thumb Code     0  __scatter.o(!!!scatter)
    __scatterload_null                       0x08000147   Thumb Code     0  __scatter.o(!!!scatter)
    __decompress                             0x0800016d   Thumb Code    90  __dczerorl2.o(!!dczerorl2)
    __decompress1                            0x0800016d   Thumb Code     0  __dczerorl2.o(!!dczerorl2)
    __scatterload_zeroinit                   0x080001c9   Thumb Code    28  __scatter_zi.o(!!handler_zi)
    __rt_lib_init                            0x080001e5   Thumb Code     0  libinit.o(.ARM.Collect$$libinit$$00000000)
    __rt_lib_init_alloca_1                   0x080001e7   Thumb Code     0  libinit2.o(.ARM.Collect$$libinit$$0000002E)
    __rt_lib_init_argv_1                     0x080001e7   Thumb Code     0  libinit2.o(.ARM.Collect$$libinit$$0000002C)
    __rt_lib_init_atexit_1                   0x080001e7   Thumb Code     0  libinit2.o(.ARM.Collect$$libinit$$0000001B)
    __rt_lib_init_clock_1                    0x080001e7   Thumb Code     0  libinit2.o(.ARM.Collect$$libinit$$00000021)
    __rt_lib_init_cpp_1                      0x080001e7   Thumb Code     0  libinit2.o(.ARM.Collect$$libinit$$00000032)
    __rt_lib_init_exceptions_1               0x080001e7   Thumb Code     0  libinit2.o(.ARM.Collect$$libinit$$00000030)
    __rt_lib_init_fp_1                       0x080001e7   Thumb Code     0  libinit2.o(.ARM.Collect$$libinit$$00000002)
    __rt_lib_init_fp_trap_1                  0x080001e7   Thumb Code     0  libinit2.o(.ARM.Collect$$libinit$$0000001F)
    __rt_lib_init_getenv_1                   0x080001e7   Thumb Code     0  libinit2.o(.ARM.Collect$$libinit$$00000023)
    __rt_lib_init_heap_1                     0x080001e7   Thumb Code     0  libinit2.o(.ARM.Collect$$libinit$$0000000A)
    __rt_lib_init_lc_collate_1               0x080001e7   Thumb Code     0  libinit2.o(.ARM.Collect$$libinit$$00000011)
    __rt_lib_init_lc_ctype_1                 0x080001e7   Thumb Code     0  libinit2.o(.ARM.Collect$$libinit$$00000013)
    __rt_lib_init_lc_monetary_1              0x080001e7   Thumb Code     0  libinit2.o(.ARM.Collect$$libinit$$00000015)
    __rt_lib_init_lc_numeric_1               0x080001e7   Thumb Code     0  libinit2.o(.ARM.Collect$$libinit$$00000017)
    __rt_lib_init_lc_time_1                  0x080001e7   Thumb Code     0  libinit2.o(.ARM.Collect$$libinit$$00000019)
    __rt_lib_init_preinit_1                  0x080001e7   Thumb Code     0  libinit2.o(.ARM.Collect$$libinit$$00000004)
    __rt_lib_init_rand_1                     0x080001e7   Thumb Code     0  libinit2.o(.ARM.Collect$$libinit$$0000000E)
    __rt_lib_init_return                     0x080001e7   Thumb Code     0  libinit2.o(.ARM.Collect$$libinit$$00000033)
    __rt_lib_init_signal_1                   0x080001e7   Thumb Code     0  libinit2.o(.ARM.Collect$$libinit$$0000001D)
    __rt_lib_init_stdio_1                    0x080001e7   Thumb Code     0  libinit2.o(.ARM.Collect$$libinit$$00000025)
    __rt_lib_init_user_alloc_1               0x080001e7   Thumb Code     0  libinit2.o(.ARM.Collect$$libinit$$0000000C)
    __rt_lib_shutdown                        0x080001e9   Thumb Code     0  libshutdown.o(.ARM.Collect$$libshutdown$$00000000)
    __rt_lib_shutdown_cpp_1                  0x080001eb   Thumb Code     0  libshutdown2.o(.ARM.Collect$$libshutdown$$00000002)
    __rt_lib_shutdown_fp_trap_1              0x080001eb   Thumb Code     0  libshutdown2.o(.ARM.Collect$$libshutdown$$00000007)
    __rt_lib_shutdown_heap_1                 0x080001eb   Thumb Code     0  libshutdown2.o(.ARM.Collect$$libshutdown$$0000000F)
    __rt_lib_shutdown_return                 0x080001eb   Thumb Code     0  libshutdown2.o(.ARM.Collect$$libshutdown$$00000010)
    __rt_lib_shutdown_signal_1               0x080001eb   Thumb Code     0  libshutdown2.o(.ARM.Collect$$libshutdown$$0000000A)
    __rt_lib_shutdown_stdio_1                0x080001eb   Thumb Code     0  libshutdown2.o(.ARM.Collect$$libshutdown$$00000004)
    __rt_lib_shutdown_user_alloc_1           0x080001eb   Thumb Code     0  libshutdown2.o(.ARM.Collect$$libshutdown$$0000000C)
    __rt_entry                               0x080001ed   Thumb Code     0  __rtentry.o(.ARM.Collect$$rtentry$$00000000)
    __rt_entry_presh_1                       0x080001ed   Thumb Code     0  __rtentry2.o(.ARM.Collect$$rtentry$$00000002)
    __rt_entry_sh                            0x080001ed   Thumb Code     0  __rtentry4.o(.ARM.Collect$$rtentry$$00000004)
    __rt_entry_li                            0x080001f3   Thumb Code     0  __rtentry2.o(.ARM.Collect$$rtentry$$0000000A)
    __rt_entry_postsh_1                      0x080001f3   Thumb Code     0  __rtentry2.o(.ARM.Collect$$rtentry$$00000009)
    __rt_entry_main                          0x080001f7   Thumb Code     0  __rtentry2.o(.ARM.Collect$$rtentry$$0000000D)
    __rt_entry_postli_1                      0x080001f7   Thumb Code     0  __rtentry2.o(.ARM.Collect$$rtentry$$0000000C)
    __rt_exit                                0x080001ff   Thumb Code     0  rtexit.o(.ARM.Collect$$rtexit$$00000000)
    __rt_exit_ls                             0x08000201   Thumb Code     0  rtexit2.o(.ARM.Collect$$rtexit$$00000003)
    __rt_exit_prels_1                        0x08000201   Thumb Code     0  rtexit2.o(.ARM.Collect$$rtexit$$00000002)
    __rt_exit_exit                           0x08000205   Thumb Code     0  rtexit2.o(.ARM.Collect$$rtexit$$00000004)
    Reset_Handler                            0x0800020d   Thumb Code     8  startup_stm32f10x_hd.o(.text)
    ADC1_2_IRQHandler                        0x08000227   Thumb Code     0  startup_stm32f10x_hd.o(.text)
    ADC3_IRQHandler                          0x08000227   Thumb Code     0  startup_stm32f10x_hd.o(.text)
    CAN1_RX1_IRQHandler                      0x08000227   Thumb Code     0  startup_stm32f10x_hd.o(.text)
    CAN1_SCE_IRQHandler                      0x08000227   Thumb Code     0  startup_stm32f10x_hd.o(.text)
    DMA1_Channel1_IRQHandler                 0x08000227   Thumb Code     0  startup_stm32f10x_hd.o(.text)
    DMA1_Channel2_IRQHandler                 0x08000227   Thumb Code     0  startup_stm32f10x_hd.o(.text)
    DMA1_Channel3_IRQHandler                 0x08000227   Thumb Code     0  startup_stm32f10x_hd.o(.text)
    DMA1_Channel4_IRQHandler                 0x08000227   Thumb Code     0  startup_stm32f10x_hd.o(.text)
    DMA1_Channel5_IRQHandler                 0x08000227   Thumb Code     0  startup_stm32f10x_hd.o(.text)
    DMA1_Channel6_IRQHandler                 0x08000227   Thumb Code     0  startup_stm32f10x_hd.o(.text)
    DMA1_Channel7_IRQHandler                 0x08000227   Thumb Code     0  startup_stm32f10x_hd.o(.text)
    DMA2_Channel1_IRQHandler                 0x08000227   Thumb Code     0  startup_stm32f10x_hd.o(.text)
    DMA2_Channel2_IRQHandler                 0x08000227   Thumb Code     0  startup_stm32f10x_hd.o(.text)
    DMA2_Channel3_IRQHandler                 0x08000227   Thumb Code     0  startup_stm32f10x_hd.o(.text)
    DMA2_Channel4_5_IRQHandler               0x08000227   Thumb Code     0  startup_stm32f10x_hd.o(.text)
    EXTI0_IRQHandler                         0x08000227   Thumb Code     0  startup_stm32f10x_hd.o(.text)
    EXTI15_10_IRQHandler                     0x08000227   Thumb Code     0  startup_stm32f10x_hd.o(.text)
    EXTI1_IRQHandler                         0x08000227   Thumb Code     0  startup_stm32f10x_hd.o(.text)
    EXTI2_IRQHandler                         0x08000227   Thumb Code     0  startup_stm32f10x_hd.o(.text)
    EXTI3_IRQHandler                         0x08000227   Thumb Code     0  startup_stm32f10x_hd.o(.text)
    EXTI4_IRQHandler                         0x08000227   Thumb Code     0  startup_stm32f10x_hd.o(.text)
    EXTI9_5_IRQHandler                       0x08000227   Thumb Code     0  startup_stm32f10x_hd.o(.text)
    FLASH_IRQHandler                         0x08000227   Thumb Code     0  startup_stm32f10x_hd.o(.text)
    FSMC_IRQHandler                          0x08000227   Thumb Code     0  startup_stm32f10x_hd.o(.text)
    I2C1_ER_IRQHandler                       0x08000227   Thumb Code     0  startup_stm32f10x_hd.o(.text)
    I2C1_EV_IRQHandler                       0x08000227   Thumb Code     0  startup_stm32f10x_hd.o(.text)
    I2C2_ER_IRQHandler                       0x08000227   Thumb Code     0  startup_stm32f10x_hd.o(.text)
    I2C2_EV_IRQHandler                       0x08000227   Thumb Code     0  startup_stm32f10x_hd.o(.text)
    PVD_IRQHandler                           0x08000227   Thumb Code     0  startup_stm32f10x_hd.o(.text)
    RCC_IRQHandler                           0x08000227   Thumb Code     0  startup_stm32f10x_hd.o(.text)
    RTCAlarm_IRQHandler                      0x08000227   Thumb Code     0  startup_stm32f10x_hd.o(.text)
    RTC_IRQHandler                           0x08000227   Thumb Code     0  startup_stm32f10x_hd.o(.text)
    SDIO_IRQHandler                          0x08000227   Thumb Code     0  startup_stm32f10x_hd.o(.text)
    SPI1_IRQHandler                          0x08000227   Thumb Code     0  startup_stm32f10x_hd.o(.text)
    SPI2_IRQHandler                          0x08000227   Thumb Code     0  startup_stm32f10x_hd.o(.text)
    SPI3_IRQHandler                          0x08000227   Thumb Code     0  startup_stm32f10x_hd.o(.text)
    TAMPER_IRQHandler                        0x08000227   Thumb Code     0  startup_stm32f10x_hd.o(.text)
    TIM1_BRK_IRQHandler                      0x08000227   Thumb Code     0  startup_stm32f10x_hd.o(.text)
    TIM1_CC_IRQHandler                       0x08000227   Thumb Code     0  startup_stm32f10x_hd.o(.text)
    TIM1_TRG_COM_IRQHandler                  0x08000227   Thumb Code     0  startup_stm32f10x_hd.o(.text)
    TIM3_IRQHandler                          0x08000227   Thumb Code     0  startup_stm32f10x_hd.o(.text)
    TIM4_IRQHandler                          0x08000227   Thumb Code     0  startup_stm32f10x_hd.o(.text)
    TIM5_IRQHandler                          0x08000227   Thumb Code     0  startup_stm32f10x_hd.o(.text)
    TIM6_IRQHandler                          0x08000227   Thumb Code     0  startup_stm32f10x_hd.o(.text)
    TIM7_IRQHandler                          0x08000227   Thumb Code     0  startup_stm32f10x_hd.o(.text)
    TIM8_BRK_IRQHandler                      0x08000227   Thumb Code     0  startup_stm32f10x_hd.o(.text)
    TIM8_CC_IRQHandler                       0x08000227   Thumb Code     0  startup_stm32f10x_hd.o(.text)
    TIM8_TRG_COM_IRQHandler                  0x08000227   Thumb Code     0  startup_stm32f10x_hd.o(.text)
    TIM8_UP_IRQHandler                       0x08000227   Thumb Code     0  startup_stm32f10x_hd.o(.text)
    UART4_IRQHandler                         0x08000227   Thumb Code     0  startup_stm32f10x_hd.o(.text)
    UART5_IRQHandler                         0x08000227   Thumb Code     0  startup_stm32f10x_hd.o(.text)
    USART3_IRQHandler                        0x08000227   Thumb Code     0  startup_stm32f10x_hd.o(.text)
    USBWakeUp_IRQHandler                     0x08000227   Thumb Code     0  startup_stm32f10x_hd.o(.text)
    USB_HP_CAN1_TX_IRQHandler                0x08000227   Thumb Code     0  startup_stm32f10x_hd.o(.text)
    USB_LP_CAN1_RX0_IRQHandler               0x08000227   Thumb Code     0  startup_stm32f10x_hd.o(.text)
    WWDG_IRQHandler                          0x08000227   Thumb Code     0  startup_stm32f10x_hd.o(.text)
    __user_initial_stackheap                 0x08000229   Thumb Code     0  startup_stm32f10x_hd.o(.text)
    __use_two_region_memory                  0x0800024d   Thumb Code     2  heapauxi.o(.text)
    __rt_heap_escrow$2region                 0x0800024f   Thumb Code     2  heapauxi.o(.text)
    __rt_heap_expand$2region                 0x08000251   Thumb Code     2  heapauxi.o(.text)
    __user_setup_stackheap                   0x08000253   Thumb Code    74  sys_stackheap_outer.o(.text)
    exit                                     0x0800029d   Thumb Code    18  exit.o(.text)
    __user_libspace                          0x080002b1   Thumb Code     8  libspace.o(.text)
    __user_perproc_libspace                  0x080002b1   Thumb Code     0  libspace.o(.text)
    __user_perthread_libspace                0x080002b1   Thumb Code     0  libspace.o(.text)
    _sys_exit                                0x080002b9   Thumb Code     8  sys_exit.o(.text)
    __I$use$semihosting                      0x080002c5   Thumb Code     0  use_no_semi.o(.text)
    __use_no_semihosting_swi                 0x080002c5   Thumb Code     2  use_no_semi.o(.text)
    __semihosting_library_function           0x080002c7   Thumb Code     0  indicate_semi.o(.text)
    ADC1_GPIO_Config                         0x080002c9   Thumb Code    42  ad.o(i.ADC1_GPIO_Config)
    ADC1_Mode_Config                         0x080002f9   Thumb Code   280  ad.o(i.ADC1_Mode_Config)
    ADC_Cmd                                  0x0800041d   Thumb Code    22  stm32f10x_adc.o(i.ADC_Cmd)
    ADC_DMACmd                               0x08000433   Thumb Code    22  stm32f10x_adc.o(i.ADC_DMACmd)
    ADC_GetCalibrationStatus                 0x08000449   Thumb Code    20  stm32f10x_adc.o(i.ADC_GetCalibrationStatus)
    ADC_GetResetCalibrationStatus            0x0800045d   Thumb Code    20  stm32f10x_adc.o(i.ADC_GetResetCalibrationStatus)
    ADC_Init                                 0x08000471   Thumb Code    70  stm32f10x_adc.o(i.ADC_Init)
    ADC_RegularChannelConfig                 0x080004c1   Thumb Code   184  stm32f10x_adc.o(i.ADC_RegularChannelConfig)
    ADC_ResetCalibration                     0x08000579   Thumb Code    10  stm32f10x_adc.o(i.ADC_ResetCalibration)
    ADC_SoftwareStartConvCmd                 0x08000583   Thumb Code    22  stm32f10x_adc.o(i.ADC_SoftwareStartConvCmd)
    ADC_StartCalibration                     0x08000599   Thumb Code    10  stm32f10x_adc.o(i.ADC_StartCalibration)
    BusFault_Handler                         0x080005a3   Thumb Code     4  stm32f10x_it.o(i.BusFault_Handler)
    CRC_Compute                              0x080005a9   Thumb Code    48  modbusnew.o(i.CRC_Compute)
    CheckTSReceivedData                      0x080005e1   Thumb Code    48  touchscreen.o(i.CheckTSReceivedData)
    DAC7554_GPIO_Config                      0x08000611   Thumb Code    46  dac8554.o(i.DAC7554_GPIO_Config)
    DAC7554_Send_16_bits                     0x08000645   Thumb Code   102  dac8554.o(i.DAC7554_Send_16_bits)
    DAC8554_delay                            0x080006b1   Thumb Code    12  dac8554.o(i.DAC8554_delay)
    DMA_Cmd                                  0x080006bd   Thumb Code    24  stm32f10x_dma.o(i.DMA_Cmd)
    DMA_DeInit                               0x080006d5   Thumb Code   324  stm32f10x_dma.o(i.DMA_DeInit)
    DMA_Init                                 0x08000821   Thumb Code    60  stm32f10x_dma.o(i.DMA_Init)
    DebugMon_Handler                         0x0800085d   Thumb Code     2  stm32f10x_it.o(i.DebugMon_Handler)
    DiGpioCfg                                0x08000861   Thumb Code    40  dio.o(i.DiGpioCfg)
    DioCfg                                   0x0800088d   Thumb Code    12  dio.o(i.DioCfg)
    DoMuxGpioCfg                             0x08000899   Thumb Code    50  dio.o(i.DoMuxGpioCfg)
    GPIO_Init                                0x080008d1   Thumb Code   278  stm32f10x_gpio.o(i.GPIO_Init)
    GPIO_PinRemapConfig                      0x080009e9   Thumb Code   138  stm32f10x_gpio.o(i.GPIO_PinRemapConfig)
    GPIO_ResetBits                           0x08000a79   Thumb Code     4  stm32f10x_gpio.o(i.GPIO_ResetBits)
    GPIO_SetBits                             0x08000a7d   Thumb Code     4  stm32f10x_gpio.o(i.GPIO_SetBits)
    GPIO_WriteBit                            0x08000a81   Thumb Code    10  stm32f10x_gpio.o(i.GPIO_WriteBit)
    GetTouchScreenValue                      0x08000a8d   Thumb Code   204  touchscreen.o(i.GetTouchScreenValue)
    HardFault_Handler                        0x08000b79   Thumb Code     4  stm32f10x_it.o(i.HardFault_Handler)
    IWDG_Configuration                       0x08000b7d   Thumb Code    34  main.o(i.IWDG_Configuration)
    IWDG_Enable                              0x08000ba1   Thumb Code    10  stm32f10x_iwdg.o(i.IWDG_Enable)
    IWDG_ReloadCounter                       0x08000bb1   Thumb Code    10  stm32f10x_iwdg.o(i.IWDG_ReloadCounter)
    IWDG_SetPrescaler                        0x08000bc1   Thumb Code     6  stm32f10x_iwdg.o(i.IWDG_SetPrescaler)
    IWDG_SetReload                           0x08000bcd   Thumb Code     6  stm32f10x_iwdg.o(i.IWDG_SetReload)
    IWDG_WriteAccessCmd                      0x08000bd9   Thumb Code     6  stm32f10x_iwdg.o(i.IWDG_WriteAccessCmd)
    LedInit                                  0x08000be5   Thumb Code    72  main.o(i.LedInit)
    MemManage_Handler                        0x08000c35   Thumb Code     4  stm32f10x_it.o(i.MemManage_Handler)
    Modbus_01_Solve                          0x08000c39   Thumb Code   372  modbusnew.o(i.Modbus_01_Solve)
    Modbus_02_Solve                          0x08000dc5   Thumb Code   372  modbusnew.o(i.Modbus_02_Solve)
    Modbus_03_Solve                          0x08000f51   Thumb Code   232  modbusnew.o(i.Modbus_03_Solve)
    Modbus_05_Solve                          0x08001051   Thumb Code   164  modbusnew.o(i.Modbus_05_Solve)
    Modbus_06_Solve                          0x08001109   Thumb Code   126  modbusnew.o(i.Modbus_06_Solve)
    Modbus_15_Solve                          0x0800119d   Thumb Code   240  modbusnew.o(i.Modbus_15_Solve)
    Modbus_16_Solve                          0x080012a5   Thumb Code   222  modbusnew.o(i.Modbus_16_Solve)
    Modbus_RegMap                            0x0800139d   Thumb Code    36  modbusnew.o(i.Modbus_RegMap)
    NMI_Handler                              0x080013dd   Thumb Code     2  stm32f10x_it.o(i.NMI_Handler)
    NVIC_Configuration                       0x080013df   Thumb Code   116  main.o(i.NVIC_Configuration)
    NVIC_Init                                0x08001455   Thumb Code   100  misc.o(i.NVIC_Init)
    NVIC_PriorityGroupConfig                 0x080014c5   Thumb Code    10  misc.o(i.NVIC_PriorityGroupConfig)
    NVIC_SetVectorTable                      0x080014d9   Thumb Code    12  misc.o(i.NVIC_SetVectorTable)
    PWM1_Init                                0x080014ed   Thumb Code   140  pwm.o(i.PWM1_Init)
    PWM1_SetHighTime                         0x08001589   Thumb Code    26  pwm.o(i.PWM1_SetHighTime)
    PWM2_Init                                0x080015ad   Thumb Code   142  pwm.o(i.PWM2_Init)
    PWM2_SetHighTime                         0x08001649   Thumb Code    26  pwm.o(i.PWM2_SetHighTime)
    PendSV_Handler                           0x0800166d   Thumb Code     2  stm32f10x_it.o(i.PendSV_Handler)
    RCC_ADCCLKConfig                         0x08001671   Thumb Code    18  stm32f10x_rcc.o(i.RCC_ADCCLKConfig)
    RCC_AHBPeriphClockCmd                    0x08001689   Thumb Code    26  stm32f10x_rcc.o(i.RCC_AHBPeriphClockCmd)
    RCC_APB1PeriphClockCmd                   0x080016a9   Thumb Code    26  stm32f10x_rcc.o(i.RCC_APB1PeriphClockCmd)
    RCC_APB1PeriphResetCmd                   0x080016c9   Thumb Code    26  stm32f10x_rcc.o(i.RCC_APB1PeriphResetCmd)
    RCC_APB2PeriphClockCmd                   0x080016e9   Thumb Code    26  stm32f10x_rcc.o(i.RCC_APB2PeriphClockCmd)
    RCC_APB2PeriphResetCmd                   0x08001709   Thumb Code    26  stm32f10x_rcc.o(i.RCC_APB2PeriphResetCmd)
    RCC_Configuration                        0x08001729   Thumb Code    88  main.o(i.RCC_Configuration)
    RCC_DeInit                               0x08001781   Thumb Code    64  stm32f10x_rcc.o(i.RCC_DeInit)
    RCC_GetClocksFreq                        0x080017cd   Thumb Code   192  stm32f10x_rcc.o(i.RCC_GetClocksFreq)
    RCC_GetFlagStatus                        0x080018a1   Thumb Code    56  stm32f10x_rcc.o(i.RCC_GetFlagStatus)
    RCC_GetSYSCLKSource                      0x080018dd   Thumb Code    10  stm32f10x_rcc.o(i.RCC_GetSYSCLKSource)
    RCC_HCLKConfig                           0x080018ed   Thumb Code    18  stm32f10x_rcc.o(i.RCC_HCLKConfig)
    RCC_HSEConfig                            0x08001905   Thumb Code    70  stm32f10x_rcc.o(i.RCC_HSEConfig)
    RCC_PCLK1Config                          0x08001951   Thumb Code    18  stm32f10x_rcc.o(i.RCC_PCLK1Config)
    RCC_PCLK2Config                          0x08001969   Thumb Code    20  stm32f10x_rcc.o(i.RCC_PCLK2Config)
    RCC_PLLCmd                               0x08001981   Thumb Code     6  stm32f10x_rcc.o(i.RCC_PLLCmd)
    RCC_PLLConfig                            0x0800198d   Thumb Code    24  stm32f10x_rcc.o(i.RCC_PLLConfig)
    RCC_SYSCLKConfig                         0x080019a9   Thumb Code    18  stm32f10x_rcc.o(i.RCC_SYSCLKConfig)
    RCC_WaitForHSEStartUp                    0x080019c1   Thumb Code    56  stm32f10x_rcc.o(i.RCC_WaitForHSEStartUp)
    RS485_SendData                           0x080019f9   Thumb Code    62  modbusnew.o(i.RS485_SendData)
    RS485_Service                            0x08001a41   Thumb Code   348  modbusnew.o(i.RS485_Service)
    ReadAdOfChannel                          0x08001bb9   Thumb Code   216  ad.o(i.ReadAdOfChannel)
    SPI_Cmd                                  0x08001cb5   Thumb Code    24  stm32f10x_spi.o(i.SPI_Cmd)
    SPI_Flash_Init                           0x08001ccd   Thumb Code     8  w25q16.o(i.SPI_Flash_Init)
    SPI_Init                                 0x08001cd5   Thumb Code    60  stm32f10x_spi.o(i.SPI_Init)
    SPIx_Init                                0x08001d11   Thumb Code   202  w25q16.o(i.SPIx_Init)
    SVC_Handler                              0x08001de9   Thumb Code     2  stm32f10x_it.o(i.SVC_Handler)
    SetAoOut                                 0x08001ded   Thumb Code   376  dac8554.o(i.SetAoOut)
    SysTick_CLKSourceConfig                  0x08002081   Thumb Code    40  misc.o(i.SysTick_CLKSourceConfig)
    SysTick_Handler                          0x080020a9   Thumb Code     2  stm32f10x_it.o(i.SysTick_Handler)
    SystemInit                               0x080020ad   Thumb Code    78  system_stm32f10x.o(i.SystemInit)
    TIM1_UP_IRQHandler                       0x0800210d   Thumb Code    42  stm32f10x_it.o(i.TIM1_UP_IRQHandler)
    TIM2_IRQHandler                          0x08002145   Thumb Code    68  stm32f10x_it.o(i.TIM2_IRQHandler)
    TIM_ClearFlag                            0x08002195   Thumb Code     6  stm32f10x_tim.o(i.TIM_ClearFlag)
    TIM_ClearITPendingBit                    0x0800219b   Thumb Code     6  stm32f10x_tim.o(i.TIM_ClearITPendingBit)
    TIM_Cmd                                  0x080021a1   Thumb Code    24  stm32f10x_tim.o(i.TIM_Cmd)
    TIM_DeInit                               0x080021b9   Thumb Code   424  stm32f10x_tim.o(i.TIM_DeInit)
    TIM_GetITStatus                          0x080023a1   Thumb Code    34  stm32f10x_tim.o(i.TIM_GetITStatus)
    TIM_ITConfig                             0x080023c3   Thumb Code    18  stm32f10x_tim.o(i.TIM_ITConfig)
    TIM_OC1Init                              0x080023d5   Thumb Code   132  stm32f10x_tim.o(i.TIM_OC1Init)
    TIM_OC1PreloadConfig                     0x0800246d   Thumb Code    18  stm32f10x_tim.o(i.TIM_OC1PreloadConfig)
    TIM_SetCompare1                          0x0800247f   Thumb Code     4  stm32f10x_tim.o(i.TIM_SetCompare1)
    TIM_SetCounter                           0x08002483   Thumb Code     4  stm32f10x_tim.o(i.TIM_SetCounter)
    TIM_TimeBaseInit                         0x08002489   Thumb Code   122  stm32f10x_tim.o(i.TIM_TimeBaseInit)
    TSDataProcess                            0x0800252d   Thumb Code    52  touchscreen.o(i.TSDataProcess)
    TSPacketAnalysis                         0x08002569   Thumb Code    42  touchscreen.o(i.TSPacketAnalysis)
    TSSentDataGeneration                     0x08002599   Thumb Code   134  touchscreen.o(i.TSSentDataGeneration)
    TSreadPorts                              0x08002629   Thumb Code   204  touchscreen.o(i.TSreadPorts)
    Tim2Configure                            0x08002709   Thumb Code    82  timer.o(i.Tim2Configure)
    Timer1Config                             0x0800275d   Thumb Code    80  timer.o(i.Timer1Config)
    USART1_IRQHandler                        0x080027b1   Thumb Code    96  stm32f10x_it.o(i.USART1_IRQHandler)
    USART2_IRQHandler                        0x08002821   Thumb Code   372  stm32f10x_it.o(i.USART2_IRQHandler)
    USART_ClearFlag                          0x080029cd   Thumb Code    18  stm32f10x_usart.o(i.USART_ClearFlag)
    USART_ClearITPendingBit                  0x080029df   Thumb Code    30  stm32f10x_usart.o(i.USART_ClearITPendingBit)
    USART_Cmd                                0x080029fd   Thumb Code    24  stm32f10x_usart.o(i.USART_Cmd)
    USART_DeInit                             0x08002a15   Thumb Code   134  stm32f10x_usart.o(i.USART_DeInit)
    USART_GetFlagStatus                      0x08002ab1   Thumb Code    26  stm32f10x_usart.o(i.USART_GetFlagStatus)
    USART_GetITStatus                        0x08002acb   Thumb Code    84  stm32f10x_usart.o(i.USART_GetITStatus)
    USART_ITConfig                           0x08002b1f   Thumb Code    74  stm32f10x_usart.o(i.USART_ITConfig)
    USART_Init                               0x08002b69   Thumb Code   210  stm32f10x_usart.o(i.USART_Init)
    USART_ReceiveData                        0x08002c41   Thumb Code    10  stm32f10x_usart.o(i.USART_ReceiveData)
    USART_SendData                           0x08002c4b   Thumb Code     8  stm32f10x_usart.o(i.USART_SendData)
    UsageFault_Handler                       0x08002c53   Thumb Code     4  stm32f10x_it.o(i.UsageFault_Handler)
    UsartConfigure                           0x08002c59   Thumb Code   350  usart.o(i.UsartConfigure)
    UsartSendData                            0x08002dd1   Thumb Code    24  usart.o(i.UsartSendData)
    Usart_GetChar                            0x08002de9   Thumb Code    16  usart.o(i.Usart_GetChar)
    Usart_SendChar                           0x08002df9   Thumb Code    38  usart.o(i.Usart_SendChar)
    checkSentData                            0x08002e29   Thumb Code    36  protocol.o(i.checkSentData)
    delay_init                               0x08002e4d   Thumb Code    50  delay.o(i.delay_init)
    delay_ms                                 0x08002e91   Thumb Code    72  delay.o(i.delay_ms)
    getAIPhysicalValue                       0x08002edd   Thumb Code    22  touchscreen.o(i.getAIPhysicalValue)
    getDecHighByte                           0x08002ef5   Thumb Code    64  protocol.o(i.getDecHighByte)
    getDecLowByte                            0x08002f3d   Thumb Code    56  protocol.o(i.getDecLowByte)
    getIntHighByte                           0x08002f7d   Thumb Code    46  protocol.o(i.getIntHighByte)
    getIntLowByte                            0x08002fab   Thumb Code    36  protocol.o(i.getIntLowByte)
    main                                     0x08002fd1   Thumb Code   286  main.o(i.main)
    __aeabi_d2f                              0x08003121   Thumb Code     0  d2f.o(x$fpl$d2f)
    _d2f                                     0x08003121   Thumb Code    98  d2f.o(x$fpl$d2f)
    __aeabi_dadd                             0x08003185   Thumb Code     0  daddsub_clz.o(x$fpl$dadd)
    _dadd                                    0x08003185   Thumb Code   332  daddsub_clz.o(x$fpl$dadd)
    __fpl_dcmp_Inf                           0x080032d5   Thumb Code    24  dcmpi.o(x$fpl$dcmpinf)
    __aeabi_ddiv                             0x080032ed   Thumb Code     0  ddiv.o(x$fpl$ddiv)
    _ddiv                                    0x080032ed   Thumb Code   552  ddiv.o(x$fpl$ddiv)
    __aeabi_d2uiz                            0x0800359d   Thumb Code     0  dfixu.o(x$fpl$dfixu)
    _dfixu                                   0x0800359d   Thumb Code    90  dfixu.o(x$fpl$dfixu)
    __aeabi_i2d                              0x080035f7   Thumb Code     0  dflt_clz.o(x$fpl$dflt)
    _dflt                                    0x080035f7   Thumb Code    46  dflt_clz.o(x$fpl$dflt)
    __aeabi_ui2d                             0x08003625   Thumb Code     0  dflt_clz.o(x$fpl$dfltu)
    _dfltu                                   0x08003625   Thumb Code    38  dflt_clz.o(x$fpl$dfltu)
    __aeabi_cdcmple                          0x0800364d   Thumb Code     0  dleqf.o(x$fpl$dleqf)
    _dcmple                                  0x0800364d   Thumb Code   120  dleqf.o(x$fpl$dleqf)
    __fpl_dcmple_InfNaN                      0x080036af   Thumb Code     0  dleqf.o(x$fpl$dleqf)
    __aeabi_dmul                             0x080036c5   Thumb Code     0  dmul.o(x$fpl$dmul)
    _dmul                                    0x080036c5   Thumb Code   332  dmul.o(x$fpl$dmul)
    __fpl_dnaninf                            0x08003819   Thumb Code   156  dnaninf.o(x$fpl$dnaninf)
    __fpl_dretinf                            0x080038b5   Thumb Code    12  dretinf.o(x$fpl$dretinf)
    __aeabi_cdrcmple                         0x080038c1   Thumb Code     0  drleqf.o(x$fpl$drleqf)
    _drcmple                                 0x080038c1   Thumb Code   108  drleqf.o(x$fpl$drleqf)
    __aeabi_dsub                             0x0800392d   Thumb Code     0  daddsub_clz.o(x$fpl$dsub)
    _dsub                                    0x0800392d   Thumb Code   464  daddsub_clz.o(x$fpl$dsub)
    __aeabi_f2d                              0x08003b01   Thumb Code     0  f2d.o(x$fpl$f2d)
    _f2d                                     0x08003b01   Thumb Code    86  f2d.o(x$fpl$f2d)
    __aeabi_fadd                             0x08003b59   Thumb Code     0  faddsub_clz.o(x$fpl$fadd)
    _fadd                                    0x08003b59   Thumb Code   196  faddsub_clz.o(x$fpl$fadd)
    __fpl_fcmp_Inf                           0x08003c1d   Thumb Code    24  fcmpi.o(x$fpl$fcmpinf)
    __aeabi_f2iz                             0x08003c35   Thumb Code     0  ffix.o(x$fpl$ffix)
    _ffix                                    0x08003c35   Thumb Code    54  ffix.o(x$fpl$ffix)
    __aeabi_f2uiz                            0x08003c6d   Thumb Code     0  ffixu.o(x$fpl$ffixu)
    _ffixu                                   0x08003c6d   Thumb Code    62  ffixu.o(x$fpl$ffixu)
    __aeabi_i2f                              0x08003cad   Thumb Code     0  fflt_clz.o(x$fpl$fflt)
    _fflt                                    0x08003cad   Thumb Code    48  fflt_clz.o(x$fpl$fflt)
    __aeabi_cfcmple                          0x08003cdd   Thumb Code     0  fleqf.o(x$fpl$fleqf)
    _fcmple                                  0x08003cdd   Thumb Code   104  fleqf.o(x$fpl$fleqf)
    __fpl_fcmple_InfNaN                      0x08003d2f   Thumb Code     0  fleqf.o(x$fpl$fleqf)
    __aeabi_fmul                             0x08003d45   Thumb Code     0  fmul.o(x$fpl$fmul)
    _fmul                                    0x08003d45   Thumb Code   258  fmul.o(x$fpl$fmul)
    __fpl_fnaninf                            0x08003e47   Thumb Code   140  fnaninf.o(x$fpl$fnaninf)
    __fpl_fretinf                            0x08003ed3   Thumb Code    10  fretinf.o(x$fpl$fretinf)
    __aeabi_fsub                             0x08003edd   Thumb Code     0  faddsub_clz.o(x$fpl$fsub)
    _fsub                                    0x08003edd   Thumb Code   234  faddsub_clz.o(x$fpl$fsub)
    __I$use$fp                               0x08003fc6   Number         0  usenofp.o(x$fpl$usenofp)
    auchCRCLo                                0x08003fc6   Data         256  modbusnew.o(.constdata)
    Region$$Table$$Base                      0x080040c8   Number         0  anon$$obj.o(Region$$Table)
    Region$$Table$$Limit                     0x080040e8   Number         0  anon$$obj.o(Region$$Table)
    SystemCoreClock                          0x20000000   Data           4  system_stm32f10x.o(.data)
    AHBPrescTable                            0x20000004   Data          16  system_stm32f10x.o(.data)
    sum                                      0x20000028   Data           4  ad.o(.data)
    Dat                                      0x2000002c   Data           2  dac8554.o(.data)
    arrSave                                  0x2000002e   Data           2  pwm.o(.data)
    AIParams                                 0x20000034   Data          96  globle.o(.data)
    Uart1_SCnt                               0x20000094   Data           1  globle.o(.data)
    Uart1_RCnt                               0x20000095   Data           1  globle.o(.data)
    Uart1_SendBuffSize                       0x20000096   Data           1  globle.o(.data)
    Uart2_SCnt                               0x20000097   Data           1  globle.o(.data)
    Uart2_RCnt                               0x20000098   Data           1  globle.o(.data)
    Uart2_SendBuffSize                       0x20000099   Data           1  globle.o(.data)
    temperature                              0x2000009c   Data           4  globle.o(.data)
    TimerOverFlag                            0x200000a0   Data           1  globle.o(.data)
    BegainRxFlag                             0x200000a1   Data           1  globle.o(.data)
    BusyFlag                                 0x200000a2   Data           1  globle.o(.data)
    DI_data                                  0x200000a3   Data           8  globle.o(.data)
    DO_data                                  0x200000ab   Data           8  globle.o(.data)
    CO2                                      0x200000b4   Data           4  globle.o(.data)
    CO2Sv                                    0x200000b8   Data           4  globle.o(.data)
    RoomTemp                                 0x200000bc   Data           4  globle.o(.data)
    RoomTempSv                               0x200000c0   Data           4  globle.o(.data)
    RoomHum                                  0x200000c4   Data           4  globle.o(.data)
    TSSentCheckCode                          0x200000c8   Data           1  globle.o(.data)
    MCUaddress                               0x200000cc   Data           4  globle.o(.data)
    StageSel                                 0x200000d0   Data           1  globle.o(.data)
    TaskSel                                  0x200000d1   Data           1  globle.o(.data)
    ModeSel                                  0x200000d2   Data           1  globle.o(.data)
    LineSel                                  0x200000d3   Data           1  globle.o(.data)
    ReceivedState                            0x200000d4   Data           1  globle.o(.data)
    ReceivedNum                              0x200000d8   Data           4  globle.o(.data)
    TSTaskSel                                0x200000dc   Data           1  globle.o(.data)
    localControl                             0x200000dd   Data           1  globle.o(.data)
    tx1                                      0x200000de   Data          24  globle.o(.data)
    tx2                                      0x200000f6   Data          24  globle.o(.data)
    tx3                                      0x2000010e   Data          24  globle.o(.data)
    tx4                                      0x20000126   Data          24  globle.o(.data)
    RS485_RX_CNT                             0x2000013e   Data           2  globle.o(.data)
    RS485_FrameFlag                          0x20000140   Data           1  globle.o(.data)
    RS485_TX_CNT                             0x20000142   Data           2  globle.o(.data)
    Temp                                     0x20000144   Data           2  globle.o(.data)
    startRegAddr                             0x20000146   Data           2  modbusnew.o(.data)
    RegNum                                   0x20000148   Data           2  modbusnew.o(.data)
    calCRC                                   0x2000014a   Data           2  modbusnew.o(.data)
    auchCRCHi                                0x2000014c   Data         256  modbusnew.o(.data)
    mode_vol                                 0x2000024c   Data           1  main.o(.data)
    mode_curr                                0x2000024d   Data           1  main.o(.data)
    Position                                 0x20000250   Data           4  main.o(.data)
    ADC_ConvertedValue                       0x2000025c   Data         120  globle.o(.bss)
    Uart1_Send_buffer                        0x200002d4   Data         150  globle.o(.bss)
    Uart1_receive_buffer                     0x2000036a   Data         150  globle.o(.bss)
    Uart2_Send_buffer                        0x20000400   Data         150  globle.o(.bss)
    Uart2_receive_buffer                     0x20000496   Data         150  globle.o(.bss)
    advalue                                  0x2000052c   Data          28  globle.o(.bss)
    ReadReg                                  0x20000548   Data         200  globle.o(.bss)
    WriteReg                                 0x20000610   Data         200  globle.o(.bss)
    TSRegister                               0x200006d8   Data          48  globle.o(.bss)
    Registers                                0x20000708   Data          64  globle.o(.bss)
    ADC_value                                0x20000748   Data          48  globle.o(.bss)
    ADC_data                                 0x20000778   Data          48  globle.o(.bss)
    RTD_value                                0x200007a8   Data          16  globle.o(.bss)
    DAC_value                                0x200007b8   Data          32  globle.o(.bss)
    DAC_data                                 0x200007d8   Data          32  globle.o(.bss)
    Setpoint                                 0x200007f8   Data          12  globle.o(.bss)
    TSReadPortsBuffer                        0x20000804   Data          18  globle.o(.bss)
    TSSendBuffer                             0x20000816   Data          22  globle.o(.bss)
    TSwriteRegister                          0x2000082c   Data          12  globle.o(.bss)
    ReceivedBuffer                           0x20000838   Data        4000  globle.o(.bss)
    TSReceivedBuffer                         0x200017d8   Data          24  globle.o(.bss)
    SentBuffer                               0x200017f0   Data         200  globle.o(.bss)
    RS485_RX_BUFF                            0x200018b8   Data        2048  globle.o(.bss)
    RS485_TX_BUFF                            0x200020b8   Data        2048  globle.o(.bss)
    Modbus_InputIO                           0x200028b8   Data         400  globle.o(.bss)
    Modbus_OutputIO                          0x20002a48   Data         400  globle.o(.bss)
    Modbus_HoldReg                           0x20002bd8   Data        4000  globle.o(.bss)
    __libspace_start                         0x20003b78   Data          96  libspace.o(.bss)
    __temporary_stack_top$libspace           0x20003bd8   Data           0  libspace.o(.bss)



==============================================================================

Memory Map of the image

  Image Entry point : 0x08000131

  Load Region LR_IROM1 (Base: 0x08000000, Size: 0x00004344, Max: 0x00040000, ABSOLUTE, COMPRESSED[0x0000414c])

    Execution Region ER_IROM1 (Exec base: 0x08000000, Load base: 0x08000000, Size: 0x000040e8, Max: 0x00040000, ABSOLUTE)

    Exec Addr    Load Addr    Size         Type   Attr      Idx    E Section Name        Object

    0x08000000   0x08000000   0x00000130   Data   RO         3062    RESET               startup_stm32f10x_hd.o
    0x08000130   0x08000130   0x00000008   Code   RO         3071  * !!!main             c_w.l(__main.o)
    0x08000138   0x08000138   0x00000034   Code   RO         3303    !!!scatter          c_w.l(__scatter.o)
    0x0800016c   0x0800016c   0x0000005a   Code   RO         3301    !!dczerorl2         c_w.l(__dczerorl2.o)
    0x080001c6   0x080001c6   0x00000002   PAD
    0x080001c8   0x080001c8   0x0000001c   Code   RO         3305    !!handler_zi        c_w.l(__scatter_zi.o)
    0x080001e4   0x080001e4   0x00000002   Code   RO         3171    .ARM.Collect$$libinit$$00000000  c_w.l(libinit.o)
    0x080001e6   0x080001e6   0x00000000   Code   RO         3178    .ARM.Collect$$libinit$$00000002  c_w.l(libinit2.o)
    0x080001e6   0x080001e6   0x00000000   Code   RO         3180    .ARM.Collect$$libinit$$00000004  c_w.l(libinit2.o)
    0x080001e6   0x080001e6   0x00000000   Code   RO         3183    .ARM.Collect$$libinit$$0000000A  c_w.l(libinit2.o)
    0x080001e6   0x080001e6   0x00000000   Code   RO         3185    .ARM.Collect$$libinit$$0000000C  c_w.l(libinit2.o)
    0x080001e6   0x080001e6   0x00000000   Code   RO         3187    .ARM.Collect$$libinit$$0000000E  c_w.l(libinit2.o)
    0x080001e6   0x080001e6   0x00000000   Code   RO         3190    .ARM.Collect$$libinit$$00000011  c_w.l(libinit2.o)
    0x080001e6   0x080001e6   0x00000000   Code   RO         3192    .ARM.Collect$$libinit$$00000013  c_w.l(libinit2.o)
    0x080001e6   0x080001e6   0x00000000   Code   RO         3194    .ARM.Collect$$libinit$$00000015  c_w.l(libinit2.o)
    0x080001e6   0x080001e6   0x00000000   Code   RO         3196    .ARM.Collect$$libinit$$00000017  c_w.l(libinit2.o)
    0x080001e6   0x080001e6   0x00000000   Code   RO         3198    .ARM.Collect$$libinit$$00000019  c_w.l(libinit2.o)
    0x080001e6   0x080001e6   0x00000000   Code   RO         3200    .ARM.Collect$$libinit$$0000001B  c_w.l(libinit2.o)
    0x080001e6   0x080001e6   0x00000000   Code   RO         3202    .ARM.Collect$$libinit$$0000001D  c_w.l(libinit2.o)
    0x080001e6   0x080001e6   0x00000000   Code   RO         3204    .ARM.Collect$$libinit$$0000001F  c_w.l(libinit2.o)
    0x080001e6   0x080001e6   0x00000000   Code   RO         3206    .ARM.Collect$$libinit$$00000021  c_w.l(libinit2.o)
    0x080001e6   0x080001e6   0x00000000   Code   RO         3208    .ARM.Collect$$libinit$$00000023  c_w.l(libinit2.o)
    0x080001e6   0x080001e6   0x00000000   Code   RO         3210    .ARM.Collect$$libinit$$00000025  c_w.l(libinit2.o)
    0x080001e6   0x080001e6   0x00000000   Code   RO         3214    .ARM.Collect$$libinit$$0000002C  c_w.l(libinit2.o)
    0x080001e6   0x080001e6   0x00000000   Code   RO         3216    .ARM.Collect$$libinit$$0000002E  c_w.l(libinit2.o)
    0x080001e6   0x080001e6   0x00000000   Code   RO         3218    .ARM.Collect$$libinit$$00000030  c_w.l(libinit2.o)
    0x080001e6   0x080001e6   0x00000000   Code   RO         3220    .ARM.Collect$$libinit$$00000032  c_w.l(libinit2.o)
    0x080001e6   0x080001e6   0x00000002   Code   RO         3221    .ARM.Collect$$libinit$$00000033  c_w.l(libinit2.o)
    0x080001e8   0x080001e8   0x00000002   Code   RO         3241    .ARM.Collect$$libshutdown$$00000000  c_w.l(libshutdown.o)
    0x080001ea   0x080001ea   0x00000000   Code   RO         3254    .ARM.Collect$$libshutdown$$00000002  c_w.l(libshutdown2.o)
    0x080001ea   0x080001ea   0x00000000   Code   RO         3256    .ARM.Collect$$libshutdown$$00000004  c_w.l(libshutdown2.o)
    0x080001ea   0x080001ea   0x00000000   Code   RO         3259    .ARM.Collect$$libshutdown$$00000007  c_w.l(libshutdown2.o)
    0x080001ea   0x080001ea   0x00000000   Code   RO         3262    .ARM.Collect$$libshutdown$$0000000A  c_w.l(libshutdown2.o)
    0x080001ea   0x080001ea   0x00000000   Code   RO         3264    .ARM.Collect$$libshutdown$$0000000C  c_w.l(libshutdown2.o)
    0x080001ea   0x080001ea   0x00000000   Code   RO         3267    .ARM.Collect$$libshutdown$$0000000F  c_w.l(libshutdown2.o)
    0x080001ea   0x080001ea   0x00000002   Code   RO         3268    .ARM.Collect$$libshutdown$$00000010  c_w.l(libshutdown2.o)
    0x080001ec   0x080001ec   0x00000000   Code   RO         3133    .ARM.Collect$$rtentry$$00000000  c_w.l(__rtentry.o)
    0x080001ec   0x080001ec   0x00000000   Code   RO         3148    .ARM.Collect$$rtentry$$00000002  c_w.l(__rtentry2.o)
    0x080001ec   0x080001ec   0x00000006   Code   RO         3160    .ARM.Collect$$rtentry$$00000004  c_w.l(__rtentry4.o)
    0x080001f2   0x080001f2   0x00000000   Code   RO         3150    .ARM.Collect$$rtentry$$00000009  c_w.l(__rtentry2.o)
    0x080001f2   0x080001f2   0x00000004   Code   RO         3151    .ARM.Collect$$rtentry$$0000000A  c_w.l(__rtentry2.o)
    0x080001f6   0x080001f6   0x00000000   Code   RO         3153    .ARM.Collect$$rtentry$$0000000C  c_w.l(__rtentry2.o)
    0x080001f6   0x080001f6   0x00000008   Code   RO         3154    .ARM.Collect$$rtentry$$0000000D  c_w.l(__rtentry2.o)
    0x080001fe   0x080001fe   0x00000002   Code   RO         3175    .ARM.Collect$$rtexit$$00000000  c_w.l(rtexit.o)
    0x08000200   0x08000200   0x00000000   Code   RO         3223    .ARM.Collect$$rtexit$$00000002  c_w.l(rtexit2.o)
    0x08000200   0x08000200   0x00000004   Code   RO         3224    .ARM.Collect$$rtexit$$00000003  c_w.l(rtexit2.o)
    0x08000204   0x08000204   0x00000006   Code   RO         3225    .ARM.Collect$$rtexit$$00000004  c_w.l(rtexit2.o)
    0x0800020a   0x0800020a   0x00000002   PAD
    0x0800020c   0x0800020c   0x00000040   Code   RO         3063    .text               startup_stm32f10x_hd.o
    0x0800024c   0x0800024c   0x00000006   Code   RO         3069    .text               c_w.l(heapauxi.o)
    0x08000252   0x08000252   0x0000004a   Code   RO         3162    .text               c_w.l(sys_stackheap_outer.o)
    0x0800029c   0x0800029c   0x00000012   Code   RO         3164    .text               c_w.l(exit.o)
    0x080002ae   0x080002ae   0x00000002   PAD
    0x080002b0   0x080002b0   0x00000008   Code   RO         3172    .text               c_w.l(libspace.o)
    0x080002b8   0x080002b8   0x0000000c   Code   RO         3233    .text               c_w.l(sys_exit.o)
    0x080002c4   0x080002c4   0x00000002   Code   RO         3244    .text               c_w.l(use_no_semi.o)
    0x080002c6   0x080002c6   0x00000000   Code   RO         3246    .text               c_w.l(indicate_semi.o)
    0x080002c6   0x080002c6   0x00000002   PAD
    0x080002c8   0x080002c8   0x00000030   Code   RO         2124    i.ADC1_GPIO_Config  ad.o
    0x080002f8   0x080002f8   0x00000124   Code   RO         2125    i.ADC1_Mode_Config  ad.o
    0x0800041c   0x0800041c   0x00000016   Code   RO         1794    i.ADC_Cmd           stm32f10x_adc.o
    0x08000432   0x08000432   0x00000016   Code   RO         1795    i.ADC_DMACmd        stm32f10x_adc.o
    0x08000448   0x08000448   0x00000014   Code   RO         1802    i.ADC_GetCalibrationStatus  stm32f10x_adc.o
    0x0800045c   0x0800045c   0x00000014   Code   RO         1808    i.ADC_GetResetCalibrationStatus  stm32f10x_adc.o
    0x08000470   0x08000470   0x00000050   Code   RO         1812    i.ADC_Init          stm32f10x_adc.o
    0x080004c0   0x080004c0   0x000000b8   Code   RO         1816    i.ADC_RegularChannelConfig  stm32f10x_adc.o
    0x08000578   0x08000578   0x0000000a   Code   RO         1817    i.ADC_ResetCalibration  stm32f10x_adc.o
    0x08000582   0x08000582   0x00000016   Code   RO         1819    i.ADC_SoftwareStartConvCmd  stm32f10x_adc.o
    0x08000598   0x08000598   0x0000000a   Code   RO         1821    i.ADC_StartCalibration  stm32f10x_adc.o
    0x080005a2   0x080005a2   0x00000004   Code   RO         2972    i.BusFault_Handler  stm32f10x_it.o
    0x080005a6   0x080005a6   0x00000002   PAD
    0x080005a8   0x080005a8   0x00000038   Code   RO         2820    i.CRC_Compute       modbusnew.o
    0x080005e0   0x080005e0   0x00000030   Code   RO         2664    i.CheckTSReceivedData  touchscreen.o
    0x08000610   0x08000610   0x00000034   Code   RO         2179    i.DAC7554_GPIO_Config  dac8554.o
    0x08000644   0x08000644   0x0000006c   Code   RO         2180    i.DAC7554_Send_16_bits  dac8554.o
    0x080006b0   0x080006b0   0x0000000c   Code   RO         2182    i.DAC8554_delay     dac8554.o
    0x080006bc   0x080006bc   0x00000018   Code   RO         2012    i.DMA_Cmd           stm32f10x_dma.o
    0x080006d4   0x080006d4   0x0000014c   Code   RO         2013    i.DMA_DeInit        stm32f10x_dma.o
    0x08000820   0x08000820   0x0000003c   Code   RO         2018    i.DMA_Init          stm32f10x_dma.o
    0x0800085c   0x0800085c   0x00000002   Code   RO         2973    i.DebugMon_Handler  stm32f10x_it.o
    0x0800085e   0x0800085e   0x00000002   PAD
    0x08000860   0x08000860   0x0000002c   Code   RO         2224    i.DiGpioCfg         dio.o
    0x0800088c   0x0800088c   0x0000000c   Code   RO         2225    i.DioCfg            dio.o
    0x08000898   0x08000898   0x00000038   Code   RO         2226    i.DoMuxGpioCfg      dio.o
    0x080008d0   0x080008d0   0x00000116   Code   RO          218    i.GPIO_Init         stm32f10x_gpio.o
    0x080009e6   0x080009e6   0x00000002   PAD
    0x080009e8   0x080009e8   0x00000090   Code   RO          220    i.GPIO_PinRemapConfig  stm32f10x_gpio.o
    0x08000a78   0x08000a78   0x00000004   Code   RO          225    i.GPIO_ResetBits    stm32f10x_gpio.o
    0x08000a7c   0x08000a7c   0x00000004   Code   RO          226    i.GPIO_SetBits      stm32f10x_gpio.o
    0x08000a80   0x08000a80   0x0000000a   Code   RO          229    i.GPIO_WriteBit     stm32f10x_gpio.o
    0x08000a8a   0x08000a8a   0x00000002   PAD
    0x08000a8c   0x08000a8c   0x000000ec   Code   RO         2665    i.GetTouchScreenValue  touchscreen.o
    0x08000b78   0x08000b78   0x00000004   Code   RO         2974    i.HardFault_Handler  stm32f10x_it.o
    0x08000b7c   0x08000b7c   0x00000022   Code   RO         2930    i.IWDG_Configuration  main.o
    0x08000b9e   0x08000b9e   0x00000002   PAD
    0x08000ba0   0x08000ba0   0x00000010   Code   RO         2082    i.IWDG_Enable       stm32f10x_iwdg.o
    0x08000bb0   0x08000bb0   0x00000010   Code   RO         2084    i.IWDG_ReloadCounter  stm32f10x_iwdg.o
    0x08000bc0   0x08000bc0   0x0000000c   Code   RO         2085    i.IWDG_SetPrescaler  stm32f10x_iwdg.o
    0x08000bcc   0x08000bcc   0x0000000c   Code   RO         2086    i.IWDG_SetReload    stm32f10x_iwdg.o
    0x08000bd8   0x08000bd8   0x0000000c   Code   RO         2087    i.IWDG_WriteAccessCmd  stm32f10x_iwdg.o
    0x08000be4   0x08000be4   0x00000050   Code   RO         2931    i.LedInit           main.o
    0x08000c34   0x08000c34   0x00000004   Code   RO         2975    i.MemManage_Handler  stm32f10x_it.o
    0x08000c38   0x08000c38   0x0000018c   Code   RO         2821    i.Modbus_01_Solve   modbusnew.o
    0x08000dc4   0x08000dc4   0x0000018c   Code   RO         2822    i.Modbus_02_Solve   modbusnew.o
    0x08000f50   0x08000f50   0x00000100   Code   RO         2823    i.Modbus_03_Solve   modbusnew.o
    0x08001050   0x08001050   0x000000b8   Code   RO         2824    i.Modbus_05_Solve   modbusnew.o
    0x08001108   0x08001108   0x00000094   Code   RO         2825    i.Modbus_06_Solve   modbusnew.o
    0x0800119c   0x0800119c   0x00000108   Code   RO         2826    i.Modbus_15_Solve   modbusnew.o
    0x080012a4   0x080012a4   0x000000f8   Code   RO         2827    i.Modbus_16_Solve   modbusnew.o
    0x0800139c   0x0800139c   0x00000040   Code   RO         2828    i.Modbus_RegMap     modbusnew.o
    0x080013dc   0x080013dc   0x00000002   Code   RO         2976    i.NMI_Handler       stm32f10x_it.o
    0x080013de   0x080013de   0x00000074   Code   RO         2932    i.NVIC_Configuration  main.o
    0x08001452   0x08001452   0x00000002   PAD
    0x08001454   0x08001454   0x00000070   Code   RO          130    i.NVIC_Init         misc.o
    0x080014c4   0x080014c4   0x00000014   Code   RO          131    i.NVIC_PriorityGroupConfig  misc.o
    0x080014d8   0x080014d8   0x00000014   Code   RO          132    i.NVIC_SetVectorTable  misc.o
    0x080014ec   0x080014ec   0x0000009c   Code   RO         2380    i.PWM1_Init         pwm.o
    0x08001588   0x08001588   0x00000024   Code   RO         2381    i.PWM1_SetHighTime  pwm.o
    0x080015ac   0x080015ac   0x0000009c   Code   RO         2382    i.PWM2_Init         pwm.o
    0x08001648   0x08001648   0x00000024   Code   RO         2383    i.PWM2_SetHighTime  pwm.o
    0x0800166c   0x0800166c   0x00000002   Code   RO         2977    i.PendSV_Handler    stm32f10x_it.o
    0x0800166e   0x0800166e   0x00000002   PAD
    0x08001670   0x08001670   0x00000018   Code   RO          530    i.RCC_ADCCLKConfig  stm32f10x_rcc.o
    0x08001688   0x08001688   0x00000020   Code   RO          531    i.RCC_AHBPeriphClockCmd  stm32f10x_rcc.o
    0x080016a8   0x080016a8   0x00000020   Code   RO          532    i.RCC_APB1PeriphClockCmd  stm32f10x_rcc.o
    0x080016c8   0x080016c8   0x00000020   Code   RO          533    i.RCC_APB1PeriphResetCmd  stm32f10x_rcc.o
    0x080016e8   0x080016e8   0x00000020   Code   RO          534    i.RCC_APB2PeriphClockCmd  stm32f10x_rcc.o
    0x08001708   0x08001708   0x00000020   Code   RO          535    i.RCC_APB2PeriphResetCmd  stm32f10x_rcc.o
    0x08001728   0x08001728   0x00000058   Code   RO         2933    i.RCC_Configuration  main.o
    0x08001780   0x08001780   0x0000004c   Code   RO          541    i.RCC_DeInit        stm32f10x_rcc.o
    0x080017cc   0x080017cc   0x000000d4   Code   RO          542    i.RCC_GetClocksFreq  stm32f10x_rcc.o
    0x080018a0   0x080018a0   0x0000003c   Code   RO          543    i.RCC_GetFlagStatus  stm32f10x_rcc.o
    0x080018dc   0x080018dc   0x00000010   Code   RO          545    i.RCC_GetSYSCLKSource  stm32f10x_rcc.o
    0x080018ec   0x080018ec   0x00000018   Code   RO          546    i.RCC_HCLKConfig    stm32f10x_rcc.o
    0x08001904   0x08001904   0x0000004c   Code   RO          547    i.RCC_HSEConfig     stm32f10x_rcc.o
    0x08001950   0x08001950   0x00000018   Code   RO          553    i.RCC_PCLK1Config   stm32f10x_rcc.o
    0x08001968   0x08001968   0x00000018   Code   RO          554    i.RCC_PCLK2Config   stm32f10x_rcc.o
    0x08001980   0x08001980   0x0000000c   Code   RO          555    i.RCC_PLLCmd        stm32f10x_rcc.o
    0x0800198c   0x0800198c   0x0000001c   Code   RO          556    i.RCC_PLLConfig     stm32f10x_rcc.o
    0x080019a8   0x080019a8   0x00000018   Code   RO          559    i.RCC_SYSCLKConfig  stm32f10x_rcc.o
    0x080019c0   0x080019c0   0x00000038   Code   RO          561    i.RCC_WaitForHSEStartUp  stm32f10x_rcc.o
    0x080019f8   0x080019f8   0x00000048   Code   RO         2829    i.RS485_SendData    modbusnew.o
    0x08001a40   0x08001a40   0x00000178   Code   RO         2830    i.RS485_Service     modbusnew.o
    0x08001bb8   0x08001bb8   0x000000fc   Code   RO         2126    i.ReadAdOfChannel   ad.o
    0x08001cb4   0x08001cb4   0x00000018   Code   RO          921    i.SPI_Cmd           stm32f10x_spi.o
    0x08001ccc   0x08001ccc   0x00000008   Code   RO         2418    i.SPI_Flash_Init    w25q16.o
    0x08001cd4   0x08001cd4   0x0000003c   Code   RO          934    i.SPI_Init          stm32f10x_spi.o
    0x08001d10   0x08001d10   0x000000d8   Code   RO         2428    i.SPIx_Init         w25q16.o
    0x08001de8   0x08001de8   0x00000002   Code   RO         2978    i.SVC_Handler       stm32f10x_it.o
    0x08001dea   0x08001dea   0x00000002   PAD
    0x08001dec   0x08001dec   0x000001ac   Code   RO         2184    i.SetAoOut          dac8554.o
    0x08001f98   0x08001f98   0x00000008   Code   RO           17    i.SetSysClock       system_stm32f10x.o
    0x08001fa0   0x08001fa0   0x000000e0   Code   RO           18    i.SetSysClockTo72   system_stm32f10x.o
    0x08002080   0x08002080   0x00000028   Code   RO          134    i.SysTick_CLKSourceConfig  misc.o
    0x080020a8   0x080020a8   0x00000002   Code   RO         2979    i.SysTick_Handler   stm32f10x_it.o
    0x080020aa   0x080020aa   0x00000002   PAD
    0x080020ac   0x080020ac   0x00000060   Code   RO           20    i.SystemInit        system_stm32f10x.o
    0x0800210c   0x0800210c   0x00000038   Code   RO         2980    i.TIM1_UP_IRQHandler  stm32f10x_it.o
    0x08002144   0x08002144   0x00000050   Code   RO         2981    i.TIM2_IRQHandler   stm32f10x_it.o
    0x08002194   0x08002194   0x00000006   Code   RO         1070    i.TIM_ClearFlag     stm32f10x_tim.o
    0x0800219a   0x0800219a   0x00000006   Code   RO         1071    i.TIM_ClearITPendingBit  stm32f10x_tim.o
    0x080021a0   0x080021a0   0x00000018   Code   RO         1076    i.TIM_Cmd           stm32f10x_tim.o
    0x080021b8   0x080021b8   0x000001e8   Code   RO         1081    i.TIM_DeInit        stm32f10x_tim.o
    0x080023a0   0x080023a0   0x00000022   Code   RO         1097    i.TIM_GetITStatus   stm32f10x_tim.o
    0x080023c2   0x080023c2   0x00000012   Code   RO         1101    i.TIM_ITConfig      stm32f10x_tim.o
    0x080023d4   0x080023d4   0x00000098   Code   RO         1105    i.TIM_OC1Init       stm32f10x_tim.o
    0x0800246c   0x0800246c   0x00000012   Code   RO         1108    i.TIM_OC1PreloadConfig  stm32f10x_tim.o
    0x0800247e   0x0800247e   0x00000004   Code   RO         1137    i.TIM_SetCompare1   stm32f10x_tim.o
    0x08002482   0x08002482   0x00000004   Code   RO         1141    i.TIM_SetCounter    stm32f10x_tim.o
    0x08002486   0x08002486   0x00000002   PAD
    0x08002488   0x08002488   0x000000a4   Code   RO         1147    i.TIM_TimeBaseInit  stm32f10x_tim.o
    0x0800252c   0x0800252c   0x0000003c   Code   RO         2666    i.TSDataProcess     touchscreen.o
    0x08002568   0x08002568   0x00000030   Code   RO         2667    i.TSPacketAnalysis  touchscreen.o
    0x08002598   0x08002598   0x00000090   Code   RO         2668    i.TSSentDataGeneration  touchscreen.o
    0x08002628   0x08002628   0x000000e0   Code   RO         2669    i.TSreadPorts       touchscreen.o
    0x08002708   0x08002708   0x00000052   Code   RO         2529    i.Tim2Configure     timer.o
    0x0800275a   0x0800275a   0x00000002   PAD
    0x0800275c   0x0800275c   0x00000054   Code   RO         2530    i.Timer1Config      timer.o
    0x080027b0   0x080027b0   0x00000070   Code   RO         2982    i.USART1_IRQHandler  stm32f10x_it.o
    0x08002820   0x08002820   0x000001ac   Code   RO         2983    i.USART2_IRQHandler  stm32f10x_it.o
    0x080029cc   0x080029cc   0x00000012   Code   RO         1608    i.USART_ClearFlag   stm32f10x_usart.o
    0x080029de   0x080029de   0x0000001e   Code   RO         1609    i.USART_ClearITPendingBit  stm32f10x_usart.o
    0x080029fc   0x080029fc   0x00000018   Code   RO         1612    i.USART_Cmd         stm32f10x_usart.o
    0x08002a14   0x08002a14   0x0000009c   Code   RO         1614    i.USART_DeInit      stm32f10x_usart.o
    0x08002ab0   0x08002ab0   0x0000001a   Code   RO         1615    i.USART_GetFlagStatus  stm32f10x_usart.o
    0x08002aca   0x08002aca   0x00000054   Code   RO         1616    i.USART_GetITStatus  stm32f10x_usart.o
    0x08002b1e   0x08002b1e   0x0000004a   Code   RO         1618    i.USART_ITConfig    stm32f10x_usart.o
    0x08002b68   0x08002b68   0x000000d8   Code   RO         1619    i.USART_Init        stm32f10x_usart.o
    0x08002c40   0x08002c40   0x0000000a   Code   RO         1626    i.USART_ReceiveData  stm32f10x_usart.o
    0x08002c4a   0x08002c4a   0x00000008   Code   RO         1629    i.USART_SendData    stm32f10x_usart.o
    0x08002c52   0x08002c52   0x00000004   Code   RO         2984    i.UsageFault_Handler  stm32f10x_it.o
    0x08002c56   0x08002c56   0x00000002   PAD
    0x08002c58   0x08002c58   0x00000178   Code   RO         2574    i.UsartConfigure    usart.o
    0x08002dd0   0x08002dd0   0x00000018   Code   RO         2575    i.UsartSendData     usart.o
    0x08002de8   0x08002de8   0x00000010   Code   RO         2576    i.Usart_GetChar     usart.o
    0x08002df8   0x08002df8   0x00000030   Code   RO         2577    i.Usart_SendChar    usart.o
    0x08002e28   0x08002e28   0x00000024   Code   RO         2728    i.checkSentData     protocol.o
    0x08002e4c   0x08002e4c   0x00000044   Code   RO         2625    i.delay_init        delay.o
    0x08002e90   0x08002e90   0x0000004c   Code   RO         2626    i.delay_ms          delay.o
    0x08002edc   0x08002edc   0x00000016   Code   RO         2670    i.getAIPhysicalValue  touchscreen.o
    0x08002ef2   0x08002ef2   0x00000002   PAD
    0x08002ef4   0x08002ef4   0x00000048   Code   RO         2729    i.getDecHighByte    protocol.o
    0x08002f3c   0x08002f3c   0x00000040   Code   RO         2730    i.getDecLowByte     protocol.o
    0x08002f7c   0x08002f7c   0x0000002e   Code   RO         2731    i.getIntHighByte    protocol.o
    0x08002faa   0x08002faa   0x00000024   Code   RO         2732    i.getIntLowByte     protocol.o
    0x08002fce   0x08002fce   0x00000002   PAD
    0x08002fd0   0x08002fd0   0x00000150   Code   RO         2934    i.main              main.o
    0x08003120   0x08003120   0x00000062   Code   RO         3073    x$fpl$d2f           fz_ws.l(d2f.o)
    0x08003182   0x08003182   0x00000002   PAD
    0x08003184   0x08003184   0x00000150   Code   RO         3075    x$fpl$dadd          fz_ws.l(daddsub_clz.o)
    0x080032d4   0x080032d4   0x00000018   Code   RO         3134    x$fpl$dcmpinf       fz_ws.l(dcmpi.o)
    0x080032ec   0x080032ec   0x000002b0   Code   RO         3082    x$fpl$ddiv          fz_ws.l(ddiv.o)
    0x0800359c   0x0800359c   0x0000005a   Code   RO         3085    x$fpl$dfixu         fz_ws.l(dfixu.o)
    0x080035f6   0x080035f6   0x0000002e   Code   RO         3090    x$fpl$dflt          fz_ws.l(dflt_clz.o)
    0x08003624   0x08003624   0x00000026   Code   RO         3089    x$fpl$dfltu         fz_ws.l(dflt_clz.o)
    0x0800364a   0x0800364a   0x00000002   PAD
    0x0800364c   0x0800364c   0x00000078   Code   RO         3095    x$fpl$dleqf         fz_ws.l(dleqf.o)
    0x080036c4   0x080036c4   0x00000154   Code   RO         3097    x$fpl$dmul          fz_ws.l(dmul.o)
    0x08003818   0x08003818   0x0000009c   Code   RO         3136    x$fpl$dnaninf       fz_ws.l(dnaninf.o)
    0x080038b4   0x080038b4   0x0000000c   Code   RO         3138    x$fpl$dretinf       fz_ws.l(dretinf.o)
    0x080038c0   0x080038c0   0x0000006c   Code   RO         3099    x$fpl$drleqf        fz_ws.l(drleqf.o)
    0x0800392c   0x0800392c   0x000001d4   Code   RO         3077    x$fpl$dsub          fz_ws.l(daddsub_clz.o)
    0x08003b00   0x08003b00   0x00000056   Code   RO         3101    x$fpl$f2d           fz_ws.l(f2d.o)
    0x08003b56   0x08003b56   0x00000002   PAD
    0x08003b58   0x08003b58   0x000000c4   Code   RO         3103    x$fpl$fadd          fz_ws.l(faddsub_clz.o)
    0x08003c1c   0x08003c1c   0x00000018   Code   RO         3140    x$fpl$fcmpinf       fz_ws.l(fcmpi.o)
    0x08003c34   0x08003c34   0x00000036   Code   RO         3113    x$fpl$ffix          fz_ws.l(ffix.o)
    0x08003c6a   0x08003c6a   0x00000002   PAD
    0x08003c6c   0x08003c6c   0x0000003e   Code   RO         3117    x$fpl$ffixu         fz_ws.l(ffixu.o)
    0x08003caa   0x08003caa   0x00000002   PAD
    0x08003cac   0x08003cac   0x00000030   Code   RO         3122    x$fpl$fflt          fz_ws.l(fflt_clz.o)
    0x08003cdc   0x08003cdc   0x00000068   Code   RO         3127    x$fpl$fleqf         fz_ws.l(fleqf.o)
    0x08003d44   0x08003d44   0x00000102   Code   RO         3129    x$fpl$fmul          fz_ws.l(fmul.o)
    0x08003e46   0x08003e46   0x0000008c   Code   RO         3142    x$fpl$fnaninf       fz_ws.l(fnaninf.o)
    0x08003ed2   0x08003ed2   0x0000000a   Code   RO         3144    x$fpl$fretinf       fz_ws.l(fretinf.o)
    0x08003edc   0x08003edc   0x000000ea   Code   RO         3105    x$fpl$fsub          fz_ws.l(faddsub_clz.o)
    0x08003fc6   0x08003fc6   0x00000000   Code   RO         3146    x$fpl$usenofp       fz_ws.l(usenofp.o)
    0x08003fc6   0x08003fc6   0x00000100   Data   RO         2831    .constdata          modbusnew.o
    0x080040c6   0x080040c6   0x00000002   PAD
    0x080040c8   0x080040c8   0x00000020   Data   RO         3299    Region$$Table       anon$$obj.o


    Execution Region RW_IRAM1 (Exec base: 0x20000000, Load base: 0x080040e8, Size: 0x000041d8, Max: 0x0000c000, ABSOLUTE, COMPRESSED[0x00000064])

    Exec Addr    Load Addr    Size         Type   Attr      Idx    E Section Name        Object

    0x20000000   COMPRESSED   0x00000014   Data   RW           21    .data               system_stm32f10x.o
    0x20000014   COMPRESSED   0x00000014   Data   RW          562    .data               stm32f10x_rcc.o
    0x20000028   COMPRESSED   0x00000004   Data   RW         2127    .data               ad.o
    0x2000002c   COMPRESSED   0x00000002   Data   RW         2185    .data               dac8554.o
    0x2000002e   COMPRESSED   0x00000002   Data   RW         2384    .data               pwm.o
    0x20000030   COMPRESSED   0x00000004   Data   RW         2628    .data               delay.o
    0x20000034   COMPRESSED   0x00000112   Data   RW         2652    .data               globle.o
    0x20000146   COMPRESSED   0x00000106   Data   RW         2832    .data               modbusnew.o
    0x2000024c   COMPRESSED   0x00000008   Data   RW         2935    .data               main.o
    0x20000254   COMPRESSED   0x00000008   Data   RW         2985    .data               stm32f10x_it.o
    0x2000025c        -       0x0000391c   Zero   RW         2651    .bss                globle.o
    0x20003b78        -       0x00000060   Zero   RW         3173    .bss                c_w.l(libspace.o)
    0x20003bd8        -       0x00000200   Zero   RW         3061    HEAP                startup_stm32f10x_hd.o
    0x20003dd8        -       0x00000400   Zero   RW         3060    STACK               startup_stm32f10x_hd.o


==============================================================================

Image component sizes


      Code (inc. data)   RO Data    RW Data    ZI Data      Debug   Object Name

       592         54          0          4          0       7453   ad.o
         0          0          0          0          0       4564   core_cm3.o
       600         64          0          2          0       2446   dac8554.o
       144         22          0          4          0       1076   delay.o
       112         10          0          0          0       1308   dio.o
         0          0          0        274      14620       6291   globle.o
       654         58          0          8          0       2729   main.o
       192         30          0          0          0       2387   misc.o
      2460        238        256        262          0       6906   modbusnew.o
       254         16          0          0          0       2874   protocol.o
       384         50          0          2          0       2480   pwm.o
        64         26        304          0       1536        780   startup_stm32f10x_hd.o
       390         10          0          0          0       6993   stm32f10x_adc.o
       416          8          0          0          0       3250   stm32f10x_dma.o
       440          6          0          0          0       4194   stm32f10x_gpio.o
       702         98          0          8          0       5945   stm32f10x_it.o
        68         30          0          0          0       2270   stm32f10x_iwdg.o
       816        116          0         20          0      11995   stm32f10x_rcc.o
        84          0          0          0          0       2001   stm32f10x_spi.o
       918        126          0          0          0       6771   stm32f10x_tim.o
       646         28          0          0          0       7516   stm32f10x_usart.o
       328         28          0         20          0     276341   system_stm32f10x.o
       166          4          0          0          0        975   timer.o
       782         82          0          0          0       4173   touchscreen.o
       464         36          0          0          0       2534   usart.o
       224         14          0          0          0       1037   w25q16.o

    ----------------------------------------------------------------------
     11928       1154        594        604      16156     377289   Object Totals
         0          0         32          0          0          0   (incl. Generated)
        28          0          2          0          0          0   (incl. Padding)

    ----------------------------------------------------------------------

      Code (inc. data)   RO Data    RW Data    ZI Data      Debug   Library Member Name

        90          0          0          0          0          0   __dczerorl2.o
         8          0          0          0          0         68   __main.o
         0          0          0          0          0          0   __rtentry.o
        12          0          0          0          0          0   __rtentry2.o
         6          0          0          0          0          0   __rtentry4.o
        52          8          0          0          0          0   __scatter.o
        28          0          0          0          0          0   __scatter_zi.o
        18          0          0          0          0         80   exit.o
         6          0          0          0          0        152   heapauxi.o
         0          0          0          0          0          0   indicate_semi.o
         2          0          0          0          0          0   libinit.o
         2          0          0          0          0          0   libinit2.o
         2          0          0          0          0          0   libshutdown.o
         2          0          0          0          0          0   libshutdown2.o
         8          4          0          0         96         68   libspace.o
         2          0          0          0          0          0   rtexit.o
        10          0          0          0          0          0   rtexit2.o
        12          4          0          0          0         68   sys_exit.o
        74          0          0          0          0         80   sys_stackheap_outer.o
         2          0          0          0          0         68   use_no_semi.o
        98          4          0          0          0         92   d2f.o
       804         16          0          0          0        272   daddsub_clz.o
        24          0          0          0          0         68   dcmpi.o
       688        140          0          0          0        208   ddiv.o
        90          4          0          0          0         92   dfixu.o
        84          0          0          0          0        136   dflt_clz.o
       120          4          0          0          0         92   dleqf.o
       340         12          0          0          0        104   dmul.o
       156          4          0          0          0         92   dnaninf.o
        12          0          0          0          0         68   dretinf.o
       108          0          0          0          0         80   drleqf.o
        86          4          0          0          0         84   f2d.o
       430          8          0          0          0        168   faddsub_clz.o
        24          0          0          0          0         68   fcmpi.o
        54          4          0          0          0         84   ffix.o
        62          4          0          0          0         84   ffixu.o
        48          0          0          0          0         68   fflt_clz.o
       104          4          0          0          0         84   fleqf.o
       258          4          0          0          0         84   fmul.o
       140          4          0          0          0         84   fnaninf.o
        10          0          0          0          0         68   fretinf.o
         0          0          0          0          0          0   usenofp.o

    ----------------------------------------------------------------------
      4094        232          0          0         96       2764   Library Totals
        18          0          0          0          0          0   (incl. Padding)

    ----------------------------------------------------------------------

      Code (inc. data)   RO Data    RW Data    ZI Data      Debug   Library Name

       336         16          0          0         96        584   c_w.l
      3740        216          0          0          0       2180   fz_ws.l

    ----------------------------------------------------------------------
      4094        232          0          0         96       2764   Library Totals

    ----------------------------------------------------------------------

==============================================================================


      Code (inc. data)   RO Data    RW Data    ZI Data      Debug   

     16022       1386        594        604      16252     371885   Grand Totals
     16022       1386        594        100      16252     371885   ELF Image Totals (compressed)
     16022       1386        594        100          0          0   ROM Totals

==============================================================================

    Total RO  Size (Code + RO Data)                16616 (  16.23kB)
    Total RW  Size (RW Data + ZI Data)             16856 (  16.46kB)
    Total ROM Size (Code + RO Data + RW Data)      16716 (  16.32kB)

==============================================================================

