<html>
<body>
<pre>
<h1>µVision Build Log</h1>
<h2>Project:</h2>
D:\LDDSModuleMode\STM32_Edition_3.0_RE\Project\Template.uvproj
Project File Date:  12/30/2016

<h2>Output:</h2>
Rebuild target 'DEH'
assembling startup_stm32f10x_hd_revised.s...
compiling core_cm3.c...
compiling system_stm32f10x.c...
compiling stm32f10x_gpio.c...
compiling stm32f10x_rcc.c...
compiling stm32f10x_tim.c...
compiling stm32f10x_usart.c...
compiling stm32f10x_wwdg.c...
compiling misc.c...
compiling main.c...
compiling subroutine.c...
compiling protocol.c...
..\User\protocol.c(277): warning:  #127-D: expected a statement
compiling stm32f10x_it.c...
compiling adc.c...
compiling dac.c...
compiling digital_io.c...
compiling pid.c...
compiling rtd.c...
compiling systick_timer.c...
compiling timer.c...
compiling usart.c...
compiling runtimedata.c...
compiling lookuptable.c...
compiling diyfunc.c...
compiling LddsSp.c...
linking...
Program Size: Code=16724 RO-data=348 RW-data=392 ZI-data=3512  
FromELF: creating hex file...
"..\Output\Template.axf" - 0 Error(s), 1 Warning(s).
Rebuild target 'DEH'
assembling startup_stm32f10x_hd_revised.s...
compiling core_cm3.c...
compiling system_stm32f10x.c...
compiling stm32f10x_gpio.c...
compiling stm32f10x_rcc.c...
compiling stm32f10x_tim.c...
compiling stm32f10x_usart.c...
compiling stm32f10x_wwdg.c...
compiling misc.c...
compiling main.c...
compiling subroutine.c...
compiling protocol.c...
..\User\protocol.c(277): warning:  #127-D: expected a statement
compiling stm32f10x_it.c...
compiling adc.c...
compiling dac.c...
compiling digital_io.c...
compiling pid.c...
compiling rtd.c...
compiling systick_timer.c...
compiling timer.c...
compiling usart.c...
compiling runtimedata.c...
compiling lookuptable.c...
compiling diyfunc.c...
compiling LddsSp.c...
linking...
Program Size: Code=16724 RO-data=348 RW-data=392 ZI-data=3512  
FromELF: creating hex file...
"..\Output\Template.axf" - 0 Error(s), 1 Warning(s).
