<!doctype html public "-//w3c//dtd html 4.0 transitional//en">
<html><head>
<title>Static Call Graph - [..\Output\Template.axf]</title></head>
<body><HR>
<H1>Static Call Graph for image ..\Output\Template.axf</H1><HR>
<BR><P>#&#060CALLGRAPH&#062# ARM Linker, 4.1 [Build 894]: Last Updated: Fri Oct 06 11:55:39 2017
<BR><P>
<H3>Maximum Stack Usage =        232 bytes + Unknown(Cycles, Untraceable Function Pointers)</H3><H3>
Call chain for Maximum Stack Depth:</H3>
TIM1_UP_IRQHandler &rArr; DataProcess &rArr; writePID &rArr; __aeabi_dadd &rArr; _double_epilogue &rArr; _double_round
<P>
<H3>
Mutually Recursive functions
</H3> <LI><a href="#[9]">SysTick_Handler</a>&nbsp;&nbsp;&nbsp;&rArr;&nbsp;&nbsp;&nbsp;<a href="#[9]">SysTick_Handler</a><BR>
 <LI><a href="#[1c]">ADC1_2_IRQHandler</a>&nbsp;&nbsp;&nbsp;&rArr;&nbsp;&nbsp;&nbsp;<a href="#[1c]">ADC1_2_IRQHandler</a><BR>
</UL>
<P>
<H3>
Function Pointers
</H3><UL>
 <LI><a href="#[1c]">ADC1_2_IRQHandler</a> from startup_stm32f10x_hd_revised.o(.text) referenced from startup_stm32f10x_hd_revised.o(RESET)
 <LI><a href="#[39]">ADC3_IRQHandler</a> from startup_stm32f10x_hd_revised.o(.text) referenced from startup_stm32f10x_hd_revised.o(RESET)
 <LI><a href="#[4]">BusFault_Handler</a> from stm32f10x_it.o(i.BusFault_Handler) referenced from startup_stm32f10x_hd_revised.o(RESET)
 <LI><a href="#[1f]">CAN1_RX1_IRQHandler</a> from startup_stm32f10x_hd_revised.o(.text) referenced from startup_stm32f10x_hd_revised.o(RESET)
 <LI><a href="#[20]">CAN1_SCE_IRQHandler</a> from startup_stm32f10x_hd_revised.o(.text) referenced from startup_stm32f10x_hd_revised.o(RESET)
 <LI><a href="#[15]">DMA1_Channel1_IRQHandler</a> from startup_stm32f10x_hd_revised.o(.text) referenced from startup_stm32f10x_hd_revised.o(RESET)
 <LI><a href="#[16]">DMA1_Channel2_IRQHandler</a> from startup_stm32f10x_hd_revised.o(.text) referenced from startup_stm32f10x_hd_revised.o(RESET)
 <LI><a href="#[17]">DMA1_Channel3_IRQHandler</a> from startup_stm32f10x_hd_revised.o(.text) referenced from startup_stm32f10x_hd_revised.o(RESET)
 <LI><a href="#[18]">DMA1_Channel4_IRQHandler</a> from startup_stm32f10x_hd_revised.o(.text) referenced from startup_stm32f10x_hd_revised.o(RESET)
 <LI><a href="#[19]">DMA1_Channel5_IRQHandler</a> from startup_stm32f10x_hd_revised.o(.text) referenced from startup_stm32f10x_hd_revised.o(RESET)
 <LI><a href="#[1a]">DMA1_Channel6_IRQHandler</a> from startup_stm32f10x_hd_revised.o(.text) referenced from startup_stm32f10x_hd_revised.o(RESET)
 <LI><a href="#[1b]">DMA1_Channel7_IRQHandler</a> from startup_stm32f10x_hd_revised.o(.text) referenced from startup_stm32f10x_hd_revised.o(RESET)
 <LI><a href="#[42]">DMA2_Channel1_IRQHandler</a> from startup_stm32f10x_hd_revised.o(.text) referenced from startup_stm32f10x_hd_revised.o(RESET)
 <LI><a href="#[43]">DMA2_Channel2_IRQHandler</a> from startup_stm32f10x_hd_revised.o(.text) referenced from startup_stm32f10x_hd_revised.o(RESET)
 <LI><a href="#[44]">DMA2_Channel3_IRQHandler</a> from startup_stm32f10x_hd_revised.o(.text) referenced from startup_stm32f10x_hd_revised.o(RESET)
 <LI><a href="#[45]">DMA2_Channel4_5_IRQHandler</a> from startup_stm32f10x_hd_revised.o(.text) referenced from startup_stm32f10x_hd_revised.o(RESET)
 <LI><a href="#[7]">DebugMon_Handler</a> from stm32f10x_it.o(i.DebugMon_Handler) referenced from startup_stm32f10x_hd_revised.o(RESET)
 <LI><a href="#[10]">EXTI0_IRQHandler</a> from startup_stm32f10x_hd_revised.o(.text) referenced from startup_stm32f10x_hd_revised.o(RESET)
 <LI><a href="#[32]">EXTI15_10_IRQHandler</a> from startup_stm32f10x_hd_revised.o(.text) referenced from startup_stm32f10x_hd_revised.o(RESET)
 <LI><a href="#[11]">EXTI1_IRQHandler</a> from startup_stm32f10x_hd_revised.o(.text) referenced from startup_stm32f10x_hd_revised.o(RESET)
 <LI><a href="#[12]">EXTI2_IRQHandler</a> from startup_stm32f10x_hd_revised.o(.text) referenced from startup_stm32f10x_hd_revised.o(RESET)
 <LI><a href="#[13]">EXTI3_IRQHandler</a> from startup_stm32f10x_hd_revised.o(.text) referenced from startup_stm32f10x_hd_revised.o(RESET)
 <LI><a href="#[14]">EXTI4_IRQHandler</a> from startup_stm32f10x_hd_revised.o(.text) referenced from startup_stm32f10x_hd_revised.o(RESET)
 <LI><a href="#[21]">EXTI9_5_IRQHandler</a> from startup_stm32f10x_hd_revised.o(.text) referenced from startup_stm32f10x_hd_revised.o(RESET)
 <LI><a href="#[e]">FLASH_IRQHandler</a> from startup_stm32f10x_hd_revised.o(.text) referenced from startup_stm32f10x_hd_revised.o(RESET)
 <LI><a href="#[3a]">FSMC_IRQHandler</a> from startup_stm32f10x_hd_revised.o(.text) referenced from startup_stm32f10x_hd_revised.o(RESET)
 <LI><a href="#[2]">HardFault_Handler</a> from stm32f10x_it.o(i.HardFault_Handler) referenced from startup_stm32f10x_hd_revised.o(RESET)
 <LI><a href="#[2a]">I2C1_ER_IRQHandler</a> from startup_stm32f10x_hd_revised.o(.text) referenced from startup_stm32f10x_hd_revised.o(RESET)
 <LI><a href="#[29]">I2C1_EV_IRQHandler</a> from startup_stm32f10x_hd_revised.o(.text) referenced from startup_stm32f10x_hd_revised.o(RESET)
 <LI><a href="#[2c]">I2C2_ER_IRQHandler</a> from startup_stm32f10x_hd_revised.o(.text) referenced from startup_stm32f10x_hd_revised.o(RESET)
 <LI><a href="#[2b]">I2C2_EV_IRQHandler</a> from startup_stm32f10x_hd_revised.o(.text) referenced from startup_stm32f10x_hd_revised.o(RESET)
 <LI><a href="#[3]">MemManage_Handler</a> from stm32f10x_it.o(i.MemManage_Handler) referenced from startup_stm32f10x_hd_revised.o(RESET)
 <LI><a href="#[1]">NMI_Handler</a> from stm32f10x_it.o(i.NMI_Handler) referenced from startup_stm32f10x_hd_revised.o(RESET)
 <LI><a href="#[b]">PVD_IRQHandler</a> from startup_stm32f10x_hd_revised.o(.text) referenced from startup_stm32f10x_hd_revised.o(RESET)
 <LI><a href="#[8]">PendSV_Handler</a> from stm32f10x_it.o(i.PendSV_Handler) referenced from startup_stm32f10x_hd_revised.o(RESET)
 <LI><a href="#[f]">RCC_IRQHandler</a> from startup_stm32f10x_hd_revised.o(.text) referenced from startup_stm32f10x_hd_revised.o(RESET)
 <LI><a href="#[33]">RTCAlarm_IRQHandler</a> from startup_stm32f10x_hd_revised.o(.text) referenced from startup_stm32f10x_hd_revised.o(RESET)
 <LI><a href="#[d]">RTC_IRQHandler</a> from startup_stm32f10x_hd_revised.o(.text) referenced from startup_stm32f10x_hd_revised.o(RESET)
 <LI><a href="#[0]">Reset_Handler</a> from startup_stm32f10x_hd_revised.o(.text) referenced from startup_stm32f10x_hd_revised.o(RESET)
 <LI><a href="#[3b]">SDIO_IRQHandler</a> from startup_stm32f10x_hd_revised.o(.text) referenced from startup_stm32f10x_hd_revised.o(RESET)
 <LI><a href="#[2d]">SPI1_IRQHandler</a> from startup_stm32f10x_hd_revised.o(.text) referenced from startup_stm32f10x_hd_revised.o(RESET)
 <LI><a href="#[2e]">SPI2_IRQHandler</a> from startup_stm32f10x_hd_revised.o(.text) referenced from startup_stm32f10x_hd_revised.o(RESET)
 <LI><a href="#[3d]">SPI3_IRQHandler</a> from startup_stm32f10x_hd_revised.o(.text) referenced from startup_stm32f10x_hd_revised.o(RESET)
 <LI><a href="#[6]">SVC_Handler</a> from stm32f10x_it.o(i.SVC_Handler) referenced from startup_stm32f10x_hd_revised.o(RESET)
 <LI><a href="#[9]">SysTick_Handler</a> from startup_stm32f10x_hd_revised.o(.text) referenced from startup_stm32f10x_hd_revised.o(RESET)
 <LI><a href="#[47]">SystemInit</a> from system_stm32f10x.o(i.SystemInit) referenced from startup_stm32f10x_hd_revised.o(.text)
 <LI><a href="#[c]">TAMPER_IRQHandler</a> from startup_stm32f10x_hd_revised.o(.text) referenced from startup_stm32f10x_hd_revised.o(RESET)
 <LI><a href="#[22]">TIM1_BRK_IRQHandler</a> from startup_stm32f10x_hd_revised.o(.text) referenced from startup_stm32f10x_hd_revised.o(RESET)
 <LI><a href="#[25]">TIM1_CC_IRQHandler</a> from startup_stm32f10x_hd_revised.o(.text) referenced from startup_stm32f10x_hd_revised.o(RESET)
 <LI><a href="#[24]">TIM1_TRG_COM_IRQHandler</a> from startup_stm32f10x_hd_revised.o(.text) referenced from startup_stm32f10x_hd_revised.o(RESET)
 <LI><a href="#[23]">TIM1_UP_IRQHandler</a> from subroutine.o(i.TIM1_UP_IRQHandler) referenced from startup_stm32f10x_hd_revised.o(RESET)
 <LI><a href="#[26]">TIM2_IRQHandler</a> from subroutine.o(i.TIM2_IRQHandler) referenced from startup_stm32f10x_hd_revised.o(RESET)
 <LI><a href="#[27]">TIM3_IRQHandler</a> from subroutine.o(i.TIM3_IRQHandler) referenced from startup_stm32f10x_hd_revised.o(RESET)
 <LI><a href="#[28]">TIM4_IRQHandler</a> from startup_stm32f10x_hd_revised.o(.text) referenced from startup_stm32f10x_hd_revised.o(RESET)
 <LI><a href="#[3c]">TIM5_IRQHandler</a> from startup_stm32f10x_hd_revised.o(.text) referenced from startup_stm32f10x_hd_revised.o(RESET)
 <LI><a href="#[40]">TIM6_IRQHandler</a> from startup_stm32f10x_hd_revised.o(.text) referenced from startup_stm32f10x_hd_revised.o(RESET)
 <LI><a href="#[41]">TIM7_IRQHandler</a> from startup_stm32f10x_hd_revised.o(.text) referenced from startup_stm32f10x_hd_revised.o(RESET)
 <LI><a href="#[35]">TIM8_BRK_IRQHandler</a> from startup_stm32f10x_hd_revised.o(.text) referenced from startup_stm32f10x_hd_revised.o(RESET)
 <LI><a href="#[38]">TIM8_CC_IRQHandler</a> from startup_stm32f10x_hd_revised.o(.text) referenced from startup_stm32f10x_hd_revised.o(RESET)
 <LI><a href="#[37]">TIM8_TRG_COM_IRQHandler</a> from startup_stm32f10x_hd_revised.o(.text) referenced from startup_stm32f10x_hd_revised.o(RESET)
 <LI><a href="#[36]">TIM8_UP_IRQHandler</a> from startup_stm32f10x_hd_revised.o(.text) referenced from startup_stm32f10x_hd_revised.o(RESET)
 <LI><a href="#[3e]">UART4_IRQHandler</a> from startup_stm32f10x_hd_revised.o(.text) referenced from startup_stm32f10x_hd_revised.o(RESET)
 <LI><a href="#[3f]">UART5_IRQHandler</a> from startup_stm32f10x_hd_revised.o(.text) referenced from startup_stm32f10x_hd_revised.o(RESET)
 <LI><a href="#[2f]">USART1_IRQHandler</a> from subroutine.o(i.USART1_IRQHandler) referenced from startup_stm32f10x_hd_revised.o(RESET)
 <LI><a href="#[30]">USART2_IRQHandler</a> from subroutine.o(i.USART2_IRQHandler) referenced from startup_stm32f10x_hd_revised.o(RESET)
 <LI><a href="#[31]">USART3_IRQHandler</a> from startup_stm32f10x_hd_revised.o(.text) referenced from startup_stm32f10x_hd_revised.o(RESET)
 <LI><a href="#[34]">USBWakeUp_IRQHandler</a> from startup_stm32f10x_hd_revised.o(.text) referenced from startup_stm32f10x_hd_revised.o(RESET)
 <LI><a href="#[1d]">USB_HP_CAN1_TX_IRQHandler</a> from startup_stm32f10x_hd_revised.o(.text) referenced from startup_stm32f10x_hd_revised.o(RESET)
 <LI><a href="#[1e]">USB_LP_CAN1_RX0_IRQHandler</a> from startup_stm32f10x_hd_revised.o(.text) referenced from startup_stm32f10x_hd_revised.o(RESET)
 <LI><a href="#[5]">UsageFault_Handler</a> from stm32f10x_it.o(i.UsageFault_Handler) referenced from startup_stm32f10x_hd_revised.o(RESET)
 <LI><a href="#[a]">WWDG_IRQHandler</a> from startup_stm32f10x_hd_revised.o(.text) referenced from startup_stm32f10x_hd_revised.o(RESET)
 <LI><a href="#[48]">__main</a> from entry.o(.ARM.Collect$$$$00000000) referenced from startup_stm32f10x_hd_revised.o(.text)
 <LI><a href="#[46]">main</a> from main.o(i.main) referenced from entry8.o(.ARM.Collect$$$$00000009)
</UL>
<P>
<H3>
Global Symbols
</H3>
<P><STRONG><a name="[48]"></a>__main</STRONG> (Thumb, 0 bytes, Stack size unknown bytes, entry.o(.ARM.Collect$$$$00000000))
<BR>[Address Reference Count : 1]<UL><LI> startup_stm32f10x_hd_revised.o(.text)
</UL>
<P><STRONG><a name="[d2]"></a>_main_stk</STRONG> (Thumb, 0 bytes, Stack size unknown bytes, entry2.o(.ARM.Collect$$$$00000001))

<P><STRONG><a name="[49]"></a>_main_scatterload</STRONG> (Thumb, 0 bytes, Stack size unknown bytes, entry5.o(.ARM.Collect$$$$00000004))
<BR><BR>[Calls]<UL><LI><a href="#[4a]">&gt;&gt;</a>&nbsp;&nbsp;&nbsp;__scatterload
</UL>

<P><STRONG><a name="[61]"></a>__main_after_scatterload</STRONG> (Thumb, 0 bytes, Stack size unknown bytes, entry5.o(.ARM.Collect$$$$00000004))
<BR><BR>[Called By]<UL><LI><a href="#[4a]">&gt;&gt;</a>&nbsp;&nbsp;&nbsp;__scatterload
</UL>

<P><STRONG><a name="[d3]"></a>_main_clock</STRONG> (Thumb, 0 bytes, Stack size unknown bytes, entry7b.o(.ARM.Collect$$$$00000008))

<P><STRONG><a name="[d4]"></a>_main_init</STRONG> (Thumb, 0 bytes, Stack size unknown bytes, entry8.o(.ARM.Collect$$$$00000009))

<P><STRONG><a name="[0]"></a>Reset_Handler</STRONG> (Thumb, 8 bytes, Stack size 0 bytes, startup_stm32f10x_hd_revised.o(.text))
<BR>[Address Reference Count : 1]<UL><LI> startup_stm32f10x_hd_revised.o(RESET)
</UL>
<P><STRONG><a name="[9]"></a>SysTick_Handler</STRONG> (Thumb, 2 bytes, Stack size 0 bytes, startup_stm32f10x_hd_revised.o(.text))
<BR><BR>[Calls]<UL><LI><a href="#[9]">&gt;&gt;</a>&nbsp;&nbsp;&nbsp;SysTick_Handler
</UL>
<BR>[Called By]<UL><LI><a href="#[9]">&gt;&gt;</a>&nbsp;&nbsp;&nbsp;SysTick_Handler
</UL>
<BR>[Address Reference Count : 1]<UL><LI> startup_stm32f10x_hd_revised.o(RESET)
</UL>
<P><STRONG><a name="[1c]"></a>ADC1_2_IRQHandler</STRONG> (Thumb, 0 bytes, Stack size 0 bytes, startup_stm32f10x_hd_revised.o(.text))
<BR><BR>[Calls]<UL><LI><a href="#[1c]">&gt;&gt;</a>&nbsp;&nbsp;&nbsp;ADC1_2_IRQHandler
</UL>
<BR>[Called By]<UL><LI><a href="#[1c]">&gt;&gt;</a>&nbsp;&nbsp;&nbsp;ADC1_2_IRQHandler
</UL>
<BR>[Address Reference Count : 1]<UL><LI> startup_stm32f10x_hd_revised.o(RESET)
</UL>
<P><STRONG><a name="[39]"></a>ADC3_IRQHandler</STRONG> (Thumb, 0 bytes, Stack size 0 bytes, startup_stm32f10x_hd_revised.o(.text))
<BR>[Address Reference Count : 1]<UL><LI> startup_stm32f10x_hd_revised.o(RESET)
</UL>
<P><STRONG><a name="[1f]"></a>CAN1_RX1_IRQHandler</STRONG> (Thumb, 0 bytes, Stack size 0 bytes, startup_stm32f10x_hd_revised.o(.text))
<BR>[Address Reference Count : 1]<UL><LI> startup_stm32f10x_hd_revised.o(RESET)
</UL>
<P><STRONG><a name="[20]"></a>CAN1_SCE_IRQHandler</STRONG> (Thumb, 0 bytes, Stack size 0 bytes, startup_stm32f10x_hd_revised.o(.text))
<BR>[Address Reference Count : 1]<UL><LI> startup_stm32f10x_hd_revised.o(RESET)
</UL>
<P><STRONG><a name="[15]"></a>DMA1_Channel1_IRQHandler</STRONG> (Thumb, 0 bytes, Stack size 0 bytes, startup_stm32f10x_hd_revised.o(.text))
<BR>[Address Reference Count : 1]<UL><LI> startup_stm32f10x_hd_revised.o(RESET)
</UL>
<P><STRONG><a name="[16]"></a>DMA1_Channel2_IRQHandler</STRONG> (Thumb, 0 bytes, Stack size 0 bytes, startup_stm32f10x_hd_revised.o(.text))
<BR>[Address Reference Count : 1]<UL><LI> startup_stm32f10x_hd_revised.o(RESET)
</UL>
<P><STRONG><a name="[17]"></a>DMA1_Channel3_IRQHandler</STRONG> (Thumb, 0 bytes, Stack size 0 bytes, startup_stm32f10x_hd_revised.o(.text))
<BR>[Address Reference Count : 1]<UL><LI> startup_stm32f10x_hd_revised.o(RESET)
</UL>
<P><STRONG><a name="[18]"></a>DMA1_Channel4_IRQHandler</STRONG> (Thumb, 0 bytes, Stack size 0 bytes, startup_stm32f10x_hd_revised.o(.text))
<BR>[Address Reference Count : 1]<UL><LI> startup_stm32f10x_hd_revised.o(RESET)
</UL>
<P><STRONG><a name="[19]"></a>DMA1_Channel5_IRQHandler</STRONG> (Thumb, 0 bytes, Stack size 0 bytes, startup_stm32f10x_hd_revised.o(.text))
<BR>[Address Reference Count : 1]<UL><LI> startup_stm32f10x_hd_revised.o(RESET)
</UL>
<P><STRONG><a name="[1a]"></a>DMA1_Channel6_IRQHandler</STRONG> (Thumb, 0 bytes, Stack size 0 bytes, startup_stm32f10x_hd_revised.o(.text))
<BR>[Address Reference Count : 1]<UL><LI> startup_stm32f10x_hd_revised.o(RESET)
</UL>
<P><STRONG><a name="[1b]"></a>DMA1_Channel7_IRQHandler</STRONG> (Thumb, 0 bytes, Stack size 0 bytes, startup_stm32f10x_hd_revised.o(.text))
<BR>[Address Reference Count : 1]<UL><LI> startup_stm32f10x_hd_revised.o(RESET)
</UL>
<P><STRONG><a name="[42]"></a>DMA2_Channel1_IRQHandler</STRONG> (Thumb, 0 bytes, Stack size 0 bytes, startup_stm32f10x_hd_revised.o(.text))
<BR>[Address Reference Count : 1]<UL><LI> startup_stm32f10x_hd_revised.o(RESET)
</UL>
<P><STRONG><a name="[43]"></a>DMA2_Channel2_IRQHandler</STRONG> (Thumb, 0 bytes, Stack size 0 bytes, startup_stm32f10x_hd_revised.o(.text))
<BR>[Address Reference Count : 1]<UL><LI> startup_stm32f10x_hd_revised.o(RESET)
</UL>
<P><STRONG><a name="[44]"></a>DMA2_Channel3_IRQHandler</STRONG> (Thumb, 0 bytes, Stack size 0 bytes, startup_stm32f10x_hd_revised.o(.text))
<BR>[Address Reference Count : 1]<UL><LI> startup_stm32f10x_hd_revised.o(RESET)
</UL>
<P><STRONG><a name="[45]"></a>DMA2_Channel4_5_IRQHandler</STRONG> (Thumb, 0 bytes, Stack size 0 bytes, startup_stm32f10x_hd_revised.o(.text))
<BR>[Address Reference Count : 1]<UL><LI> startup_stm32f10x_hd_revised.o(RESET)
</UL>
<P><STRONG><a name="[10]"></a>EXTI0_IRQHandler</STRONG> (Thumb, 0 bytes, Stack size 0 bytes, startup_stm32f10x_hd_revised.o(.text))
<BR>[Address Reference Count : 1]<UL><LI> startup_stm32f10x_hd_revised.o(RESET)
</UL>
<P><STRONG><a name="[32]"></a>EXTI15_10_IRQHandler</STRONG> (Thumb, 0 bytes, Stack size 0 bytes, startup_stm32f10x_hd_revised.o(.text))
<BR>[Address Reference Count : 1]<UL><LI> startup_stm32f10x_hd_revised.o(RESET)
</UL>
<P><STRONG><a name="[11]"></a>EXTI1_IRQHandler</STRONG> (Thumb, 0 bytes, Stack size 0 bytes, startup_stm32f10x_hd_revised.o(.text))
<BR>[Address Reference Count : 1]<UL><LI> startup_stm32f10x_hd_revised.o(RESET)
</UL>
<P><STRONG><a name="[12]"></a>EXTI2_IRQHandler</STRONG> (Thumb, 0 bytes, Stack size 0 bytes, startup_stm32f10x_hd_revised.o(.text))
<BR>[Address Reference Count : 1]<UL><LI> startup_stm32f10x_hd_revised.o(RESET)
</UL>
<P><STRONG><a name="[13]"></a>EXTI3_IRQHandler</STRONG> (Thumb, 0 bytes, Stack size 0 bytes, startup_stm32f10x_hd_revised.o(.text))
<BR>[Address Reference Count : 1]<UL><LI> startup_stm32f10x_hd_revised.o(RESET)
</UL>
<P><STRONG><a name="[14]"></a>EXTI4_IRQHandler</STRONG> (Thumb, 0 bytes, Stack size 0 bytes, startup_stm32f10x_hd_revised.o(.text))
<BR>[Address Reference Count : 1]<UL><LI> startup_stm32f10x_hd_revised.o(RESET)
</UL>
<P><STRONG><a name="[21]"></a>EXTI9_5_IRQHandler</STRONG> (Thumb, 0 bytes, Stack size 0 bytes, startup_stm32f10x_hd_revised.o(.text))
<BR>[Address Reference Count : 1]<UL><LI> startup_stm32f10x_hd_revised.o(RESET)
</UL>
<P><STRONG><a name="[e]"></a>FLASH_IRQHandler</STRONG> (Thumb, 0 bytes, Stack size 0 bytes, startup_stm32f10x_hd_revised.o(.text))
<BR>[Address Reference Count : 1]<UL><LI> startup_stm32f10x_hd_revised.o(RESET)
</UL>
<P><STRONG><a name="[3a]"></a>FSMC_IRQHandler</STRONG> (Thumb, 0 bytes, Stack size 0 bytes, startup_stm32f10x_hd_revised.o(.text))
<BR>[Address Reference Count : 1]<UL><LI> startup_stm32f10x_hd_revised.o(RESET)
</UL>
<P><STRONG><a name="[2a]"></a>I2C1_ER_IRQHandler</STRONG> (Thumb, 0 bytes, Stack size 0 bytes, startup_stm32f10x_hd_revised.o(.text))
<BR>[Address Reference Count : 1]<UL><LI> startup_stm32f10x_hd_revised.o(RESET)
</UL>
<P><STRONG><a name="[29]"></a>I2C1_EV_IRQHandler</STRONG> (Thumb, 0 bytes, Stack size 0 bytes, startup_stm32f10x_hd_revised.o(.text))
<BR>[Address Reference Count : 1]<UL><LI> startup_stm32f10x_hd_revised.o(RESET)
</UL>
<P><STRONG><a name="[2c]"></a>I2C2_ER_IRQHandler</STRONG> (Thumb, 0 bytes, Stack size 0 bytes, startup_stm32f10x_hd_revised.o(.text))
<BR>[Address Reference Count : 1]<UL><LI> startup_stm32f10x_hd_revised.o(RESET)
</UL>
<P><STRONG><a name="[2b]"></a>I2C2_EV_IRQHandler</STRONG> (Thumb, 0 bytes, Stack size 0 bytes, startup_stm32f10x_hd_revised.o(.text))
<BR>[Address Reference Count : 1]<UL><LI> startup_stm32f10x_hd_revised.o(RESET)
</UL>
<P><STRONG><a name="[b]"></a>PVD_IRQHandler</STRONG> (Thumb, 0 bytes, Stack size 0 bytes, startup_stm32f10x_hd_revised.o(.text))
<BR>[Address Reference Count : 1]<UL><LI> startup_stm32f10x_hd_revised.o(RESET)
</UL>
<P><STRONG><a name="[f]"></a>RCC_IRQHandler</STRONG> (Thumb, 0 bytes, Stack size 0 bytes, startup_stm32f10x_hd_revised.o(.text))
<BR>[Address Reference Count : 1]<UL><LI> startup_stm32f10x_hd_revised.o(RESET)
</UL>
<P><STRONG><a name="[33]"></a>RTCAlarm_IRQHandler</STRONG> (Thumb, 0 bytes, Stack size 0 bytes, startup_stm32f10x_hd_revised.o(.text))
<BR>[Address Reference Count : 1]<UL><LI> startup_stm32f10x_hd_revised.o(RESET)
</UL>
<P><STRONG><a name="[d]"></a>RTC_IRQHandler</STRONG> (Thumb, 0 bytes, Stack size 0 bytes, startup_stm32f10x_hd_revised.o(.text))
<BR>[Address Reference Count : 1]<UL><LI> startup_stm32f10x_hd_revised.o(RESET)
</UL>
<P><STRONG><a name="[3b]"></a>SDIO_IRQHandler</STRONG> (Thumb, 0 bytes, Stack size 0 bytes, startup_stm32f10x_hd_revised.o(.text))
<BR>[Address Reference Count : 1]<UL><LI> startup_stm32f10x_hd_revised.o(RESET)
</UL>
<P><STRONG><a name="[2d]"></a>SPI1_IRQHandler</STRONG> (Thumb, 0 bytes, Stack size 0 bytes, startup_stm32f10x_hd_revised.o(.text))
<BR>[Address Reference Count : 1]<UL><LI> startup_stm32f10x_hd_revised.o(RESET)
</UL>
<P><STRONG><a name="[2e]"></a>SPI2_IRQHandler</STRONG> (Thumb, 0 bytes, Stack size 0 bytes, startup_stm32f10x_hd_revised.o(.text))
<BR>[Address Reference Count : 1]<UL><LI> startup_stm32f10x_hd_revised.o(RESET)
</UL>
<P><STRONG><a name="[3d]"></a>SPI3_IRQHandler</STRONG> (Thumb, 0 bytes, Stack size 0 bytes, startup_stm32f10x_hd_revised.o(.text))
<BR>[Address Reference Count : 1]<UL><LI> startup_stm32f10x_hd_revised.o(RESET)
</UL>
<P><STRONG><a name="[c]"></a>TAMPER_IRQHandler</STRONG> (Thumb, 0 bytes, Stack size 0 bytes, startup_stm32f10x_hd_revised.o(.text))
<BR>[Address Reference Count : 1]<UL><LI> startup_stm32f10x_hd_revised.o(RESET)
</UL>
<P><STRONG><a name="[22]"></a>TIM1_BRK_IRQHandler</STRONG> (Thumb, 0 bytes, Stack size 0 bytes, startup_stm32f10x_hd_revised.o(.text))
<BR>[Address Reference Count : 1]<UL><LI> startup_stm32f10x_hd_revised.o(RESET)
</UL>
<P><STRONG><a name="[25]"></a>TIM1_CC_IRQHandler</STRONG> (Thumb, 0 bytes, Stack size 0 bytes, startup_stm32f10x_hd_revised.o(.text))
<BR>[Address Reference Count : 1]<UL><LI> startup_stm32f10x_hd_revised.o(RESET)
</UL>
<P><STRONG><a name="[24]"></a>TIM1_TRG_COM_IRQHandler</STRONG> (Thumb, 0 bytes, Stack size 0 bytes, startup_stm32f10x_hd_revised.o(.text))
<BR>[Address Reference Count : 1]<UL><LI> startup_stm32f10x_hd_revised.o(RESET)
</UL>
<P><STRONG><a name="[28]"></a>TIM4_IRQHandler</STRONG> (Thumb, 0 bytes, Stack size 0 bytes, startup_stm32f10x_hd_revised.o(.text))
<BR>[Address Reference Count : 1]<UL><LI> startup_stm32f10x_hd_revised.o(RESET)
</UL>
<P><STRONG><a name="[3c]"></a>TIM5_IRQHandler</STRONG> (Thumb, 0 bytes, Stack size 0 bytes, startup_stm32f10x_hd_revised.o(.text))
<BR>[Address Reference Count : 1]<UL><LI> startup_stm32f10x_hd_revised.o(RESET)
</UL>
<P><STRONG><a name="[40]"></a>TIM6_IRQHandler</STRONG> (Thumb, 0 bytes, Stack size 0 bytes, startup_stm32f10x_hd_revised.o(.text))
<BR>[Address Reference Count : 1]<UL><LI> startup_stm32f10x_hd_revised.o(RESET)
</UL>
<P><STRONG><a name="[41]"></a>TIM7_IRQHandler</STRONG> (Thumb, 0 bytes, Stack size 0 bytes, startup_stm32f10x_hd_revised.o(.text))
<BR>[Address Reference Count : 1]<UL><LI> startup_stm32f10x_hd_revised.o(RESET)
</UL>
<P><STRONG><a name="[35]"></a>TIM8_BRK_IRQHandler</STRONG> (Thumb, 0 bytes, Stack size 0 bytes, startup_stm32f10x_hd_revised.o(.text))
<BR>[Address Reference Count : 1]<UL><LI> startup_stm32f10x_hd_revised.o(RESET)
</UL>
<P><STRONG><a name="[38]"></a>TIM8_CC_IRQHandler</STRONG> (Thumb, 0 bytes, Stack size 0 bytes, startup_stm32f10x_hd_revised.o(.text))
<BR>[Address Reference Count : 1]<UL><LI> startup_stm32f10x_hd_revised.o(RESET)
</UL>
<P><STRONG><a name="[37]"></a>TIM8_TRG_COM_IRQHandler</STRONG> (Thumb, 0 bytes, Stack size 0 bytes, startup_stm32f10x_hd_revised.o(.text))
<BR>[Address Reference Count : 1]<UL><LI> startup_stm32f10x_hd_revised.o(RESET)
</UL>
<P><STRONG><a name="[36]"></a>TIM8_UP_IRQHandler</STRONG> (Thumb, 0 bytes, Stack size 0 bytes, startup_stm32f10x_hd_revised.o(.text))
<BR>[Address Reference Count : 1]<UL><LI> startup_stm32f10x_hd_revised.o(RESET)
</UL>
<P><STRONG><a name="[3e]"></a>UART4_IRQHandler</STRONG> (Thumb, 0 bytes, Stack size 0 bytes, startup_stm32f10x_hd_revised.o(.text))
<BR>[Address Reference Count : 1]<UL><LI> startup_stm32f10x_hd_revised.o(RESET)
</UL>
<P><STRONG><a name="[3f]"></a>UART5_IRQHandler</STRONG> (Thumb, 0 bytes, Stack size 0 bytes, startup_stm32f10x_hd_revised.o(.text))
<BR>[Address Reference Count : 1]<UL><LI> startup_stm32f10x_hd_revised.o(RESET)
</UL>
<P><STRONG><a name="[31]"></a>USART3_IRQHandler</STRONG> (Thumb, 0 bytes, Stack size 0 bytes, startup_stm32f10x_hd_revised.o(.text))
<BR>[Address Reference Count : 1]<UL><LI> startup_stm32f10x_hd_revised.o(RESET)
</UL>
<P><STRONG><a name="[34]"></a>USBWakeUp_IRQHandler</STRONG> (Thumb, 0 bytes, Stack size 0 bytes, startup_stm32f10x_hd_revised.o(.text))
<BR>[Address Reference Count : 1]<UL><LI> startup_stm32f10x_hd_revised.o(RESET)
</UL>
<P><STRONG><a name="[1d]"></a>USB_HP_CAN1_TX_IRQHandler</STRONG> (Thumb, 0 bytes, Stack size 0 bytes, startup_stm32f10x_hd_revised.o(.text))
<BR>[Address Reference Count : 1]<UL><LI> startup_stm32f10x_hd_revised.o(RESET)
</UL>
<P><STRONG><a name="[1e]"></a>USB_LP_CAN1_RX0_IRQHandler</STRONG> (Thumb, 0 bytes, Stack size 0 bytes, startup_stm32f10x_hd_revised.o(.text))
<BR>[Address Reference Count : 1]<UL><LI> startup_stm32f10x_hd_revised.o(RESET)
</UL>
<P><STRONG><a name="[a]"></a>WWDG_IRQHandler</STRONG> (Thumb, 0 bytes, Stack size 0 bytes, startup_stm32f10x_hd_revised.o(.text))
<BR>[Address Reference Count : 1]<UL><LI> startup_stm32f10x_hd_revised.o(RESET)
</UL>
<P><STRONG><a name="[4b]"></a>__aeabi_fadd</STRONG> (Thumb, 164 bytes, Stack size 16 bytes, fadd.o(.text))
<BR><BR>[Stack]<UL><LI>Max Depth = 20<LI>Call Chain = __aeabi_fadd &rArr; _float_epilogue
</UL>
<BR>[Calls]<UL><LI><a href="#[4d]">&gt;&gt;</a>&nbsp;&nbsp;&nbsp;_float_round
<LI><a href="#[4c]">&gt;&gt;</a>&nbsp;&nbsp;&nbsp;_float_epilogue
</UL>
<BR>[Called By]<UL><LI><a href="#[4f]">&gt;&gt;</a>&nbsp;&nbsp;&nbsp;__aeabi_frsub
<LI><a href="#[4e]">&gt;&gt;</a>&nbsp;&nbsp;&nbsp;__aeabi_fsub
<LI><a href="#[aa]">&gt;&gt;</a>&nbsp;&nbsp;&nbsp;UIregisterFill
</UL>

<P><STRONG><a name="[4e]"></a>__aeabi_fsub</STRONG> (Thumb, 6 bytes, Stack size 0 bytes, fadd.o(.text))
<BR><BR>[Stack]<UL><LI>Max Depth = 20<LI>Call Chain = __aeabi_fsub &rArr; __aeabi_fadd &rArr; _float_epilogue
</UL>
<BR>[Calls]<UL><LI><a href="#[4b]">&gt;&gt;</a>&nbsp;&nbsp;&nbsp;__aeabi_fadd
</UL>
<BR>[Called By]<UL><LI><a href="#[ca]">&gt;&gt;</a>&nbsp;&nbsp;&nbsp;getAIonechanelPhyVal
<LI><a href="#[76]">&gt;&gt;</a>&nbsp;&nbsp;&nbsp;writePorts
<LI><a href="#[88]">&gt;&gt;</a>&nbsp;&nbsp;&nbsp;JudgeFlag
</UL>

<P><STRONG><a name="[4f]"></a>__aeabi_frsub</STRONG> (Thumb, 6 bytes, Stack size 0 bytes, fadd.o(.text), UNUSED)
<BR><BR>[Calls]<UL><LI><a href="#[4b]">&gt;&gt;</a>&nbsp;&nbsp;&nbsp;__aeabi_fadd
</UL>

<P><STRONG><a name="[82]"></a>__aeabi_fmul</STRONG> (Thumb, 108 bytes, Stack size 8 bytes, fmul.o(.text))
<BR><BR>[Stack]<UL><LI>Max Depth = 8<LI>Call Chain = __aeabi_fmul
</UL>
<BR>[Called By]<UL><LI><a href="#[89]">&gt;&gt;</a>&nbsp;&nbsp;&nbsp;RH2HR
<LI><a href="#[ca]">&gt;&gt;</a>&nbsp;&nbsp;&nbsp;getAIonechanelPhyVal
<LI><a href="#[7a]">&gt;&gt;</a>&nbsp;&nbsp;&nbsp;writePID
<LI><a href="#[74]">&gt;&gt;</a>&nbsp;&nbsp;&nbsp;writeBufferFill
<LI><a href="#[cb]">&gt;&gt;</a>&nbsp;&nbsp;&nbsp;getDecLowByte
<LI><a href="#[b0]">&gt;&gt;</a>&nbsp;&nbsp;&nbsp;getDecHighByte
<LI><a href="#[a9]">&gt;&gt;</a>&nbsp;&nbsp;&nbsp;UIsendBufferFill
<LI><a href="#[aa]">&gt;&gt;</a>&nbsp;&nbsp;&nbsp;UIregisterFill
<LI><a href="#[7f]">&gt;&gt;</a>&nbsp;&nbsp;&nbsp;InitializeTimer
</UL>

<P><STRONG><a name="[50]"></a>__aeabi_fdiv</STRONG> (Thumb, 128 bytes, Stack size 8 bytes, fdiv.o(.text))
<BR><BR>[Stack]<UL><LI>Max Depth = 8<LI>Call Chain = __aeabi_fdiv
</UL>
<BR>[Calls]<UL><LI><a href="#[4d]">&gt;&gt;</a>&nbsp;&nbsp;&nbsp;_float_round
</UL>
<BR>[Called By]<UL><LI><a href="#[89]">&gt;&gt;</a>&nbsp;&nbsp;&nbsp;RH2HR
<LI><a href="#[a0]">&gt;&gt;</a>&nbsp;&nbsp;&nbsp;setAOonechanelPhyVal
<LI><a href="#[76]">&gt;&gt;</a>&nbsp;&nbsp;&nbsp;writePorts
<LI><a href="#[aa]">&gt;&gt;</a>&nbsp;&nbsp;&nbsp;UIregisterFill
</UL>

<P><STRONG><a name="[51]"></a>__aeabi_dadd</STRONG> (Thumb, 320 bytes, Stack size 48 bytes, dadd.o(.text))
<BR><BR>[Stack]<UL><LI>Max Depth = 88<LI>Call Chain = __aeabi_dadd &rArr; _double_epilogue &rArr; _double_round
</UL>
<BR>[Calls]<UL><LI><a href="#[53]">&gt;&gt;</a>&nbsp;&nbsp;&nbsp;__aeabi_lasr
<LI><a href="#[52]">&gt;&gt;</a>&nbsp;&nbsp;&nbsp;__aeabi_llsl
<LI><a href="#[55]">&gt;&gt;</a>&nbsp;&nbsp;&nbsp;_double_round
<LI><a href="#[54]">&gt;&gt;</a>&nbsp;&nbsp;&nbsp;_double_epilogue
</UL>
<BR>[Called By]<UL><LI><a href="#[56]">&gt;&gt;</a>&nbsp;&nbsp;&nbsp;__aeabi_dsub
<LI><a href="#[57]">&gt;&gt;</a>&nbsp;&nbsp;&nbsp;__aeabi_drsub
<LI><a href="#[89]">&gt;&gt;</a>&nbsp;&nbsp;&nbsp;RH2HR
<LI><a href="#[6d]">&gt;&gt;</a>&nbsp;&nbsp;&nbsp;DAC_onechannel
<LI><a href="#[63]">&gt;&gt;</a>&nbsp;&nbsp;&nbsp;ADC_onechannel
<LI><a href="#[7a]">&gt;&gt;</a>&nbsp;&nbsp;&nbsp;writePID
<LI><a href="#[74]">&gt;&gt;</a>&nbsp;&nbsp;&nbsp;writeBufferFill
<LI><a href="#[88]">&gt;&gt;</a>&nbsp;&nbsp;&nbsp;JudgeFlag
</UL>

<P><STRONG><a name="[56]"></a>__aeabi_dsub</STRONG> (Thumb, 6 bytes, Stack size 0 bytes, dadd.o(.text))
<BR><BR>[Stack]<UL><LI>Max Depth = 88<LI>Call Chain = __aeabi_dsub &rArr; __aeabi_dadd &rArr; _double_epilogue &rArr; _double_round
</UL>
<BR>[Calls]<UL><LI><a href="#[51]">&gt;&gt;</a>&nbsp;&nbsp;&nbsp;__aeabi_dadd
</UL>
<BR>[Called By]<UL><LI><a href="#[89]">&gt;&gt;</a>&nbsp;&nbsp;&nbsp;RH2HR
</UL>

<P><STRONG><a name="[57]"></a>__aeabi_drsub</STRONG> (Thumb, 6 bytes, Stack size 0 bytes, dadd.o(.text))
<BR><BR>[Stack]<UL><LI>Max Depth = 88<LI>Call Chain = __aeabi_drsub &rArr; __aeabi_dadd &rArr; _double_epilogue &rArr; _double_round
</UL>
<BR>[Calls]<UL><LI><a href="#[51]">&gt;&gt;</a>&nbsp;&nbsp;&nbsp;__aeabi_dadd
</UL>
<BR>[Called By]<UL><LI><a href="#[89]">&gt;&gt;</a>&nbsp;&nbsp;&nbsp;RH2HR
</UL>

<P><STRONG><a name="[58]"></a>__aeabi_dmul</STRONG> (Thumb, 224 bytes, Stack size 48 bytes, dmul.o(.text))
<BR><BR>[Stack]<UL><LI>Max Depth = 88<LI>Call Chain = __aeabi_dmul &rArr; _double_epilogue &rArr; _double_round
</UL>
<BR>[Calls]<UL><LI><a href="#[54]">&gt;&gt;</a>&nbsp;&nbsp;&nbsp;_double_epilogue
</UL>
<BR>[Called By]<UL><LI><a href="#[89]">&gt;&gt;</a>&nbsp;&nbsp;&nbsp;RH2HR
<LI><a href="#[a0]">&gt;&gt;</a>&nbsp;&nbsp;&nbsp;setAOonechanelPhyVal
<LI><a href="#[6d]">&gt;&gt;</a>&nbsp;&nbsp;&nbsp;DAC_onechannel
</UL>

<P><STRONG><a name="[59]"></a>__aeabi_ddiv</STRONG> (Thumb, 222 bytes, Stack size 32 bytes, ddiv.o(.text))
<BR><BR>[Stack]<UL><LI>Max Depth = 40<LI>Call Chain = __aeabi_ddiv &rArr; _double_round
</UL>
<BR>[Calls]<UL><LI><a href="#[55]">&gt;&gt;</a>&nbsp;&nbsp;&nbsp;_double_round
</UL>
<BR>[Called By]<UL><LI><a href="#[89]">&gt;&gt;</a>&nbsp;&nbsp;&nbsp;RH2HR
<LI><a href="#[96]">&gt;&gt;</a>&nbsp;&nbsp;&nbsp;RTD_allchannels
<LI><a href="#[63]">&gt;&gt;</a>&nbsp;&nbsp;&nbsp;ADC_onechannel
<LI><a href="#[7a]">&gt;&gt;</a>&nbsp;&nbsp;&nbsp;writePID
<LI><a href="#[74]">&gt;&gt;</a>&nbsp;&nbsp;&nbsp;writeBufferFill
</UL>

<P><STRONG><a name="[5a]"></a>__aeabi_i2f</STRONG> (Thumb, 18 bytes, Stack size 0 bytes, fflti.o(.text))
<BR><BR>[Stack]<UL><LI>Max Depth = 4<LI>Call Chain = __aeabi_i2f &rArr; _float_epilogue
</UL>
<BR>[Calls]<UL><LI><a href="#[4c]">&gt;&gt;</a>&nbsp;&nbsp;&nbsp;_float_epilogue
</UL>
<BR>[Called By]<UL><LI><a href="#[a9]">&gt;&gt;</a>&nbsp;&nbsp;&nbsp;UIsendBufferFill
<LI><a href="#[9a]">&gt;&gt;</a>&nbsp;&nbsp;&nbsp;SS_Re_Transfer
</UL>

<P><STRONG><a name="[5b]"></a>__aeabi_ui2f</STRONG> (Thumb, 10 bytes, Stack size 0 bytes, ffltui.o(.text))
<BR><BR>[Stack]<UL><LI>Max Depth = 4<LI>Call Chain = __aeabi_ui2f &rArr; _float_epilogue
</UL>
<BR>[Calls]<UL><LI><a href="#[4c]">&gt;&gt;</a>&nbsp;&nbsp;&nbsp;_float_epilogue
</UL>
<BR>[Called By]<UL><LI><a href="#[94]">&gt;&gt;</a>&nbsp;&nbsp;&nbsp;RE_Level_Alarm
<LI><a href="#[78]">&gt;&gt;</a>&nbsp;&nbsp;&nbsp;readCtrlSignal
<LI><a href="#[aa]">&gt;&gt;</a>&nbsp;&nbsp;&nbsp;UIregisterFill
<LI><a href="#[9a]">&gt;&gt;</a>&nbsp;&nbsp;&nbsp;SS_Re_Transfer
</UL>

<P><STRONG><a name="[5c]"></a>__aeabi_i2d</STRONG> (Thumb, 34 bytes, Stack size 16 bytes, dflti.o(.text))
<BR><BR>[Stack]<UL><LI>Max Depth = 56<LI>Call Chain = __aeabi_i2d &rArr; _double_epilogue &rArr; _double_round
</UL>
<BR>[Calls]<UL><LI><a href="#[54]">&gt;&gt;</a>&nbsp;&nbsp;&nbsp;_double_epilogue
</UL>
<BR>[Called By]<UL><LI><a href="#[96]">&gt;&gt;</a>&nbsp;&nbsp;&nbsp;RTD_allchannels
<LI><a href="#[7a]">&gt;&gt;</a>&nbsp;&nbsp;&nbsp;writePID
<LI><a href="#[74]">&gt;&gt;</a>&nbsp;&nbsp;&nbsp;writeBufferFill
</UL>

<P><STRONG><a name="[5d]"></a>__aeabi_ui2d</STRONG> (Thumb, 26 bytes, Stack size 16 bytes, dfltui.o(.text))
<BR><BR>[Stack]<UL><LI>Max Depth = 56<LI>Call Chain = __aeabi_ui2d &rArr; _double_epilogue &rArr; _double_round
</UL>
<BR>[Calls]<UL><LI><a href="#[54]">&gt;&gt;</a>&nbsp;&nbsp;&nbsp;_double_epilogue
</UL>
<BR>[Called By]<UL><LI><a href="#[63]">&gt;&gt;</a>&nbsp;&nbsp;&nbsp;ADC_onechannel
<LI><a href="#[7a]">&gt;&gt;</a>&nbsp;&nbsp;&nbsp;writePID
<LI><a href="#[74]">&gt;&gt;</a>&nbsp;&nbsp;&nbsp;writeBufferFill
</UL>

<P><STRONG><a name="[83]"></a>__aeabi_f2iz</STRONG> (Thumb, 50 bytes, Stack size 0 bytes, ffixi.o(.text))
<BR><BR>[Called By]<UL><LI><a href="#[af]">&gt;&gt;</a>&nbsp;&nbsp;&nbsp;getIntLowByte
<LI><a href="#[cc]">&gt;&gt;</a>&nbsp;&nbsp;&nbsp;getIntHighByte
<LI><a href="#[cb]">&gt;&gt;</a>&nbsp;&nbsp;&nbsp;getDecLowByte
<LI><a href="#[b0]">&gt;&gt;</a>&nbsp;&nbsp;&nbsp;getDecHighByte
<LI><a href="#[a9]">&gt;&gt;</a>&nbsp;&nbsp;&nbsp;UIsendBufferFill
<LI><a href="#[ce]">&gt;&gt;</a>&nbsp;&nbsp;&nbsp;reDOReset
<LI><a href="#[7f]">&gt;&gt;</a>&nbsp;&nbsp;&nbsp;InitializeTimer
</UL>

<P><STRONG><a name="[c8]"></a>__aeabi_f2uiz</STRONG> (Thumb, 40 bytes, Stack size 0 bytes, ffixui.o(.text))
<BR><BR>[Called By]<UL><LI><a href="#[75]">&gt;&gt;</a>&nbsp;&nbsp;&nbsp;writeCtrlSignal
<LI><a href="#[b9]">&gt;&gt;</a>&nbsp;&nbsp;&nbsp;delay_fun
</UL>

<P><STRONG><a name="[5e]"></a>__aeabi_d2uiz</STRONG> (Thumb, 46 bytes, Stack size 0 bytes, dfixui.o(.text))
<BR><BR>[Calls]<UL><LI><a href="#[5f]">&gt;&gt;</a>&nbsp;&nbsp;&nbsp;__aeabi_llsr
</UL>
<BR>[Called By]<UL><LI><a href="#[6d]">&gt;&gt;</a>&nbsp;&nbsp;&nbsp;DAC_onechannel
</UL>

<P><STRONG><a name="[6e]"></a>__aeabi_f2d</STRONG> (Thumb, 44 bytes, Stack size 0 bytes, f2d.o(.text))
<BR><BR>[Called By]<UL><LI><a href="#[89]">&gt;&gt;</a>&nbsp;&nbsp;&nbsp;RH2HR
<LI><a href="#[a0]">&gt;&gt;</a>&nbsp;&nbsp;&nbsp;setAOonechanelPhyVal
<LI><a href="#[6d]">&gt;&gt;</a>&nbsp;&nbsp;&nbsp;DAC_onechannel
<LI><a href="#[cf]">&gt;&gt;</a>&nbsp;&nbsp;&nbsp;regStart
<LI><a href="#[9a]">&gt;&gt;</a>&nbsp;&nbsp;&nbsp;SS_Re_Transfer
<LI><a href="#[88]">&gt;&gt;</a>&nbsp;&nbsp;&nbsp;JudgeFlag
</UL>

<P><STRONG><a name="[d5]"></a>__aeabi_cdcmpeq</STRONG> (Thumb, 0 bytes, Stack size 0 bytes, cdcmple.o(.text), UNUSED)

<P><STRONG><a name="[8b]"></a>__aeabi_cdcmple</STRONG> (Thumb, 38 bytes, Stack size 0 bytes, cdcmple.o(.text))
<BR><BR>[Called By]<UL><LI><a href="#[cf]">&gt;&gt;</a>&nbsp;&nbsp;&nbsp;regStart
<LI><a href="#[9a]">&gt;&gt;</a>&nbsp;&nbsp;&nbsp;SS_Re_Transfer
<LI><a href="#[88]">&gt;&gt;</a>&nbsp;&nbsp;&nbsp;JudgeFlag
</UL>

<P><STRONG><a name="[9f]"></a>__aeabi_cdrcmple</STRONG> (Thumb, 38 bytes, Stack size 0 bytes, cdrcmple.o(.text))
<BR><BR>[Called By]<UL><LI><a href="#[9a]">&gt;&gt;</a>&nbsp;&nbsp;&nbsp;SS_Re_Transfer
</UL>

<P><STRONG><a name="[60]"></a>__aeabi_d2f</STRONG> (Thumb, 56 bytes, Stack size 8 bytes, d2f.o(.text))
<BR><BR>[Stack]<UL><LI>Max Depth = 8<LI>Call Chain = __aeabi_d2f
</UL>
<BR>[Calls]<UL><LI><a href="#[4d]">&gt;&gt;</a>&nbsp;&nbsp;&nbsp;_float_round
</UL>
<BR>[Called By]<UL><LI><a href="#[89]">&gt;&gt;</a>&nbsp;&nbsp;&nbsp;RH2HR
<LI><a href="#[a0]">&gt;&gt;</a>&nbsp;&nbsp;&nbsp;setAOonechanelPhyVal
<LI><a href="#[96]">&gt;&gt;</a>&nbsp;&nbsp;&nbsp;RTD_allchannels
<LI><a href="#[63]">&gt;&gt;</a>&nbsp;&nbsp;&nbsp;ADC_onechannel
<LI><a href="#[7a]">&gt;&gt;</a>&nbsp;&nbsp;&nbsp;writePID
<LI><a href="#[74]">&gt;&gt;</a>&nbsp;&nbsp;&nbsp;writeBufferFill
</UL>

<P><STRONG><a name="[9b]"></a>__aeabi_cfcmpeq</STRONG> (Thumb, 0 bytes, Stack size 0 bytes, cfcmple.o(.text))
<BR><BR>[Called By]<UL><LI><a href="#[75]">&gt;&gt;</a>&nbsp;&nbsp;&nbsp;writeCtrlSignal
<LI><a href="#[cf]">&gt;&gt;</a>&nbsp;&nbsp;&nbsp;regStart
<LI><a href="#[ce]">&gt;&gt;</a>&nbsp;&nbsp;&nbsp;reDOReset
<LI><a href="#[cd]">&gt;&gt;</a>&nbsp;&nbsp;&nbsp;reAOReset
<LI><a href="#[9a]">&gt;&gt;</a>&nbsp;&nbsp;&nbsp;SS_Re_Transfer
</UL>

<P><STRONG><a name="[95]"></a>__aeabi_cfcmple</STRONG> (Thumb, 20 bytes, Stack size 0 bytes, cfcmple.o(.text))
<BR><BR>[Called By]<UL><LI><a href="#[94]">&gt;&gt;</a>&nbsp;&nbsp;&nbsp;RE_Level_Alarm
<LI><a href="#[cb]">&gt;&gt;</a>&nbsp;&nbsp;&nbsp;getDecLowByte
<LI><a href="#[b0]">&gt;&gt;</a>&nbsp;&nbsp;&nbsp;getDecHighByte
<LI><a href="#[cf]">&gt;&gt;</a>&nbsp;&nbsp;&nbsp;regStart
<LI><a href="#[9a]">&gt;&gt;</a>&nbsp;&nbsp;&nbsp;SS_Re_Transfer
</UL>

<P><STRONG><a name="[8a]"></a>__aeabi_cfrcmple</STRONG> (Thumb, 20 bytes, Stack size 0 bytes, cfrcmple.o(.text))
<BR><BR>[Called By]<UL><LI><a href="#[94]">&gt;&gt;</a>&nbsp;&nbsp;&nbsp;RE_Level_Alarm
<LI><a href="#[cf]">&gt;&gt;</a>&nbsp;&nbsp;&nbsp;regStart
<LI><a href="#[9a]">&gt;&gt;</a>&nbsp;&nbsp;&nbsp;SS_Re_Transfer
<LI><a href="#[88]">&gt;&gt;</a>&nbsp;&nbsp;&nbsp;JudgeFlag
</UL>

<P><STRONG><a name="[52]"></a>__aeabi_llsl</STRONG> (Thumb, 30 bytes, Stack size 0 bytes, llshl.o(.text))
<BR><BR>[Called By]<UL><LI><a href="#[51]">&gt;&gt;</a>&nbsp;&nbsp;&nbsp;__aeabi_dadd
<LI><a href="#[54]">&gt;&gt;</a>&nbsp;&nbsp;&nbsp;_double_epilogue
</UL>

<P><STRONG><a name="[d6]"></a>_ll_shift_l</STRONG> (Thumb, 0 bytes, Stack size 0 bytes, llshl.o(.text), UNUSED)

<P><STRONG><a name="[5f]"></a>__aeabi_llsr</STRONG> (Thumb, 32 bytes, Stack size 0 bytes, llushr.o(.text))
<BR><BR>[Called By]<UL><LI><a href="#[5e]">&gt;&gt;</a>&nbsp;&nbsp;&nbsp;__aeabi_d2uiz
<LI><a href="#[54]">&gt;&gt;</a>&nbsp;&nbsp;&nbsp;_double_epilogue
</UL>

<P><STRONG><a name="[d7]"></a>_ll_ushift_r</STRONG> (Thumb, 0 bytes, Stack size 0 bytes, llushr.o(.text), UNUSED)

<P><STRONG><a name="[53]"></a>__aeabi_lasr</STRONG> (Thumb, 36 bytes, Stack size 0 bytes, llsshr.o(.text))
<BR><BR>[Called By]<UL><LI><a href="#[51]">&gt;&gt;</a>&nbsp;&nbsp;&nbsp;__aeabi_dadd
</UL>

<P><STRONG><a name="[d8]"></a>_ll_sshift_r</STRONG> (Thumb, 0 bytes, Stack size 0 bytes, llsshr.o(.text), UNUSED)

<P><STRONG><a name="[d9]"></a>__I$use$fp</STRONG> (Thumb, 0 bytes, Stack size 0 bytes, iusefp.o(.text), UNUSED)

<P><STRONG><a name="[4d]"></a>_float_round</STRONG> (Thumb, 18 bytes, Stack size 0 bytes, fepilogue.o(.text))
<BR><BR>[Called By]<UL><LI><a href="#[50]">&gt;&gt;</a>&nbsp;&nbsp;&nbsp;__aeabi_fdiv
<LI><a href="#[4b]">&gt;&gt;</a>&nbsp;&nbsp;&nbsp;__aeabi_fadd
<LI><a href="#[60]">&gt;&gt;</a>&nbsp;&nbsp;&nbsp;__aeabi_d2f
</UL>

<P><STRONG><a name="[4c]"></a>_float_epilogue</STRONG> (Thumb, 90 bytes, Stack size 4 bytes, fepilogue.o(.text))
<BR><BR>[Stack]<UL><LI>Max Depth = 4<LI>Call Chain = _float_epilogue
</UL>
<BR>[Called By]<UL><LI><a href="#[5b]">&gt;&gt;</a>&nbsp;&nbsp;&nbsp;__aeabi_ui2f
<LI><a href="#[5a]">&gt;&gt;</a>&nbsp;&nbsp;&nbsp;__aeabi_i2f
<LI><a href="#[4b]">&gt;&gt;</a>&nbsp;&nbsp;&nbsp;__aeabi_fadd
</UL>

<P><STRONG><a name="[55]"></a>_double_round</STRONG> (Thumb, 26 bytes, Stack size 8 bytes, depilogue.o(.text))
<BR><BR>[Stack]<UL><LI>Max Depth = 8<LI>Call Chain = _double_round
</UL>
<BR>[Called By]<UL><LI><a href="#[59]">&gt;&gt;</a>&nbsp;&nbsp;&nbsp;__aeabi_ddiv
<LI><a href="#[51]">&gt;&gt;</a>&nbsp;&nbsp;&nbsp;__aeabi_dadd
<LI><a href="#[54]">&gt;&gt;</a>&nbsp;&nbsp;&nbsp;_double_epilogue
</UL>

<P><STRONG><a name="[54]"></a>_double_epilogue</STRONG> (Thumb, 164 bytes, Stack size 32 bytes, depilogue.o(.text))
<BR><BR>[Stack]<UL><LI>Max Depth = 40<LI>Call Chain = _double_epilogue &rArr; _double_round
</UL>
<BR>[Calls]<UL><LI><a href="#[5f]">&gt;&gt;</a>&nbsp;&nbsp;&nbsp;__aeabi_llsr
<LI><a href="#[52]">&gt;&gt;</a>&nbsp;&nbsp;&nbsp;__aeabi_llsl
<LI><a href="#[55]">&gt;&gt;</a>&nbsp;&nbsp;&nbsp;_double_round
</UL>
<BR>[Called By]<UL><LI><a href="#[5c]">&gt;&gt;</a>&nbsp;&nbsp;&nbsp;__aeabi_i2d
<LI><a href="#[58]">&gt;&gt;</a>&nbsp;&nbsp;&nbsp;__aeabi_dmul
<LI><a href="#[5d]">&gt;&gt;</a>&nbsp;&nbsp;&nbsp;__aeabi_ui2d
<LI><a href="#[51]">&gt;&gt;</a>&nbsp;&nbsp;&nbsp;__aeabi_dadd
</UL>

<P><STRONG><a name="[4a]"></a>__scatterload</STRONG> (Thumb, 28 bytes, Stack size 0 bytes, init.o(.text))
<BR><BR>[Calls]<UL><LI><a href="#[61]">&gt;&gt;</a>&nbsp;&nbsp;&nbsp;__main_after_scatterload
</UL>
<BR>[Called By]<UL><LI><a href="#[49]">&gt;&gt;</a>&nbsp;&nbsp;&nbsp;_main_scatterload
</UL>

<P><STRONG><a name="[da]"></a>__scatterload_rt2</STRONG> (Thumb, 0 bytes, Stack size 0 bytes, init.o(.text), UNUSED)

<P><STRONG><a name="[db]"></a>__decompress</STRONG> (Thumb, 0 bytes, Stack size unknown bytes, __dczerorl2.o(.text), UNUSED)

<P><STRONG><a name="[dc]"></a>__decompress1</STRONG> (Thumb, 92 bytes, Stack size unknown bytes, __dczerorl2.o(.text), UNUSED)

<P><STRONG><a name="[62]"></a>ADC_allchannels</STRONG> (Thumb, 32 bytes, Stack size 16 bytes, adc.o(i.ADC_allchannels))
<BR><BR>[Stack]<UL><LI>Max Depth = 160<LI>Call Chain = ADC_allchannels &rArr; ADC_onechannel &rArr; __aeabi_dadd &rArr; _double_epilogue &rArr; _double_round
</UL>
<BR>[Calls]<UL><LI><a href="#[64]">&gt;&gt;</a>&nbsp;&nbsp;&nbsp;delay_adc
<LI><a href="#[63]">&gt;&gt;</a>&nbsp;&nbsp;&nbsp;ADC_onechannel
</UL>
<BR>[Called By]<UL><LI><a href="#[77]">&gt;&gt;</a>&nbsp;&nbsp;&nbsp;readPorts
</UL>

<P><STRONG><a name="[65]"></a>ADC_init</STRONG> (Thumb, 112 bytes, Stack size 8 bytes, adc.o(i.ADC_init))
<BR><BR>[Stack]<UL><LI>Max Depth = 32<LI>Call Chain = ADC_init &rArr; GPIO_Init
</UL>
<BR>[Calls]<UL><LI><a href="#[66]">&gt;&gt;</a>&nbsp;&nbsp;&nbsp;RCC_APB2PeriphClockCmd
<LI><a href="#[69]">&gt;&gt;</a>&nbsp;&nbsp;&nbsp;GPIO_SetBits
<LI><a href="#[68]">&gt;&gt;</a>&nbsp;&nbsp;&nbsp;GPIO_ResetBits
<LI><a href="#[67]">&gt;&gt;</a>&nbsp;&nbsp;&nbsp;GPIO_Init
<LI><a href="#[64]">&gt;&gt;</a>&nbsp;&nbsp;&nbsp;delay_adc
</UL>
<BR>[Called By]<UL><LI><a href="#[46]">&gt;&gt;</a>&nbsp;&nbsp;&nbsp;main
</UL>

<P><STRONG><a name="[63]"></a>ADC_onechannel</STRONG> (Thumb, 368 bytes, Stack size 56 bytes, adc.o(i.ADC_onechannel))
<BR><BR>[Stack]<UL><LI>Max Depth = 144<LI>Call Chain = ADC_onechannel &rArr; __aeabi_dadd &rArr; _double_epilogue &rArr; _double_round
</UL>
<BR>[Calls]<UL><LI><a href="#[69]">&gt;&gt;</a>&nbsp;&nbsp;&nbsp;GPIO_SetBits
<LI><a href="#[68]">&gt;&gt;</a>&nbsp;&nbsp;&nbsp;GPIO_ResetBits
<LI><a href="#[5d]">&gt;&gt;</a>&nbsp;&nbsp;&nbsp;__aeabi_ui2d
<LI><a href="#[59]">&gt;&gt;</a>&nbsp;&nbsp;&nbsp;__aeabi_ddiv
<LI><a href="#[51]">&gt;&gt;</a>&nbsp;&nbsp;&nbsp;__aeabi_dadd
<LI><a href="#[60]">&gt;&gt;</a>&nbsp;&nbsp;&nbsp;__aeabi_d2f
<LI><a href="#[64]">&gt;&gt;</a>&nbsp;&nbsp;&nbsp;delay_adc
<LI><a href="#[6a]">&gt;&gt;</a>&nbsp;&nbsp;&nbsp;analog_in_read_write_byte
</UL>
<BR>[Called By]<UL><LI><a href="#[ca]">&gt;&gt;</a>&nbsp;&nbsp;&nbsp;getAIonechanelPhyVal
<LI><a href="#[62]">&gt;&gt;</a>&nbsp;&nbsp;&nbsp;ADC_allchannels
</UL>

<P><STRONG><a name="[4]"></a>BusFault_Handler</STRONG> (Thumb, 4 bytes, Stack size 0 bytes, stm32f10x_it.o(i.BusFault_Handler))
<BR>[Address Reference Count : 1]<UL><LI> startup_stm32f10x_hd_revised.o(RESET)
</UL>
<P><STRONG><a name="[93]"></a>CheckReceivedData</STRONG> (Thumb, 52 bytes, Stack size 12 bytes, protocol.o(i.CheckReceivedData))
<BR><BR>[Stack]<UL><LI>Max Depth = 12<LI>Call Chain = CheckReceivedData
</UL>
<BR>[Called By]<UL><LI><a href="#[92]">&gt;&gt;</a>&nbsp;&nbsp;&nbsp;PacketHeaderAnalysis
</UL>

<P><STRONG><a name="[8d]"></a>CheckSentData</STRONG> (Thumb, 38 bytes, Stack size 12 bytes, protocol.o(i.CheckSentData))
<BR><BR>[Stack]<UL><LI>Max Depth = 12<LI>Call Chain = CheckSentData
</UL>
<BR>[Called By]<UL><LI><a href="#[8c]">&gt;&gt;</a>&nbsp;&nbsp;&nbsp;MiddleDataGeneration
</UL>

<P><STRONG><a name="[ae]"></a>CheckUIReceivedData</STRONG> (Thumb, 46 bytes, Stack size 12 bytes, protocol.o(i.CheckUIReceivedData))
<BR><BR>[Stack]<UL><LI>Max Depth = 12<LI>Call Chain = CheckUIReceivedData
</UL>
<BR>[Called By]<UL><LI><a href="#[ad]">&gt;&gt;</a>&nbsp;&nbsp;&nbsp;UIPacketAnalysis
</UL>

<P><STRONG><a name="[6b]"></a>DAC_init</STRONG> (Thumb, 188 bytes, Stack size 16 bytes, dac.o(i.DAC_init))
<BR><BR>[Stack]<UL><LI>Max Depth = 48<LI>Call Chain = DAC_init &rArr; dac_write &rArr; dac_read_write_byte
</UL>
<BR>[Calls]<UL><LI><a href="#[66]">&gt;&gt;</a>&nbsp;&nbsp;&nbsp;RCC_APB2PeriphClockCmd
<LI><a href="#[69]">&gt;&gt;</a>&nbsp;&nbsp;&nbsp;GPIO_SetBits
<LI><a href="#[67]">&gt;&gt;</a>&nbsp;&nbsp;&nbsp;GPIO_Init
<LI><a href="#[6c]">&gt;&gt;</a>&nbsp;&nbsp;&nbsp;dac_write
</UL>
<BR>[Called By]<UL><LI><a href="#[46]">&gt;&gt;</a>&nbsp;&nbsp;&nbsp;main
</UL>

<P><STRONG><a name="[6d]"></a>DAC_onechannel</STRONG> (Thumb, 84 bytes, Stack size 40 bytes, dac.o(i.DAC_onechannel))
<BR><BR>[Stack]<UL><LI>Max Depth = 128<LI>Call Chain = DAC_onechannel &rArr; __aeabi_dmul &rArr; _double_epilogue &rArr; _double_round
</UL>
<BR>[Calls]<UL><LI><a href="#[6e]">&gt;&gt;</a>&nbsp;&nbsp;&nbsp;__aeabi_f2d
<LI><a href="#[58]">&gt;&gt;</a>&nbsp;&nbsp;&nbsp;__aeabi_dmul
<LI><a href="#[5e]">&gt;&gt;</a>&nbsp;&nbsp;&nbsp;__aeabi_d2uiz
<LI><a href="#[6c]">&gt;&gt;</a>&nbsp;&nbsp;&nbsp;dac_write
<LI><a href="#[51]">&gt;&gt;</a>&nbsp;&nbsp;&nbsp;__aeabi_dadd
</UL>
<BR>[Called By]<UL><LI><a href="#[a0]">&gt;&gt;</a>&nbsp;&nbsp;&nbsp;setAOonechanelPhyVal
<LI><a href="#[76]">&gt;&gt;</a>&nbsp;&nbsp;&nbsp;writePorts
<LI><a href="#[cd]">&gt;&gt;</a>&nbsp;&nbsp;&nbsp;reAOReset
</UL>

<P><STRONG><a name="[6f]"></a>DI_allchannels</STRONG> (Thumb, 36 bytes, Stack size 16 bytes, digital_io.o(i.DI_allchannels))
<BR><BR>[Stack]<UL><LI>Max Depth = 16<LI>Call Chain = DI_allchannels
</UL>
<BR>[Calls]<UL><LI><a href="#[70]">&gt;&gt;</a>&nbsp;&nbsp;&nbsp;GPIO_ReadInputDataBit
</UL>
<BR>[Called By]<UL><LI><a href="#[77]">&gt;&gt;</a>&nbsp;&nbsp;&nbsp;readPorts
</UL>

<P><STRONG><a name="[71]"></a>DI_onechannel</STRONG> (Thumb, 86 bytes, Stack size 16 bytes, digital_io.o(i.DI_onechannel))
<BR><BR>[Stack]<UL><LI>Max Depth = 16<LI>Call Chain = DI_onechannel
</UL>
<BR>[Calls]<UL><LI><a href="#[70]">&gt;&gt;</a>&nbsp;&nbsp;&nbsp;GPIO_ReadInputDataBit
</UL>
<BR>[Called By]<UL><LI><a href="#[46]">&gt;&gt;</a>&nbsp;&nbsp;&nbsp;main
</UL>

<P><STRONG><a name="[72]"></a>DO_onechannel</STRONG> (Thumb, 100 bytes, Stack size 16 bytes, digital_io.o(i.DO_onechannel))
<BR><BR>[Stack]<UL><LI>Max Depth = 16<LI>Call Chain = DO_onechannel
</UL>
<BR>[Calls]<UL><LI><a href="#[69]">&gt;&gt;</a>&nbsp;&nbsp;&nbsp;GPIO_SetBits
<LI><a href="#[68]">&gt;&gt;</a>&nbsp;&nbsp;&nbsp;GPIO_ResetBits
</UL>
<BR>[Called By]<UL><LI><a href="#[76]">&gt;&gt;</a>&nbsp;&nbsp;&nbsp;writePorts
<LI><a href="#[d0]">&gt;&gt;</a>&nbsp;&nbsp;&nbsp;regStop
<LI><a href="#[cf]">&gt;&gt;</a>&nbsp;&nbsp;&nbsp;regStart
<LI><a href="#[ce]">&gt;&gt;</a>&nbsp;&nbsp;&nbsp;reDOReset
<LI><a href="#[9a]">&gt;&gt;</a>&nbsp;&nbsp;&nbsp;SS_Re_Transfer
<LI><a href="#[46]">&gt;&gt;</a>&nbsp;&nbsp;&nbsp;main
</UL>

<P><STRONG><a name="[73]"></a>DataProcess</STRONG> (Thumb, 90 bytes, Stack size 8 bytes, protocol.o(i.DataProcess))
<BR><BR>[Stack]<UL><LI>Max Depth = 224<LI>Call Chain = DataProcess &rArr; writePID &rArr; __aeabi_dadd &rArr; _double_epilogue &rArr; _double_round
</UL>
<BR>[Calls]<UL><LI><a href="#[76]">&gt;&gt;</a>&nbsp;&nbsp;&nbsp;writePorts
<LI><a href="#[7a]">&gt;&gt;</a>&nbsp;&nbsp;&nbsp;writePID
<LI><a href="#[75]">&gt;&gt;</a>&nbsp;&nbsp;&nbsp;writeCtrlSignal
<LI><a href="#[74]">&gt;&gt;</a>&nbsp;&nbsp;&nbsp;writeBufferFill
<LI><a href="#[79]">&gt;&gt;</a>&nbsp;&nbsp;&nbsp;sendBufferFill
<LI><a href="#[78]">&gt;&gt;</a>&nbsp;&nbsp;&nbsp;readCtrlSignal
<LI><a href="#[77]">&gt;&gt;</a>&nbsp;&nbsp;&nbsp;readPorts
<LI><a href="#[7b]">&gt;&gt;</a>&nbsp;&nbsp;&nbsp;readPID
</UL>
<BR>[Called By]<UL><LI><a href="#[23]">&gt;&gt;</a>&nbsp;&nbsp;&nbsp;TIM1_UP_IRQHandler
</UL>

<P><STRONG><a name="[7]"></a>DebugMon_Handler</STRONG> (Thumb, 2 bytes, Stack size 0 bytes, stm32f10x_it.o(i.DebugMon_Handler))
<BR>[Address Reference Count : 1]<UL><LI> startup_stm32f10x_hd_revised.o(RESET)
</UL>
<P><STRONG><a name="[9e]"></a>Delay_ms</STRONG> (Thumb, 72 bytes, Stack size 0 bytes, systick_timer.o(i.Delay_ms))
<BR><BR>[Called By]<UL><LI><a href="#[cf]">&gt;&gt;</a>&nbsp;&nbsp;&nbsp;regStart
<LI><a href="#[9a]">&gt;&gt;</a>&nbsp;&nbsp;&nbsp;SS_Re_Transfer
</UL>

<P><STRONG><a name="[9d]"></a>Delay_s</STRONG> (Thumb, 72 bytes, Stack size 0 bytes, systick_timer.o(i.Delay_s))
<BR><BR>[Called By]<UL><LI><a href="#[d0]">&gt;&gt;</a>&nbsp;&nbsp;&nbsp;regStop
<LI><a href="#[cf]">&gt;&gt;</a>&nbsp;&nbsp;&nbsp;regStart
<LI><a href="#[9a]">&gt;&gt;</a>&nbsp;&nbsp;&nbsp;SS_Re_Transfer
<LI><a href="#[46]">&gt;&gt;</a>&nbsp;&nbsp;&nbsp;main
</UL>

<P><STRONG><a name="[9c]"></a>Delay_us</STRONG> (Thumb, 40 bytes, Stack size 0 bytes, systick_timer.o(i.Delay_us))
<BR><BR>[Called By]<UL><LI><a href="#[9a]">&gt;&gt;</a>&nbsp;&nbsp;&nbsp;SS_Re_Transfer
</UL>

<P><STRONG><a name="[67]"></a>GPIO_Init</STRONG> (Thumb, 274 bytes, Stack size 24 bytes, stm32f10x_gpio.o(i.GPIO_Init))
<BR><BR>[Stack]<UL><LI>Max Depth = 24<LI>Call Chain = GPIO_Init
</UL>
<BR>[Called By]<UL><LI><a href="#[c2]">&gt;&gt;</a>&nbsp;&nbsp;&nbsp;Usart_GPIO_Configuration
<LI><a href="#[7d]">&gt;&gt;</a>&nbsp;&nbsp;&nbsp;Gpio_Configuration
<LI><a href="#[99]">&gt;&gt;</a>&nbsp;&nbsp;&nbsp;RTD_init
<LI><a href="#[6b]">&gt;&gt;</a>&nbsp;&nbsp;&nbsp;DAC_init
<LI><a href="#[65]">&gt;&gt;</a>&nbsp;&nbsp;&nbsp;ADC_init
</UL>

<P><STRONG><a name="[70]"></a>GPIO_ReadInputDataBit</STRONG> (Thumb, 18 bytes, Stack size 0 bytes, stm32f10x_gpio.o(i.GPIO_ReadInputDataBit))
<BR><BR>[Called By]<UL><LI><a href="#[98]">&gt;&gt;</a>&nbsp;&nbsp;&nbsp;rtd_read_write_byte
<LI><a href="#[6f]">&gt;&gt;</a>&nbsp;&nbsp;&nbsp;DI_allchannels
<LI><a href="#[c7]">&gt;&gt;</a>&nbsp;&nbsp;&nbsp;dac_read_write_byte
<LI><a href="#[6a]">&gt;&gt;</a>&nbsp;&nbsp;&nbsp;analog_in_read_write_byte
<LI><a href="#[71]">&gt;&gt;</a>&nbsp;&nbsp;&nbsp;DI_onechannel
</UL>

<P><STRONG><a name="[68]"></a>GPIO_ResetBits</STRONG> (Thumb, 4 bytes, Stack size 0 bytes, stm32f10x_gpio.o(i.GPIO_ResetBits))
<BR><BR>[Called By]<UL><LI><a href="#[98]">&gt;&gt;</a>&nbsp;&nbsp;&nbsp;rtd_read_write_byte
<LI><a href="#[96]">&gt;&gt;</a>&nbsp;&nbsp;&nbsp;RTD_allchannels
<LI><a href="#[6c]">&gt;&gt;</a>&nbsp;&nbsp;&nbsp;dac_write
<LI><a href="#[c7]">&gt;&gt;</a>&nbsp;&nbsp;&nbsp;dac_read_write_byte
<LI><a href="#[6a]">&gt;&gt;</a>&nbsp;&nbsp;&nbsp;analog_in_read_write_byte
<LI><a href="#[63]">&gt;&gt;</a>&nbsp;&nbsp;&nbsp;ADC_onechannel
<LI><a href="#[b7]">&gt;&gt;</a>&nbsp;&nbsp;&nbsp;Usart_SendChar
<LI><a href="#[bc]">&gt;&gt;</a>&nbsp;&nbsp;&nbsp;Uart_SendChar
<LI><a href="#[c6]">&gt;&gt;</a>&nbsp;&nbsp;&nbsp;Usart_Initi
<LI><a href="#[99]">&gt;&gt;</a>&nbsp;&nbsp;&nbsp;RTD_init
<LI><a href="#[72]">&gt;&gt;</a>&nbsp;&nbsp;&nbsp;DO_onechannel
<LI><a href="#[65]">&gt;&gt;</a>&nbsp;&nbsp;&nbsp;ADC_init
</UL>

<P><STRONG><a name="[69]"></a>GPIO_SetBits</STRONG> (Thumb, 4 bytes, Stack size 0 bytes, stm32f10x_gpio.o(i.GPIO_SetBits))
<BR><BR>[Called By]<UL><LI><a href="#[98]">&gt;&gt;</a>&nbsp;&nbsp;&nbsp;rtd_read_write_byte
<LI><a href="#[96]">&gt;&gt;</a>&nbsp;&nbsp;&nbsp;RTD_allchannels
<LI><a href="#[6c]">&gt;&gt;</a>&nbsp;&nbsp;&nbsp;dac_write
<LI><a href="#[c7]">&gt;&gt;</a>&nbsp;&nbsp;&nbsp;dac_read_write_byte
<LI><a href="#[6a]">&gt;&gt;</a>&nbsp;&nbsp;&nbsp;analog_in_read_write_byte
<LI><a href="#[63]">&gt;&gt;</a>&nbsp;&nbsp;&nbsp;ADC_onechannel
<LI><a href="#[b7]">&gt;&gt;</a>&nbsp;&nbsp;&nbsp;Usart_SendChar
<LI><a href="#[bc]">&gt;&gt;</a>&nbsp;&nbsp;&nbsp;Uart_SendChar
<LI><a href="#[99]">&gt;&gt;</a>&nbsp;&nbsp;&nbsp;RTD_init
<LI><a href="#[72]">&gt;&gt;</a>&nbsp;&nbsp;&nbsp;DO_onechannel
<LI><a href="#[6b]">&gt;&gt;</a>&nbsp;&nbsp;&nbsp;DAC_init
<LI><a href="#[65]">&gt;&gt;</a>&nbsp;&nbsp;&nbsp;ADC_init
</UL>

<P><STRONG><a name="[7c]"></a>GpioRcc_Configuration</STRONG> (Thumb, 12 bytes, Stack size 8 bytes, digital_io.o(i.GpioRcc_Configuration))
<BR><BR>[Stack]<UL><LI>Max Depth = 8<LI>Call Chain = GpioRcc_Configuration
</UL>
<BR>[Calls]<UL><LI><a href="#[66]">&gt;&gt;</a>&nbsp;&nbsp;&nbsp;RCC_APB2PeriphClockCmd
</UL>
<BR>[Called By]<UL><LI><a href="#[7e]">&gt;&gt;</a>&nbsp;&nbsp;&nbsp;IO_Configuration
</UL>

<P><STRONG><a name="[7d]"></a>Gpio_Configuration</STRONG> (Thumb, 60 bytes, Stack size 8 bytes, digital_io.o(i.Gpio_Configuration))
<BR><BR>[Stack]<UL><LI>Max Depth = 32<LI>Call Chain = Gpio_Configuration &rArr; GPIO_Init
</UL>
<BR>[Calls]<UL><LI><a href="#[67]">&gt;&gt;</a>&nbsp;&nbsp;&nbsp;GPIO_Init
</UL>
<BR>[Called By]<UL><LI><a href="#[7e]">&gt;&gt;</a>&nbsp;&nbsp;&nbsp;IO_Configuration
</UL>

<P><STRONG><a name="[2]"></a>HardFault_Handler</STRONG> (Thumb, 4 bytes, Stack size 0 bytes, stm32f10x_it.o(i.HardFault_Handler))
<BR>[Address Reference Count : 1]<UL><LI> startup_stm32f10x_hd_revised.o(RESET)
</UL>
<P><STRONG><a name="[7e]"></a>IO_Configuration</STRONG> (Thumb, 12 bytes, Stack size 8 bytes, digital_io.o(i.IO_Configuration))
<BR><BR>[Stack]<UL><LI>Max Depth = 40<LI>Call Chain = IO_Configuration &rArr; Gpio_Configuration &rArr; GPIO_Init
</UL>
<BR>[Calls]<UL><LI><a href="#[7d]">&gt;&gt;</a>&nbsp;&nbsp;&nbsp;Gpio_Configuration
<LI><a href="#[7c]">&gt;&gt;</a>&nbsp;&nbsp;&nbsp;GpioRcc_Configuration
</UL>
<BR>[Called By]<UL><LI><a href="#[46]">&gt;&gt;</a>&nbsp;&nbsp;&nbsp;main
</UL>

<P><STRONG><a name="[7f]"></a>InitializeTimer</STRONG> (Thumb, 172 bytes, Stack size 32 bytes, timer.o(i.InitializeTimer))
<BR><BR>[Stack]<UL><LI>Max Depth = 40<LI>Call Chain = InitializeTimer &rArr; __aeabi_fmul
</UL>
<BR>[Calls]<UL><LI><a href="#[66]">&gt;&gt;</a>&nbsp;&nbsp;&nbsp;RCC_APB2PeriphClockCmd
<LI><a href="#[80]">&gt;&gt;</a>&nbsp;&nbsp;&nbsp;RCC_APB1PeriphClockCmd
<LI><a href="#[82]">&gt;&gt;</a>&nbsp;&nbsp;&nbsp;__aeabi_fmul
<LI><a href="#[83]">&gt;&gt;</a>&nbsp;&nbsp;&nbsp;__aeabi_f2iz
<LI><a href="#[84]">&gt;&gt;</a>&nbsp;&nbsp;&nbsp;TIM_TimeBaseInit
<LI><a href="#[86]">&gt;&gt;</a>&nbsp;&nbsp;&nbsp;TIM_ITConfig
<LI><a href="#[81]">&gt;&gt;</a>&nbsp;&nbsp;&nbsp;TIM_DeInit
<LI><a href="#[87]">&gt;&gt;</a>&nbsp;&nbsp;&nbsp;TIM_Cmd
<LI><a href="#[85]">&gt;&gt;</a>&nbsp;&nbsp;&nbsp;TIM_ClearFlag
</UL>
<BR>[Called By]<UL><LI><a href="#[46]">&gt;&gt;</a>&nbsp;&nbsp;&nbsp;main
</UL>

<P><STRONG><a name="[88]"></a>JudgeFlag</STRONG> (Thumb, 132 bytes, Stack size 48 bytes, lddssp.o(i.JudgeFlag))
<BR><BR>[Stack]<UL><LI>Max Depth = 224<LI>Call Chain = JudgeFlag &rArr; RH2HR &rArr; __aeabi_dsub &rArr; __aeabi_dadd &rArr; _double_epilogue &rArr; _double_round
</UL>
<BR>[Calls]<UL><LI><a href="#[8b]">&gt;&gt;</a>&nbsp;&nbsp;&nbsp;__aeabi_cdcmple
<LI><a href="#[8a]">&gt;&gt;</a>&nbsp;&nbsp;&nbsp;__aeabi_cfrcmple
<LI><a href="#[89]">&gt;&gt;</a>&nbsp;&nbsp;&nbsp;RH2HR
<LI><a href="#[4e]">&gt;&gt;</a>&nbsp;&nbsp;&nbsp;__aeabi_fsub
<LI><a href="#[6e]">&gt;&gt;</a>&nbsp;&nbsp;&nbsp;__aeabi_f2d
<LI><a href="#[51]">&gt;&gt;</a>&nbsp;&nbsp;&nbsp;__aeabi_dadd
</UL>
<BR>[Called By]<UL><LI><a href="#[46]">&gt;&gt;</a>&nbsp;&nbsp;&nbsp;main
</UL>

<P><STRONG><a name="[3]"></a>MemManage_Handler</STRONG> (Thumb, 4 bytes, Stack size 0 bytes, stm32f10x_it.o(i.MemManage_Handler))
<BR>[Address Reference Count : 1]<UL><LI> startup_stm32f10x_hd_revised.o(RESET)
</UL>
<P><STRONG><a name="[8c]"></a>MiddleDataGeneration</STRONG> (Thumb, 38 bytes, Stack size 20 bytes, protocol.o(i.MiddleDataGeneration))
<BR><BR>[Stack]<UL><LI>Max Depth = 32<LI>Call Chain = MiddleDataGeneration &rArr; CheckSentData
</UL>
<BR>[Calls]<UL><LI><a href="#[8d]">&gt;&gt;</a>&nbsp;&nbsp;&nbsp;CheckSentData
</UL>
<BR>[Called By]<UL><LI><a href="#[2f]">&gt;&gt;</a>&nbsp;&nbsp;&nbsp;USART1_IRQHandler
</UL>

<P><STRONG><a name="[1]"></a>NMI_Handler</STRONG> (Thumb, 2 bytes, Stack size 0 bytes, stm32f10x_it.o(i.NMI_Handler))
<BR>[Address Reference Count : 1]<UL><LI> startup_stm32f10x_hd_revised.o(RESET)
</UL>
<P><STRONG><a name="[8e]"></a>NVIC_Configuration</STRONG> (Thumb, 188 bytes, Stack size 8 bytes, usart.o(i.NVIC_Configuration))
<BR><BR>[Stack]<UL><LI>Max Depth = 24<LI>Call Chain = NVIC_Configuration &rArr; NVIC_Init
</UL>
<BR>[Calls]<UL><LI><a href="#[8f]">&gt;&gt;</a>&nbsp;&nbsp;&nbsp;NVIC_SetVectorTable
<LI><a href="#[90]">&gt;&gt;</a>&nbsp;&nbsp;&nbsp;NVIC_PriorityGroupConfig
<LI><a href="#[91]">&gt;&gt;</a>&nbsp;&nbsp;&nbsp;NVIC_Init
</UL>
<BR>[Called By]<UL><LI><a href="#[c6]">&gt;&gt;</a>&nbsp;&nbsp;&nbsp;Usart_Initi
</UL>

<P><STRONG><a name="[91]"></a>NVIC_Init</STRONG> (Thumb, 102 bytes, Stack size 16 bytes, misc.o(i.NVIC_Init))
<BR><BR>[Stack]<UL><LI>Max Depth = 16<LI>Call Chain = NVIC_Init
</UL>
<BR>[Called By]<UL><LI><a href="#[8e]">&gt;&gt;</a>&nbsp;&nbsp;&nbsp;NVIC_Configuration
</UL>

<P><STRONG><a name="[90]"></a>NVIC_PriorityGroupConfig</STRONG> (Thumb, 10 bytes, Stack size 0 bytes, misc.o(i.NVIC_PriorityGroupConfig))
<BR><BR>[Called By]<UL><LI><a href="#[8e]">&gt;&gt;</a>&nbsp;&nbsp;&nbsp;NVIC_Configuration
</UL>

<P><STRONG><a name="[8f]"></a>NVIC_SetVectorTable</STRONG> (Thumb, 12 bytes, Stack size 0 bytes, misc.o(i.NVIC_SetVectorTable))
<BR><BR>[Called By]<UL><LI><a href="#[8e]">&gt;&gt;</a>&nbsp;&nbsp;&nbsp;NVIC_Configuration
</UL>

<P><STRONG><a name="[d1]"></a>PID_SetValue</STRONG> (Thumb, 66 bytes, Stack size 20 bytes, pid.o(i.PID_SetValue))
<BR><BR>[Stack]<UL><LI>Max Depth = 20<LI>Call Chain = PID_SetValue
</UL>
<BR>[Called By]<UL><LI><a href="#[7a]">&gt;&gt;</a>&nbsp;&nbsp;&nbsp;writePID
</UL>

<P><STRONG><a name="[92]"></a>PacketHeaderAnalysis</STRONG> (Thumb, 122 bytes, Stack size 32 bytes, protocol.o(i.PacketHeaderAnalysis))
<BR><BR>[Stack]<UL><LI>Max Depth = 44<LI>Call Chain = PacketHeaderAnalysis &rArr; CheckReceivedData
</UL>
<BR>[Calls]<UL><LI><a href="#[93]">&gt;&gt;</a>&nbsp;&nbsp;&nbsp;CheckReceivedData
</UL>
<BR>[Called By]<UL><LI><a href="#[2f]">&gt;&gt;</a>&nbsp;&nbsp;&nbsp;USART1_IRQHandler
</UL>

<P><STRONG><a name="[b5]"></a>PacketHeaderGeneration</STRONG> (Thumb, 74 bytes, Stack size 0 bytes, protocol.o(i.PacketHeaderGeneration))
<BR><BR>[Called By]<UL><LI><a href="#[2f]">&gt;&gt;</a>&nbsp;&nbsp;&nbsp;USART1_IRQHandler
</UL>

<P><STRONG><a name="[8]"></a>PendSV_Handler</STRONG> (Thumb, 2 bytes, Stack size 0 bytes, stm32f10x_it.o(i.PendSV_Handler))
<BR>[Address Reference Count : 1]<UL><LI> startup_stm32f10x_hd_revised.o(RESET)
</UL>
<P><STRONG><a name="[80]"></a>RCC_APB1PeriphClockCmd</STRONG> (Thumb, 26 bytes, Stack size 0 bytes, stm32f10x_rcc.o(i.RCC_APB1PeriphClockCmd))
<BR><BR>[Called By]<UL><LI><a href="#[7f]">&gt;&gt;</a>&nbsp;&nbsp;&nbsp;InitializeTimer
</UL>

<P><STRONG><a name="[a7]"></a>RCC_APB1PeriphResetCmd</STRONG> (Thumb, 26 bytes, Stack size 0 bytes, stm32f10x_rcc.o(i.RCC_APB1PeriphResetCmd))
<BR><BR>[Called By]<UL><LI><a href="#[bd]">&gt;&gt;</a>&nbsp;&nbsp;&nbsp;USART_DeInit
<LI><a href="#[81]">&gt;&gt;</a>&nbsp;&nbsp;&nbsp;TIM_DeInit
</UL>

<P><STRONG><a name="[66]"></a>RCC_APB2PeriphClockCmd</STRONG> (Thumb, 26 bytes, Stack size 0 bytes, stm32f10x_rcc.o(i.RCC_APB2PeriphClockCmd))
<BR><BR>[Called By]<UL><LI><a href="#[c2]">&gt;&gt;</a>&nbsp;&nbsp;&nbsp;Usart_GPIO_Configuration
<LI><a href="#[7c]">&gt;&gt;</a>&nbsp;&nbsp;&nbsp;GpioRcc_Configuration
<LI><a href="#[99]">&gt;&gt;</a>&nbsp;&nbsp;&nbsp;RTD_init
<LI><a href="#[7f]">&gt;&gt;</a>&nbsp;&nbsp;&nbsp;InitializeTimer
<LI><a href="#[6b]">&gt;&gt;</a>&nbsp;&nbsp;&nbsp;DAC_init
<LI><a href="#[65]">&gt;&gt;</a>&nbsp;&nbsp;&nbsp;ADC_init
</UL>

<P><STRONG><a name="[a6]"></a>RCC_APB2PeriphResetCmd</STRONG> (Thumb, 26 bytes, Stack size 0 bytes, stm32f10x_rcc.o(i.RCC_APB2PeriphResetCmd))
<BR><BR>[Called By]<UL><LI><a href="#[bd]">&gt;&gt;</a>&nbsp;&nbsp;&nbsp;USART_DeInit
<LI><a href="#[81]">&gt;&gt;</a>&nbsp;&nbsp;&nbsp;TIM_DeInit
</UL>

<P><STRONG><a name="[bf]"></a>RCC_GetClocksFreq</STRONG> (Thumb, 192 bytes, Stack size 12 bytes, stm32f10x_rcc.o(i.RCC_GetClocksFreq))
<BR><BR>[Stack]<UL><LI>Max Depth = 12<LI>Call Chain = RCC_GetClocksFreq
</UL>
<BR>[Called By]<UL><LI><a href="#[be]">&gt;&gt;</a>&nbsp;&nbsp;&nbsp;USART_Init
</UL>

<P><STRONG><a name="[94]"></a>RE_Level_Alarm</STRONG> (Thumb, 104 bytes, Stack size 16 bytes, lddssp.o(i.RE_Level_Alarm))
<BR><BR>[Stack]<UL><LI>Max Depth = 20<LI>Call Chain = RE_Level_Alarm &rArr; __aeabi_ui2f &rArr; _float_epilogue
</UL>
<BR>[Calls]<UL><LI><a href="#[8a]">&gt;&gt;</a>&nbsp;&nbsp;&nbsp;__aeabi_cfrcmple
<LI><a href="#[5b]">&gt;&gt;</a>&nbsp;&nbsp;&nbsp;__aeabi_ui2f
<LI><a href="#[95]">&gt;&gt;</a>&nbsp;&nbsp;&nbsp;__aeabi_cfcmple
</UL>
<BR>[Called By]<UL><LI><a href="#[cf]">&gt;&gt;</a>&nbsp;&nbsp;&nbsp;regStart
<LI><a href="#[9a]">&gt;&gt;</a>&nbsp;&nbsp;&nbsp;SS_Re_Transfer
</UL>

<P><STRONG><a name="[89]"></a>RH2HR</STRONG> (Thumb, 242 bytes, Stack size 88 bytes, lddssp.o(i.RH2HR))
<BR><BR>[Stack]<UL><LI>Max Depth = 176<LI>Call Chain = RH2HR &rArr; __aeabi_dsub &rArr; __aeabi_dadd &rArr; _double_epilogue &rArr; _double_round
</UL>
<BR>[Calls]<UL><LI><a href="#[56]">&gt;&gt;</a>&nbsp;&nbsp;&nbsp;__aeabi_dsub
<LI><a href="#[57]">&gt;&gt;</a>&nbsp;&nbsp;&nbsp;__aeabi_drsub
<LI><a href="#[50]">&gt;&gt;</a>&nbsp;&nbsp;&nbsp;__aeabi_fdiv
<LI><a href="#[6e]">&gt;&gt;</a>&nbsp;&nbsp;&nbsp;__aeabi_f2d
<LI><a href="#[58]">&gt;&gt;</a>&nbsp;&nbsp;&nbsp;__aeabi_dmul
<LI><a href="#[59]">&gt;&gt;</a>&nbsp;&nbsp;&nbsp;__aeabi_ddiv
<LI><a href="#[51]">&gt;&gt;</a>&nbsp;&nbsp;&nbsp;__aeabi_dadd
<LI><a href="#[60]">&gt;&gt;</a>&nbsp;&nbsp;&nbsp;__aeabi_d2f
<LI><a href="#[82]">&gt;&gt;</a>&nbsp;&nbsp;&nbsp;__aeabi_fmul
</UL>
<BR>[Called By]<UL><LI><a href="#[a9]">&gt;&gt;</a>&nbsp;&nbsp;&nbsp;UIsendBufferFill
<LI><a href="#[88]">&gt;&gt;</a>&nbsp;&nbsp;&nbsp;JudgeFlag
</UL>

<P><STRONG><a name="[96]"></a>RTD_allchannels</STRONG> (Thumb, 120 bytes, Stack size 32 bytes, rtd.o(i.RTD_allchannels))
<BR><BR>[Stack]<UL><LI>Max Depth = 88<LI>Call Chain = RTD_allchannels &rArr; __aeabi_i2d &rArr; _double_epilogue &rArr; _double_round
</UL>
<BR>[Calls]<UL><LI><a href="#[69]">&gt;&gt;</a>&nbsp;&nbsp;&nbsp;GPIO_SetBits
<LI><a href="#[68]">&gt;&gt;</a>&nbsp;&nbsp;&nbsp;GPIO_ResetBits
<LI><a href="#[5c]">&gt;&gt;</a>&nbsp;&nbsp;&nbsp;__aeabi_i2d
<LI><a href="#[98]">&gt;&gt;</a>&nbsp;&nbsp;&nbsp;rtd_read_write_byte
<LI><a href="#[97]">&gt;&gt;</a>&nbsp;&nbsp;&nbsp;delay_rtd
<LI><a href="#[59]">&gt;&gt;</a>&nbsp;&nbsp;&nbsp;__aeabi_ddiv
<LI><a href="#[60]">&gt;&gt;</a>&nbsp;&nbsp;&nbsp;__aeabi_d2f
</UL>
<BR>[Called By]<UL><LI><a href="#[77]">&gt;&gt;</a>&nbsp;&nbsp;&nbsp;readPorts
</UL>

<P><STRONG><a name="[99]"></a>RTD_init</STRONG> (Thumb, 136 bytes, Stack size 8 bytes, rtd.o(i.RTD_init))
<BR><BR>[Stack]<UL><LI>Max Depth = 32<LI>Call Chain = RTD_init &rArr; GPIO_Init
</UL>
<BR>[Calls]<UL><LI><a href="#[66]">&gt;&gt;</a>&nbsp;&nbsp;&nbsp;RCC_APB2PeriphClockCmd
<LI><a href="#[69]">&gt;&gt;</a>&nbsp;&nbsp;&nbsp;GPIO_SetBits
<LI><a href="#[68]">&gt;&gt;</a>&nbsp;&nbsp;&nbsp;GPIO_ResetBits
<LI><a href="#[67]">&gt;&gt;</a>&nbsp;&nbsp;&nbsp;GPIO_Init
<LI><a href="#[97]">&gt;&gt;</a>&nbsp;&nbsp;&nbsp;delay_rtd
</UL>
<BR>[Called By]<UL><LI><a href="#[46]">&gt;&gt;</a>&nbsp;&nbsp;&nbsp;main
</UL>

<P><STRONG><a name="[9a]"></a>SS_Re_Transfer</STRONG> (Thumb, 1260 bytes, Stack size 24 bytes, lddssp.o(i.SS_Re_Transfer))
<BR><BR>[Stack]<UL><LI>Max Depth = 192<LI>Call Chain = SS_Re_Transfer &rArr; setAOonechanelPhyVal &rArr; DAC_onechannel &rArr; __aeabi_dmul &rArr; _double_epilogue &rArr; _double_round
</UL>
<BR>[Calls]<UL><LI><a href="#[9f]">&gt;&gt;</a>&nbsp;&nbsp;&nbsp;__aeabi_cdrcmple
<LI><a href="#[8b]">&gt;&gt;</a>&nbsp;&nbsp;&nbsp;__aeabi_cdcmple
<LI><a href="#[94]">&gt;&gt;</a>&nbsp;&nbsp;&nbsp;RE_Level_Alarm
<LI><a href="#[8a]">&gt;&gt;</a>&nbsp;&nbsp;&nbsp;__aeabi_cfrcmple
<LI><a href="#[5b]">&gt;&gt;</a>&nbsp;&nbsp;&nbsp;__aeabi_ui2f
<LI><a href="#[5a]">&gt;&gt;</a>&nbsp;&nbsp;&nbsp;__aeabi_i2f
<LI><a href="#[9b]">&gt;&gt;</a>&nbsp;&nbsp;&nbsp;__aeabi_cfcmpeq
<LI><a href="#[a0]">&gt;&gt;</a>&nbsp;&nbsp;&nbsp;setAOonechanelPhyVal
<LI><a href="#[9c]">&gt;&gt;</a>&nbsp;&nbsp;&nbsp;Delay_us
<LI><a href="#[9e]">&gt;&gt;</a>&nbsp;&nbsp;&nbsp;Delay_ms
<LI><a href="#[6e]">&gt;&gt;</a>&nbsp;&nbsp;&nbsp;__aeabi_f2d
<LI><a href="#[95]">&gt;&gt;</a>&nbsp;&nbsp;&nbsp;__aeabi_cfcmple
<LI><a href="#[9d]">&gt;&gt;</a>&nbsp;&nbsp;&nbsp;Delay_s
<LI><a href="#[72]">&gt;&gt;</a>&nbsp;&nbsp;&nbsp;DO_onechannel
</UL>
<BR>[Called By]<UL><LI><a href="#[46]">&gt;&gt;</a>&nbsp;&nbsp;&nbsp;main
</UL>

<P><STRONG><a name="[6]"></a>SVC_Handler</STRONG> (Thumb, 2 bytes, Stack size 0 bytes, stm32f10x_it.o(i.SVC_Handler))
<BR>[Address Reference Count : 1]<UL><LI> startup_stm32f10x_hd_revised.o(RESET)
</UL>
<P><STRONG><a name="[47]"></a>SystemInit</STRONG> (Thumb, 78 bytes, Stack size 8 bytes, system_stm32f10x.o(i.SystemInit))
<BR><BR>[Stack]<UL><LI>Max Depth = 16<LI>Call Chain = SystemInit &rArr; SetSysClock
</UL>
<BR>[Calls]<UL><LI><a href="#[a1]">&gt;&gt;</a>&nbsp;&nbsp;&nbsp;SetSysClock
</UL>
<BR>[Address Reference Count : 1]<UL><LI> startup_stm32f10x_hd_revised.o(.text)
</UL>
<P><STRONG><a name="[23]"></a>TIM1_UP_IRQHandler</STRONG> (Thumb, 72 bytes, Stack size 8 bytes, subroutine.o(i.TIM1_UP_IRQHandler))
<BR><BR>[Stack]<UL><LI>Max Depth = 232<LI>Call Chain = TIM1_UP_IRQHandler &rArr; DataProcess &rArr; writePID &rArr; __aeabi_dadd &rArr; _double_epilogue &rArr; _double_round
</UL>
<BR>[Calls]<UL><LI><a href="#[77]">&gt;&gt;</a>&nbsp;&nbsp;&nbsp;readPorts
<LI><a href="#[7b]">&gt;&gt;</a>&nbsp;&nbsp;&nbsp;readPID
<LI><a href="#[73]">&gt;&gt;</a>&nbsp;&nbsp;&nbsp;DataProcess
<LI><a href="#[a3]">&gt;&gt;</a>&nbsp;&nbsp;&nbsp;TIM_GetITStatus
<LI><a href="#[a4]">&gt;&gt;</a>&nbsp;&nbsp;&nbsp;TIM_ClearITPendingBit
</UL>
<BR>[Address Reference Count : 1]<UL><LI> startup_stm32f10x_hd_revised.o(RESET)
</UL>
<P><STRONG><a name="[26]"></a>TIM2_IRQHandler</STRONG> (Thumb, 72 bytes, Stack size 8 bytes, subroutine.o(i.TIM2_IRQHandler))
<BR><BR>[Stack]<UL><LI>Max Depth = 216<LI>Call Chain = TIM2_IRQHandler &rArr; UIDataProcess &rArr; UIsendBufferFill &rArr; RH2HR &rArr; __aeabi_dsub &rArr; __aeabi_dadd &rArr; _double_epilogue &rArr; _double_round
</UL>
<BR>[Calls]<UL><LI><a href="#[77]">&gt;&gt;</a>&nbsp;&nbsp;&nbsp;readPorts
<LI><a href="#[7b]">&gt;&gt;</a>&nbsp;&nbsp;&nbsp;readPID
<LI><a href="#[a5]">&gt;&gt;</a>&nbsp;&nbsp;&nbsp;UIDataProcess
<LI><a href="#[a3]">&gt;&gt;</a>&nbsp;&nbsp;&nbsp;TIM_GetITStatus
<LI><a href="#[a4]">&gt;&gt;</a>&nbsp;&nbsp;&nbsp;TIM_ClearITPendingBit
</UL>
<BR>[Address Reference Count : 1]<UL><LI> startup_stm32f10x_hd_revised.o(RESET)
</UL>
<P><STRONG><a name="[27]"></a>TIM3_IRQHandler</STRONG> (Thumb, 64 bytes, Stack size 8 bytes, subroutine.o(i.TIM3_IRQHandler))
<BR><BR>[Stack]<UL><LI>Max Depth = 20<LI>Call Chain = TIM3_IRQHandler &rArr; TIM_GetITStatus
</UL>
<BR>[Calls]<UL><LI><a href="#[86]">&gt;&gt;</a>&nbsp;&nbsp;&nbsp;TIM_ITConfig
<LI><a href="#[a3]">&gt;&gt;</a>&nbsp;&nbsp;&nbsp;TIM_GetITStatus
<LI><a href="#[a4]">&gt;&gt;</a>&nbsp;&nbsp;&nbsp;TIM_ClearITPendingBit
</UL>
<BR>[Address Reference Count : 1]<UL><LI> startup_stm32f10x_hd_revised.o(RESET)
</UL>
<P><STRONG><a name="[85]"></a>TIM_ClearFlag</STRONG> (Thumb, 6 bytes, Stack size 0 bytes, stm32f10x_tim.o(i.TIM_ClearFlag))
<BR><BR>[Called By]<UL><LI><a href="#[7f]">&gt;&gt;</a>&nbsp;&nbsp;&nbsp;InitializeTimer
</UL>

<P><STRONG><a name="[a4]"></a>TIM_ClearITPendingBit</STRONG> (Thumb, 6 bytes, Stack size 0 bytes, stm32f10x_tim.o(i.TIM_ClearITPendingBit))
<BR><BR>[Called By]<UL><LI><a href="#[27]">&gt;&gt;</a>&nbsp;&nbsp;&nbsp;TIM3_IRQHandler
<LI><a href="#[26]">&gt;&gt;</a>&nbsp;&nbsp;&nbsp;TIM2_IRQHandler
<LI><a href="#[23]">&gt;&gt;</a>&nbsp;&nbsp;&nbsp;TIM1_UP_IRQHandler
</UL>

<P><STRONG><a name="[87]"></a>TIM_Cmd</STRONG> (Thumb, 24 bytes, Stack size 0 bytes, stm32f10x_tim.o(i.TIM_Cmd))
<BR><BR>[Called By]<UL><LI><a href="#[a8]">&gt;&gt;</a>&nbsp;&nbsp;&nbsp;TurnOnTim
<LI><a href="#[7f]">&gt;&gt;</a>&nbsp;&nbsp;&nbsp;InitializeTimer
</UL>

<P><STRONG><a name="[81]"></a>TIM_DeInit</STRONG> (Thumb, 424 bytes, Stack size 8 bytes, stm32f10x_tim.o(i.TIM_DeInit))
<BR><BR>[Stack]<UL><LI>Max Depth = 8<LI>Call Chain = TIM_DeInit
</UL>
<BR>[Calls]<UL><LI><a href="#[a7]">&gt;&gt;</a>&nbsp;&nbsp;&nbsp;RCC_APB1PeriphResetCmd
<LI><a href="#[a6]">&gt;&gt;</a>&nbsp;&nbsp;&nbsp;RCC_APB2PeriphResetCmd
</UL>
<BR>[Called By]<UL><LI><a href="#[7f]">&gt;&gt;</a>&nbsp;&nbsp;&nbsp;InitializeTimer
</UL>

<P><STRONG><a name="[a3]"></a>TIM_GetITStatus</STRONG> (Thumb, 34 bytes, Stack size 12 bytes, stm32f10x_tim.o(i.TIM_GetITStatus))
<BR><BR>[Stack]<UL><LI>Max Depth = 12<LI>Call Chain = TIM_GetITStatus
</UL>
<BR>[Called By]<UL><LI><a href="#[27]">&gt;&gt;</a>&nbsp;&nbsp;&nbsp;TIM3_IRQHandler
<LI><a href="#[26]">&gt;&gt;</a>&nbsp;&nbsp;&nbsp;TIM2_IRQHandler
<LI><a href="#[23]">&gt;&gt;</a>&nbsp;&nbsp;&nbsp;TIM1_UP_IRQHandler
</UL>

<P><STRONG><a name="[86]"></a>TIM_ITConfig</STRONG> (Thumb, 24 bytes, Stack size 8 bytes, stm32f10x_tim.o(i.TIM_ITConfig))
<BR><BR>[Stack]<UL><LI>Max Depth = 8<LI>Call Chain = TIM_ITConfig
</UL>
<BR>[Called By]<UL><LI><a href="#[27]">&gt;&gt;</a>&nbsp;&nbsp;&nbsp;TIM3_IRQHandler
<LI><a href="#[7f]">&gt;&gt;</a>&nbsp;&nbsp;&nbsp;InitializeTimer
</UL>

<P><STRONG><a name="[84]"></a>TIM_TimeBaseInit</STRONG> (Thumb, 122 bytes, Stack size 0 bytes, stm32f10x_tim.o(i.TIM_TimeBaseInit))
<BR><BR>[Called By]<UL><LI><a href="#[7f]">&gt;&gt;</a>&nbsp;&nbsp;&nbsp;InitializeTimer
</UL>

<P><STRONG><a name="[a8]"></a>TurnOnTim</STRONG> (Thumb, 74 bytes, Stack size 16 bytes, timer.o(i.TurnOnTim))
<BR><BR>[Stack]<UL><LI>Max Depth = 16<LI>Call Chain = TurnOnTim
</UL>
<BR>[Calls]<UL><LI><a href="#[87]">&gt;&gt;</a>&nbsp;&nbsp;&nbsp;TIM_Cmd
</UL>
<BR>[Called By]<UL><LI><a href="#[46]">&gt;&gt;</a>&nbsp;&nbsp;&nbsp;main
</UL>

<P><STRONG><a name="[ac]"></a>UICheckSentData</STRONG> (Thumb, 34 bytes, Stack size 12 bytes, protocol.o(i.UICheckSentData))
<BR><BR>[Stack]<UL><LI>Max Depth = 12<LI>Call Chain = UICheckSentData
</UL>
<BR>[Called By]<UL><LI><a href="#[a9]">&gt;&gt;</a>&nbsp;&nbsp;&nbsp;UIsendBufferFill
<LI><a href="#[ab]">&gt;&gt;</a>&nbsp;&nbsp;&nbsp;UIMiddleDataGeneration
</UL>

<P><STRONG><a name="[a5]"></a>UIDataProcess</STRONG> (Thumb, 56 bytes, Stack size 8 bytes, protocol.o(i.UIDataProcess))
<BR><BR>[Stack]<UL><LI>Max Depth = 208<LI>Call Chain = UIDataProcess &rArr; UIsendBufferFill &rArr; RH2HR &rArr; __aeabi_dsub &rArr; __aeabi_dadd &rArr; _double_epilogue &rArr; _double_round
</UL>
<BR>[Calls]<UL><LI><a href="#[77]">&gt;&gt;</a>&nbsp;&nbsp;&nbsp;readPorts
<LI><a href="#[a9]">&gt;&gt;</a>&nbsp;&nbsp;&nbsp;UIsendBufferFill
<LI><a href="#[aa]">&gt;&gt;</a>&nbsp;&nbsp;&nbsp;UIregisterFill
</UL>
<BR>[Called By]<UL><LI><a href="#[26]">&gt;&gt;</a>&nbsp;&nbsp;&nbsp;TIM2_IRQHandler
</UL>

<P><STRONG><a name="[ab]"></a>UIMiddleDataGeneration</STRONG> (Thumb, 60 bytes, Stack size 16 bytes, protocol.o(i.UIMiddleDataGeneration))
<BR><BR>[Stack]<UL><LI>Max Depth = 28<LI>Call Chain = UIMiddleDataGeneration &rArr; UICheckSentData
</UL>
<BR>[Calls]<UL><LI><a href="#[ac]">&gt;&gt;</a>&nbsp;&nbsp;&nbsp;UICheckSentData
</UL>
<BR>[Called By]<UL><LI><a href="#[30]">&gt;&gt;</a>&nbsp;&nbsp;&nbsp;USART2_IRQHandler
</UL>

<P><STRONG><a name="[ad]"></a>UIPacketAnalysis</STRONG> (Thumb, 64 bytes, Stack size 20 bytes, protocol.o(i.UIPacketAnalysis))
<BR><BR>[Stack]<UL><LI>Max Depth = 32<LI>Call Chain = UIPacketAnalysis &rArr; CheckUIReceivedData
</UL>
<BR>[Calls]<UL><LI><a href="#[ae]">&gt;&gt;</a>&nbsp;&nbsp;&nbsp;CheckUIReceivedData
</UL>
<BR>[Called By]<UL><LI><a href="#[30]">&gt;&gt;</a>&nbsp;&nbsp;&nbsp;USART2_IRQHandler
</UL>

<P><STRONG><a name="[ba]"></a>UIPacketHeaderGeneration</STRONG> (Thumb, 16 bytes, Stack size 0 bytes, protocol.o(i.UIPacketHeaderGeneration))
<BR><BR>[Called By]<UL><LI><a href="#[30]">&gt;&gt;</a>&nbsp;&nbsp;&nbsp;USART2_IRQHandler
</UL>

<P><STRONG><a name="[aa]"></a>UIregisterFill</STRONG> (Thumb, 136 bytes, Stack size 24 bytes, runtimedata.o(i.UIregisterFill))
<BR><BR>[Stack]<UL><LI>Max Depth = 44<LI>Call Chain = UIregisterFill &rArr; __aeabi_fadd &rArr; _float_epilogue
</UL>
<BR>[Calls]<UL><LI><a href="#[5b]">&gt;&gt;</a>&nbsp;&nbsp;&nbsp;__aeabi_ui2f
<LI><a href="#[50]">&gt;&gt;</a>&nbsp;&nbsp;&nbsp;__aeabi_fdiv
<LI><a href="#[4b]">&gt;&gt;</a>&nbsp;&nbsp;&nbsp;__aeabi_fadd
<LI><a href="#[82]">&gt;&gt;</a>&nbsp;&nbsp;&nbsp;__aeabi_fmul
</UL>
<BR>[Called By]<UL><LI><a href="#[a5]">&gt;&gt;</a>&nbsp;&nbsp;&nbsp;UIDataProcess
<LI><a href="#[30]">&gt;&gt;</a>&nbsp;&nbsp;&nbsp;USART2_IRQHandler
</UL>

<P><STRONG><a name="[a9]"></a>UIsendBufferFill</STRONG> (Thumb, 176 bytes, Stack size 24 bytes, runtimedata.o(i.UIsendBufferFill))
<BR><BR>[Stack]<UL><LI>Max Depth = 200<LI>Call Chain = UIsendBufferFill &rArr; RH2HR &rArr; __aeabi_dsub &rArr; __aeabi_dadd &rArr; _double_epilogue &rArr; _double_round
</UL>
<BR>[Calls]<UL><LI><a href="#[5a]">&gt;&gt;</a>&nbsp;&nbsp;&nbsp;__aeabi_i2f
<LI><a href="#[89]">&gt;&gt;</a>&nbsp;&nbsp;&nbsp;RH2HR
<LI><a href="#[82]">&gt;&gt;</a>&nbsp;&nbsp;&nbsp;__aeabi_fmul
<LI><a href="#[83]">&gt;&gt;</a>&nbsp;&nbsp;&nbsp;__aeabi_f2iz
<LI><a href="#[af]">&gt;&gt;</a>&nbsp;&nbsp;&nbsp;getIntLowByte
<LI><a href="#[b0]">&gt;&gt;</a>&nbsp;&nbsp;&nbsp;getDecHighByte
<LI><a href="#[ac]">&gt;&gt;</a>&nbsp;&nbsp;&nbsp;UICheckSentData
</UL>
<BR>[Called By]<UL><LI><a href="#[a5]">&gt;&gt;</a>&nbsp;&nbsp;&nbsp;UIDataProcess
<LI><a href="#[30]">&gt;&gt;</a>&nbsp;&nbsp;&nbsp;USART2_IRQHandler
</UL>

<P><STRONG><a name="[2f]"></a>USART1_IRQHandler</STRONG> (Thumb, 340 bytes, Stack size 32 bytes, subroutine.o(i.USART1_IRQHandler))
<BR><BR>[Stack]<UL><LI>Max Depth = 76<LI>Call Chain = USART1_IRQHandler &rArr; PacketHeaderAnalysis &rArr; CheckReceivedData
</UL>
<BR>[Calls]<UL><LI><a href="#[b7]">&gt;&gt;</a>&nbsp;&nbsp;&nbsp;Usart_SendChar
<LI><a href="#[b2]">&gt;&gt;</a>&nbsp;&nbsp;&nbsp;Usart_GetChar
<LI><a href="#[b6]">&gt;&gt;</a>&nbsp;&nbsp;&nbsp;UsartSendData
<LI><a href="#[b5]">&gt;&gt;</a>&nbsp;&nbsp;&nbsp;PacketHeaderGeneration
<LI><a href="#[92]">&gt;&gt;</a>&nbsp;&nbsp;&nbsp;PacketHeaderAnalysis
<LI><a href="#[8c]">&gt;&gt;</a>&nbsp;&nbsp;&nbsp;MiddleDataGeneration
<LI><a href="#[b4]">&gt;&gt;</a>&nbsp;&nbsp;&nbsp;USART_GetITStatus
<LI><a href="#[b1]">&gt;&gt;</a>&nbsp;&nbsp;&nbsp;USART_GetFlagStatus
<LI><a href="#[b3]">&gt;&gt;</a>&nbsp;&nbsp;&nbsp;USART_ClearITPendingBit
</UL>
<BR>[Address Reference Count : 1]<UL><LI> startup_stm32f10x_hd_revised.o(RESET)
</UL>
<P><STRONG><a name="[30]"></a>USART2_IRQHandler</STRONG> (Thumb, 362 bytes, Stack size 16 bytes, subroutine.o(i.USART2_IRQHandler))
<BR><BR>[Stack]<UL><LI>Max Depth = 216<LI>Call Chain = USART2_IRQHandler &rArr; UIsendBufferFill &rArr; RH2HR &rArr; __aeabi_dsub &rArr; __aeabi_dadd &rArr; _double_epilogue &rArr; _double_round
</UL>
<BR>[Calls]<UL><LI><a href="#[b9]">&gt;&gt;</a>&nbsp;&nbsp;&nbsp;delay_fun
<LI><a href="#[b2]">&gt;&gt;</a>&nbsp;&nbsp;&nbsp;Usart_GetChar
<LI><a href="#[bc]">&gt;&gt;</a>&nbsp;&nbsp;&nbsp;Uart_SendChar
<LI><a href="#[bb]">&gt;&gt;</a>&nbsp;&nbsp;&nbsp;UartSendData
<LI><a href="#[a9]">&gt;&gt;</a>&nbsp;&nbsp;&nbsp;UIsendBufferFill
<LI><a href="#[aa]">&gt;&gt;</a>&nbsp;&nbsp;&nbsp;UIregisterFill
<LI><a href="#[ba]">&gt;&gt;</a>&nbsp;&nbsp;&nbsp;UIPacketHeaderGeneration
<LI><a href="#[ad]">&gt;&gt;</a>&nbsp;&nbsp;&nbsp;UIPacketAnalysis
<LI><a href="#[ab]">&gt;&gt;</a>&nbsp;&nbsp;&nbsp;UIMiddleDataGeneration
<LI><a href="#[b8]">&gt;&gt;</a>&nbsp;&nbsp;&nbsp;USART_ReceiveData
<LI><a href="#[b4]">&gt;&gt;</a>&nbsp;&nbsp;&nbsp;USART_GetITStatus
<LI><a href="#[b1]">&gt;&gt;</a>&nbsp;&nbsp;&nbsp;USART_GetFlagStatus
<LI><a href="#[b3]">&gt;&gt;</a>&nbsp;&nbsp;&nbsp;USART_ClearITPendingBit
</UL>
<BR>[Address Reference Count : 1]<UL><LI> startup_stm32f10x_hd_revised.o(RESET)
</UL>
<P><STRONG><a name="[c3]"></a>USART_ClearFlag</STRONG> (Thumb, 18 bytes, Stack size 0 bytes, stm32f10x_usart.o(i.USART_ClearFlag))
<BR><BR>[Called By]<UL><LI><a href="#[c2]">&gt;&gt;</a>&nbsp;&nbsp;&nbsp;Usart_GPIO_Configuration
</UL>

<P><STRONG><a name="[b3]"></a>USART_ClearITPendingBit</STRONG> (Thumb, 30 bytes, Stack size 8 bytes, stm32f10x_usart.o(i.USART_ClearITPendingBit))
<BR><BR>[Stack]<UL><LI>Max Depth = 8<LI>Call Chain = USART_ClearITPendingBit
</UL>
<BR>[Called By]<UL><LI><a href="#[30]">&gt;&gt;</a>&nbsp;&nbsp;&nbsp;USART2_IRQHandler
<LI><a href="#[2f]">&gt;&gt;</a>&nbsp;&nbsp;&nbsp;USART1_IRQHandler
</UL>

<P><STRONG><a name="[c5]"></a>USART_Cmd</STRONG> (Thumb, 24 bytes, Stack size 0 bytes, stm32f10x_usart.o(i.USART_Cmd))
<BR><BR>[Called By]<UL><LI><a href="#[c2]">&gt;&gt;</a>&nbsp;&nbsp;&nbsp;Usart_GPIO_Configuration
</UL>

<P><STRONG><a name="[bd]"></a>USART_DeInit</STRONG> (Thumb, 134 bytes, Stack size 8 bytes, stm32f10x_usart.o(i.USART_DeInit))
<BR><BR>[Stack]<UL><LI>Max Depth = 8<LI>Call Chain = USART_DeInit
</UL>
<BR>[Calls]<UL><LI><a href="#[a7]">&gt;&gt;</a>&nbsp;&nbsp;&nbsp;RCC_APB1PeriphResetCmd
<LI><a href="#[a6]">&gt;&gt;</a>&nbsp;&nbsp;&nbsp;RCC_APB2PeriphResetCmd
</UL>
<BR>[Called By]<UL><LI><a href="#[c2]">&gt;&gt;</a>&nbsp;&nbsp;&nbsp;Usart_GPIO_Configuration
</UL>

<P><STRONG><a name="[b1]"></a>USART_GetFlagStatus</STRONG> (Thumb, 26 bytes, Stack size 0 bytes, stm32f10x_usart.o(i.USART_GetFlagStatus))
<BR><BR>[Called By]<UL><LI><a href="#[b7]">&gt;&gt;</a>&nbsp;&nbsp;&nbsp;Usart_SendChar
<LI><a href="#[bc]">&gt;&gt;</a>&nbsp;&nbsp;&nbsp;Uart_SendChar
<LI><a href="#[30]">&gt;&gt;</a>&nbsp;&nbsp;&nbsp;USART2_IRQHandler
<LI><a href="#[2f]">&gt;&gt;</a>&nbsp;&nbsp;&nbsp;USART1_IRQHandler
</UL>

<P><STRONG><a name="[b4]"></a>USART_GetITStatus</STRONG> (Thumb, 84 bytes, Stack size 16 bytes, stm32f10x_usart.o(i.USART_GetITStatus))
<BR><BR>[Stack]<UL><LI>Max Depth = 16<LI>Call Chain = USART_GetITStatus
</UL>
<BR>[Called By]<UL><LI><a href="#[30]">&gt;&gt;</a>&nbsp;&nbsp;&nbsp;USART2_IRQHandler
<LI><a href="#[2f]">&gt;&gt;</a>&nbsp;&nbsp;&nbsp;USART1_IRQHandler
</UL>

<P><STRONG><a name="[c4]"></a>USART_ITConfig</STRONG> (Thumb, 74 bytes, Stack size 20 bytes, stm32f10x_usart.o(i.USART_ITConfig))
<BR><BR>[Stack]<UL><LI>Max Depth = 20<LI>Call Chain = USART_ITConfig
</UL>
<BR>[Called By]<UL><LI><a href="#[c2]">&gt;&gt;</a>&nbsp;&nbsp;&nbsp;Usart_GPIO_Configuration
</UL>

<P><STRONG><a name="[be]"></a>USART_Init</STRONG> (Thumb, 210 bytes, Stack size 56 bytes, stm32f10x_usart.o(i.USART_Init))
<BR><BR>[Stack]<UL><LI>Max Depth = 68<LI>Call Chain = USART_Init &rArr; RCC_GetClocksFreq
</UL>
<BR>[Calls]<UL><LI><a href="#[bf]">&gt;&gt;</a>&nbsp;&nbsp;&nbsp;RCC_GetClocksFreq
</UL>
<BR>[Called By]<UL><LI><a href="#[c2]">&gt;&gt;</a>&nbsp;&nbsp;&nbsp;Usart_GPIO_Configuration
</UL>

<P><STRONG><a name="[b8]"></a>USART_ReceiveData</STRONG> (Thumb, 10 bytes, Stack size 0 bytes, stm32f10x_usart.o(i.USART_ReceiveData))
<BR><BR>[Called By]<UL><LI><a href="#[b2]">&gt;&gt;</a>&nbsp;&nbsp;&nbsp;Usart_GetChar
<LI><a href="#[30]">&gt;&gt;</a>&nbsp;&nbsp;&nbsp;USART2_IRQHandler
</UL>

<P><STRONG><a name="[c1]"></a>USART_SendData</STRONG> (Thumb, 8 bytes, Stack size 0 bytes, stm32f10x_usart.o(i.USART_SendData))
<BR><BR>[Called By]<UL><LI><a href="#[b7]">&gt;&gt;</a>&nbsp;&nbsp;&nbsp;Usart_SendChar
<LI><a href="#[bc]">&gt;&gt;</a>&nbsp;&nbsp;&nbsp;Uart_SendChar
</UL>

<P><STRONG><a name="[bb]"></a>UartSendData</STRONG> (Thumb, 24 bytes, Stack size 16 bytes, usart.o(i.UartSendData))
<BR><BR>[Stack]<UL><LI>Max Depth = 24<LI>Call Chain = UartSendData &rArr; Uart_SendChar
</UL>
<BR>[Calls]<UL><LI><a href="#[bc]">&gt;&gt;</a>&nbsp;&nbsp;&nbsp;Uart_SendChar
</UL>
<BR>[Called By]<UL><LI><a href="#[30]">&gt;&gt;</a>&nbsp;&nbsp;&nbsp;USART2_IRQHandler
</UL>

<P><STRONG><a name="[bc]"></a>Uart_SendChar</STRONG> (Thumb, 52 bytes, Stack size 8 bytes, usart.o(i.Uart_SendChar))
<BR><BR>[Stack]<UL><LI>Max Depth = 8<LI>Call Chain = Uart_SendChar
</UL>
<BR>[Calls]<UL><LI><a href="#[69]">&gt;&gt;</a>&nbsp;&nbsp;&nbsp;GPIO_SetBits
<LI><a href="#[68]">&gt;&gt;</a>&nbsp;&nbsp;&nbsp;GPIO_ResetBits
<LI><a href="#[c0]">&gt;&gt;</a>&nbsp;&nbsp;&nbsp;delay_usart
<LI><a href="#[c1]">&gt;&gt;</a>&nbsp;&nbsp;&nbsp;USART_SendData
<LI><a href="#[b1]">&gt;&gt;</a>&nbsp;&nbsp;&nbsp;USART_GetFlagStatus
</UL>
<BR>[Called By]<UL><LI><a href="#[bb]">&gt;&gt;</a>&nbsp;&nbsp;&nbsp;UartSendData
<LI><a href="#[30]">&gt;&gt;</a>&nbsp;&nbsp;&nbsp;USART2_IRQHandler
</UL>

[...]
</UL>
<BR>[Calls]<UL><LI><a href="#[b8]">&gt;&gt;</a>&nbsp;&nbsp;&nbsp;USART_ReceiveData
</UL>
<BR>[Called By]<UL><LI><a href="#[30]">&gt;&gt;</a>&nbsp;&nbsp;&nbsp;USART2_IRQHandler
<LI><a href="#[2f]">&gt;&gt;</a>&nbsp;&nbsp;&nbsp;USART1_IRQHandler
</UL>

<P><STRONG><a name="[c6]"></a>Usart_Initi</STRONG> (Thumb, 22 bytes, Stack size 8 bytes, usart.o(i.Usart_Initi))
<BR><BR>[Stack]<UL><LI>Max Depth = 100<LI>Call Chain = Usart_Initi &rArr; Usart_GPIO_Configuration &rArr; USART_Init &rArr; RCC_GetClocksFreq
</UL>
<BR>[Calls]<UL><LI><a href="#[68]">&gt;&gt;</a>&nbsp;&nbsp;&nbsp;GPIO_ResetBits
<LI><a href="#[c2]">&gt;&gt;</a>&nbsp;&nbsp;&nbsp;Usart_GPIO_Configuration
<LI><a href="#[8e]">&gt;&gt;</a>&nbsp;&nbsp;&nbsp;NVIC_Configuration
</UL>
<BR>[Called By]<UL><LI><a href="#[46]">&gt;&gt;</a>&nbsp;&nbsp;&nbsp;main
</UL>

<P><STRONG><a name="[b7]"></a>Usart_SendChar</STRONG> (Thumb, 56 bytes, Stack size 8 bytes, usart.o(i.Usart_SendChar))
<BR><BR>[Stack]<UL><LI>Max Depth = 8<LI>Call Chain = Usart_SendChar
</UL>
<BR>[Calls]<UL><LI><a href="#[69]">&gt;&gt;</a>&nbsp;&nbsp;&nbsp;GPIO_SetBits
<LI><a href="#[68]">&gt;&gt;</a>&nbsp;&nbsp;&nbsp;GPIO_ResetBits
<LI><a href="#[c0]">&gt;&gt;</a>&nbsp;&nbsp;&nbsp;delay_usart
<LI><a href="#[c1]">&gt;&gt;</a>&nbsp;&nbsp;&nbsp;USART_SendData
<LI><a href="#[b1]">&gt;&gt;</a>&nbsp;&nbsp;&nbsp;USART_GetFlagStatus
</UL>
<BR>[Called By]<UL><LI><a href="#[b6]">&gt;&gt;</a>&nbsp;&nbsp;&nbsp;UsartSendData
<LI><a href="#[2f]">&gt;&gt;</a>&nbsp;&nbsp;&nbsp;USART1_IRQHandler
</UL>

<P><STRONG><a name="[dd]"></a>__scatterload_copy</STRONG> (Thumb, 14 bytes, Stack size unknown bytes, handlers.o(i.__scatterload_copy), UNUSED)

<P><STRONG><a name="[de]"></a>__scatterload_null</STRONG> (Thumb, 2 bytes, Stack size unknown bytes, handlers.o(i.__scatterload_null), UNUSED)

<P><STRONG><a name="[df]"></a>__scatterload_zeroinit</STRONG> (Thumb, 14 bytes, Stack size unknown bytes, handlers.o(i.__scatterload_zeroinit), UNUSED)

<P><STRONG><a name="[6a]"></a>analog_in_read_write_byte</STRONG> (Thumb, 122 bytes, Stack size 16 bytes, adc.o(i.analog_in_read_write_byte))
<BR><BR>[Stack]<UL><LI>Max Depth = 16<LI>Call Chain = analog_in_read_write_byte
</UL>
<BR>[Calls]<UL><LI><a href="#[69]">&gt;&gt;</a>&nbsp;&nbsp;&nbsp;GPIO_SetBits
<LI><a href="#[68]">&gt;&gt;</a>&nbsp;&nbsp;&nbsp;GPIO_ResetBits
<LI><a href="#[70]">&gt;&gt;</a>&nbsp;&nbsp;&nbsp;GPIO_ReadInputDataBit
<LI><a href="#[64]">&gt;&gt;</a>&nbsp;&nbsp;&nbsp;delay_adc
</UL>
<BR>[Called By]<UL><LI><a href="#[63]">&gt;&gt;</a>&nbsp;&nbsp;&nbsp;ADC_onechannel
</UL>

<P><STRONG><a name="[c7]"></a>dac_read_write_byte</STRONG> (Thumb, 110 bytes, Stack size 16 bytes, dac.o(i.dac_read_write_byte))
<BR><BR>[Stack]<UL><LI>Max Depth = 16<LI>Call Chain = dac_read_write_byte
</UL>
<BR>[Calls]<UL><LI><a href="#[69]">&gt;&gt;</a>&nbsp;&nbsp;&nbsp;GPIO_SetBits
<LI><a href="#[68]">&gt;&gt;</a>&nbsp;&nbsp;&nbsp;GPIO_ResetBits
<LI><a href="#[70]">&gt;&gt;</a>&nbsp;&nbsp;&nbsp;GPIO_ReadInputDataBit
</UL>
<BR>[Called By]<UL><LI><a href="#[6c]">&gt;&gt;</a>&nbsp;&nbsp;&nbsp;dac_write
</UL>

<P><STRONG><a name="[6c]"></a>dac_write</STRONG> (Thumb, 68 bytes, Stack size 16 bytes, dac.o(i.dac_write))
<BR><BR>[Stack]<UL><LI>Max Depth = 32<LI>Call Chain = dac_write &rArr; dac_read_write_byte
</UL>
<BR>[Calls]<UL><LI><a href="#[69]">&gt;&gt;</a>&nbsp;&nbsp;&nbsp;GPIO_SetBits
<LI><a href="#[68]">&gt;&gt;</a>&nbsp;&nbsp;&nbsp;GPIO_ResetBits
<LI><a href="#[c7]">&gt;&gt;</a>&nbsp;&nbsp;&nbsp;dac_read_write_byte
</UL>
<BR>[Called By]<UL><LI><a href="#[6d]">&gt;&gt;</a>&nbsp;&nbsp;&nbsp;DAC_onechannel
<LI><a href="#[6b]">&gt;&gt;</a>&nbsp;&nbsp;&nbsp;DAC_init
</UL>

<P><STRONG><a name="[64]"></a>delay_adc</STRONG> (Thumb, 18 bytes, Stack size 0 bytes, adc.o(i.delay_adc))
<BR><BR>[Called By]<UL><LI><a href="#[6a]">&gt;&gt;</a>&nbsp;&nbsp;&nbsp;analog_in_read_write_byte
<LI><a href="#[63]">&gt;&gt;</a>&nbsp;&nbsp;&nbsp;ADC_onechannel
<LI><a href="#[62]">&gt;&gt;</a>&nbsp;&nbsp;&nbsp;ADC_allchannels
<LI><a href="#[65]">&gt;&gt;</a>&nbsp;&nbsp;&nbsp;ADC_init
</UL>

<P><STRONG><a name="[b9]"></a>delay_fun</STRONG> (Thumb, 86 bytes, Stack size 24 bytes, runtimedata.o(i.delay_fun))
<BR><BR>[Stack]<UL><LI>Max Depth = 24<LI>Call Chain = delay_fun
</UL>
<BR>[Calls]<UL><LI><a href="#[c8]">&gt;&gt;</a>&nbsp;&nbsp;&nbsp;__aeabi_f2uiz
</UL>
<BR>[Called By]<UL><LI><a href="#[30]">&gt;&gt;</a>&nbsp;&nbsp;&nbsp;USART2_IRQHandler
<LI><a href="#[ce]">&gt;&gt;</a>&nbsp;&nbsp;&nbsp;reDOReset
<LI><a href="#[cd]">&gt;&gt;</a>&nbsp;&nbsp;&nbsp;reAOReset
</UL>

<P><STRONG><a name="[97]"></a>delay_rtd</STRONG> (Thumb, 16 bytes, Stack size 0 bytes, rtd.o(i.delay_rtd))
<BR><BR>[Called By]<UL><LI><a href="#[98]">&gt;&gt;</a>&nbsp;&nbsp;&nbsp;rtd_read_write_byte
<LI><a href="#[96]">&gt;&gt;</a>&nbsp;&nbsp;&nbsp;RTD_allchannels
<LI><a href="#[99]">&gt;&gt;</a>&nbsp;&nbsp;&nbsp;RTD_init
</UL>

<P><STRONG><a name="[c0]"></a>delay_usart</STRONG> (Thumb, 16 bytes, Stack size 0 bytes, usart.o(i.delay_usart))
<BR><BR>[Called By]<UL><LI><a href="#[b7]">&gt;&gt;</a>&nbsp;&nbsp;&nbsp;Usart_SendChar
<LI><a href="#[bc]">&gt;&gt;</a>&nbsp;&nbsp;&nbsp;Uart_SendChar
</UL>

<P><STRONG><a name="[c9]"></a>getAIPhysicalValue</STRONG> (Thumb, 36 bytes, Stack size 16 bytes, runtimedata.o(i.getAIPhysicalValue))
<BR><BR>[Stack]<UL><LI>Max Depth = 184<LI>Call Chain = getAIPhysicalValue &rArr; getAIonechanelPhyVal &rArr; ADC_onechannel &rArr; __aeabi_dadd &rArr; _double_epilogue &rArr; _double_round
</UL>
<BR>[Calls]<UL><LI><a href="#[ca]">&gt;&gt;</a>&nbsp;&nbsp;&nbsp;getAIonechanelPhyVal
</UL>
<BR>[Called By]<UL><LI><a href="#[77]">&gt;&gt;</a>&nbsp;&nbsp;&nbsp;readPorts
</UL>

<P><STRONG><a name="[ca]"></a>getAIonechanelPhyVal</STRONG> (Thumb, 54 bytes, Stack size 24 bytes, runtimedata.o(i.getAIonechanelPhyVal))
<BR><BR>[Stack]<UL><LI>Max Depth = 168<LI>Call Chain = getAIonechanelPhyVal &rArr; ADC_onechannel &rArr; __aeabi_dadd &rArr; _double_epilogue &rArr; _double_round
</UL>
<BR>[Calls]<UL><LI><a href="#[4e]">&gt;&gt;</a>&nbsp;&nbsp;&nbsp;__aeabi_fsub
<LI><a href="#[63]">&gt;&gt;</a>&nbsp;&nbsp;&nbsp;ADC_onechannel
<LI><a href="#[82]">&gt;&gt;</a>&nbsp;&nbsp;&nbsp;__aeabi_fmul
</UL>
<BR>[Called By]<UL><LI><a href="#[c9]">&gt;&gt;</a>&nbsp;&nbsp;&nbsp;getAIPhysicalValue
</UL>

<P><STRONG><a name="[b0]"></a>getDecHighByte</STRONG> (Thumb, 64 bytes, Stack size 16 bytes, protocol.o(i.getDecHighByte))
<BR><BR>[Stack]<UL><LI>Max Depth = 24<LI>Call Chain = getDecHighByte &rArr; __aeabi_fmul
</UL>
<BR>[Calls]<UL><LI><a href="#[82]">&gt;&gt;</a>&nbsp;&nbsp;&nbsp;__aeabi_fmul
<LI><a href="#[83]">&gt;&gt;</a>&nbsp;&nbsp;&nbsp;__aeabi_f2iz
<LI><a href="#[95]">&gt;&gt;</a>&nbsp;&nbsp;&nbsp;__aeabi_cfcmple
</UL>
<BR>[Called By]<UL><LI><a href="#[79]">&gt;&gt;</a>&nbsp;&nbsp;&nbsp;sendBufferFill
<LI><a href="#[7b]">&gt;&gt;</a>&nbsp;&nbsp;&nbsp;readPID
<LI><a href="#[a9]">&gt;&gt;</a>&nbsp;&nbsp;&nbsp;UIsendBufferFill
</UL>

<P><STRONG><a name="[cb]"></a>getDecLowByte</STRONG> (Thumb, 56 bytes, Stack size 16 bytes, protocol.o(i.getDecLowByte))
<BR><BR>[Stack]<UL><LI>Max Depth = 24<LI>Call Chain = getDecLowByte &rArr; __aeabi_fmul
</UL>
<BR>[Calls]<UL><LI><a href="#[82]">&gt;&gt;</a>&nbsp;&nbsp;&nbsp;__aeabi_fmul
<LI><a href="#[83]">&gt;&gt;</a>&nbsp;&nbsp;&nbsp;__aeabi_f2iz
<LI><a href="#[95]">&gt;&gt;</a>&nbsp;&nbsp;&nbsp;__aeabi_cfcmple
</UL>
<BR>[Called By]<UL><LI><a href="#[79]">&gt;&gt;</a>&nbsp;&nbsp;&nbsp;sendBufferFill
<LI><a href="#[7b]">&gt;&gt;</a>&nbsp;&nbsp;&nbsp;readPID
</UL>

<P><STRONG><a name="[cc]"></a>getIntHighByte</STRONG> (Thumb, 46 bytes, Stack size 16 bytes, protocol.o(i.getIntHighByte))
<BR><BR>[Stack]<UL><LI>Max Depth = 16<LI>Call Chain = getIntHighByte
</UL>
<BR>[Calls]<UL><LI><a href="#[83]">&gt;&gt;</a>&nbsp;&nbsp;&nbsp;__aeabi_f2iz
</UL>
<BR>[Called By]<UL><LI><a href="#[79]">&gt;&gt;</a>&nbsp;&nbsp;&nbsp;sendBufferFill
<LI><a href="#[7b]">&gt;&gt;</a>&nbsp;&nbsp;&nbsp;readPID
</UL>

<P><STRONG><a name="[af]"></a>getIntLowByte</STRONG> (Thumb, 36 bytes, Stack size 16 bytes, protocol.o(i.getIntLowByte))
<BR><BR>[Stack]<UL><LI>Max Depth = 16<LI>Call Chain = getIntLowByte
</UL>
<BR>[Calls]<UL><LI><a href="#[83]">&gt;&gt;</a>&nbsp;&nbsp;&nbsp;__aeabi_f2iz
</UL>
<BR>[Called By]<UL><LI><a href="#[79]">&gt;&gt;</a>&nbsp;&nbsp;&nbsp;sendBufferFill
<LI><a href="#[7b]">&gt;&gt;</a>&nbsp;&nbsp;&nbsp;readPID
<LI><a href="#[a9]">&gt;&gt;</a>&nbsp;&nbsp;&nbsp;UIsendBufferFill
</UL>

<P><STRONG><a name="[46]"></a>main</STRONG> (Thumb, 472 bytes, Stack size 0 bytes, main.o(i.main))
<BR><BR>[Stack]<UL><LI>Max Depth = 224<LI>Call Chain = main &rArr; JudgeFlag &rArr; RH2HR &rArr; __aeabi_dsub &rArr; __aeabi_dadd &rArr; _double_epilogue &rArr; _double_round
</UL>
<BR>[Calls]<UL><LI><a href="#[d0]">&gt;&gt;</a>&nbsp;&nbsp;&nbsp;regStop
<LI><a href="#[cf]">&gt;&gt;</a>&nbsp;&nbsp;&nbsp;regStart
<LI><a href="#[ce]">&gt;&gt;</a>&nbsp;&nbsp;&nbsp;reDOReset
<LI><a href="#[cd]">&gt;&gt;</a>&nbsp;&nbsp;&nbsp;reAOReset
<LI><a href="#[c6]">&gt;&gt;</a>&nbsp;&nbsp;&nbsp;Usart_Initi
<LI><a href="#[a8]">&gt;&gt;</a>&nbsp;&nbsp;&nbsp;TurnOnTim
<LI><a href="#[9a]">&gt;&gt;</a>&nbsp;&nbsp;&nbsp;SS_Re_Transfer
<LI><a href="#[99]">&gt;&gt;</a>&nbsp;&nbsp;&nbsp;RTD_init
<LI><a href="#[88]">&gt;&gt;</a>&nbsp;&nbsp;&nbsp;JudgeFlag
<LI><a href="#[7f]">&gt;&gt;</a>&nbsp;&nbsp;&nbsp;InitializeTimer
<LI><a href="#[7e]">&gt;&gt;</a>&nbsp;&nbsp;&nbsp;IO_Configuration
<LI><a href="#[9d]">&gt;&gt;</a>&nbsp;&nbsp;&nbsp;Delay_s
<LI><a href="#[72]">&gt;&gt;</a>&nbsp;&nbsp;&nbsp;DO_onechannel
<LI><a href="#[71]">&gt;&gt;</a>&nbsp;&nbsp;&nbsp;DI_onechannel
<LI><a href="#[6b]">&gt;&gt;</a>&nbsp;&nbsp;&nbsp;DAC_init
<LI><a href="#[65]">&gt;&gt;</a>&nbsp;&nbsp;&nbsp;ADC_init
</UL>
<BR>[Address Reference Count : 1]<UL><LI> entry8.o(.ARM.Collect$$$$00000009)
</UL>
<P><STRONG><a name="[cd]"></a>reAOReset</STRONG> (Thumb, 134 bytes, Stack size 32 bytes, runtimedata.o(i.reAOReset))
<BR><BR>[Stack]<UL><LI>Max Depth = 160<LI>Call Chain = reAOReset &rArr; DAC_onechannel &rArr; __aeabi_dmul &rArr; _double_epilogue &rArr; _double_round
</UL>
<BR>[Calls]<UL><LI><a href="#[9b]">&gt;&gt;</a>&nbsp;&nbsp;&nbsp;__aeabi_cfcmpeq
<LI><a href="#[6d]">&gt;&gt;</a>&nbsp;&nbsp;&nbsp;DAC_onechannel
<LI><a href="#[b9]">&gt;&gt;</a>&nbsp;&nbsp;&nbsp;delay_fun
</UL>
<BR>[Called By]<UL><LI><a href="#[46]">&gt;&gt;</a>&nbsp;&nbsp;&nbsp;main
</UL>

<P><STRONG><a name="[ce]"></a>reDOReset</STRONG> (Thumb, 134 bytes, Stack size 32 bytes, runtimedata.o(i.reDOReset))
<BR><BR>[Stack]<UL><LI>Max Depth = 56<LI>Call Chain = reDOReset &rArr; delay_fun
</UL>
<BR>[Calls]<UL><LI><a href="#[9b]">&gt;&gt;</a>&nbsp;&nbsp;&nbsp;__aeabi_cfcmpeq
<LI><a href="#[83]">&gt;&gt;</a>&nbsp;&nbsp;&nbsp;__aeabi_f2iz
<LI><a href="#[b9]">&gt;&gt;</a>&nbsp;&nbsp;&nbsp;delay_fun
<LI><a href="#[72]">&gt;&gt;</a>&nbsp;&nbsp;&nbsp;DO_onechannel
</UL>
<BR>[Called By]<UL><LI><a href="#[46]">&gt;&gt;</a>&nbsp;&nbsp;&nbsp;main
</UL>

<P><STRONG><a name="[78]"></a>readCtrlSignal</STRONG> (Thumb, 256 bytes, Stack size 8 bytes, runtimedata.o(i.readCtrlSignal))
<BR><BR>[Stack]<UL><LI>Max Depth = 12<LI>Call Chain = readCtrlSignal &rArr; __aeabi_ui2f &rArr; _float_epilogue
</UL>
<BR>[Calls]<UL><LI><a href="#[5b]">&gt;&gt;</a>&nbsp;&nbsp;&nbsp;__aeabi_ui2f
</UL>
<BR>[Called By]<UL><LI><a href="#[73]">&gt;&gt;</a>&nbsp;&nbsp;&nbsp;DataProcess
</UL>

<P><STRONG><a name="[7b]"></a>readPID</STRONG> (Thumb, 398 bytes, Stack size 24 bytes, runtimedata.o(i.readPID))
<BR><BR>[Stack]<UL><LI>Max Depth = 48<LI>Call Chain = readPID &rArr; getDecLowByte &rArr; __aeabi_fmul
</UL>
<BR>[Calls]<UL><LI><a href="#[af]">&gt;&gt;</a>&nbsp;&nbsp;&nbsp;getIntLowByte
<LI><a href="#[cc]">&gt;&gt;</a>&nbsp;&nbsp;&nbsp;getIntHighByte
<LI><a href="#[cb]">&gt;&gt;</a>&nbsp;&nbsp;&nbsp;getDecLowByte
<LI><a href="#[b0]">&gt;&gt;</a>&nbsp;&nbsp;&nbsp;getDecHighByte
</UL>
<BR>[Called By]<UL><LI><a href="#[73]">&gt;&gt;</a>&nbsp;&nbsp;&nbsp;DataProcess
<LI><a href="#[26]">&gt;&gt;</a>&nbsp;&nbsp;&nbsp;TIM2_IRQHandler
<LI><a href="#[23]">&gt;&gt;</a>&nbsp;&nbsp;&nbsp;TIM1_UP_IRQHandler
</UL>

<P><STRONG><a name="[77]"></a>readPorts</STRONG> (Thumb, 38 bytes, Stack size 8 bytes, runtimedata.o(i.readPorts))
<BR><BR>[Stack]<UL><LI>Max Depth = 192<LI>Call Chain = readPorts &rArr; getAIPhysicalValue &rArr; getAIonechanelPhyVal &rArr; ADC_onechannel &rArr; __aeabi_dadd &rArr; _double_epilogue &rArr; _double_round
</UL>
<BR>[Calls]<UL><LI><a href="#[c9]">&gt;&gt;</a>&nbsp;&nbsp;&nbsp;getAIPhysicalValue
<LI><a href="#[96]">&gt;&gt;</a>&nbsp;&nbsp;&nbsp;RTD_allchannels
<LI><a href="#[6f]">&gt;&gt;</a>&nbsp;&nbsp;&nbsp;DI_allchannels
<LI><a href="#[62]">&gt;&gt;</a>&nbsp;&nbsp;&nbsp;ADC_allchannels
</UL>
<BR>[Called By]<UL><LI><a href="#[a5]">&gt;&gt;</a>&nbsp;&nbsp;&nbsp;UIDataProcess
<LI><a href="#[73]">&gt;&gt;</a>&nbsp;&nbsp;&nbsp;DataProcess
<LI><a href="#[26]">&gt;&gt;</a>&nbsp;&nbsp;&nbsp;TIM2_IRQHandler
<LI><a href="#[23]">&gt;&gt;</a>&nbsp;&nbsp;&nbsp;TIM1_UP_IRQHandler
</UL>

<P><STRONG><a name="[cf]"></a>regStart</STRONG> (Thumb, 264 bytes, Stack size 32 bytes, lddssp.o(i.regStart))
<BR><BR>[Stack]<UL><LI>Max Depth = 200<LI>Call Chain = regStart &rArr; setAOonechanelPhyVal &rArr; DAC_onechannel &rArr; __aeabi_dmul &rArr; _double_epilogue &rArr; _double_round
</UL>
<BR>[Calls]<UL><LI><a href="#[8b]">&gt;&gt;</a>&nbsp;&nbsp;&nbsp;__aeabi_cdcmple
<LI><a href="#[94]">&gt;&gt;</a>&nbsp;&nbsp;&nbsp;RE_Level_Alarm
<LI><a href="#[8a]">&gt;&gt;</a>&nbsp;&nbsp;&nbsp;__aeabi_cfrcmple
<LI><a href="#[9b]">&gt;&gt;</a>&nbsp;&nbsp;&nbsp;__aeabi_cfcmpeq
<LI><a href="#[a0]">&gt;&gt;</a>&nbsp;&nbsp;&nbsp;setAOonechanelPhyVal
<LI><a href="#[9e]">&gt;&gt;</a>&nbsp;&nbsp;&nbsp;Delay_ms
<LI><a href="#[6e]">&gt;&gt;</a>&nbsp;&nbsp;&nbsp;__aeabi_f2d
<LI><a href="#[95]">&gt;&gt;</a>&nbsp;&nbsp;&nbsp;__aeabi_cfcmple
<LI><a href="#[9d]">&gt;&gt;</a>&nbsp;&nbsp;&nbsp;Delay_s
<LI><a href="#[72]">&gt;&gt;</a>&nbsp;&nbsp;&nbsp;DO_onechannel
</UL>
<BR>[Called By]<UL><LI><a href="#[46]">&gt;&gt;</a>&nbsp;&nbsp;&nbsp;main
</UL>

<P><STRONG><a name="[d0]"></a>regStop</STRONG> (Thumb, 64 bytes, Stack size 16 bytes, lddssp.o(i.regStop))
<BR><BR>[Stack]<UL><LI>Max Depth = 184<LI>Call Chain = regStop &rArr; setAOonechanelPhyVal &rArr; DAC_onechannel &rArr; __aeabi_dmul &rArr; _double_epilogue &rArr; _double_round
</UL>
<BR>[Calls]<UL><LI><a href="#[a0]">&gt;&gt;</a>&nbsp;&nbsp;&nbsp;setAOonechanelPhyVal
<LI><a href="#[9d]">&gt;&gt;</a>&nbsp;&nbsp;&nbsp;Delay_s
<LI><a href="#[72]">&gt;&gt;</a>&nbsp;&nbsp;&nbsp;DO_onechannel
</UL>
<BR>[Called By]<UL><LI><a href="#[46]">&gt;&gt;</a>&nbsp;&nbsp;&nbsp;main
</UL>

<P><STRONG><a name="[98]"></a>rtd_read_write_byte</STRONG> (Thumb, 108 bytes, Stack size 16 bytes, rtd.o(i.rtd_read_write_byte))
<BR><BR>[Stack]<UL><LI>Max Depth = 16<LI>Call Chain = rtd_read_write_byte
</UL>
<BR>[Calls]<UL><LI><a href="#[69]">&gt;&gt;</a>&nbsp;&nbsp;&nbsp;GPIO_SetBits
<LI><a href="#[68]">&gt;&gt;</a>&nbsp;&nbsp;&nbsp;GPIO_ResetBits
<LI><a href="#[70]">&gt;&gt;</a>&nbsp;&nbsp;&nbsp;GPIO_ReadInputDataBit
<LI><a href="#[97]">&gt;&gt;</a>&nbsp;&nbsp;&nbsp;delay_rtd
</UL>
<BR>[Called By]<UL><LI><a href="#[96]">&gt;&gt;</a>&nbsp;&nbsp;&nbsp;RTD_allchannels
</UL>

<P><STRONG><a name="[79]"></a>sendBufferFill</STRONG> (Thumb, 478 bytes, Stack size 24 bytes, runtimedata.o(i.sendBufferFill))
<BR><BR>[Stack]<UL><LI>Max Depth = 48<LI>Call Chain = sendBufferFill &rArr; getDecLowByte &rArr; __aeabi_fmul
</UL>
<BR>[Calls]<UL><LI><a href="#[af]">&gt;&gt;</a>&nbsp;&nbsp;&nbsp;getIntLowByte
<LI><a href="#[cc]">&gt;&gt;</a>&nbsp;&nbsp;&nbsp;getIntHighByte
<LI><a href="#[cb]">&gt;&gt;</a>&nbsp;&nbsp;&nbsp;getDecLowByte
<LI><a href="#[b0]">&gt;&gt;</a>&nbsp;&nbsp;&nbsp;getDecHighByte
</UL>
<BR>[Called By]<UL><LI><a href="#[73]">&gt;&gt;</a>&nbsp;&nbsp;&nbsp;DataProcess
</UL>

<P><STRONG><a name="[a0]"></a>setAOonechanelPhyVal</STRONG> (Thumb, 58 bytes, Stack size 40 bytes, runtimedata.o(i.setAOonechanelPhyVal))
<BR><BR>[Stack]<UL><LI>Max Depth = 168<LI>Call Chain = setAOonechanelPhyVal &rArr; DAC_onechannel &rArr; __aeabi_dmul &rArr; _double_epilogue &rArr; _double_round
</UL>
<BR>[Calls]<UL><LI><a href="#[50]">&gt;&gt;</a>&nbsp;&nbsp;&nbsp;__aeabi_fdiv
<LI><a href="#[6e]">&gt;&gt;</a>&nbsp;&nbsp;&nbsp;__aeabi_f2d
<LI><a href="#[58]">&gt;&gt;</a>&nbsp;&nbsp;&nbsp;__aeabi_dmul
<LI><a href="#[6d]">&gt;&gt;</a>&nbsp;&nbsp;&nbsp;DAC_onechannel
<LI><a href="#[60]">&gt;&gt;</a>&nbsp;&nbsp;&nbsp;__aeabi_d2f
</UL>
<BR>[Called By]<UL><LI><a href="#[d0]">&gt;&gt;</a>&nbsp;&nbsp;&nbsp;regStop
<LI><a href="#[cf]">&gt;&gt;</a>&nbsp;&nbsp;&nbsp;regStart
<LI><a href="#[9a]">&gt;&gt;</a>&nbsp;&nbsp;&nbsp;SS_Re_Transfer
</UL>

<P><STRONG><a name="[74]"></a>writeBufferFill</STRONG> (Thumb, 742 bytes, Stack size 96 bytes, runtimedata.o(i.writeBufferFill))
<BR><BR>[Stack]<UL><LI>Max Depth = 184<LI>Call Chain = writeBufferFill &rArr; __aeabi_dadd &rArr; _double_epilogue &rArr; _double_round
</UL>
<BR>[Calls]<UL><LI><a href="#[5c]">&gt;&gt;</a>&nbsp;&nbsp;&nbsp;__aeabi_i2d
<LI><a href="#[5d]">&gt;&gt;</a>&nbsp;&nbsp;&nbsp;__aeabi_ui2d
<LI><a href="#[59]">&gt;&gt;</a>&nbsp;&nbsp;&nbsp;__aeabi_ddiv
<LI><a href="#[51]">&gt;&gt;</a>&nbsp;&nbsp;&nbsp;__aeabi_dadd
<LI><a href="#[60]">&gt;&gt;</a>&nbsp;&nbsp;&nbsp;__aeabi_d2f
<LI><a href="#[82]">&gt;&gt;</a>&nbsp;&nbsp;&nbsp;__aeabi_fmul
</UL>
<BR>[Called By]<UL><LI><a href="#[73]">&gt;&gt;</a>&nbsp;&nbsp;&nbsp;DataProcess
</UL>

<P><STRONG><a name="[75]"></a>writeCtrlSignal</STRONG> (Thumb, 320 bytes, Stack size 8 bytes, runtimedata.o(i.writeCtrlSignal))
<BR><BR>[Stack]<UL><LI>Max Depth = 8<LI>Call Chain = writeCtrlSignal
</UL>
<BR>[Calls]<UL><LI><a href="#[c8]">&gt;&gt;</a>&nbsp;&nbsp;&nbsp;__aeabi_f2uiz
<LI><a href="#[9b]">&gt;&gt;</a>&nbsp;&nbsp;&nbsp;__aeabi_cfcmpeq
</UL>
<BR>[Called By]<UL><LI><a href="#[73]">&gt;&gt;</a>&nbsp;&nbsp;&nbsp;DataProcess
</UL>

<P><STRONG><a name="[7a]"></a>writePID</STRONG> (Thumb, 630 bytes, Stack size 128 bytes, runtimedata.o(i.writePID))
<BR><BR>[Stack]<UL><LI>Max Depth = 216<LI>Call Chain = writePID &rArr; __aeabi_dadd &rArr; _double_epilogue &rArr; _double_round
</UL>
<BR>[Calls]<UL><LI><a href="#[5c]">&gt;&gt;</a>&nbsp;&nbsp;&nbsp;__aeabi_i2d
<LI><a href="#[d1]">&gt;&gt;</a>&nbsp;&nbsp;&nbsp;PID_SetValue
<LI><a href="#[5d]">&gt;&gt;</a>&nbsp;&nbsp;&nbsp;__aeabi_ui2d
<LI><a href="#[59]">&gt;&gt;</a>&nbsp;&nbsp;&nbsp;__aeabi_ddiv
<LI><a href="#[51]">&gt;&gt;</a>&nbsp;&nbsp;&nbsp;__aeabi_dadd
<LI><a href="#[60]">&gt;&gt;</a>&nbsp;&nbsp;&nbsp;__aeabi_d2f
<LI><a href="#[82]">&gt;&gt;</a>&nbsp;&nbsp;&nbsp;__aeabi_fmul
</UL>
<BR>[Called By]<UL><LI><a href="#[73]">&gt;&gt;</a>&nbsp;&nbsp;&nbsp;DataProcess
</UL>

<P><STRONG><a name="[76]"></a>writePorts</STRONG> (Thumb, 84 bytes, Stack size 24 bytes, runtimedata.o(i.writePorts))
<BR><BR>[Stack]<UL><LI>Max Depth = 152<LI>Call Chain = writePorts &rArr; DAC_onechannel &rArr; __aeabi_dmul &rArr; _double_epilogue &rArr; _double_round
</UL>
<BR>[Calls]<UL><LI><a href="#[50]">&gt;&gt;</a>&nbsp;&nbsp;&nbsp;__aeabi_fdiv
<LI><a href="#[4e]">&gt;&gt;</a>&nbsp;&nbsp;&nbsp;__aeabi_fsub
<LI><a href="#[6d]">&gt;&gt;</a>&nbsp;&nbsp;&nbsp;DAC_onechannel
<LI><a href="#[72]">&gt;&gt;</a>&nbsp;&nbsp;&nbsp;DO_onechannel
</UL>
<BR>[Called By]<UL><LI><a href="#[73]">&gt;&gt;</a>&nbsp;&nbsp;&nbsp;DataProcess
</UL>
<P>
<H3>
Local Symbols
</H3>
<P><STRONG><a name="[a1]"></a>SetSysClock</STRONG> (Thumb, 8 bytes, Stack size 8 bytes, system_stm32f10x.o(i.SetSysClock))
<BR><BR>[Stack]<UL><LI>Max Depth = 8<LI>Call Chain = SetSysClock
</UL>
<BR>[Calls]<UL><LI><a href="#[a2]">&gt;&gt;</a>&nbsp;&nbsp;&nbsp;SetSysClockTo72
</UL>
<BR>[Called By]<UL><LI><a href="#[47]">&gt;&gt;</a>&nbsp;&nbsp;&nbsp;SystemInit
</UL>

<P><STRONG><a name="[a2]"></a>SetSysClockTo72</STRONG> (Thumb, 192 bytes, Stack size 0 bytes, system_stm32f10x.o(i.SetSysClockTo72))
<BR><BR>[Called By]<UL><LI><a href="#[a1]">&gt;&gt;</a>&nbsp;&nbsp;&nbsp;SetSysClock
</UL>
<P>
<H3>
Undefined Global Symbols
</H3><HR></body></html>
