<html>
<body>
<pre>
<h1>礦ision Build Log</h1>
<h2>Project:</h2>
G:\百度云同步盘\屏\屏资料\资料\stm32通用测试程序及stm32mini开发板原理图\stm32通用测试程序及stm32mini开发板原理图\stm32通用测试程序\USER\TOUCH.uvproj
Project File Date:  08/15/2016

<h2>Output:</h2>
Rebuild target 'Target 1'
compiling main.c...
compiling stm32f10x_it.c...
compiling system_stm32f10x.c...
compiling led.c...
compiling key.c...
compiling lcd.c...
compiling myiic.c...
compiling 24cxx.c...
compiling spi.c...
compiling flash.c...
compiling touch.c...
compiling delay.c...
compiling sys.c...
compiling usart.c...
compiling core_cm3.c...
assembling startup_stm32f10x_hd.s...
compiling stm32f10x_fsmc.c...
compiling stm32f10x_gpio.c...
compiling stm32f10x_rcc.c...
compiling stm32f10x_spi.c...
compiling stm32f10x_usart.c...
compiling misc.c...
linking...
Program Size: Code=30094 RO-data=11874 RW-data=132 ZI-data=5940  
FromELF: creating hex file...
"..\OBJ\TOUCH.axf" - 0 Errors, 0 Warning(s).
