<html>
<body>
<pre>
<h1>礦ision Build Log</h1>
<h2>Tool Versions:</h2>
IDE-Version: μVision V5.14.0.0
Copyright (C) 2015 ARM Ltd and ARM Germany GmbH. All rights reserved.
License Information: song User, china, LIC=BL29U-S18PM-MS2YP-MDC5I-60JQR-KFNXX
 
Tool Versions:
Toolchain:       MDK-ARM Professional  Version: 5.14.0.0
Toolchain Path:  C:\Keil_v514\ARM\ARMCC\Bin
C Compiler:      Armcc.exe V5.05 update 1 (build 106)
Assembler:       Armasm.exe V5.05 update 1 (build 106)
Linker/Locator:  ArmLink.exe V5.05 update 1 (build 106)
Library Manager: ArmAr.exe V5.05 update 1 (build 106)
Hex Converter:   FromElf.exe V5.05 update 1 (build 106)
CPU DLL:         SARMCM3.DLL V5.14.0.0
Dialog DLL:      DARMSTM.DLL V1.65.0.0
Target DLL:      Segger\JL2CM3.dll V2.99.13.0
Dialog DLL:      TARMSTM.DLL V1.64.0.0
 
<h2>Project:</h2>
G:\我的坚果云\新加坡小板修改\资料\LCD\stm32通用测试程序\USER\TOUCH.uvproj
Project File Date:  03/27/2017

<h2>Output:</h2>
Build target 'Target 1'
compiling main.c...
linking...
Program Size: Code=30078 RO-data=11878 RW-data=132 ZI-data=5940  
FromELF: creating hex file...
"..\OBJ\TOUCH.axf" - 0 Error(s), 0 Warning(s).
</pre>
</body>
</html>
