<html>
<body>
<pre>
<h1>µVision Build Log</h1>
<h2>Project:</h2>
D:\touchscreen\ARM_touchscreen_org\ARM_touchscreen\Project\TouchScreen.uvproj
Project File Date:  05/16/2017

<h2>Output:</h2>
Rebuild target 'TouchScreen'
assembling startup_stm32f10x_hd.s...
compiling stm32f10x_gpio.c...
compiling stm32f10x_rcc.c...
compiling stm32f10x_tim.c...
compiling stm32f10x_usart.c...
compiling misc.c...
compiling stm32f10x_fsmc.c...
compiling core_cm3.c...
compiling system_stm32f10x.c...
compiling main.c...
compiling stm32f10_gpio.c...
compiling stm32f10_timer.c...
compiling stm32f10_usart.c...
compiling stm32f10x_it.c...
compiling LCD.c...
compiling UI.c...
compiling touch.c...
compiling sys.c...
compiling DHT11.c...
linking...
Program Size: Code=21710 RO-data=27958 RW-data=1028 ZI-data=2196  
FromELF: creating hex file...
"TouchScreen.axf" - 0 Error(s), 0 Warning(s).
