<html>
<body>
<pre>
<h1>礦ision Build Log</h1>
<h2>Tool Versions:</h2>
IDE-Version: μVision V5.24.2.0
Copyright (C) 2017 ARM Ltd and ARM Germany GmbH. All rights reserved.
License Information: 1 1, 1, LIC=WHYKP-MP2YL-Z9XG9-4SY4L-9FM8V-95I19
 
Tool Versions:
Toolchain:       MDK-ARM Plus  Version: 5.24.1
Toolchain Path:  D:\software install\Keil\ARM\ARMCC\Bin
C Compiler:      Armcc.exe V5.06 update 5 (build 528)
Assembler:       Armasm.exe V5.06 update 5 (build 528)
Linker/Locator:  ArmLink.exe V5.06 update 5 (build 528)
Library Manager: ArmAr.exe V5.06 update 5 (build 528)
Hex Converter:   FromElf.exe V5.06 update 5 (build 528)
CPU DLL:         SARMCM3.DLL V5.24.1
Dialog DLL:      DCM.DLL V1.16.0.0
Target DLL:      STLink\ST-LINKIII-KEIL_SWO.dll V3.0.1.0
Dialog DLL:      TCM.DLL V1.32.0.0
 
<h2>Project:</h2>
E:\XYJ\重要代码备份\北航大板ModBus代码\大板ModBus代码\MainBoard_Modbus RTD\Project\MainBoardTest\MDK-ARM\Project.uvprojx
Project File Date:  08/30/2017

<h2>Output:</h2>
*** Using Compiler 'V5.06 update 5 (build 528)', folder: 'D:\software install\Keil\ARM\ARMCC\Bin'
Rebuild target 'MainBoardForRTD'
compiling rtd.c...
compiling main.c...
compiling stm32f10x_it.c...
compiling delay.c...
compiling myiic.c...
compiling ADS1115.c...
compiling DAC8554.c...
compiling Globle.c...
compiling Dio.c...
compiling Pwm.c...
compiling MuxCfg.c...
compiling stm32f10x_rcc.c...
compiling misc.c...
compiling stm32f10x_gpio.c...
compiling stm32f10x_exti.c...
compiling stm32f10x_spi.c...
compiling stm32f10x_fsmc.c...
compiling stm32f10x_usart.c...
compiling stm32f10x_sdio.c...
compiling stm32f10x_dma.c...
compiling stm32f10x_i2c.c...
compiling core_cm3.c...
compiling stm32f10x_tim.c...
compiling system_stm32f10x.c...
compiling stm32_eval.c...
assembling startup_stm32f10x_hd.s...
compiling stm3210e_eval_lcd.c...
linking...
Program Size: Code=10260 RO-data=572 RW-data=100 ZI-data=2020  
FromELF: creating hex file...
".\MainBoard.axf" - 0 Error(s), 0 Warning(s).

<h2>Software Packages used:</h2>

Package Vendor: ARM
                http://www.keil.com/pack/ARM.CMSIS.5.1.0.pack
                ARM.CMSIS.5.1.0
                CMSIS (Cortex Microcontroller Software Interface Standard)
   * Component: CORE Version: 5.0.2

Package Vendor: Keil
                http://www.keil.com/pack/Keil.STM32F1xx_DFP.2.2.0.pack
                Keil.STM32F1xx_DFP.2.2.0
                STMicroelectronics STM32F1 Series Device Support, Drivers and Examples

<h2>Collection of Component include folders:</h2>
  .\RTE\_MainBoardForRTD
  D:\software install\Keil\ARM\CMSIS\5.1.0\CMSIS\Include
  D:\software install\Keil\Keil\STM32F1xx_DFP\2.2.0\Device\Include

<h2>Collection of Component Files used:</h2>

   * Component: ARM::CMSIS:CORE:5.0.2
Build Time Elapsed:  00:00:08
</pre>
</body>
</html>
