<html>
<body>
<pre>
<h1>礦ision Build Log</h1>
<h2>Tool Versions:</h2>
IDE-Version: μVision V5.14.0.0
Copyright (C) 2015 ARM Ltd and ARM Germany GmbH. All rights reserved.
License Information: chen song, song, LIC=MGX56-D6DG0-GN0A5-G7RRG-FE8B2-EBHL1
 
Tool Versions:
Toolchain:       MDK-ARM Professional  Version: 5.14.0.0
Toolchain Path:  D:\Keil_v5\ARM\ARMCC\Bin
C Compiler:      Armcc.exe V5.05 update 1 (build 106)
Assembler:       Armasm.exe V5.05 update 1 (build 106)
Linker/Locator:  ArmLink.exe V5.05 update 1 (build 106)
Library Manager: ArmAr.exe V5.05 update 1 (build 106)
Hex Converter:   FromElf.exe V5.05 update 1 (build 106)
CPU DLL:         SARMCM3.DLL V5.14.0.0
Dialog DLL:      DCM.DLL V1.13.1.0
Target DLL:      STLink\ST-LINKIII-KEIL_SWO.dll V2.0.14.0_KEIL
Dialog DLL:      TCM.DLL V1.14.4.0
 
<h2>Project:</h2>
C:\Users\Administrator\Desktop\中板V4.0资料打包\测试代码\中板整板测试代码V4.0\STM32F10x_StdPeriph_Lib_V3.3.0\Project\MidBoardTest\MDK-ARM\Project.uvprojx
Project File Date:  12/24/2017

<h2>Output:</h2>
Build target 'MainBoardForRTD'
compiling stm32f10x_it.c...
compiling main.c...
compiling delay.c...
compiling myiic.c...
..\myiic.c(56): warning:  #61-D: integer operation result is out of range
        SDA_IN();      //SDA设置为输入  
..\myiic.c(56): warning:  #68-D: integer conversion resulted in a change of sign
        SDA_IN();      //SDA设置为输入  
..\myiic.c(121): warning:  #61-D: integer operation result is out of range
        SDA_IN();//SDA设置为输入
..\myiic.c(121): warning:  #68-D: integer conversion resulted in a change of sign
        SDA_IN();//SDA设置为输入
..\myiic.c: 4 warnings, 0 errors
compiling DAC8554.c...
compiling Globle.c...
compiling Dio.c...
compiling Pwm.c...
compiling MuxCfg.c...
compiling io_spi.c...
compiling W25Q16.c...
compiling AD.c...
compiling stm32f10x_rcc.c...
compiling stm32f10x_gpio.c...
compiling misc.c...
compiling stm32f10x_exti.c...
compiling stm32f10x_spi.c...
compiling stm32f10x_fsmc.c...
compiling stm32f10x_usart.c...
compiling stm32f10x_sdio.c...
compiling stm32f10x_dma.c...
compiling stm32f10x_i2c.c...
compiling stm32f10x_tim.c...
compiling stm32f10x_adc.c...
compiling core_cm3.c...
compiling system_stm32f10x.c...
compiling stm32_eval.c...
compiling stm3210e_eval_lcd.c...
assembling startup_stm32f10x_hd.s...
linking...
Program Size: Code=8956 RO-data=640 RW-data=72 ZI-data=2344  
FromELF: creating hex file...
".\MainBoard.axf" - 0 Error(s), 4 Warning(s).

<h2>Collection of Component include folders:</h2>
  C:\Users\Administrator\Desktop\中板V4.0资料打包\测试代码\中板整板测试代码V4.0\STM32F10x_StdPeriph_Lib_V3.3.0\Project\MidBoardTest\MDK-ARM\RTE
  D:\Keil_v5\ARM\PACK\Keil\STM32F1xx_DFP\2.1.0

<h2>Collection of Component Files used:</h2>
</pre>
</body>
</html>
