<html>
<body>
<pre>
<h1>µVision Build Log</h1>
<h2>Project:</h2>
D:\LDDSARMCODE\Mid_LDDS_SAC\Project\MidBoardTest\MDK-ARM\Project.uvproj
Project File Date:  02/28/2018

<h2>Output:</h2>
Build target 'MainBoardForRTD'
compiling runtimedata.c...
..\runtimedata.c(240): error:  #20: identifier "temppos" is undefined
..\runtimedata.c(250): error:  #20: identifier "boardRegisters" is undefined
..\runtimedata.c(250): error:  #31: expression must have integral type
Target not created
Build target 'MainBoardForRTD'
compiling runtimedata.c...
..\runtimedata.c(251): error:  #20: identifier "boardRegisters" is undefined
..\runtimedata.c(251): error:  #31: expression must have integral type
Target not created
Build target 'MainBoardForRTD'
compiling main.c...
compiling runtimedata.c...
..\runtimedata.c(251): error:  #20: identifier "boardRegisters" is undefined
..\runtimedata.c(251): error:  #31: expression must have integral type
Target not created
Build target 'MainBoardForRTD'
compiling runtimedata.c...
..\runtimedata.c(251): error:  #20: identifier "boardRegisters" is undefined
Target not created
Build target 'MainBoardForRTD'
compiling stm32f10x_it.c...
compiling main.c...
..\LDDS_demid.h(34): error:  #147: declaration is incompatible with "float boardRegisters[16]" (declared at line 174 of "..\Globle.h")
compiling myiic.c...
..\myiic.c(56): warning:  #61-D: integer operation result is out of range
..\myiic.c(56): warning:  #68-D: integer conversion resulted in a change of sign
..\myiic.c(121): warning:  #61-D: integer operation result is out of range
..\myiic.c(121): warning:  #68-D: integer conversion resulted in a change of sign
compiling Globle.c...
compiling Dio.c...
compiling W25Q16.c...
compiling AD.c...
compiling stm3210_config.c...
compiling protocol.c...
compiling runtimedata.c...
Target not created
Build target 'MainBoardForRTD'
compiling stm32f10x_it.c...
compiling main.c...
compiling myiic.c...
..\myiic.c(56): warning:  #61-D: integer operation result is out of range
..\myiic.c(56): warning:  #68-D: integer conversion resulted in a change of sign
..\myiic.c(121): warning:  #61-D: integer operation result is out of range
..\myiic.c(121): warning:  #68-D: integer conversion resulted in a change of sign
compiling Globle.c...
compiling Dio.c...
compiling W25Q16.c...
compiling AD.c...
compiling stm3210_config.c...
compiling protocol.c...
compiling runtimedata.c...
linking...
Program Size: Code=5400 RO-data=336 RW-data=32 ZI-data=1296  
FromELF: creating hex file...
"MainBoard.axf" - 0 Error(s), 4 Warning(s).
Build target 'MainBoardForRTD'
compiling main.c...
..\main.c(82): warning:  #223-D: function "lowbufCheck" declared implicitly
linking...
Program Size: Code=5572 RO-data=336 RW-data=48 ZI-data=1360  
FromELF: creating hex file...
"MainBoard.axf" - 0 Error(s), 1 Warning(s).
Build target 'MainBoardForRTD'
compiling stm32f10x_it.c...
compiling main.c...
compiling myiic.c...
..\myiic.c(56): warning:  #61-D: integer operation result is out of range
..\myiic.c(56): warning:  #68-D: integer conversion resulted in a change of sign
..\myiic.c(121): warning:  #61-D: integer operation result is out of range
..\myiic.c(121): warning:  #68-D: integer conversion resulted in a change of sign
compiling Globle.c...
compiling Dio.c...
compiling W25Q16.c...
compiling AD.c...
compiling stm3210_config.c...
compiling protocol.c...
compiling runtimedata.c...
linking...
Program Size: Code=5572 RO-data=336 RW-data=48 ZI-data=1360  
FromELF: creating hex file...
"MainBoard.axf" - 0 Error(s), 4 Warning(s).
Load "D:\\LDDSARMCODE\\Mid_LDDS_SAC\\Project\\MidBoardTest\\MDK-ARM\\MainBoard.AXF" 
Rebuild target 'MainBoardForRTD'
compiling stm32f10x_it.c...
compiling main.c...
compiling delay.c...
compiling myiic.c...
..\myiic.c(56): warning:  #61-D: integer operation result is out of range
..\myiic.c(56): warning:  #68-D: integer conversion resulted in a change of sign
..\myiic.c(121): warning:  #61-D: integer operation result is out of range
..\myiic.c(121): warning:  #68-D: integer conversion resulted in a change of sign
compiling DAC8554.c...
compiling Globle.c...
compiling Dio.c...
compiling Pwm.c...
compiling MuxCfg.c...
compiling io_spi.c...
compiling W25Q16.c...
compiling AD.c...
compiling stm3210_config.c...
compiling protocol.c...
compiling runtimedata.c...
compiling stm32f10x_rcc.c...
compiling stm32f10x_gpio.c...
compiling misc.c...
compiling stm32f10x_exti.c...
compiling stm32f10x_spi.c...
compiling stm32f10x_fsmc.c...
compiling stm32f10x_usart.c...
compiling stm32f10x_sdio.c...
compiling stm32f10x_dma.c...
compiling stm32f10x_i2c.c...
compiling stm32f10x_tim.c...
compiling stm32f10x_adc.c...
compiling core_cm3.c...
compiling system_stm32f10x.c...
compiling stm32_eval.c...
compiling stm3210e_eval_lcd.c...
assembling startup_stm32f10x_hd.s...
linking...
Program Size: Code=5568 RO-data=336 RW-data=48 ZI-data=1360  
FromELF: creating hex file...
"MainBoard.axf" - 0 Error(s), 4 Warning(s).
Load "D:\\LDDSARMCODE\\Mid_LDDS_SAC\\Project\\MidBoardTest\\MDK-ARM\\MainBoard.AXF" 
Rebuild target 'MainBoardForRTD'
compiling stm32f10x_it.c...
compiling main.c...
compiling delay.c...
compiling myiic.c...
..\myiic.c(56): warning:  #61-D: integer operation result is out of range
..\myiic.c(56): warning:  #68-D: integer conversion resulted in a change of sign
..\myiic.c(121): warning:  #61-D: integer operation result is out of range
..\myiic.c(121): warning:  #68-D: integer conversion resulted in a change of sign
compiling DAC8554.c...
compiling Globle.c...
compiling Dio.c...
compiling Pwm.c...
compiling MuxCfg.c...
compiling io_spi.c...
compiling W25Q16.c...
compiling AD.c...
compiling stm3210_config.c...
compiling protocol.c...
compiling runtimedata.c...
compiling stm32f10x_rcc.c...
compiling stm32f10x_gpio.c...
compiling misc.c...
compiling stm32f10x_exti.c...
compiling stm32f10x_spi.c...
compiling stm32f10x_fsmc.c...
compiling stm32f10x_usart.c...
compiling stm32f10x_sdio.c...
compiling stm32f10x_dma.c...
compiling stm32f10x_i2c.c...
compiling stm32f10x_tim.c...
compiling stm32f10x_adc.c...
compiling core_cm3.c...
compiling system_stm32f10x.c...
compiling stm32_eval.c...
compiling stm3210e_eval_lcd.c...
assembling startup_stm32f10x_hd.s...
linking...
Program Size: Code=5564 RO-data=336 RW-data=48 ZI-data=1360  
FromELF: creating hex file...
"MainBoard.axf" - 0 Error(s), 4 Warning(s).
Load "D:\\LDDSARMCODE\\Mid_LDDS_SAC\\Project\\MidBoardTest\\MDK-ARM\\MainBoard.AXF" 
Build target 'MainBoardForRTD'
compiling main.c...
compiling runtimedata.c...
linking...
Program Size: Code=5584 RO-data=336 RW-data=48 ZI-data=1360  
FromELF: creating hex file...
"MainBoard.axf" - 0 Error(s), 0 Warning(s).
Load "D:\\LDDSARMCODE\\Mid_LDDS_SAC\\Project\\MidBoardTest\\MDK-ARM\\MainBoard.AXF" 
Build target 'MainBoardForRTD'
compiling runtimedata.c...
linking...
Program Size: Code=5564 RO-data=336 RW-data=48 ZI-data=1360  
FromELF: creating hex file...
"MainBoard.axf" - 0 Error(s), 0 Warning(s).
