ARM Linker, 4.1 [Build 894] [Standard]

==============================================================================

Section Cross References

    main.o(.text) refers to stm32f10x_rcc.o(.text) for RCC_DeInit
    main.o(.text) refers to stm32f10_usart.o(.text) for Usart_Configuration
    main.o(.text) refers to stm32f10_gpio.o(.text) for port_Configuration
    main.o(.text) refers to analogin.o(.text) for analog_in_init
    main.o(.text) refers to stm32f10_dac.o(.text) for dac_init
    main.o(.text) refers to stm32f10_timer.o(.text) for Time_Configuration
    main.o(.text) refers to logic.o(.text) for deClever
    main.o(.text) refers to fflt_clz.o(x$fpl$ffltu) for __aeabi_ui2f
    main.o(.text) refers to fmul.o(x$fpl$fmul) for __aeabi_fmul
    main.o(.text) refers to faddsub_clz.o(x$fpl$fadd) for __aeabi_fadd
    main.o(.text) refers to fdiv.o(x$fpl$fdiv) for __aeabi_fdiv
    main.o(.text) refers to ffixu.o(x$fpl$ffixu) for __aeabi_f2uiz
    main.o(.text) refers to faddsub_clz.o(x$fpl$fsub) for __aeabi_fsub
    main.o(.text) refers to main.o(.data) for panelControl
    main.o(.text) refers to main.o(.bss) for analogOut
    main.o(.text) refers to stm32f10x_usart.o(.text) for USART_SendData
    stm32f10_dac.o(.text) refers to stm32f10x_gpio.o(.text) for GPIO_ResetBits
    stm32f10_dac.o(.text) refers to stm32f10x_rcc.o(.text) for RCC_APB2PeriphClockCmd
    stm32f10_dac.o(.text) refers to fdiv.o(x$fpl$fdiv) for __aeabi_fdiv
    stm32f10_dac.o(.text) refers to f2d.o(x$fpl$f2d) for __aeabi_f2d
    stm32f10_dac.o(.text) refers to dmul.o(x$fpl$dmul) for __aeabi_dmul
    stm32f10_dac.o(.text) refers to d2f.o(x$fpl$d2f) for __aeabi_d2f
    stm32f10_dac.o(.text) refers to fmul.o(x$fpl$fmul) for __aeabi_fmul
    stm32f10_dac.o(.text) refers to ffixu.o(x$fpl$ffixu) for __aeabi_f2uiz
    stm32f10_dac.o(.text) refers to stm32f10_dac.o(.bss) for dac_out
    stm32f10_gpio.o(.text) refers to stm32f10x_rcc.o(.text) for RCC_APB2PeriphClockCmd
    stm32f10_gpio.o(.text) refers to stm32f10x_gpio.o(.text) for GPIO_Init
    stm32f10_timer.o(.text) refers to stm32f10x_rcc.o(.text) for RCC_APB2PeriphClockCmd
    stm32f10_timer.o(.text) refers to stm32f10x_tim.o(.text) for TIM_DeInit
    stm32f10_usart.o(.text) refers to stm32f10x_rcc.o(.text) for RCC_APB2PeriphClockCmd
    stm32f10_usart.o(.text) refers to stm32f10x_gpio.o(.text) for GPIO_PinRemapConfig
    stm32f10_usart.o(.text) refers to misc.o(.text) for NVIC_SetVectorTable
    stm32f10_usart.o(.text) refers to stm32f10_timer.o(.text) for delay_ms
    stm32f10_usart.o(.text) refers to stm32f10x_usart.o(.text) for USART_DeInit
    stm32f10x_it.o(.text) refers to stm32f10x_tim.o(.text) for TIM_GetITStatus
    stm32f10x_it.o(.text) refers to stm32f10x_usart.o(.text) for USART_ClearFlag
    stm32f10x_it.o(.text) refers to main.o(.text) for dataProcess
    stm32f10x_it.o(.text) refers to stm32f10_timer.o(.text) for delay_us
    stm32f10x_it.o(.text) refers to stm32f10x_it.o(.data) for nCount
    stm32f10x_it.o(.text) refers to stm32f10x_it.o(.bss) for usart1_buff
    stm32f10x_it.o(.text) refers to main.o(.data) for TX9
    stm32f10x_it.o(.text) refers to main.o(.constdata) for address1
    stm32f10x_it.o(.text) refers to main.o(.bss) for dataCbuff
    stm32f10x_it.o(.text) refers to stm32f10_usart.o(.text) for Uart_Tx
    analogin.o(.text) refers to stm32f10x_rcc.o(.text) for RCC_APB2PeriphClockCmd
    analogin.o(.text) refers to stm32f10x_gpio.o(.text) for GPIO_Init
    analogin.o(.text) refers to f2d.o(x$fpl$f2d) for __aeabi_f2d
    analogin.o(.text) refers to fflt_clz.o(x$fpl$ffltu) for __aeabi_ui2f
    analogin.o(.text) refers to ddiv.o(x$fpl$ddiv) for __aeabi_ddiv
    analogin.o(.text) refers to dmul.o(x$fpl$dmul) for __aeabi_dmul
    analogin.o(.text) refers to d2f.o(x$fpl$d2f) for __aeabi_d2f
    analogin.o(.text) refers to analogin.o(.bss) for adc_buffer
    analogin.o(.text) refers to fflt_clz.o(x$fpl$fflt) for __aeabi_i2f
    analogin.o(.text) refers to fdiv.o(x$fpl$fdiv) for __aeabi_fdiv
    analogin.o(.text) refers to analogin.o(.constdata) for cmd
    logic.o(.text) refers to frleqf.o(x$fpl$frleqf) for __aeabi_cfrcmple
    logic.o(.text) refers to fleqf.o(x$fpl$fleqf) for __aeabi_cfcmple
    logic.o(.text) refers to stm32f10_gpio.o(.text) for DPortOut
    logic.o(.text) refers to feqf.o(x$fpl$feqf) for __aeabi_cfcmpeq
    logic.o(.text) refers to stm32f10_dac.o(.text) for APortOut
    logic.o(.text) refers to stm32f10_timer.o(.text) for delay_s
    logic.o(.text) refers to logic.o(.data) for de_Liq
    logic.o(.text) refers to main.o(.data) for WS_Level
    stm32f10x_gpio.o(.text) refers to stm32f10x_rcc.o(.text) for RCC_APB2PeriphResetCmd
    stm32f10x_rcc.o(.text) refers to stm32f10x_rcc.o(.data) for APBAHBPrescTable
    stm32f10x_usart.o(.text) refers to stm32f10x_rcc.o(.text) for RCC_APB2PeriphResetCmd
    stm32f10x_tim.o(.text) refers to stm32f10x_rcc.o(.text) for RCC_APB2PeriphResetCmd
[...]
    rtexit.o(.ARM.Collect$$rtexit$$00000000) refers (Special) to rtexit2.o(.ARM.Collect$$rtexit$$00000003) for __rt_exit_ls
    rtexit.o(.ARM.Collect$$rtexit$$00000000) refers (Special) to rtexit2.o(.ARM.Collect$$rtexit$$00000002) for __rt_exit_prels_1
    rtexit.o(.ARM.exidx) refers (Special) to rtexit2.o(.ARM.Collect$$rtexit$$00000004) for __rt_exit_exit
    rtexit.o(.ARM.exidx) refers (Special) to rtexit2.o(.ARM.Collect$$rtexit$$00000003) for __rt_exit_ls
    rtexit.o(.ARM.exidx) refers (Special) to rtexit2.o(.ARM.Collect$$rtexit$$00000002) for __rt_exit_prels_1
    rtexit.o(.ARM.exidx) refers to rtexit.o(.ARM.Collect$$rtexit$$00000000) for .ARM.Collect$$rtexit$$00000000
    libinit2.o(.ARM.Collect$$libinit$$0000000C) refers to libinit2.o(.ARM.Collect$$libinit$$0000000B) for .ARM.Collect$$libinit$$0000000B
    libinit2.o(.ARM.Collect$$libinit$$0000000E) refers to libinit2.o(.ARM.Collect$$libinit$$0000000B) for .ARM.Collect$$libinit$$0000000B
    libinit2.o(.ARM.Collect$$libinit$$00000010) refers to libinit2.o(.ARM.Collect$$libinit$$0000000B) for .ARM.Collect$$libinit$$0000000B
    libinit2.o(.ARM.Collect$$libinit$$00000012) refers to libinit2.o(.ARM.Collect$$libinit$$0000000B) for .ARM.Collect$$libinit$$0000000B
    libinit2.o(.ARM.Collect$$libinit$$00000014) refers to libinit2.o(.ARM.Collect$$libinit$$0000000B) for .ARM.Collect$$libinit$$0000000B
    libinit2.o(.ARM.Collect$$libinit$$00000022) refers to argv_veneer.o(.emb_text) for __ARM_argv_veneer
    libinit2.o(.ARM.Collect$$libinit$$00000023) refers to argv_veneer.o(.emb_text) for __ARM_argv_veneer
    fpinit.o(x$fpl$fpinit) refers to rt_fp_status_addr_intlibspace.o(.text) for __rt_fp_status_addr
    rtexit2.o(.ARM.Collect$$rtexit$$00000003) refers to libshutdown.o(.ARM.Collect$$libshutdown$$00000000) for __rt_lib_shutdown
    rtexit2.o(.ARM.Collect$$rtexit$$00000004) refers to sys_exit.o(.text) for _sys_exit
    rtexit2.o(.ARM.exidx) refers to rtexit2.o(.ARM.Collect$$rtexit$$00000001) for .ARM.Collect$$rtexit$$00000001
    rtexit2.o(.ARM.exidx) refers to rtexit2.o(.ARM.Collect$$rtexit$$00000003) for .ARM.Collect$$rtexit$$00000003
    rtexit2.o(.ARM.exidx) refers to rtexit2.o(.ARM.Collect$$rtexit$$00000004) for .ARM.Collect$$rtexit$$00000004
    rt_fp_status_addr.o(.text) refers to rt_fp_status_addr.o(.bss) for __rt_fp_status_addr_data
    rt_fp_status_addr_intlibspace.o(.text) refers to libspace.o(.bss) for __libspace_start
    argv_veneer.o(.emb_text) refers to no_argv.o(.text) for __ARM_get_argv
    sys_exit.o(.text) refers (Special) to use_no_semi.o(.text) for __I$use$semihosting
    sys_exit.o(.text) refers (Special) to indicate_semi.o(.text) for __semihosting_library_function
    _get_argv_nomalloc.o(.text) refers (Special) to hrguard.o(.text) for __heap_region$guard
    _get_argv_nomalloc.o(.text) refers to defsig_rtmem_outer.o(.text) for __rt_SIGRTMEM
    _get_argv_nomalloc.o(.text) refers to sys_command.o(.text) for _sys_command_string
    libshutdown.o(.ARM.Collect$$libshutdown$$00000000) refers (Special) to libshutdown2.o(.ARM.Collect$$libshutdown$$00000006) for __rt_lib_shutdown_fp_trap_1
    libshutdown.o(.ARM.Collect$$libshutdown$$00000000) refers (Special) to libshutdown2.o(.ARM.Collect$$libshutdown$$0000000E) for __rt_lib_shutdown_heap_1
    libshutdown.o(.ARM.Collect$$libshutdown$$00000000) refers (Special) to libshutdown2.o(.ARM.Collect$$libshutdown$$0000000F) for __rt_lib_shutdown_return
    libshutdown.o(.ARM.Collect$$libshutdown$$00000000) refers (Special) to libshutdown2.o(.ARM.Collect$$libshutdown$$00000009) for __rt_lib_shutdown_signal_1
    libshutdown.o(.ARM.Collect$$libshutdown$$00000000) refers (Special) to libshutdown2.o(.ARM.Collect$$libshutdown$$00000003) for __rt_lib_shutdown_stdio_1
    libshutdown.o(.ARM.Collect$$libshutdown$$00000000) refers (Special) to libshutdown2.o(.ARM.Collect$$libshutdown$$0000000B) for __rt_lib_shutdown_user_alloc_1
    sys_command.o(.text) refers (Special) to use_no_semi.o(.text) for __I$use$semihosting
    sys_command.o(.text) refers (Special) to indicate_semi.o(.text) for __semihosting_library_function
    defsig_rtmem_outer.o(.text) refers to defsig_rtmem_inner.o(.text) for __rt_SIGRTMEM_inner
    defsig_rtmem_outer.o(.text) refers to defsig_exit.o(.text) for __sig_exit
    defsig_rtmem_formal.o(.text) refers to rt_raise.o(.text) for __rt_raise
    rt_raise.o(.text) refers to __raise.o(.text) for __raise
    rt_raise.o(.text) refers to sys_exit.o(.text) for _sys_exit
    defsig_exit.o(.text) refers to sys_exit.o(.text) for _sys_exit
    defsig_rtmem_inner.o(.text) refers to defsig_general.o(.text) for __default_signal_display
    __raise.o(.text) refers to defsig.o(CL$$defsig) for __default_signal_handler
    defsig_general.o(.text) refers to sys_wrch.o(.text) for _ttywrch
    sys_wrch.o(.text) refers (Special) to use_no_semi.o(.text) for __I$use$semihosting
    sys_wrch.o(.text) refers (Special) to indicate_semi.o(.text) for __semihosting_library_function
    defsig.o(CL$$defsig) refers to defsig_rtmem_inner.o(.text) for __rt_SIGRTMEM_inner
    defsig_abrt_inner.o(.text) refers to defsig_general.o(.text) for __default_signal_display
    defsig_fpe_inner.o(.text) refers to defsig_general.o(.text) for __default_signal_display
    defsig_rtred_inner.o(.text) refers to defsig_general.o(.text) for __default_signal_display
    defsig_stak_inner.o(.text) refers to defsig_general.o(.text) for __default_signal_display
    defsig_pvfn_inner.o(.text) refers to defsig_general.o(.text) for __default_signal_display
    defsig_cppl_inner.o(.text) refers to defsig_general.o(.text) for __default_signal_display
    defsig_segv_inner.o(.text) refers to defsig_general.o(.text) for __default_signal_display
    defsig_other.o(.text) refers to defsig_general.o(.text) for __default_signal_display


==============================================================================

Removing Unused input sections from the image.

    Removing core_cm3.o(.emb_text), (32 bytes).

1 unused section(s) (total 32 bytes) removed from the image.

==============================================================================

Image Symbol Table

    Local Symbols

    Symbol Name                              Value     Ov Type        Size  Object(Section)

    ../../angel/boardlib.s                   0x00000000   Number         0  boardshut.o ABSOLUTE
    ../../angel/boardlib.s                   0x00000000   Number         0  boardinit3.o ABSOLUTE
    ../../angel/boardlib.s                   0x00000000   Number         0  boardinit2.o ABSOLUTE
    ../../angel/boardlib.s                   0x00000000   Number         0  boardinit1.o ABSOLUTE
    ../../angel/dczerorl2.s                  0x00000000   Number         0  __dczerorl2.o ABSOLUTE
    ../../angel/handlers.s                   0x00000000   Number         0  __scatter_zi.o ABSOLUTE
    ../../angel/kernel.s                     0x00000000   Number         0  rtentry.o ABSOLUTE
    ../../angel/kernel.s                     0x00000000   Number         0  rtexit2.o ABSOLUTE
    ../../angel/kernel.s                     0x00000000   Number         0  rtentry4.o ABSOLUTE
    ../../angel/kernel.s                     0x00000000   Number         0  rtexit.o ABSOLUTE
    ../../angel/kernel.s                     0x00000000   Number         0  rtentry2.o ABSOLUTE
    ../../angel/rt.s                         0x00000000   Number         0  rt_raise.o ABSOLUTE
    ../../angel/rt.s                         0x00000000   Number         0  rt_fp_status_addr.o ABSOLUTE
    ../../angel/rt.s                         0x00000000   Number         0  rt_fp_status_addr_intlibspace.o ABSOLUTE
    ../../angel/scatter.s                    0x00000000   Number         0  __scatter.o ABSOLUTE
    ../../angel/startup.s                    0x00000000   Number         0  __main.o ABSOLUTE
    ../../angel/sys.s                        0x00000000   Number         0  sys_stackheap_outer.o ABSOLUTE
    ../../angel/sys.s                        0x00000000   Number         0  indicate_semi.o ABSOLUTE
    ../../angel/sys.s                        0x00000000   Number         0  use_no_semi.o ABSOLUTE
    ../../angel/sys.s                        0x00000000   Number         0  libspace.o ABSOLUTE
    ../../angel/sysapp.c                     0x00000000   Number         0  sys_wrch.o ABSOLUTE
    ../../angel/sysapp.c                     0x00000000   Number         0  sys_command.o ABSOLUTE
    ../../angel/sysapp.c                     0x00000000   Number         0  sys_exit.o ABSOLUTE
    ../../armsys.c                           0x00000000   Number         0  _get_argv_nomalloc.o ABSOLUTE
    ../../armsys.c                           0x00000000   Number         0  no_argv.o ABSOLUTE
    ../../armsys.c                           0x00000000   Number         0  argv_veneer.o ABSOLUTE
    ../../armsys.c                           0x00000000   Number         0  argv_veneer.o ABSOLUTE
    ../../d2f.s                              0x00000000   Number         0  d2f.o ABSOLUTE
    ../../ddiv.s                             0x00000000   Number         0  ddiv.o ABSOLUTE
    ../../dmul.s                             0x00000000   Number         0  dmul.o ABSOLUTE
    ../../dnaninf.s                          0x00000000   Number         0  dnaninf.o ABSOLUTE
    ../../dretinf.s                          0x00000000   Number         0  dretinf.o ABSOLUTE
    ../../f2d.s                              0x00000000   Number         0  f2d.o ABSOLUTE
    ../../faddsub.s                          0x00000000   Number         0  faddsub_clz.o ABSOLUTE
    ../../fcmpi.s                            0x00000000   Number         0  fcmpi.o ABSOLUTE
    ../../fdiv.s                             0x00000000   Number         0  fdiv.o ABSOLUTE
    ../../feqf.s                             0x00000000   Number         0  feqf.o ABSOLUTE
    ../../ffixu.s                            0x00000000   Number         0  ffixu.o ABSOLUTE
    ../../fflt.s                             0x00000000   Number         0  fflt_clz.o ABSOLUTE
    ../../fleqf.s                            0x00000000   Number         0  fleqf.o ABSOLUTE
    ../../fmul.s                             0x00000000   Number         0  fmul.o ABSOLUTE
    ../../fnaninf.s                          0x00000000   Number         0  fnaninf.o ABSOLUTE
    ../../fpinit.s                           0x00000000   Number         0  fpinit.o ABSOLUTE
    ../../fretinf.s                          0x00000000   Number         0  fretinf.o ABSOLUTE
    ../../frleqf.s                           0x00000000   Number         0  frleqf.o ABSOLUTE
    ../../heapalloc.c                        0x00000000   Number         0  hrguard.o ABSOLUTE
    ../../heapaux.c                          0x00000000   Number         0  heapauxi.o ABSOLUTE
    ../../libinit.s                          0x00000000   Number         0  libinit2.o ABSOLUTE
    ../../libinit.s                          0x00000000   Number         0  libinit.o ABSOLUTE
    ../../libinit.s                          0x00000000   Number         0  libshutdown.o ABSOLUTE
    ../../libinit.s                          0x00000000   Number         0  libshutdown2.o ABSOLUTE
    ../../signal.c                           0x00000000   Number         0  __raise.o ABSOLUTE
    ../../signal.c                           0x00000000   Number         0  defsig_rtmem_inner.o ABSOLUTE
    ../../signal.c                           0x00000000   Number         0  defsig_exit.o ABSOLUTE
    ../../signal.c                           0x00000000   Number         0  defsig_rtmem_formal.o ABSOLUTE
    ../../signal.c                           0x00000000   Number         0  defsig_rtmem_outer.o ABSOLUTE
    ../../signal.c                           0x00000000   Number         0  defsig_other.o ABSOLUTE
    ../../signal.c                           0x00000000   Number         0  defsig_segv_inner.o ABSOLUTE
    ../../signal.c                           0x00000000   Number         0  defsig_cppl_inner.o ABSOLUTE
    ../../signal.c                           0x00000000   Number         0  defsig_pvfn_inner.o ABSOLUTE
    ../../signal.c                           0x00000000   Number         0  defsig_fpe_inner.o ABSOLUTE
    ../../signal.c                           0x00000000   Number         0  defsig_stak_inner.o ABSOLUTE
    ../../signal.c                           0x00000000   Number         0  defsig_rtred_inner.o ABSOLUTE
    ../../signal.c                           0x00000000   Number         0  defsig_abrt_inner.o ABSOLUTE
    ../../signal.c                           0x00000000   Number         0  defsig_general.o ABSOLUTE
    ../../signal.s                           0x00000000   Number         0  defsig.o ABSOLUTE
    ../../stdlib.c                           0x00000000   Number         0  exit.o ABSOLUTE
    ../../usenofp.s                          0x00000000   Number         0  usenofp.o ABSOLUTE
    ..\CM3\CoreSupport\core_cm3.c            0x00000000   Number         0  core_cm3.o ABSOLUTE
    ..\CM3\DeviceSupport\ST\STM32F10x\system_stm32f10x.c 0x00000000   Number         0  system_stm32f10x.o ABSOLUTE
    ..\Libraries\src\misc.c                  0x00000000   Number         0  misc.o ABSOLUTE
    ..\Libraries\src\stm32f10x_gpio.c        0x00000000   Number         0  stm32f10x_gpio.o ABSOLUTE
    ..\Libraries\src\stm32f10x_rcc.c         0x00000000   Number         0  stm32f10x_rcc.o ABSOLUTE
    ..\Libraries\src\stm32f10x_tim.c         0x00000000   Number         0  stm32f10x_tim.o ABSOLUTE
    ..\Libraries\src\stm32f10x_usart.c       0x00000000   Number         0  stm32f10x_usart.o ABSOLUTE
    ..\USER\analogin.c                       0x00000000   Number         0  analogin.o ABSOLUTE
    ..\USER\logic.c                          0x00000000   Number         0  logic.o ABSOLUTE
    ..\USER\main.c                           0x00000000   Number         0  main.o ABSOLUTE
    ..\USER\stm32f10_dac.c                   0x00000000   Number         0  stm32f10_dac.o ABSOLUTE
    ..\USER\stm32f10_gpio.c                  0x00000000   Number         0  stm32f10_gpio.o ABSOLUTE
    ..\USER\stm32f10_timer.c                 0x00000000   Number         0  stm32f10_timer.o ABSOLUTE
    ..\USER\stm32f10_usart.c                 0x00000000   Number         0  stm32f10_usart.o ABSOLUTE
    ..\USER\stm32f10x_it.c                   0x00000000   Number         0  stm32f10x_it.o ABSOLUTE
    ..\\CM3\\CoreSupport\\core_cm3.c         0x00000000   Number         0  core_cm3.o ABSOLUTE
    ..\startup\startup_stm32f10x_hd.s        0x00000000   Number         0  startup_stm32f10x_hd.o ABSOLUTE
    dc.s                                     0x00000000   Number         0  dc.o ABSOLUTE
    RESET                                    0x08000000   Section      304  startup_stm32f10x_hd.o(RESET)
    !!!main                                  0x08000130   Section        8  __main.o(!!!main)
    !!!scatter                               0x08000138   Section       52  __scatter.o(!!!scatter)
    !!dczerorl2                              0x0800016c   Section       90  __dczerorl2.o(!!dczerorl2)
    !!handler_zi                             0x080001c8   Section       28  __scatter_zi.o(!!handler_zi)
    .ARM.Collect$$libinit$$00000000          0x080001e4   Section        6  libinit.o(.ARM.Collect$$libinit$$00000000)
    .ARM.Collect$$libinit$$00000006          0x080001ea   Section        0  libinit2.o(.ARM.Collect$$libinit$$00000006)
    .ARM.Collect$$libinit$$00000008          0x080001ea   Section        0  libinit2.o(.ARM.Collect$$libinit$$00000008)
    .ARM.Collect$$libinit$$0000000A          0x080001ea   Section        0  libinit2.o(.ARM.Collect$$libinit$$0000000A)
    .ARM.Collect$$libinit$$0000000D          0x080001ea   Section        0  libinit2.o(.ARM.Collect$$libinit$$0000000D)
    .ARM.Collect$$libinit$$0000000F          0x080001ea   Section        0  libinit2.o(.ARM.Collect$$libinit$$0000000F)
    .ARM.Collect$$libinit$$00000011          0x080001ea   Section        0  libinit2.o(.ARM.Collect$$libinit$$00000011)
    .ARM.Collect$$libinit$$00000013          0x080001ea   Section        0  libinit2.o(.ARM.Collect$$libinit$$00000013)
    .ARM.Collect$$libinit$$00000015          0x080001ea   Section        0  libinit2.o(.ARM.Collect$$libinit$$00000015)
    .ARM.Collect$$libinit$$00000017          0x080001ea   Section        0  libinit2.o(.ARM.Collect$$libinit$$00000017)
    .ARM.Collect$$libinit$$00000019          0x080001ea   Section        0  libinit2.o(.ARM.Collect$$libinit$$00000019)
    .ARM.Collect$$libinit$$0000001B          0x080001ea   Section        0  libinit2.o(.ARM.Collect$$libinit$$0000001B)
    .ARM.Collect$$libinit$$0000001D          0x080001ea   Section        0  libinit2.o(.ARM.Collect$$libinit$$0000001D)
    .ARM.Collect$$libinit$$0000001F          0x080001ea   Section        0  libinit2.o(.ARM.Collect$$libinit$$0000001F)
    .ARM.Collect$$libinit$$00000021          0x080001ea   Section        0  libinit2.o(.ARM.Collect$$libinit$$00000021)
    .ARM.Collect$$libinit$$00000028          0x080001ea   Section        0  libinit2.o(.ARM.Collect$$libinit$$00000028)
    .ARM.Collect$$libinit$$0000002A          0x080001ea   Section        0  libinit2.o(.ARM.Collect$$libinit$$0000002A)
    .ARM.Collect$$libinit$$0000002C          0x080001ea   Section        0  libinit2.o(.ARM.Collect$$libinit$$0000002C)
    .ARM.Collect$$libinit$$0000002E          0x080001ea   Section        0  libinit2.o(.ARM.Collect$$libinit$$0000002E)
    .ARM.Collect$$libinit$$0000002F          0x080001ea   Section        2  libinit2.o(.ARM.Collect$$libinit$$0000002F)
    .ARM.Collect$$libshutdown$$00000000      0x080001ec   Section        2  libshutdown.o(.ARM.Collect$$libshutdown$$00000000)
    .ARM.Collect$$libshutdown$$00000003      0x080001ee   Section        0  libshutdown2.o(.ARM.Collect$$libshutdown$$00000003)
    .ARM.Collect$$libshutdown$$00000006      0x080001ee   Section        0  libshutdown2.o(.ARM.Collect$$libshutdown$$00000006)
    .ARM.Collect$$libshutdown$$00000009      0x080001ee   Section        0  libshutdown2.o(.ARM.Collect$$libshutdown$$00000009)
    .ARM.Collect$$libshutdown$$0000000B      0x080001ee   Section        0  libshutdown2.o(.ARM.Collect$$libshutdown$$0000000B)
    .ARM.Collect$$libshutdown$$0000000E      0x080001ee   Section        0  libshutdown2.o(.ARM.Collect$$libshutdown$$0000000E)
    .ARM.Collect$$libshutdown$$0000000F      0x080001ee   Section        2  libshutdown2.o(.ARM.Collect$$libshutdown$$0000000F)
    .ARM.Collect$$rtentry$$00000000          0x080001f0   Section        0  rtentry.o(.ARM.Collect$$rtentry$$00000000)
    .ARM.Collect$$rtentry$$00000002          0x080001f0   Section        0  rtentry2.o(.ARM.Collect$$rtentry$$00000002)
    .ARM.Collect$$rtentry$$00000004          0x080001f0   Section        6  rtentry4.o(.ARM.Collect$$rtentry$$00000004)
    .ARM.Collect$$rtentry$$00000009          0x080001f6   Section        0  rtentry2.o(.ARM.Collect$$rtentry$$00000009)
    .ARM.Collect$$rtentry$$0000000A          0x080001f6   Section        4  rtentry2.o(.ARM.Collect$$rtentry$$0000000A)
    .ARM.Collect$$rtentry$$0000000C          0x080001fa   Section        0  rtentry2.o(.ARM.Collect$$rtentry$$0000000C)
    .ARM.Collect$$rtentry$$0000000D          0x080001fa   Section        8  rtentry2.o(.ARM.Collect$$rtentry$$0000000D)
    .ARM.Collect$$rtexit$$00000000           0x08000202   Section        2  rtexit.o(.ARM.Collect$$rtexit$$00000000)
    .ARM.Collect$$rtexit$$00000002           0x08000204   Section        0  rtexit2.o(.ARM.Collect$$rtexit$$00000002)
    .ARM.Collect$$rtexit$$00000003           0x08000204   Section        4  rtexit2.o(.ARM.Collect$$rtexit$$00000003)
    .ARM.Collect$$rtexit$$00000004           0x08000208   Section        6  rtexit2.o(.ARM.Collect$$rtexit$$00000004)
    .text                                    0x08000210   Section        0  main.o(.text)
    .text                                    0x080009bc   Section        0  stm32f10_dac.o(.text)
    .text                                    0x08000b90   Section        0  stm32f10_gpio.o(.text)
    .text                                    0x08000cd8   Section        0  stm32f10_timer.o(.text)
    .text                                    0x08000eb0   Section        0  stm32f10_usart.o(.text)
    .text                                    0x08001130   Section        0  stm32f10x_it.o(.text)
    .text                                    0x08001608   Section        0  analogin.o(.text)
    .text                                    0x08001da4   Section        0  logic.o(.text)
    .text                                    0x0800206c   Section        0  misc.o(.text)
    .text                                    0x08002148   Section        0  stm32f10x_gpio.o(.text)
    .text                                    0x080024a0   Section        0  stm32f10x_rcc.o(.text)
    .text                                    0x08002840   Section        0  stm32f10x_usart.o(.text)
    .text                                    0x08002c4c   Section        0  stm32f10x_tim.o(.text)
    TI4_Config                               0x080030d7   Thumb Code   118  stm32f10x_tim.o(.text)
    TI3_Config                               0x0800315f   Thumb Code   114  stm32f10x_tim.o(.text)
    TI2_Config                               0x080031e7   Thumb Code   118  stm32f10x_tim.o(.text)
    TI1_Config                               0x0800326f   Thumb Code   106  stm32f10x_tim.o(.text)
    .text                                    0x080039fc   Section        0  system_stm32f10x.o(.text)
    SetSysClockTo72                          0x080039fd   Thumb Code   192  system_stm32f10x.o(.text)
    SetSysClock                              0x08003abd   Thumb Code     8  system_stm32f10x.o(.text)
    .text                                    0x08003bc4   Section       64  startup_stm32f10x_hd.o(.text)
    .text                                    0x08003c04   Section        0  heapauxi.o(.text)
    .text                                    0x08003c0a   Section       74  sys_stackheap_outer.o(.text)
    .text                                    0x08003c54   Section        0  exit.o(.text)
    .text                                    0x08003c60   Section        8  libspace.o(.text)
    .text                                    0x08003c68   Section        8  rt_fp_status_addr_intlibspace.o(.text)
    .text                                    0x08003c70   Section        0  sys_exit.o(.text)
    .text                                    0x08003c7c   Section        2  use_no_semi.o(.text)
    .text                                    0x08003c7e   Section        0  indicate_semi.o(.text)
    x$fpl$d2f                                0x08003c80   Section       98  d2f.o(x$fpl$d2f)
    x$fpl$ddiv                               0x08003ce4   Section      688  ddiv.o(x$fpl$ddiv)
    ddiv_entry                               0x08003ceb   Thumb Code     0  ddiv.o(x$fpl$ddiv)
    x$fpl$dmul                               0x08003f94   Section      340  dmul.o(x$fpl$dmul)
    x$fpl$dnaninf                            0x080040e8   Section      156  dnaninf.o(x$fpl$dnaninf)
    x$fpl$dretinf                            0x08004184   Section       12  dretinf.o(x$fpl$dretinf)
    x$fpl$f2d                                0x08004190   Section       86  f2d.o(x$fpl$f2d)
    x$fpl$fadd                               0x080041e8   Section      196  faddsub_clz.o(x$fpl$fadd)
    _fadd1                                   0x080041f7   Thumb Code     0  faddsub_clz.o(x$fpl$fadd)
    x$fpl$fcmpinf                            0x080042ac   Section       24  fcmpi.o(x$fpl$fcmpinf)
    x$fpl$fdiv                               0x080042c4   Section      388  fdiv.o(x$fpl$fdiv)
    _fdiv1                                   0x080042c5   Thumb Code     0  fdiv.o(x$fpl$fdiv)
    x$fpl$feqf                               0x08004448   Section      104  feqf.o(x$fpl$feqf)
    x$fpl$ffixu                              0x080044b0   Section       62  ffixu.o(x$fpl$ffixu)
    x$fpl$fflt                               0x080044f0   Section       48  fflt_clz.o(x$fpl$fflt)
    x$fpl$ffltu                              0x08004520   Section       38  fflt_clz.o(x$fpl$ffltu)
    x$fpl$fleqf                              0x08004548   Section      104  fleqf.o(x$fpl$fleqf)
    x$fpl$fmul                               0x080045b0   Section      258  fmul.o(x$fpl$fmul)
    x$fpl$fnaninf                            0x080046b2   Section      140  fnaninf.o(x$fpl$fnaninf)
    x$fpl$fpinit                             0x0800473e   Section       14  fpinit.o(x$fpl$fpinit)
    x$fpl$fretinf                            0x0800474c   Section       10  fretinf.o(x$fpl$fretinf)
    x$fpl$frleqf                             0x08004756   Section       98  frleqf.o(x$fpl$frleqf)
    x$fpl$fsub                               0x080047b8   Section      234  faddsub_clz.o(x$fpl$fsub)
    _fsub1                                   0x080047c7   Thumb Code     0  faddsub_clz.o(x$fpl$fsub)
    .constdata                               0x080048a2   Section       12  main.o(.constdata)
    x$fpl$usenofp                            0x080048a2   Section        0  usenofp.o(x$fpl$usenofp)
    .constdata                               0x080048ae   Section       12  analogin.o(.constdata)
    .data                                    0x20000000   Section      625  main.o(.data)
    outlethumN                               0x20000058   Data          48  main.o(.data)
    outlethumO                               0x20000088   Data          48  main.o(.data)
    outletTemN                               0x200000b8   Data          48  main.o(.data)
    outletTemO                               0x200000e8   Data          48  main.o(.data)
    SetpointValueR                           0x20000118   Data          12  main.o(.data)
    SetpointValueL                           0x20000124   Data           8  main.o(.data)
    Datamarker                               0x20000268   Data           1  main.o(.data)
    .data                                    0x20000271   Section       12  stm32f10x_it.o(.data)
    timercnt                                 0x20000271   Data           1  stm32f10x_it.o(.data)
    .data                                    0x20000280   Section       20  logic.o(.data)
    .data                                    0x20000294   Section       20  stm32f10x_rcc.o(.data)
    APBAHBPrescTable                         0x20000294   Data          16  stm32f10x_rcc.o(.data)
    ADCPrescTable                            0x200002a4   Data           4  stm32f10x_rcc.o(.data)
    .data                                    0x200002a8   Section       20  system_stm32f10x.o(.data)
    .bss                                     0x200002bc   Section      290  main.o(.bss)
    .bss                                     0x200003de   Section       32  stm32f10_dac.o(.bss)
    .bss                                     0x200003fe   Section       77  stm32f10x_it.o(.bss)
    .bss                                     0x2000044b   Section       80  analogin.o(.bss)
    .bss                                     0x2000049c   Section       96  libspace.o(.bss)
    HEAP                                     0x20000500   Section      512  startup_stm32f10x_hd.o(HEAP)
    Heap_Mem                                 0x20000500   Data         512  startup_stm32f10x_hd.o(HEAP)
    STACK                                    0x20000700   Section     1024  startup_stm32f10x_hd.o(STACK)
    Stack_Mem                                0x20000700   Data        1024  startup_stm32f10x_hd.o(STACK)
    __initial_sp                             0x20000b00   Data           0  startup_stm32f10x_hd.o(STACK)

    Global Symbols

    Symbol Name                              Value     Ov Type        Size  Object(Section)

    BuildAttributes$$THM_ISAv4$P$D$K$B$S$PE$A:L22UL41UL21$X:L11$S22US41US21$IEEE1$IW$USESV6$~STKCKD$USESV7$~SHL$OSPACE$ROPI$EBA8$UX$STANDARDLIB$REQ8$PRES8$EABIv2 0x00000000   Number         0  anon$$obj.o ABSOLUTE
    __ARM_use_no_argv                        0x00000000   Number         0  main.o ABSOLUTE
    __ARM_exceptions_init                     - Undefined Weak Reference
    __alloca_initialize                       - Undefined Weak Reference
    __cpp_initialize__aeabi_                  - Undefined Weak Reference
    __cxa_finalize                            - Undefined Weak Reference
    __rt_locale                               - Undefined Weak Reference
    __sigvec_lookup                           - Undefined Weak Reference
    _atexit_init                              - Undefined Weak Reference
    _call_atexit_fns                          - Undefined Weak Reference
    _clock_init                               - Undefined Weak Reference
    _fp_trap_init                             - Undefined Weak Reference
    _fp_trap_shutdown                         - Undefined Weak Reference
    _get_lc_collate                           - Undefined Weak Reference
    _get_lc_ctype                             - Undefined Weak Reference
    _get_lc_monetary                          - Undefined Weak Reference
    _get_lc_numeric                           - Undefined Weak Reference
    _get_lc_time                              - Undefined Weak Reference
    _getenv_init                              - Undefined Weak Reference
    _handle_redirection                       - Undefined Weak Reference
    _init_alloc                               - Undefined Weak Reference
    _init_user_alloc                          - Undefined Weak Reference
    _initio                                   - Undefined Weak Reference
    _rand_init                                - Undefined Weak Reference
    _signal_finish                            - Undefined Weak Reference
    _signal_init                              - Undefined Weak Reference
    _terminate_alloc                          - Undefined Weak Reference
    _terminate_user_alloc                     - Undefined Weak Reference
    _terminateio                              - Undefined Weak Reference
    __Vectors_Size                           0x00000130   Number         0  startup_stm32f10x_hd.o ABSOLUTE
    __Vectors                                0x08000000   Data           4  startup_stm32f10x_hd.o(RESET)
    __Vectors_End                            0x08000130   Data           0  startup_stm32f10x_hd.o(RESET)
    __main                                   0x08000131   Thumb Code     8  __main.o(!!!main)
    __scatterload                            0x08000139   Thumb Code     0  __scatter.o(!!!scatter)
    __scatterload_rt2                        0x08000139   Thumb Code    44  __scatter.o(!!!scatter)
    __scatterload_rt2_thumb_only             0x08000139   Thumb Code     0  __scatter.o(!!!scatter)
    __scatterload_null                       0x08000147   Thumb Code     0  __scatter.o(!!!scatter)
    __decompress                             0x0800016d   Thumb Code    90  __dczerorl2.o(!!dczerorl2)
    __decompress1                            0x0800016d   Thumb Code     0  __dczerorl2.o(!!dczerorl2)
    __scatterload_zeroinit                   0x080001c9   Thumb Code    28  __scatter_zi.o(!!handler_zi)
    __rt_lib_init                            0x080001e5   Thumb Code     0  libinit.o(.ARM.Collect$$libinit$$00000000)
    __rt_lib_init_alloca_1                   0x080001eb   Thumb Code     0  libinit2.o(.ARM.Collect$$libinit$$0000002A)
    __rt_lib_init_argv_1                     0x080001eb   Thumb Code     0  libinit2.o(.ARM.Collect$$libinit$$00000028)
    __rt_lib_init_atexit_1                   0x080001eb   Thumb Code     0  libinit2.o(.ARM.Collect$$libinit$$00000017)
    __rt_lib_init_clock_1                    0x080001eb   Thumb Code     0  libinit2.o(.ARM.Collect$$libinit$$0000001D)
    __rt_lib_init_cpp_1                      0x080001eb   Thumb Code     0  libinit2.o(.ARM.Collect$$libinit$$0000002E)
    __rt_lib_init_exceptions_1               0x080001eb   Thumb Code     0  libinit2.o(.ARM.Collect$$libinit$$0000002C)
    __rt_lib_init_fp_trap_1                  0x080001eb   Thumb Code     0  libinit2.o(.ARM.Collect$$libinit$$0000001B)
    __rt_lib_init_getenv_1                   0x080001eb   Thumb Code     0  libinit2.o(.ARM.Collect$$libinit$$0000001F)
    __rt_lib_init_heap_1                     0x080001eb   Thumb Code     0  libinit2.o(.ARM.Collect$$libinit$$00000006)
    __rt_lib_init_lc_collate_1               0x080001eb   Thumb Code     0  libinit2.o(.ARM.Collect$$libinit$$0000000D)
    __rt_lib_init_lc_ctype_1                 0x080001eb   Thumb Code     0  libinit2.o(.ARM.Collect$$libinit$$0000000F)
    __rt_lib_init_lc_monetary_1              0x080001eb   Thumb Code     0  libinit2.o(.ARM.Collect$$libinit$$00000011)
    __rt_lib_init_lc_numeric_1               0x080001eb   Thumb Code     0  libinit2.o(.ARM.Collect$$libinit$$00000013)
    __rt_lib_init_lc_time_1                  0x080001eb   Thumb Code     0  libinit2.o(.ARM.Collect$$libinit$$00000015)
    __rt_lib_init_rand_1                     0x080001eb   Thumb Code     0  libinit2.o(.ARM.Collect$$libinit$$0000000A)
    __rt_lib_init_return                     0x080001eb   Thumb Code     0  libinit2.o(.ARM.Collect$$libinit$$0000002F)
    __rt_lib_init_signal_1                   0x080001eb   Thumb Code     0  libinit2.o(.ARM.Collect$$libinit$$00000019)
    __rt_lib_init_stdio_1                    0x080001eb   Thumb Code     0  libinit2.o(.ARM.Collect$$libinit$$00000021)
    __rt_lib_init_user_alloc_1               0x080001eb   Thumb Code     0  libinit2.o(.ARM.Collect$$libinit$$00000008)
    __rt_lib_shutdown                        0x080001ed   Thumb Code     0  libshutdown.o(.ARM.Collect$$libshutdown$$00000000)
    __rt_lib_shutdown_fp_trap_1              0x080001ef   Thumb Code     0  libshutdown2.o(.ARM.Collect$$libshutdown$$00000006)
    __rt_lib_shutdown_heap_1                 0x080001ef   Thumb Code     0  libshutdown2.o(.ARM.Collect$$libshutdown$$0000000E)
    __rt_lib_shutdown_return                 0x080001ef   Thumb Code     0  libshutdown2.o(.ARM.Collect$$libshutdown$$0000000F)
    __rt_lib_shutdown_signal_1               0x080001ef   Thumb Code     0  libshutdown2.o(.ARM.Collect$$libshutdown$$00000009)
    __rt_lib_shutdown_stdio_1                0x080001ef   Thumb Code     0  libshutdown2.o(.ARM.Collect$$libshutdown$$00000003)
    __rt_lib_shutdown_user_alloc_1           0x080001ef   Thumb Code     0  libshutdown2.o(.ARM.Collect$$libshutdown$$0000000B)
    __rt_entry                               0x080001f1   Thumb Code     0  rtentry.o(.ARM.Collect$$rtentry$$00000000)
    __rt_entry_presh_1                       0x080001f1   Thumb Code     0  rtentry2.o(.ARM.Collect$$rtentry$$00000002)
    __rt_entry_sh                            0x080001f1   Thumb Code     0  rtentry4.o(.ARM.Collect$$rtentry$$00000004)
    __rt_entry_li                            0x080001f7   Thumb Code     0  rtentry2.o(.ARM.Collect$$rtentry$$0000000A)
    __rt_entry_postsh_1                      0x080001f7   Thumb Code     0  rtentry2.o(.ARM.Collect$$rtentry$$00000009)
    __rt_entry_main                          0x080001fb   Thumb Code     0  rtentry2.o(.ARM.Collect$$rtentry$$0000000D)
    __rt_entry_postli_1                      0x080001fb   Thumb Code     0  rtentry2.o(.ARM.Collect$$rtentry$$0000000C)
    __rt_exit                                0x08000203   Thumb Code     0  rtexit.o(.ARM.Collect$$rtexit$$00000000)
    __rt_exit_ls                             0x08000205   Thumb Code     0  rtexit2.o(.ARM.Collect$$rtexit$$00000003)
    __rt_exit_prels_1                        0x08000205   Thumb Code     0  rtexit2.o(.ARM.Collect$$rtexit$$00000002)
    __rt_exit_exit                           0x08000209   Thumb Code     0  rtexit2.o(.ARM.Collect$$rtexit$$00000004)
    CRC_check                                0x08000211   Thumb Code    40  main.o(.text)
    Digital_handle                           0x08000239   Thumb Code    42  main.o(.text)
    RCC_Configuration                        0x08000263   Thumb Code    88  main.o(.text)
    main                                     0x080002bb   Thumb Code   282  main.o(.text)
    dataResponseLocal                        0x080003d5   Thumb Code   316  main.o(.text)
    dataProcess                              0x08000511   Thumb Code  1126  main.o(.text)
    fputc                                    0x08000977   Thumb Code    32  main.o(.text)
    dac_read_write_byte                      0x080009bd   Thumb Code   110  stm32f10_dac.o(.text)
    dac_write                                0x08000a2b   Thumb Code    68  stm32f10_dac.o(.text)
    dac_init                                 0x08000a6f   Thumb Code   156  stm32f10_dac.o(.text)
    APortOut                                 0x08000b0b   Thumb Code    82  stm32f10_dac.o(.text)
    APortCOut                                0x08000b5d   Thumb Code    34  stm32f10_dac.o(.text)
    PORTRcc_Configuration                    0x08000b91   Thumb Code    12  stm32f10_gpio.o(.text)
    PORT_Configuration                       0x08000b9d   Thumb Code    60  stm32f10_gpio.o(.text)
    port_Configuration                       0x08000bd9   Thumb Code    12  stm32f10_gpio.o(.text)
    DPortOut                                 0x08000be5   Thumb Code    96  stm32f10_gpio.o(.text)
    DPortIn                                  0x08000c45   Thumb Code    86  stm32f10_gpio.o(.text)
    DPortCOut                                0x08000c9b   Thumb Code    26  stm32f10_gpio.o(.text)
    DPortCIn                                 0x08000cb5   Thumb Code    26  stm32f10_gpio.o(.text)
    TimeRcc_Configuration                    0x08000cd9   Thumb Code    36  stm32f10_timer.o(.text)
    Time_Configuration                       0x08000cfd   Thumb Code   232  stm32f10_timer.o(.text)
    Tim3ST                                   0x08000de5   Thumb Code    14  stm32f10_timer.o(.text)
    Tim3SP                                   0x08000df3   Thumb Code    14  stm32f10_timer.o(.text)
    Tim4ST                                   0x08000e01   Thumb Code    14  stm32f10_timer.o(.text)
    Tim4SP                                   0x08000e0f   Thumb Code    14  stm32f10_timer.o(.text)
    delay_us                                 0x08000e1d   Thumb Code    52  stm32f10_timer.o(.text)
    delay_ms                                 0x08000e51   Thumb Code    54  stm32f10_timer.o(.text)
    delay_s                                  0x08000e87   Thumb Code    30  stm32f10_timer.o(.text)
    UsartRcc_Configuration                   0x08000eb1   Thumb Code    44  stm32f10_usart.o(.text)
    NVIC_Configuration                       0x08000edd   Thumb Code   140  stm32f10_usart.o(.text)
    UsartGPIO_Configuration                  0x08000f69   Thumb Code   162  stm32f10_usart.o(.text)
    Usart_Rx                                 0x0800100b   Thumb Code    20  stm32f10_usart.o(.text)
    Usart_Tx                                 0x0800101f   Thumb Code    22  stm32f10_usart.o(.text)
    Uart_Rx                                  0x08001035   Thumb Code    18  stm32f10_usart.o(.text)
    Uart_Tx                                  0x08001047   Thumb Code    20  stm32f10_usart.o(.text)
    Usart_Configuration                      0x0800105b   Thumb Code   116  stm32f10_usart.o(.text)
    UsartST                                  0x080010cf   Thumb Code    20  stm32f10_usart.o(.text)
    UartST                                   0x080010e3   Thumb Code    20  stm32f10_usart.o(.text)
    UsartSP                                  0x080010f7   Thumb Code    20  stm32f10_usart.o(.text)
    UartSP                                   0x0800110b   Thumb Code    20  stm32f10_usart.o(.text)
    NMI_Handler                              0x08001131   Thumb Code     2  stm32f10x_it.o(.text)
    HardFault_Handler                        0x08001133   Thumb Code     4  stm32f10x_it.o(.text)
    MemManage_Handler                        0x08001137   Thumb Code     4  stm32f10x_it.o(.text)
    BusFault_Handler                         0x0800113b   Thumb Code     4  stm32f10x_it.o(.text)
    UsageFault_Handler                       0x0800113f   Thumb Code     4  stm32f10x_it.o(.text)
    SVC_Handler                              0x08001143   Thumb Code     2  stm32f10x_it.o(.text)
    DebugMon_Handler                         0x08001145   Thumb Code     2  stm32f10x_it.o(.text)
    PendSV_Handler                           0x08001147   Thumb Code     2  stm32f10x_it.o(.text)
    SysTick_Handler                          0x08001149   Thumb Code     2  stm32f10x_it.o(.text)
    TIM1_UP_IRQHandler                       0x0800114b   Thumb Code    80  stm32f10x_it.o(.text)
    TIM2_IRQHandler                          0x0800119b   Thumb Code    80  stm32f10x_it.o(.text)
    usart_senddata                           0x080011eb   Thumb Code    48  stm32f10x_it.o(.text)
    TIM3_IRQHandler                          0x0800121b   Thumb Code    38  stm32f10x_it.o(.text)
    USART1_IRQHandler                        0x08001241   Thumb Code   384  stm32f10x_it.o(.text)
    usart2_senddata                          0x080013c1   Thumb Code    56  stm32f10x_it.o(.text)
    usart2_senddata2                         0x080013f9   Thumb Code    60  stm32f10x_it.o(.text)
    USART2_IRQHandler                        0x08001435   Thumb Code   430  stm32f10x_it.o(.text)
    delay                                    0x08001609   Thumb Code    14  analogin.o(.text)
    delay_rtd                                0x08001617   Thumb Code    16  analogin.o(.text)
    analog_in_init                           0x08001627   Thumb Code   104  analogin.o(.text)
    rtd_init                                 0x0800168f   Thumb Code   136  analogin.o(.text)
    analog_in_read_write_byte                0x08001717   Thumb Code   110  analogin.o(.text)
    rtd_read_write_byte                      0x08001785   Thumb Code   108  analogin.o(.text)
    readSenor                                0x080017f1   Thumb Code  1150  analogin.o(.text)
    readTemp                                 0x08001c6f   Thumb Code   172  analogin.o(.text)
    APortCIn                                 0x08001d1b   Thumb Code    56  analogin.o(.text)
    APortIn                                  0x08001d53   Thumb Code    34  analogin.o(.text)
    deh_algorithm                            0x08001da5   Thumb Code     6  logic.o(.text)
    deh_level_alarm                          0x08001dab   Thumb Code    54  logic.o(.text)
    deh_transfer                             0x08001de1   Thumb Code   144  logic.o(.text)
    dehStart                                 0x08001e71   Thumb Code   268  logic.o(.text)
    dehStop                                  0x08001f7d   Thumb Code    56  logic.o(.text)
    deClever                                 0x08001fb5   Thumb Code    62  logic.o(.text)
    deDefault                                0x08001ff3   Thumb Code    26  logic.o(.text)
    getlevel                                 0x0800200d   Thumb Code    28  logic.o(.text)
    NVIC_PriorityGroupConfig                 0x0800206d   Thumb Code    10  misc.o(.text)
    NVIC_Init                                0x08002077   Thumb Code   102  misc.o(.text)
    NVIC_SetVectorTable                      0x080020dd   Thumb Code    14  misc.o(.text)
    NVIC_SystemLPConfig                      0x080020eb   Thumb Code    34  misc.o(.text)
    SysTick_CLKSourceConfig                  0x0800210d   Thumb Code    40  misc.o(.text)
    GPIO_DeInit                              0x08002149   Thumb Code   172  stm32f10x_gpio.o(.text)
    GPIO_AFIODeInit                          0x080021f5   Thumb Code    20  stm32f10x_gpio.o(.text)
    GPIO_Init                                0x08002209   Thumb Code   274  stm32f10x_gpio.o(.text)
    GPIO_StructInit                          0x0800231b   Thumb Code    16  stm32f10x_gpio.o(.text)
    GPIO_ReadInputDataBit                    0x0800232b   Thumb Code    18  stm32f10x_gpio.o(.text)
    GPIO_ReadInputData                       0x0800233d   Thumb Code     8  stm32f10x_gpio.o(.text)
    GPIO_ReadOutputDataBit                   0x08002345   Thumb Code    18  stm32f10x_gpio.o(.text)
    GPIO_ReadOutputData                      0x08002357   Thumb Code     8  stm32f10x_gpio.o(.text)
    GPIO_SetBits                             0x0800235f   Thumb Code     4  stm32f10x_gpio.o(.text)
    GPIO_ResetBits                           0x08002363   Thumb Code     4  stm32f10x_gpio.o(.text)
    GPIO_WriteBit                            0x08002367   Thumb Code    10  stm32f10x_gpio.o(.text)
    GPIO_Write                               0x08002371   Thumb Code     4  stm32f10x_gpio.o(.text)
    GPIO_PinLockConfig                       0x08002375   Thumb Code    18  stm32f10x_gpio.o(.text)
    GPIO_EventOutputConfig                   0x08002387   Thumb Code    26  stm32f10x_gpio.o(.text)
    GPIO_EventOutputCmd                      0x080023a1   Thumb Code     6  stm32f10x_gpio.o(.text)
    GPIO_PinRemapConfig                      0x080023a7   Thumb Code   138  stm32f10x_gpio.o(.text)
    GPIO_EXTILineConfig                      0x08002431   Thumb Code    66  stm32f10x_gpio.o(.text)
    GPIO_ETH_MediaInterfaceConfig            0x08002473   Thumb Code     6  stm32f10x_gpio.o(.text)
    RCC_DeInit                               0x080024a1   Thumb Code    64  stm32f10x_rcc.o(.text)
    RCC_HSEConfig                            0x080024e1   Thumb Code    70  stm32f10x_rcc.o(.text)
    RCC_GetFlagStatus                        0x08002527   Thumb Code    56  stm32f10x_rcc.o(.text)
    RCC_WaitForHSEStartUp                    0x0800255f   Thumb Code    48  stm32f10x_rcc.o(.text)
    RCC_AdjustHSICalibrationValue            0x0800258f   Thumb Code    20  stm32f10x_rcc.o(.text)
    RCC_HSICmd                               0x080025a3   Thumb Code     6  stm32f10x_rcc.o(.text)
    RCC_PLLConfig                            0x080025a9   Thumb Code    24  stm32f10x_rcc.o(.text)
    RCC_PLLCmd                               0x080025c1   Thumb Code     6  stm32f10x_rcc.o(.text)
    RCC_SYSCLKConfig                         0x080025c7   Thumb Code    18  stm32f10x_rcc.o(.text)
    RCC_GetSYSCLKSource                      0x080025d9   Thumb Code    10  stm32f10x_rcc.o(.text)
    RCC_HCLKConfig                           0x080025e3   Thumb Code    18  stm32f10x_rcc.o(.text)
    RCC_PCLK1Config                          0x080025f5   Thumb Code    18  stm32f10x_rcc.o(.text)
    RCC_PCLK2Config                          0x08002607   Thumb Code    20  stm32f10x_rcc.o(.text)
    RCC_ITConfig                             0x0800261b   Thumb Code    30  stm32f10x_rcc.o(.text)
    RCC_USBCLKConfig                         0x08002639   Thumb Code     6  stm32f10x_rcc.o(.text)
    RCC_ADCCLKConfig                         0x0800263f   Thumb Code    18  stm32f10x_rcc.o(.text)
    RCC_LSEConfig                            0x08002651   Thumb Code    44  stm32f10x_rcc.o(.text)
    RCC_LSICmd                               0x0800267d   Thumb Code     6  stm32f10x_rcc.o(.text)
    RCC_RTCCLKConfig                         0x08002683   Thumb Code    12  stm32f10x_rcc.o(.text)
    RCC_RTCCLKCmd                            0x0800268f   Thumb Code     8  stm32f10x_rcc.o(.text)
    RCC_GetClocksFreq                        0x08002697   Thumb Code   192  stm32f10x_rcc.o(.text)
    RCC_AHBPeriphClockCmd                    0x08002757   Thumb Code    26  stm32f10x_rcc.o(.text)
    RCC_APB2PeriphClockCmd                   0x08002771   Thumb Code    26  stm32f10x_rcc.o(.text)
    RCC_APB1PeriphClockCmd                   0x0800278b   Thumb Code    26  stm32f10x_rcc.o(.text)
    RCC_APB2PeriphResetCmd                   0x080027a5   Thumb Code    26  stm32f10x_rcc.o(.text)
    RCC_APB1PeriphResetCmd                   0x080027bf   Thumb Code    26  stm32f10x_rcc.o(.text)
    RCC_BackupResetCmd                       0x080027d9   Thumb Code     8  stm32f10x_rcc.o(.text)
    RCC_ClockSecuritySystemCmd               0x080027e1   Thumb Code     6  stm32f10x_rcc.o(.text)
    RCC_MCOConfig                            0x080027e7   Thumb Code     6  stm32f10x_rcc.o(.text)
    RCC_ClearFlag                            0x080027ed   Thumb Code    14  stm32f10x_rcc.o(.text)
    RCC_GetITStatus                          0x080027fb   Thumb Code    20  stm32f10x_rcc.o(.text)
    RCC_ClearITPendingBit                    0x0800280f   Thumb Code     6  stm32f10x_rcc.o(.text)
    USART_DeInit                             0x08002841   Thumb Code   134  stm32f10x_usart.o(.text)
    USART_Init                               0x080028c7   Thumb Code   210  stm32f10x_usart.o(.text)
    USART_StructInit                         0x08002999   Thumb Code    24  stm32f10x_usart.o(.text)
    USART_ClockInit                          0x080029b1   Thumb Code    34  stm32f10x_usart.o(.text)
    USART_ClockStructInit                    0x080029d3   Thumb Code    12  stm32f10x_usart.o(.text)
    USART_Cmd                                0x080029df   Thumb Code    24  stm32f10x_usart.o(.text)
    USART_ITConfig                           0x080029f7   Thumb Code    74  stm32f10x_usart.o(.text)
    USART_DMACmd                             0x08002a41   Thumb Code    24  stm32f10x_usart.o(.text)
    USART_SetAddress                         0x08002a59   Thumb Code    18  stm32f10x_usart.o(.text)
    USART_WakeUpConfig                       0x08002a6b   Thumb Code    18  stm32f10x_usart.o(.text)
    USART_ReceiverWakeUpCmd                  0x08002a7d   Thumb Code    24  stm32f10x_usart.o(.text)
    USART_LINBreakDetectLengthConfig         0x08002a95   Thumb Code    18  stm32f10x_usart.o(.text)
    USART_LINCmd                             0x08002aa7   Thumb Code    24  stm32f10x_usart.o(.text)
    USART_SendData                           0x08002abf   Thumb Code     8  stm32f10x_usart.o(.text)
    USART_ReceiveData                        0x08002ac7   Thumb Code    10  stm32f10x_usart.o(.text)
    USART_SendBreak                          0x08002ad1   Thumb Code    10  stm32f10x_usart.o(.text)
    USART_SetGuardTime                       0x08002adb   Thumb Code    16  stm32f10x_usart.o(.text)
    USART_SetPrescaler                       0x08002aeb   Thumb Code    16  stm32f10x_usart.o(.text)
    USART_SmartCardCmd                       0x08002afb   Thumb Code    24  stm32f10x_usart.o(.text)
    USART_SmartCardNACKCmd                   0x08002b13   Thumb Code    24  stm32f10x_usart.o(.text)
    USART_HalfDuplexCmd                      0x08002b2b   Thumb Code    24  stm32f10x_usart.o(.text)
    USART_OverSampling8Cmd                   0x08002b43   Thumb Code    22  stm32f10x_usart.o(.text)
    USART_OneBitMethodCmd                    0x08002b59   Thumb Code    24  stm32f10x_usart.o(.text)
    USART_IrDAConfig                         0x08002b71   Thumb Code    18  stm32f10x_usart.o(.text)
    USART_IrDACmd                            0x08002b83   Thumb Code    24  stm32f10x_usart.o(.text)
    USART_GetFlagStatus                      0x08002b9b   Thumb Code    26  stm32f10x_usart.o(.text)
    USART_ClearFlag                          0x08002bb5   Thumb Code    18  stm32f10x_usart.o(.text)
    USART_GetITStatus                        0x08002bc7   Thumb Code    84  stm32f10x_usart.o(.text)
    USART_ClearITPendingBit                  0x08002c1b   Thumb Code    50  stm32f10x_usart.o(.text)
    TIM_DeInit                               0x08002c4d   Thumb Code   424  stm32f10x_tim.o(.text)
    TIM_TimeBaseInit                         0x08002df5   Thumb Code   122  stm32f10x_tim.o(.text)
    TIM_OC1Init                              0x08002e6f   Thumb Code   132  stm32f10x_tim.o(.text)
    TIM_OC2Init                              0x08002ef3   Thumb Code   146  stm32f10x_tim.o(.text)
    TIM_OC3Init                              0x08002f85   Thumb Code   142  stm32f10x_tim.o(.text)
    TIM_OC4Init                              0x08003013   Thumb Code   174  stm32f10x_tim.o(.text)
    TIM_SetIC4Prescaler                      0x080030c1   Thumb Code    22  stm32f10x_tim.o(.text)
    TIM_SetIC3Prescaler                      0x0800314d   Thumb Code    18  stm32f10x_tim.o(.text)
    TIM_SetIC2Prescaler                      0x080031d1   Thumb Code    22  stm32f10x_tim.o(.text)
    TIM_SetIC1Prescaler                      0x0800325d   Thumb Code    18  stm32f10x_tim.o(.text)
    TIM_ICInit                               0x080032d9   Thumb Code   150  stm32f10x_tim.o(.text)
    TIM_PWMIConfig                           0x0800336f   Thumb Code   124  stm32f10x_tim.o(.text)
    TIM_BDTRConfig                           0x080033eb   Thumb Code    32  stm32f10x_tim.o(.text)
    TIM_TimeBaseStructInit                   0x0800340b   Thumb Code    18  stm32f10x_tim.o(.text)
    TIM_OCStructInit                         0x0800341d   Thumb Code    20  stm32f10x_tim.o(.text)
    TIM_ICStructInit                         0x08003431   Thumb Code    18  stm32f10x_tim.o(.text)
    TIM_BDTRStructInit                       0x08003443   Thumb Code    18  stm32f10x_tim.o(.text)
    TIM_Cmd                                  0x08003455   Thumb Code    24  stm32f10x_tim.o(.text)
    TIM_CtrlPWMOutputs                       0x0800346d   Thumb Code    50  stm32f10x_tim.o(.text)
    TIM_ITConfig                             0x0800349f   Thumb Code    24  stm32f10x_tim.o(.text)
    TIM_GenerateEvent                        0x080034b7   Thumb Code     4  stm32f10x_tim.o(.text)
    TIM_DMAConfig                            0x080034bb   Thumb Code    10  stm32f10x_tim.o(.text)
    TIM_DMACmd                               0x080034c5   Thumb Code    24  stm32f10x_tim.o(.text)
    TIM_InternalClockConfig                  0x080034dd   Thumb Code    12  stm32f10x_tim.o(.text)
    TIM_SelectInputTrigger                   0x080034e9   Thumb Code    18  stm32f10x_tim.o(.text)
    TIM_ITRxExternalClockConfig              0x080034fb   Thumb Code    24  stm32f10x_tim.o(.text)
    TIM_TIxExternalClockConfig               0x08003513   Thumb Code    62  stm32f10x_tim.o(.text)
    TIM_ETRConfig                            0x08003551   Thumb Code    24  stm32f10x_tim.o(.text)
    TIM_ETRClockMode1Config                  0x08003569   Thumb Code    54  stm32f10x_tim.o(.text)
    TIM_ETRClockMode2Config                  0x0800359f   Thumb Code    32  stm32f10x_tim.o(.text)
    TIM_PrescalerConfig                      0x080035bf   Thumb Code     6  stm32f10x_tim.o(.text)
    TIM_CounterModeConfig                    0x080035c5   Thumb Code    18  stm32f10x_tim.o(.text)
    TIM_EncoderInterfaceConfig               0x080035d7   Thumb Code    62  stm32f10x_tim.o(.text)
    TIM_ForcedOC1Config                      0x08003615   Thumb Code    18  stm32f10x_tim.o(.text)
    TIM_ForcedOC2Config                      0x08003627   Thumb Code    22  stm32f10x_tim.o(.text)
    TIM_ForcedOC3Config                      0x0800363d   Thumb Code    18  stm32f10x_tim.o(.text)
    TIM_ForcedOC4Config                      0x0800364f   Thumb Code    22  stm32f10x_tim.o(.text)
    TIM_ARRPreloadConfig                     0x08003665   Thumb Code    24  stm32f10x_tim.o(.text)
    TIM_SelectCOM                            0x0800367d   Thumb Code    24  stm32f10x_tim.o(.text)
    TIM_SelectCCDMA                          0x08003695   Thumb Code    24  stm32f10x_tim.o(.text)
    TIM_CCPreloadControl                     0x080036ad   Thumb Code    24  stm32f10x_tim.o(.text)
    TIM_OC1PreloadConfig                     0x080036c5   Thumb Code    18  stm32f10x_tim.o(.text)
    TIM_OC2PreloadConfig                     0x080036d7   Thumb Code    22  stm32f10x_tim.o(.text)
    TIM_OC3PreloadConfig                     0x080036ed   Thumb Code    18  stm32f10x_tim.o(.text)
    TIM_OC4PreloadConfig                     0x080036ff   Thumb Code    22  stm32f10x_tim.o(.text)
    TIM_OC1FastConfig                        0x08003715   Thumb Code    18  stm32f10x_tim.o(.text)
    TIM_OC2FastConfig                        0x08003727   Thumb Code    22  stm32f10x_tim.o(.text)
    TIM_OC3FastConfig                        0x0800373d   Thumb Code    18  stm32f10x_tim.o(.text)
    TIM_OC4FastConfig                        0x0800374f   Thumb Code    22  stm32f10x_tim.o(.text)
    TIM_ClearOC1Ref                          0x08003765   Thumb Code    18  stm32f10x_tim.o(.text)
    TIM_ClearOC2Ref                          0x08003777   Thumb Code    20  stm32f10x_tim.o(.text)
    TIM_ClearOC3Ref                          0x0800378b   Thumb Code    18  stm32f10x_tim.o(.text)
    TIM_ClearOC4Ref                          0x0800379d   Thumb Code    20  stm32f10x_tim.o(.text)
    TIM_OC1PolarityConfig                    0x080037b1   Thumb Code    18  stm32f10x_tim.o(.text)
    TIM_OC1NPolarityConfig                   0x080037c3   Thumb Code    18  stm32f10x_tim.o(.text)
    TIM_OC2PolarityConfig                    0x080037d5   Thumb Code    22  stm32f10x_tim.o(.text)
    TIM_OC2NPolarityConfig                   0x080037eb   Thumb Code    22  stm32f10x_tim.o(.text)
    TIM_OC3PolarityConfig                    0x08003801   Thumb Code    22  stm32f10x_tim.o(.text)
    TIM_OC3NPolarityConfig                   0x08003817   Thumb Code    22  stm32f10x_tim.o(.text)
    TIM_OC4PolarityConfig                    0x0800382d   Thumb Code    22  stm32f10x_tim.o(.text)
    TIM_CCxCmd                               0x08003843   Thumb Code    34  stm32f10x_tim.o(.text)
    TIM_CCxNCmd                              0x08003865   Thumb Code    34  stm32f10x_tim.o(.text)
    TIM_SelectOCxM                           0x08003887   Thumb Code    82  stm32f10x_tim.o(.text)
    TIM_UpdateDisableConfig                  0x080038d9   Thumb Code    24  stm32f10x_tim.o(.text)
    TIM_UpdateRequestConfig                  0x080038f1   Thumb Code    24  stm32f10x_tim.o(.text)
    TIM_SelectHallSensor                     0x08003909   Thumb Code    24  stm32f10x_tim.o(.text)
    TIM_SelectOnePulseMode                   0x08003921   Thumb Code    18  stm32f10x_tim.o(.text)
    TIM_SelectOutputTrigger                  0x08003933   Thumb Code    18  stm32f10x_tim.o(.text)
    TIM_SelectSlaveMode                      0x08003945   Thumb Code    18  stm32f10x_tim.o(.text)
    TIM_SelectMasterSlaveMode                0x08003957   Thumb Code    18  stm32f10x_tim.o(.text)
    TIM_SetCounter                           0x08003969   Thumb Code     4  stm32f10x_tim.o(.text)
    TIM_SetAutoreload                        0x0800396d   Thumb Code     4  stm32f10x_tim.o(.text)
    TIM_SetCompare1                          0x08003971   Thumb Code     4  stm32f10x_tim.o(.text)
    TIM_SetCompare2                          0x08003975   Thumb Code     4  stm32f10x_tim.o(.text)
    TIM_SetCompare3                          0x08003979   Thumb Code     4  stm32f10x_tim.o(.text)
    TIM_SetCompare4                          0x0800397d   Thumb Code     6  stm32f10x_tim.o(.text)
    TIM_SetClockDivision                     0x08003983   Thumb Code    18  stm32f10x_tim.o(.text)
    TIM_GetCapture1                          0x08003995   Thumb Code     6  stm32f10x_tim.o(.text)
    TIM_GetCapture2                          0x0800399b   Thumb Code     6  stm32f10x_tim.o(.text)
    TIM_GetCapture3                          0x080039a1   Thumb Code     6  stm32f10x_tim.o(.text)
    TIM_GetCapture4                          0x080039a7   Thumb Code     8  stm32f10x_tim.o(.text)
    TIM_GetCounter                           0x080039af   Thumb Code     6  stm32f10x_tim.o(.text)
    TIM_GetPrescaler                         0x080039b5   Thumb Code     6  stm32f10x_tim.o(.text)
    TIM_GetFlagStatus                        0x080039bb   Thumb Code    18  stm32f10x_tim.o(.text)
    TIM_ClearFlag                            0x080039cd   Thumb Code     6  stm32f10x_tim.o(.text)
    TIM_GetITStatus                          0x080039d3   Thumb Code    34  stm32f10x_tim.o(.text)
    TIM_ClearITPendingBit                    0x080039f5   Thumb Code     6  stm32f10x_tim.o(.text)
    SystemInit                               0x08003ac5   Thumb Code    78  system_stm32f10x.o(.text)
    SystemCoreClockUpdate                    0x08003b13   Thumb Code   142  system_stm32f10x.o(.text)
    Reset_Handler                            0x08003bc5   Thumb Code     8  startup_stm32f10x_hd.o(.text)
    ADC1_2_IRQHandler                        0x08003bdf   Thumb Code     0  startup_stm32f10x_hd.o(.text)
    ADC3_IRQHandler                          0x08003bdf   Thumb Code     0  startup_stm32f10x_hd.o(.text)
    CAN1_RX1_IRQHandler                      0x08003bdf   Thumb Code     0  startup_stm32f10x_hd.o(.text)
    CAN1_SCE_IRQHandler                      0x08003bdf   Thumb Code     0  startup_stm32f10x_hd.o(.text)
    DMA1_Channel1_IRQHandler                 0x08003bdf   Thumb Code     0  startup_stm32f10x_hd.o(.text)
    DMA1_Channel2_IRQHandler                 0x08003bdf   Thumb Code     0  startup_stm32f10x_hd.o(.text)
    DMA1_Channel3_IRQHandler                 0x08003bdf   Thumb Code     0  startup_stm32f10x_hd.o(.text)
    DMA1_Channel4_IRQHandler                 0x08003bdf   Thumb Code     0  startup_stm32f10x_hd.o(.text)
    DMA1_Channel5_IRQHandler                 0x08003bdf   Thumb Code     0  startup_stm32f10x_hd.o(.text)
    DMA1_Channel6_IRQHandler                 0x08003bdf   Thumb Code     0  startup_stm32f10x_hd.o(.text)
    DMA1_Channel7_IRQHandler                 0x08003bdf   Thumb Code     0  startup_stm32f10x_hd.o(.text)
    DMA2_Channel1_IRQHandler                 0x08003bdf   Thumb Code     0  startup_stm32f10x_hd.o(.text)
    DMA2_Channel2_IRQHandler                 0x08003bdf   Thumb Code     0  startup_stm32f10x_hd.o(.text)
    DMA2_Channel3_IRQHandler                 0x08003bdf   Thumb Code     0  startup_stm32f10x_hd.o(.text)
    DMA2_Channel4_5_IRQHandler               0x08003bdf   Thumb Code     0  startup_stm32f10x_hd.o(.text)
    EXTI0_IRQHandler                         0x08003bdf   Thumb Code     0  startup_stm32f10x_hd.o(.text)
    EXTI15_10_IRQHandler                     0x08003bdf   Thumb Code     0  startup_stm32f10x_hd.o(.text)
    EXTI1_IRQHandler                         0x08003bdf   Thumb Code     0  startup_stm32f10x_hd.o(.text)
    EXTI2_IRQHandler                         0x08003bdf   Thumb Code     0  startup_stm32f10x_hd.o(.text)
    EXTI3_IRQHandler                         0x08003bdf   Thumb Code     0  startup_stm32f10x_hd.o(.text)
    EXTI4_IRQHandler                         0x08003bdf   Thumb Code     0  startup_stm32f10x_hd.o(.text)
    EXTI9_5_IRQHandler                       0x08003bdf   Thumb Code     0  startup_stm32f10x_hd.o(.text)
    FLASH_IRQHandler                         0x08003bdf   Thumb Code     0  startup_stm32f10x_hd.o(.text)
    FSMC_IRQHandler                          0x08003bdf   Thumb Code     0  startup_stm32f10x_hd.o(.text)
    I2C1_ER_IRQHandler                       0x08003bdf   Thumb Code     0  startup_stm32f10x_hd.o(.text)
    I2C1_EV_IRQHandler                       0x08003bdf   Thumb Code     0  startup_stm32f10x_hd.o(.text)
    I2C2_ER_IRQHandler                       0x08003bdf   Thumb Code     0  startup_stm32f10x_hd.o(.text)
    I2C2_EV_IRQHandler                       0x08003bdf   Thumb Code     0  startup_stm32f10x_hd.o(.text)
    PVD_IRQHandler                           0x08003bdf   Thumb Code     0  startup_stm32f10x_hd.o(.text)
    RCC_IRQHandler                           0x08003bdf   Thumb Code     0  startup_stm32f10x_hd.o(.text)
    RTCAlarm_IRQHandler                      0x08003bdf   Thumb Code     0  startup_stm32f10x_hd.o(.text)
    RTC_IRQHandler                           0x08003bdf   Thumb Code     0  startup_stm32f10x_hd.o(.text)
    SDIO_IRQHandler                          0x08003bdf   Thumb Code     0  startup_stm32f10x_hd.o(.text)
    SPI1_IRQHandler                          0x08003bdf   Thumb Code     0  startup_stm32f10x_hd.o(.text)
    SPI2_IRQHandler                          0x08003bdf   Thumb Code     0  startup_stm32f10x_hd.o(.text)
    SPI3_IRQHandler                          0x08003bdf   Thumb Code     0  startup_stm32f10x_hd.o(.text)
    TAMPER_IRQHandler                        0x08003bdf   Thumb Code     0  startup_stm32f10x_hd.o(.text)
    TIM1_BRK_IRQHandler                      0x08003bdf   Thumb Code     0  startup_stm32f10x_hd.o(.text)
    TIM1_CC_IRQHandler                       0x08003bdf   Thumb Code     0  startup_stm32f10x_hd.o(.text)
    TIM1_TRG_COM_IRQHandler                  0x08003bdf   Thumb Code     0  startup_stm32f10x_hd.o(.text)
    TIM4_IRQHandler                          0x08003bdf   Thumb Code     0  startup_stm32f10x_hd.o(.text)
    TIM5_IRQHandler                          0x08003bdf   Thumb Code     0  startup_stm32f10x_hd.o(.text)
    TIM6_IRQHandler                          0x08003bdf   Thumb Code     0  startup_stm32f10x_hd.o(.text)
    TIM7_IRQHandler                          0x08003bdf   Thumb Code     0  startup_stm32f10x_hd.o(.text)
    TIM8_BRK_IRQHandler                      0x08003bdf   Thumb Code     0  startup_stm32f10x_hd.o(.text)
    TIM8_CC_IRQHandler                       0x08003bdf   Thumb Code     0  startup_stm32f10x_hd.o(.text)
    TIM8_TRG_COM_IRQHandler                  0x08003bdf   Thumb Code     0  startup_stm32f10x_hd.o(.text)
    TIM8_UP_IRQHandler                       0x08003bdf   Thumb Code     0  startup_stm32f10x_hd.o(.text)
    UART4_IRQHandler                         0x08003bdf   Thumb Code     0  startup_stm32f10x_hd.o(.text)
    UART5_IRQHandler                         0x08003bdf   Thumb Code     0  startup_stm32f10x_hd.o(.text)
    USART3_IRQHandler                        0x08003bdf   Thumb Code     0  startup_stm32f10x_hd.o(.text)
    USBWakeUp_IRQHandler                     0x08003bdf   Thumb Code     0  startup_stm32f10x_hd.o(.text)
    USB_HP_CAN1_TX_IRQHandler                0x08003bdf   Thumb Code     0  startup_stm32f10x_hd.o(.text)
    USB_LP_CAN1_RX0_IRQHandler               0x08003bdf   Thumb Code     0  startup_stm32f10x_hd.o(.text)
    WWDG_IRQHandler                          0x08003bdf   Thumb Code     0  startup_stm32f10x_hd.o(.text)
    __user_initial_stackheap                 0x08003be1   Thumb Code     0  startup_stm32f10x_hd.o(.text)
    __use_two_region_memory                  0x08003c05   Thumb Code     2  heapauxi.o(.text)
    __rt_heap_escrow$2region                 0x08003c07   Thumb Code     2  heapauxi.o(.text)
    __rt_heap_expand$2region                 0x08003c09   Thumb Code     2  heapauxi.o(.text)
    __user_setup_stackheap                   0x08003c0b   Thumb Code    74  sys_stackheap_outer.o(.text)
    exit                                     0x08003c55   Thumb Code    12  exit.o(.text)
    __user_libspace                          0x08003c61   Thumb Code     8  libspace.o(.text)
    __user_perproc_libspace                  0x08003c61   Thumb Code     0  libspace.o(.text)
    __user_perthread_libspace                0x08003c61   Thumb Code     0  libspace.o(.text)
    __rt_fp_status_addr                      0x08003c69   Thumb Code     8  rt_fp_status_addr_intlibspace.o(.text)
    _sys_exit                                0x08003c71   Thumb Code     8  sys_exit.o(.text)
    __I$use$semihosting                      0x08003c7d   Thumb Code     0  use_no_semi.o(.text)
    __use_no_semihosting_swi                 0x08003c7d   Thumb Code     2  use_no_semi.o(.text)
    __semihosting_library_function           0x08003c7f   Thumb Code     0  indicate_semi.o(.text)
    __aeabi_d2f                              0x08003c81   Thumb Code     0  d2f.o(x$fpl$d2f)
    _d2f                                     0x08003c81   Thumb Code    98  d2f.o(x$fpl$d2f)
    __aeabi_ddiv                             0x08003ce5   Thumb Code     0  ddiv.o(x$fpl$ddiv)
    _ddiv                                    0x08003ce5   Thumb Code   552  ddiv.o(x$fpl$ddiv)
    __aeabi_dmul                             0x08003f95   Thumb Code     0  dmul.o(x$fpl$dmul)
    _dmul                                    0x08003f95   Thumb Code   332  dmul.o(x$fpl$dmul)
    __fpl_dnaninf                            0x080040e9   Thumb Code   156  dnaninf.o(x$fpl$dnaninf)
    __fpl_dretinf                            0x08004185   Thumb Code    12  dretinf.o(x$fpl$dretinf)
    __aeabi_f2d                              0x08004191   Thumb Code     0  f2d.o(x$fpl$f2d)
    _f2d                                     0x08004191   Thumb Code    86  f2d.o(x$fpl$f2d)
    __aeabi_fadd                             0x080041e9   Thumb Code     0  faddsub_clz.o(x$fpl$fadd)
    _fadd                                    0x080041e9   Thumb Code   196  faddsub_clz.o(x$fpl$fadd)
    __fpl_fcmp_Inf                           0x080042ad   Thumb Code    24  fcmpi.o(x$fpl$fcmpinf)
    __aeabi_fdiv                             0x080042c5   Thumb Code     0  fdiv.o(x$fpl$fdiv)
    _fdiv                                    0x080042c5   Thumb Code   384  fdiv.o(x$fpl$fdiv)
    __aeabi_cfcmpeq                          0x08004449   Thumb Code     0  feqf.o(x$fpl$feqf)
    _fcmpeq                                  0x08004449   Thumb Code   104  feqf.o(x$fpl$feqf)
    __aeabi_f2uiz                            0x080044b1   Thumb Code     0  ffixu.o(x$fpl$ffixu)
    _ffixu                                   0x080044b1   Thumb Code    62  ffixu.o(x$fpl$ffixu)
    __aeabi_i2f                              0x080044f1   Thumb Code     0  fflt_clz.o(x$fpl$fflt)
    _fflt                                    0x080044f1   Thumb Code    48  fflt_clz.o(x$fpl$fflt)
    __aeabi_ui2f                             0x08004521   Thumb Code     0  fflt_clz.o(x$fpl$ffltu)
    _ffltu                                   0x08004521   Thumb Code    38  fflt_clz.o(x$fpl$ffltu)
    __aeabi_cfcmple                          0x08004549   Thumb Code     0  fleqf.o(x$fpl$fleqf)
    _fcmple                                  0x08004549   Thumb Code   104  fleqf.o(x$fpl$fleqf)
    __fpl_fcmple_InfNaN                      0x0800459b   Thumb Code     0  fleqf.o(x$fpl$fleqf)
    __aeabi_fmul                             0x080045b1   Thumb Code     0  fmul.o(x$fpl$fmul)
    _fmul                                    0x080045b1   Thumb Code   258  fmul.o(x$fpl$fmul)
    __fpl_fnaninf                            0x080046b3   Thumb Code   140  fnaninf.o(x$fpl$fnaninf)
    _fp_init                                 0x0800473f   Thumb Code    14  fpinit.o(x$fpl$fpinit)
    __fplib_config_pureend_doubles           0x0800474b   Thumb Code     0  fpinit.o(x$fpl$fpinit)
    __fpl_fretinf                            0x0800474d   Thumb Code    10  fretinf.o(x$fpl$fretinf)
    __aeabi_cfrcmple                         0x08004757   Thumb Code     0  frleqf.o(x$fpl$frleqf)
    _frcmple                                 0x08004757   Thumb Code    98  frleqf.o(x$fpl$frleqf)
    __aeabi_fsub                             0x080047b9   Thumb Code     0  faddsub_clz.o(x$fpl$fsub)
    _fsub                                    0x080047b9   Thumb Code   234  faddsub_clz.o(x$fpl$fsub)
    __I$use$fp                               0x080048a3   Thumb Code     0  usenofp.o(x$fpl$usenofp)
    address1                                 0x080048a2   Data           6  main.o(.constdata)
    address2                                 0x080048a8   Data           6  main.o(.constdata)
    cmd                                      0x080048ae   Data          12  analogin.o(.constdata)
    Region$$Table$$Base                      0x080048bc   Number         0  anon$$obj.o(Region$$Table)
    Region$$Table$$Limit                     0x080048dc   Number         0  anon$$obj.o(Region$$Table)
    algorithmstart                           0x20000000   Data           1  main.o(.data)
    flowratecntH                             0x20000001   Data           1  main.o(.data)
    flowratecntL                             0x20000002   Data           1  main.o(.data)
    rangeIn                                  0x20000004   Data          48  main.o(.data)
    rangeOut                                 0x20000034   Data          32  main.o(.data)
    localDeviceRun                           0x20000054   Data           1  main.o(.data)
    dataEbuff                                0x2000012c   Data           5  main.o(.data)
    SetpointValue                            0x20000134   Data          12  main.o(.data)
    panelControl                             0x20000140   Data           1  main.o(.data)
    panelCStatus                             0x20000141   Data           1  main.o(.data)
    remoteControl                            0x20000142   Data           1  main.o(.data)
    localControl                             0x20000143   Data           1  main.o(.data)
    deviceRun                                0x20000144   Data           1  main.o(.data)
    runStatus                                0x20000145   Data           1  main.o(.data)
    alarmFlag                                0x20000146   Data           1  main.o(.data)
    RE_Level                                 0x20000147   Data           1  main.o(.data)
    WS_Level                                 0x20000148   Data           1  main.o(.data)
    Re_On                                    0x20000149   Data           1  main.o(.data)
    System_On                                0x2000014a   Data           1  main.o(.data)
    tf_flag                                  0x2000014b   Data           1  main.o(.data)
    TX1                                      0x2000014c   Data          53  main.o(.data)
    TX2                                      0x20000181   Data          53  main.o(.data)
    TX9                                      0x200001b6   Data          53  main.o(.data)
    tx1                                      0x200001eb   Data          24  main.o(.data)
    tx2                                      0x20000203   Data          24  main.o(.data)
    tx3                                      0x2000021b   Data          24  main.o(.data)
    tx4                                      0x20000233   Data          24  main.o(.data)
    aset                                     0x2000024c   Data           4  main.o(.data)
    eevcount                                 0x20000250   Data           4  main.o(.data)
    digitalIn                                0x20000254   Data           8  main.o(.data)
    digitalOut                               0x2000025c   Data           8  main.o(.data)
    aimed_solultiontemp                      0x20000264   Data           4  main.o(.data)
    concentration                            0x2000026c   Data           4  main.o(.data)
    de_alarm                                 0x20000270   Data           1  main.o(.data)
    indata_type                              0x20000272   Data           1  stm32f10x_it.o(.data)
    frm                                      0x20000273   Data           5  stm32f10x_it.o(.data)
    disfrm                                   0x20000278   Data           3  stm32f10x_it.o(.data)
    nCount                                   0x2000027b   Data           1  stm32f10x_it.o(.data)
    mCount                                   0x2000027c   Data           1  stm32f10x_it.o(.data)
    de_Liq                                   0x20000280   Data           4  logic.o(.data)
    ss_Liq                                   0x20000284   Data           4  logic.o(.data)
    chil_temp                                0x20000288   Data           4  logic.o(.data)
    get_flag                                 0x2000028c   Data           4  logic.o(.data)
    CW_FB                                    0x20000290   Data           4  logic.o(.data)
    SystemCoreClock                          0x200002a8   Data           4  system_stm32f10x.o(.data)
    AHBPrescTable                            0x200002ac   Data          16  system_stm32f10x.o(.data)
    analogIn                                 0x200002bc   Data          64  main.o(.bss)
    analogInold                              0x200002fc   Data          64  main.o(.bss)
    analogOut                                0x2000033c   Data          32  main.o(.bss)
    dataCbuff                                0x2000035c   Data          53  main.o(.bss)
    dataDbuff                                0x20000391   Data          53  main.o(.bss)
    dataUbuff                                0x200003c6   Data          24  main.o(.bss)
    dac_out                                  0x200003de   Data          32  stm32f10_dac.o(.bss)
    usart1_buff                              0x200003fe   Data          53  stm32f10x_it.o(.bss)
    usart2_buff                              0x20000433   Data          24  stm32f10x_it.o(.bss)
    adc_buffer                               0x2000044b   Data          40  analogin.o(.bss)
    rtd_buffer                               0x20000473   Data          40  analogin.o(.bss)
    __libspace_start                         0x2000049c   Data          96  libspace.o(.bss)
    __temporary_stack_top$libspace           0x200004fc   Data           0  libspace.o(.bss)



==============================================================================

Memory Map of the image

  Image Entry point : 0x08000131

  Load Region LR_IROM1 (Base: 0x08000000, Size: 0x00004b98, Max: 0x00080000, ABSOLUTE, COMPRESSED[0x00004948])

    Execution Region ER_IROM1 (Base: 0x08000000, Size: 0x000048dc, Max: 0x00080000, ABSOLUTE)

    Base Addr    Size         Type   Attr      Idx    E Section Name        Object

    0x08000000   0x00000130   Data   RO          347    RESET               startup_stm32f10x_hd.o
    0x08000130   0x00000008   Code   RO          356  * !!!main             c_w.l(__main.o)
    0x08000138   0x00000034   Code   RO          564    !!!scatter          c_w.l(__scatter.o)
    0x0800016c   0x0000005a   Code   RO          562    !!dczerorl2         c_w.l(__dczerorl2.o)
    0x080001c6   0x00000002   PAD
    0x080001c8   0x0000001c   Code   RO          566    !!handler_zi        c_w.l(__scatter_zi.o)
    0x080001e4   0x00000006   Code   RO          432    .ARM.Collect$$libinit$$00000000  c_w.l(libinit.o)
    0x080001ea   0x00000000   Code   RO          440    .ARM.Collect$$libinit$$00000006  c_w.l(libinit2.o)
    0x080001ea   0x00000000   Code   RO          442    .ARM.Collect$$libinit$$00000008  c_w.l(libinit2.o)
    0x080001ea   0x00000000   Code   RO          444    .ARM.Collect$$libinit$$0000000A  c_w.l(libinit2.o)
    0x080001ea   0x00000000   Code   RO          447    .ARM.Collect$$libinit$$0000000D  c_w.l(libinit2.o)
    0x080001ea   0x00000000   Code   RO          449    .ARM.Collect$$libinit$$0000000F  c_w.l(libinit2.o)
    0x080001ea   0x00000000   Code   RO          451    .ARM.Collect$$libinit$$00000011  c_w.l(libinit2.o)
    0x080001ea   0x00000000   Code   RO          453    .ARM.Collect$$libinit$$00000013  c_w.l(libinit2.o)
    0x080001ea   0x00000000   Code   RO          455    .ARM.Collect$$libinit$$00000015  c_w.l(libinit2.o)
    0x080001ea   0x00000000   Code   RO          457    .ARM.Collect$$libinit$$00000017  c_w.l(libinit2.o)
    0x080001ea   0x00000000   Code   RO          459    .ARM.Collect$$libinit$$00000019  c_w.l(libinit2.o)
    0x080001ea   0x00000000   Code   RO          461    .ARM.Collect$$libinit$$0000001B  c_w.l(libinit2.o)
    0x080001ea   0x00000000   Code   RO          463    .ARM.Collect$$libinit$$0000001D  c_w.l(libinit2.o)
    0x080001ea   0x00000000   Code   RO          465    .ARM.Collect$$libinit$$0000001F  c_w.l(libinit2.o)
    0x080001ea   0x00000000   Code   RO          467    .ARM.Collect$$libinit$$00000021  c_w.l(libinit2.o)
    0x080001ea   0x00000000   Code   RO          471    .ARM.Collect$$libinit$$00000028  c_w.l(libinit2.o)
    0x080001ea   0x00000000   Code   RO          473    .ARM.Collect$$libinit$$0000002A  c_w.l(libinit2.o)
    0x080001ea   0x00000000   Code   RO          475    .ARM.Collect$$libinit$$0000002C  c_w.l(libinit2.o)
    0x080001ea   0x00000000   Code   RO          477    .ARM.Collect$$libinit$$0000002E  c_w.l(libinit2.o)
    0x080001ea   0x00000002   Code   RO          478    .ARM.Collect$$libinit$$0000002F  c_w.l(libinit2.o)
    0x080001ec   0x00000002   Code   RO          503    .ARM.Collect$$libshutdown$$00000000  c_w.l(libshutdown.o)
    0x080001ee   0x00000000   Code   RO          517    .ARM.Collect$$libshutdown$$00000003  c_w.l(libshutdown2.o)
    0x080001ee   0x00000000   Code   RO          520    .ARM.Collect$$libshutdown$$00000006  c_w.l(libshutdown2.o)
    0x080001ee   0x00000000   Code   RO          523    .ARM.Collect$$libshutdown$$00000009  c_w.l(libshutdown2.o)
    0x080001ee   0x00000000   Code   RO          525    .ARM.Collect$$libshutdown$$0000000B  c_w.l(libshutdown2.o)
    0x080001ee   0x00000000   Code   RO          528    .ARM.Collect$$libshutdown$$0000000E  c_w.l(libshutdown2.o)
    0x080001ee   0x00000002   Code   RO          529    .ARM.Collect$$libshutdown$$0000000F  c_w.l(libshutdown2.o)
    0x080001f0   0x00000000   Code   RO          396    .ARM.Collect$$rtentry$$00000000  c_w.l(rtentry.o)
    0x080001f0   0x00000000   Code   RO          409    .ARM.Collect$$rtentry$$00000002  c_w.l(rtentry2.o)
    0x080001f0   0x00000006   Code   RO          421    .ARM.Collect$$rtentry$$00000004  c_w.l(rtentry4.o)
    0x080001f6   0x00000000   Code   RO          411    .ARM.Collect$$rtentry$$00000009  c_w.l(rtentry2.o)
    0x080001f6   0x00000004   Code   RO          412    .ARM.Collect$$rtentry$$0000000A  c_w.l(rtentry2.o)
    0x080001fa   0x00000000   Code   RO          414    .ARM.Collect$$rtentry$$0000000C  c_w.l(rtentry2.o)
    0x080001fa   0x00000008   Code   RO          415    .ARM.Collect$$rtentry$$0000000D  c_w.l(rtentry2.o)
    0x08000202   0x00000002   Code   RO          436    .ARM.Collect$$rtexit$$00000000  c_w.l(rtexit.o)
    0x08000204   0x00000000   Code   RO          482    .ARM.Collect$$rtexit$$00000002  c_w.l(rtexit2.o)
    0x08000204   0x00000004   Code   RO          483    .ARM.Collect$$rtexit$$00000003  c_w.l(rtexit2.o)
    0x08000208   0x00000006   Code   RO          484    .ARM.Collect$$rtexit$$00000004  c_w.l(rtexit2.o)
    0x0800020e   0x00000002   PAD
    0x08000210   0x000007ac   Code   RO            1    .text               main.o
    0x080009bc   0x000001d4   Code   RO          145    .text               stm32f10_dac.o
    0x08000b90   0x00000148   Code   RO          160    .text               stm32f10_gpio.o
    0x08000cd8   0x000001d8   Code   RO          172    .text               stm32f10_timer.o
    0x08000eb0   0x00000280   Code   RO          184    .text               stm32f10_usart.o
    0x08001130   0x000004d8   Code   RO          196    .text               stm32f10x_it.o
    0x08001608   0x0000079c   Code   RO          216    .text               analogin.o
    0x08001da4   0x000002c8   Code   RO          235    .text               logic.o
    0x0800206c   0x000000dc   Code   RO          254    .text               misc.o
    0x08002148   0x00000358   Code   RO          266    .text               stm32f10x_gpio.o
    0x080024a0   0x000003a0   Code   RO          278    .text               stm32f10x_rcc.o
    0x08002840   0x0000040c   Code   RO          292    .text               stm32f10x_usart.o
    0x08002c4c   0x00000dae   Code   RO          304    .text               stm32f10x_tim.o
    0x080039fa   0x00000002   PAD
    0x080039fc   0x000001c8   Code   RO          327    .text               system_stm32f10x.o
    0x08003bc4   0x00000040   Code   RO          348    .text               startup_stm32f10x_hd.o
    0x08003c04   0x00000006   Code   RO          354    .text               c_w.l(heapauxi.o)
    0x08003c0a   0x0000004a   Code   RO          423    .text               c_w.l(sys_stackheap_outer.o)
    0x08003c54   0x0000000c   Code   RO          425    .text               c_w.l(exit.o)
    0x08003c60   0x00000008   Code   RO          433    .text               c_w.l(libspace.o)
    0x08003c68   0x00000008   Code   RO          491    .text               c_w.l(rt_fp_status_addr_intlibspace.o)
    0x08003c70   0x0000000c   Code   RO          495    .text               c_w.l(sys_exit.o)
    0x08003c7c   0x00000002   Code   RO          506    .text               c_w.l(use_no_semi.o)
    0x08003c7e   0x00000000   Code   RO          508    .text               c_w.l(indicate_semi.o)
    0x08003c7e   0x00000002   PAD
    0x08003c80   0x00000062   Code   RO          358    x$fpl$d2f           fz_ws.l(d2f.o)
    0x08003ce2   0x00000002   PAD
    0x08003ce4   0x000002b0   Code   RO          361    x$fpl$ddiv          fz_ws.l(ddiv.o)
    0x08003f94   0x00000154   Code   RO          364    x$fpl$dmul          fz_ws.l(dmul.o)
    0x080040e8   0x0000009c   Code   RO          397    x$fpl$dnaninf       fz_ws.l(dnaninf.o)
    0x08004184   0x0000000c   Code   RO          399    x$fpl$dretinf       fz_ws.l(dretinf.o)
    0x08004190   0x00000056   Code   RO          366    x$fpl$f2d           fz_ws.l(f2d.o)
    0x080041e6   0x00000002   PAD
    0x080041e8   0x000000c4   Code   RO          368    x$fpl$fadd          fz_ws.l(faddsub_clz.o)
    0x080042ac   0x00000018   Code   RO          401    x$fpl$fcmpinf       fz_ws.l(fcmpi.o)
    0x080042c4   0x00000184   Code   RO          375    x$fpl$fdiv          fz_ws.l(fdiv.o)
    0x08004448   0x00000068   Code   RO          378    x$fpl$feqf          fz_ws.l(feqf.o)
    0x080044b0   0x0000003e   Code   RO          380    x$fpl$ffixu         fz_ws.l(ffixu.o)
    0x080044ee   0x00000002   PAD
    0x080044f0   0x00000030   Code   RO          385    x$fpl$fflt          fz_ws.l(fflt_clz.o)
    0x08004520   0x00000026   Code   RO          384    x$fpl$ffltu         fz_ws.l(fflt_clz.o)
    0x08004546   0x00000002   PAD
    0x08004548   0x00000068   Code   RO          390    x$fpl$fleqf         fz_ws.l(fleqf.o)
    0x080045b0   0x00000102   Code   RO          392    x$fpl$fmul          fz_ws.l(fmul.o)
    0x080046b2   0x0000008c   Code   RO          403    x$fpl$fnaninf       fz_ws.l(fnaninf.o)
    0x0800473e   0x0000000e   Code   RO          479    x$fpl$fpinit        fz_ws.l(fpinit.o)
    0x0800474c   0x0000000a   Code   RO          405    x$fpl$fretinf       fz_ws.l(fretinf.o)
    0x08004756   0x00000062   Code   RO          394    x$fpl$frleqf        fz_ws.l(frleqf.o)
    0x080047b8   0x000000ea   Code   RO          370    x$fpl$fsub          fz_ws.l(faddsub_clz.o)
    0x080048a2   0x00000000   Code   RO          407    x$fpl$usenofp       fz_ws.l(usenofp.o)
    0x080048a2   0x0000000c   Data   RO            3    .constdata          main.o
    0x080048ae   0x0000000c   Data   RO          218    .constdata          analogin.o
    0x080048ba   0x00000002   PAD
    0x080048bc   0x00000020   Data   RO          560    Region$$Table       anon$$obj.o


    Execution Region RW_IRAM1 (Base: 0x20000000, Size: 0x00000b00, Max: 0x00010000, ABSOLUTE, COMPRESSED[0x0000006c])

    Base Addr    Size         Type   Attr      Idx    E Section Name        Object

    0x20000000   0x00000271   Data   RW            4    .data               main.o
    0x20000271   0x0000000c   Data   RW          198    .data               stm32f10x_it.o
    0x2000027d   0x00000003   PAD
    0x20000280   0x00000014   Data   RW          236    .data               logic.o
    0x20000294   0x00000014   Data   RW          279    .data               stm32f10x_rcc.o
    0x200002a8   0x00000014   Data   RW          328    .data               system_stm32f10x.o
    0x200002bc   0x00000122   Zero   RW            2    .bss                main.o
    0x200003de   0x00000020   Zero   RW          146    .bss                stm32f10_dac.o
    0x200003fe   0x0000004d   Zero   RW          197    .bss                stm32f10x_it.o
    0x2000044b   0x00000050   Zero   RW          217    .bss                analogin.o
    0x2000049b   0x00000001   PAD
    0x2000049c   0x00000060   Zero   RW          434    .bss                c_w.l(libspace.o)
    0x200004fc   0x00000004   PAD
    0x20000500   0x00000200   Zero   RW          346    HEAP                startup_stm32f10x_hd.o
    0x20000700   0x00000400   Zero   RW          345    STACK               startup_stm32f10x_hd.o


==============================================================================

Image component sizes


      Code (inc. data)   RO Data    RW Data    ZI Data      Debug   Object Name

      1948         92         12          0         80       6320   analogin.o
         0          0          0          0          0         32   core_cm3.o
       712         68          0         20          0       3071   logic.o
      1964        160         12        625        290     258823   main.o
       220         20          0          0          0       1613   misc.o
        64         26        304          0       1536        720   startup_stm32f10x_hd.o
       468         18          0          0         32       3094   stm32f10_dac.o
       328         26          0          0          0       1934   stm32f10_gpio.o
       472         12          0          0          0       1673   stm32f10_timer.o
       640         18          0          0          0       2020   stm32f10_usart.o
       856         40          0          0          0       5549   stm32f10x_gpio.o
      1240         94          0         12         77       5361   stm32f10x_it.o
       928         44          0         20          0       8628   stm32f10x_rcc.o
      3502         86          0          0          0      22716   stm32f10x_tim.o
      1036         20          0          0          0       8292   stm32f10x_usart.o
       456         36          0         20          0       1715   system_stm32f10x.o

    ----------------------------------------------------------------------
     14836        760        362        700       2016     331561   Object Totals
         0          0         32          0          0          0   (incl. Generated)
         2          0          2          3          1          0   (incl. Padding)

    ----------------------------------------------------------------------

      Code (inc. data)   RO Data    RW Data    ZI Data      Debug   Library Member Name

        90          0          0          0          0          0   __dczerorl2.o
         8          0          0          0          0         68   __main.o
        52          8          0          0          0          0   __scatter.o
        28          0          0          0          0          0   __scatter_zi.o
        12          0          0          0          0         72   exit.o
         6          0          0          0          0        152   heapauxi.o
         0          0          0          0          0          0   indicate_semi.o
         6          0          0          0          0          0   libinit.o
         2          0          0          0          0          0   libinit2.o
         2          0          0          0          0          0   libshutdown.o
         2          0          0          0          0          0   libshutdown2.o
         8          4          0          0         96         68   libspace.o
         8          4          0          0          0         68   rt_fp_status_addr_intlibspace.o
         0          0          0          0          0          0   rtentry.o
        12          0          0          0          0          0   rtentry2.o
         6          0          0          0          0          0   rtentry4.o
         2          0          0          0          0          0   rtexit.o
        10          0          0          0          0          0   rtexit2.o
        12          4          0          0          0         68   sys_exit.o
        74          0          0          0          0         80   sys_stackheap_outer.o
         2          0          0          0          0         68   use_no_semi.o
        98          4          0          0          0         92   d2f.o
       688        140          0          0          0        212   ddiv.o
       340         12          0          0          0        104   dmul.o
       156          4          0          0          0         92   dnaninf.o
        12          0          0          0          0         68   dretinf.o
        86          4          0          0          0         84   f2d.o
       430          8          0          0          0        168   faddsub_clz.o
        24          0          0          0          0         68   fcmpi.o
       388         76          0          0          0         96   fdiv.o
       104          4          0          0          0         84   feqf.o
        62          4          0          0          0         84   ffixu.o
        86          0          0          0          0        136   fflt_clz.o
       104          4          0          0          0         84   fleqf.o
       258          4          0          0          0         84   fmul.o
       140          4          0          0          0         84   fnaninf.o
        14          0          0          0          0         76   fpinit.o
        10          0          0          0          0         68   fretinf.o
        98          0          0          0          0         68   frleqf.o
         0          0          0          0          0          0   usenofp.o

    ----------------------------------------------------------------------
      3454        288          0          0        100       2396   Library Totals
        14          0          0          0          4          0   (incl. Padding)

    ----------------------------------------------------------------------

      Code (inc. data)   RO Data    RW Data    ZI Data      Debug   Library Name

       342         20          0          0         96        644   c_w.l
      3098        268          0          0          0       1752   fz_ws.l

    ----------------------------------------------------------------------
      3454        288          0          0        100       2396   Library Totals

    ----------------------------------------------------------------------

==============================================================================


      Code (inc. data)   RO Data    RW Data    ZI Data      Debug   

     18290       1048        362        700       2116     331357   Grand Totals
     18290       1048        362        108       2116     331357   ELF Image Totals (compressed)
     18290       1048        362        108          0          0   ROM Totals

==============================================================================

    Total RO  Size (Code + RO Data)                18652 (  18.21kB)
    Total RW  Size (RW Data + ZI Data)              2816 (   2.75kB)
    Total ROM Size (Code + RO Data + RW Data)      18760 (  18.32kB)

==============================================================================

