Component: ARM Compiler 5.06 update 5 (build 528) Tool: armlink [4d35e2]

==============================================================================

Section Cross References

    system_stm32f10x.o(i.SetSysClock) refers to system_stm32f10x.o(i.SetSysClockTo72) for SetSysClockTo72
    system_stm32f10x.o(i.SystemCoreClockUpdate) refers to system_stm32f10x.o(.data) for SystemCoreClock
    system_stm32f10x.o(i.SystemInit) refers to system_stm32f10x.o(i.SetSysClock) for SetSysClock
    stm32f10x_gpio.o(i.GPIO_AFIODeInit) refers to stm32f10x_rcc.o(i.RCC_APB2PeriphResetCmd) for RCC_APB2PeriphResetCmd
    stm32f10x_gpio.o(i.GPIO_DeInit) refers to stm32f10x_rcc.o(i.RCC_APB2PeriphResetCmd) for RCC_APB2PeriphResetCmd
    stm32f10x_i2c.o(i.I2C_DeInit) refers to stm32f10x_rcc.o(i.RCC_APB1PeriphResetCmd) for RCC_APB1PeriphResetCmd
    stm32f10x_i2c.o(i.I2C_Init) refers to stm32f10x_rcc.o(i.RCC_GetClocksFreq) for RCC_GetClocksFreq
    stm32f10x_rcc.o(i.RCC_GetClocksFreq) refers to stm32f10x_rcc.o(.data) for APBAHBPrescTable
    stm32f10x_rcc.o(i.RCC_WaitForHSEStartUp) refers to stm32f10x_rcc.o(i.RCC_GetFlagStatus) for RCC_GetFlagStatus
    stm32f10x_spi.o(i.I2S_Init) refers to stm32f10x_rcc.o(i.RCC_GetClocksFreq) for RCC_GetClocksFreq
    stm32f10x_spi.o(i.SPI_I2S_DeInit) refers to stm32f10x_rcc.o(i.RCC_APB2PeriphResetCmd) for RCC_APB2PeriphResetCmd
    stm32f10x_spi.o(i.SPI_I2S_DeInit) refers to stm32f10x_rcc.o(i.RCC_APB1PeriphResetCmd) for RCC_APB1PeriphResetCmd
    stm32f10x_tim.o(i.TIM_DeInit) refers to stm32f10x_rcc.o(i.RCC_APB2PeriphResetCmd) for RCC_APB2PeriphResetCmd
    stm32f10x_tim.o(i.TIM_DeInit) refers to stm32f10x_rcc.o(i.RCC_APB1PeriphResetCmd) for RCC_APB1PeriphResetCmd
    stm32f10x_tim.o(i.TIM_ETRClockMode1Config) refers to stm32f10x_tim.o(i.TIM_ETRConfig) for TIM_ETRConfig
    stm32f10x_tim.o(i.TIM_ETRClockMode2Config) refers to stm32f10x_tim.o(i.TIM_ETRConfig) for TIM_ETRConfig
    stm32f10x_tim.o(i.TIM_ICInit) refers to stm32f10x_tim.o(i.TI1_Config) for TI1_Config
    stm32f10x_tim.o(i.TIM_ICInit) refers to stm32f10x_tim.o(i.TIM_SetIC1Prescaler) for TIM_SetIC1Prescaler
    stm32f10x_tim.o(i.TIM_ICInit) refers to stm32f10x_tim.o(i.TI2_Config) for TI2_Config
    stm32f10x_tim.o(i.TIM_ICInit) refers to stm32f10x_tim.o(i.TIM_SetIC2Prescaler) for TIM_SetIC2Prescaler
    stm32f10x_tim.o(i.TIM_ICInit) refers to stm32f10x_tim.o(i.TI3_Config) for TI3_Config
    stm32f10x_tim.o(i.TIM_ICInit) refers to stm32f10x_tim.o(i.TIM_SetIC3Prescaler) for TIM_SetIC3Prescaler
    stm32f10x_tim.o(i.TIM_ICInit) refers to stm32f10x_tim.o(i.TI4_Config) for TI4_Config
    stm32f10x_tim.o(i.TIM_ICInit) refers to stm32f10x_tim.o(i.TIM_SetIC4Prescaler) for TIM_SetIC4Prescaler
    stm32f10x_tim.o(i.TIM_ITRxExternalClockConfig) refers to stm32f10x_tim.o(i.TIM_SelectInputTrigger) for TIM_SelectInputTrigger
    stm32f10x_tim.o(i.TIM_PWMIConfig) refers to stm32f10x_tim.o(i.TI1_Config) for TI1_Config
    stm32f10x_tim.o(i.TIM_PWMIConfig) refers to stm32f10x_tim.o(i.TIM_SetIC1Prescaler) for TIM_SetIC1Prescaler
    stm32f10x_tim.o(i.TIM_PWMIConfig) refers to stm32f10x_tim.o(i.TI2_Config) for TI2_Config
    stm32f10x_tim.o(i.TIM_PWMIConfig) refers to stm32f10x_tim.o(i.TIM_SetIC2Prescaler) for TIM_SetIC2Prescaler
    stm32f10x_tim.o(i.TIM_TIxExternalClockConfig) refers to stm32f10x_tim.o(i.TI2_Config) for TI2_Config
    stm32f10x_tim.o(i.TIM_TIxExternalClockConfig) refers to stm32f10x_tim.o(i.TI1_Config) for TI1_Config
    stm32f10x_tim.o(i.TIM_TIxExternalClockConfig) refers to stm32f10x_tim.o(i.TIM_SelectInputTrigger) for TIM_SelectInputTrigger
    stm32f10x_usart.o(i.USART_DeInit) refers to stm32f10x_rcc.o(i.RCC_APB2PeriphResetCmd) for RCC_APB2PeriphResetCmd
    stm32f10x_usart.o(i.USART_DeInit) refers to stm32f10x_rcc.o(i.RCC_APB1PeriphResetCmd) for RCC_APB1PeriphResetCmd
    stm32f10x_usart.o(i.USART_Init) refers to stm32f10x_rcc.o(i.RCC_GetClocksFreq) for RCC_GetClocksFreq
    stm32f10x_adc.o(i.ADC_DeInit) refers to stm32f10x_rcc.o(i.RCC_APB2PeriphResetCmd) for RCC_APB2PeriphResetCmd
    ad.o(i.ADC1_GPIO_Config) refers to stm32f10x_rcc.o(i.RCC_AHBPeriphClockCmd) for RCC_AHBPeriphClockCmd
    ad.o(i.ADC1_GPIO_Config) refers to stm32f10x_rcc.o(i.RCC_APB2PeriphClockCmd) for RCC_APB2PeriphClockCmd
    ad.o(i.ADC1_GPIO_Config) refers to stm32f10x_gpio.o(i.GPIO_Init) for GPIO_Init
    ad.o(i.ADC1_Mode_Config) refers to stm32f10x_dma.o(i.DMA_DeInit) for DMA_DeInit
    ad.o(i.ADC1_Mode_Config) refers to stm32f10x_dma.o(i.DMA_Init) for DMA_Init
    ad.o(i.ADC1_Mode_Config) refers to stm32f10x_dma.o(i.DMA_Cmd) for DMA_Cmd
    ad.o(i.ADC1_Mode_Config) refers to stm32f10x_adc.o(i.ADC_Init) for ADC_Init
    ad.o(i.ADC1_Mode_Config) refers to stm32f10x_rcc.o(i.RCC_ADCCLKConfig) for RCC_ADCCLKConfig
    ad.o(i.ADC1_Mode_Config) refers to stm32f10x_adc.o(i.ADC_RegularChannelConfig) for ADC_RegularChannelConfig
    ad.o(i.ADC1_Mode_Config) refers to stm32f10x_adc.o(i.ADC_DMACmd) for ADC_DMACmd
[...]
    ../clib/angel/scatter.s                  0x00000000   Number         0  __scatter.o ABSOLUTE
    ../clib/angel/startup.s                  0x00000000   Number         0  __main.o ABSOLUTE
    ../clib/angel/sys.s                      0x00000000   Number         0  use_no_semi.o ABSOLUTE
    ../clib/angel/sys.s                      0x00000000   Number         0  indicate_semi.o ABSOLUTE
    ../clib/angel/sys.s                      0x00000000   Number         0  libspace.o ABSOLUTE
    ../clib/angel/sys.s                      0x00000000   Number         0  sys_stackheap_outer.o ABSOLUTE
    ../clib/angel/sysapp.c                   0x00000000   Number         0  sys_command.o ABSOLUTE
    ../clib/angel/sysapp.c                   0x00000000   Number         0  sys_exit.o ABSOLUTE
    ../clib/angel/sysapp.c                   0x00000000   Number         0  sys_wrch.o ABSOLUTE
    ../clib/armsys.c                         0x00000000   Number         0  argv_veneer.o ABSOLUTE
    ../clib/armsys.c                         0x00000000   Number         0  no_argv.o ABSOLUTE
    ../clib/armsys.c                         0x00000000   Number         0  argv_veneer.o ABSOLUTE
    ../clib/armsys.c                         0x00000000   Number         0  _get_argv_nomalloc.o ABSOLUTE
    ../clib/heapalloc.c                      0x00000000   Number         0  hrguard.o ABSOLUTE
    ../clib/heapaux.c                        0x00000000   Number         0  heapauxi.o ABSOLUTE
    ../clib/libinit.s                        0x00000000   Number         0  libshutdown.o ABSOLUTE
    ../clib/libinit.s                        0x00000000   Number         0  libinit.o ABSOLUTE
    ../clib/libinit.s                        0x00000000   Number         0  libinit2.o ABSOLUTE
    ../clib/libinit.s                        0x00000000   Number         0  libshutdown2.o ABSOLUTE
    ../clib/signal.c                         0x00000000   Number         0  defsig_segv_inner.o ABSOLUTE
    ../clib/signal.c                         0x00000000   Number         0  defsig_exit.o ABSOLUTE
    ../clib/signal.c                         0x00000000   Number         0  defsig_rtmem_outer.o ABSOLUTE
    ../clib/signal.c                         0x00000000   Number         0  defsig_rtmem_formal.o ABSOLUTE
    ../clib/signal.c                         0x00000000   Number         0  defsig_rtmem_inner.o ABSOLUTE
    ../clib/signal.c                         0x00000000   Number         0  __raise.o ABSOLUTE
    ../clib/signal.c                         0x00000000   Number         0  defsig_general.o ABSOLUTE
    ../clib/signal.c                         0x00000000   Number         0  defsig_other.o ABSOLUTE
    ../clib/signal.c                         0x00000000   Number         0  defsig_abrt_inner.o ABSOLUTE
    ../clib/signal.c                         0x00000000   Number         0  defsig_fpe_inner.o ABSOLUTE
    ../clib/signal.c                         0x00000000   Number         0  defsig_rtred_inner.o ABSOLUTE
    ../clib/signal.c                         0x00000000   Number         0  defsig_stak_inner.o ABSOLUTE
    ../clib/signal.c                         0x00000000   Number         0  defsig_pvfn_inner.o ABSOLUTE
    ../clib/signal.c                         0x00000000   Number         0  defsig_cppl_inner.o ABSOLUTE
    ../clib/signal.s                         0x00000000   Number         0  defsig.o ABSOLUTE
    ../clib/stdlib.c                         0x00000000   Number         0  exit.o ABSOLUTE
    ../fplib/d2f.s                           0x00000000   Number         0  d2f.o ABSOLUTE
    ../fplib/daddsub.s                       0x00000000   Number         0  daddsub_clz.o ABSOLUTE
    ../fplib/dcmpi.s                         0x00000000   Number         0  dcmpi.o ABSOLUTE
    ../fplib/ddiv.s                          0x00000000   Number         0  ddiv.o ABSOLUTE
    ../fplib/dfixu.s                         0x00000000   Number         0  dfixu.o ABSOLUTE
    ../fplib/dflt.s                          0x00000000   Number         0  dflt_clz.o ABSOLUTE
    ../fplib/dleqf.s                         0x00000000   Number         0  dleqf.o ABSOLUTE
    ../fplib/dmul.s                          0x00000000   Number         0  dmul.o ABSOLUTE
    ../fplib/dnaninf.s                       0x00000000   Number         0  dnaninf.o ABSOLUTE
    ../fplib/dretinf.s                       0x00000000   Number         0  dretinf.o ABSOLUTE
    ../fplib/drleqf.s                        0x00000000   Number         0  drleqf.o ABSOLUTE
    ../fplib/f2d.s                           0x00000000   Number         0  f2d.o ABSOLUTE
    ../fplib/faddsub.s                       0x00000000   Number         0  faddsub_clz.o ABSOLUTE
    ../fplib/fcmpi.s                         0x00000000   Number         0  fcmpi.o ABSOLUTE
    ../fplib/ffix.s                          0x00000000   Number         0  ffix.o ABSOLUTE
    ../fplib/ffixu.s                         0x00000000   Number         0  ffixu.o ABSOLUTE
    ../fplib/fflt.s                          0x00000000   Number         0  fflt_clz.o ABSOLUTE
    ../fplib/fleqf.s                         0x00000000   Number         0  fleqf.o ABSOLUTE
    ../fplib/fmul.s                          0x00000000   Number         0  fmul.o ABSOLUTE
    ../fplib/fnaninf.s                       0x00000000   Number         0  fnaninf.o ABSOLUTE
    ../fplib/fpinit.s                        0x00000000   Number         0  fpinit.o ABSOLUTE
    ../fplib/fretinf.s                       0x00000000   Number         0  fretinf.o ABSOLUTE
    ../fplib/frleqf.s                        0x00000000   Number         0  frleqf.o ABSOLUTE
    ../fplib/usenofp.s                       0x00000000   Number         0  usenofp.o ABSOLUTE
    ..\CM3\CoreSupport\core_cm3.c            0x00000000   Number         0  core_cm3.o ABSOLUTE
    ..\CM3\DeviceSupport\ST\STM32F10x\system_stm32f10x.c 0x00000000   Number         0  system_stm32f10x.o ABSOLUTE
    ..\Config\Globle.c                       0x00000000   Number         0  globle.o ABSOLUTE
    ..\Config\delay.c                        0x00000000   Number         0  delay.o ABSOLUTE
    ..\Config\timer.c                        0x00000000   Number         0  timer.o ABSOLUTE
    ..\Config\usart.c                        0x00000000   Number         0  usart.o ABSOLUTE
    ..\Hardware\AD.c                         0x00000000   Number         0  ad.o ABSOLUTE
    ..\Hardware\DAC8554.c                    0x00000000   Number         0  dac8554.o ABSOLUTE
    ..\Hardware\Dio.c                        0x00000000   Number         0  dio.o ABSOLUTE
    ..\Hardware\MuxCfg.c                     0x00000000   Number         0  muxcfg.o ABSOLUTE
    ..\Hardware\Pwm.c                        0x00000000   Number         0  pwm.o ABSOLUTE
    ..\Hardware\W25Q16.c                     0x00000000   Number         0  w25q16.o ABSOLUTE
    ..\Hardware\io_spi.c                     0x00000000   Number         0  io_spi.o ABSOLUTE
    ..\Hardware\myiic.c                      0x00000000   Number         0  myiic.o ABSOLUTE
    ..\Libraries\src\misc.c                  0x00000000   Number         0  misc.o ABSOLUTE
    ..\Libraries\src\stm32f10x_adc.c         0x00000000   Number         0  stm32f10x_adc.o ABSOLUTE
    ..\Libraries\src\stm32f10x_crc.c         0x00000000   Number         0  stm32f10x_crc.o ABSOLUTE
    ..\Libraries\src\stm32f10x_dma.c         0x00000000   Number         0  stm32f10x_dma.o ABSOLUTE
    ..\Libraries\src\stm32f10x_gpio.c        0x00000000   Number         0  stm32f10x_gpio.o ABSOLUTE
    ..\Libraries\src\stm32f10x_i2c.c         0x00000000   Number         0  stm32f10x_i2c.o ABSOLUTE
    ..\Libraries\src\stm32f10x_rcc.c         0x00000000   Number         0  stm32f10x_rcc.o ABSOLUTE
    ..\Libraries\src\stm32f10x_sdio.c        0x00000000   Number         0  stm32f10x_sdio.o ABSOLUTE
    ..\Libraries\src\stm32f10x_spi.c         0x00000000   Number         0  stm32f10x_spi.o ABSOLUTE
    ..\Libraries\src\stm32f10x_tim.c         0x00000000   Number         0  stm32f10x_tim.o ABSOLUTE
    ..\Libraries\src\stm32f10x_usart.c       0x00000000   Number         0  stm32f10x_usart.o ABSOLUTE
    ..\Modbus\modbus.c                       0x00000000   Number         0  modbus.o ABSOLUTE
    ..\Pid\pid.c                             0x00000000   Number         0  pid.o ABSOLUTE
    ..\Startup\startup_stm32f10x_hd.s        0x00000000   Number         0  startup_stm32f10x_hd.o ABSOLUTE
    ..\User\main.c                           0x00000000   Number         0  main.o ABSOLUTE
    ..\User\stm32f10x_it.c                   0x00000000   Number         0  stm32f10x_it.o ABSOLUTE
    ..\\CM3\\CoreSupport\\core_cm3.c         0x00000000   Number         0  core_cm3.o ABSOLUTE
    dc.s                                     0x00000000   Number         0  dc.o ABSOLUTE
    RESET                                    0x08000000   Section      304  startup_stm32f10x_hd.o(RESET)
    !!!main                                  0x08000130   Section        8  __main.o(!!!main)
    !!!scatter                               0x08000138   Section       52  __scatter.o(!!!scatter)
    !!handler_copy                           0x0800016c   Section       26  __scatter_copy.o(!!handler_copy)
    !!handler_zi                             0x08000188   Section       28  __scatter_zi.o(!!handler_zi)
    .ARM.Collect$$libinit$$00000000          0x080001a4   Section        2  libinit.o(.ARM.Collect$$libinit$$00000000)
    .ARM.Collect$$libinit$$00000002          0x080001a6   Section        0  libinit2.o(.ARM.Collect$$libinit$$00000002)
    .ARM.Collect$$libinit$$00000004          0x080001a6   Section        0  libinit2.o(.ARM.Collect$$libinit$$00000004)
    .ARM.Collect$$libinit$$0000000A          0x080001a6   Section        0  libinit2.o(.ARM.Collect$$libinit$$0000000A)
    .ARM.Collect$$libinit$$0000000C          0x080001a6   Section        0  libinit2.o(.ARM.Collect$$libinit$$0000000C)
    .ARM.Collect$$libinit$$0000000E          0x080001a6   Section        0  libinit2.o(.ARM.Collect$$libinit$$0000000E)
    .ARM.Collect$$libinit$$00000011          0x080001a6   Section        0  libinit2.o(.ARM.Collect$$libinit$$00000011)
    .ARM.Collect$$libinit$$00000013          0x080001a6   Section        0  libinit2.o(.ARM.Collect$$libinit$$00000013)
    .ARM.Collect$$libinit$$00000015          0x080001a6   Section        0  libinit2.o(.ARM.Collect$$libinit$$00000015)
    .ARM.Collect$$libinit$$00000017          0x080001a6   Section        0  libinit2.o(.ARM.Collect$$libinit$$00000017)
    .ARM.Collect$$libinit$$00000019          0x080001a6   Section        0  libinit2.o(.ARM.Collect$$libinit$$00000019)
    .ARM.Collect$$libinit$$0000001B          0x080001a6   Section        0  libinit2.o(.ARM.Collect$$libinit$$0000001B)
    .ARM.Collect$$libinit$$0000001D          0x080001a6   Section        0  libinit2.o(.ARM.Collect$$libinit$$0000001D)
    .ARM.Collect$$libinit$$0000001F          0x080001a6   Section        0  libinit2.o(.ARM.Collect$$libinit$$0000001F)
    .ARM.Collect$$libinit$$00000021          0x080001a6   Section        0  libinit2.o(.ARM.Collect$$libinit$$00000021)
    .ARM.Collect$$libinit$$00000023          0x080001a6   Section        0  libinit2.o(.ARM.Collect$$libinit$$00000023)
    .ARM.Collect$$libinit$$00000025          0x080001a6   Section        0  libinit2.o(.ARM.Collect$$libinit$$00000025)
    .ARM.Collect$$libinit$$0000002C          0x080001a6   Section        0  libinit2.o(.ARM.Collect$$libinit$$0000002C)
    .ARM.Collect$$libinit$$0000002E          0x080001a6   Section        0  libinit2.o(.ARM.Collect$$libinit$$0000002E)
    .ARM.Collect$$libinit$$00000030          0x080001a6   Section        0  libinit2.o(.ARM.Collect$$libinit$$00000030)
    .ARM.Collect$$libinit$$00000032          0x080001a6   Section        0  libinit2.o(.ARM.Collect$$libinit$$00000032)
    .ARM.Collect$$libinit$$00000033          0x080001a6   Section        2  libinit2.o(.ARM.Collect$$libinit$$00000033)
    .ARM.Collect$$libshutdown$$00000000      0x080001a8   Section        2  libshutdown.o(.ARM.Collect$$libshutdown$$00000000)
    .ARM.Collect$$libshutdown$$00000002      0x080001aa   Section        0  libshutdown2.o(.ARM.Collect$$libshutdown$$00000002)
    .ARM.Collect$$libshutdown$$00000004      0x080001aa   Section        0  libshutdown2.o(.ARM.Collect$$libshutdown$$00000004)
    .ARM.Collect$$libshutdown$$00000007      0x080001aa   Section        0  libshutdown2.o(.ARM.Collect$$libshutdown$$00000007)
    .ARM.Collect$$libshutdown$$0000000A      0x080001aa   Section        0  libshutdown2.o(.ARM.Collect$$libshutdown$$0000000A)
    .ARM.Collect$$libshutdown$$0000000C      0x080001aa   Section        0  libshutdown2.o(.ARM.Collect$$libshutdown$$0000000C)
    .ARM.Collect$$libshutdown$$0000000F      0x080001aa   Section        0  libshutdown2.o(.ARM.Collect$$libshutdown$$0000000F)
    .ARM.Collect$$libshutdown$$00000010      0x080001aa   Section        2  libshutdown2.o(.ARM.Collect$$libshutdown$$00000010)
    .ARM.Collect$$rtentry$$00000000          0x080001ac   Section        0  __rtentry.o(.ARM.Collect$$rtentry$$00000000)
    .ARM.Collect$$rtentry$$00000002          0x080001ac   Section        0  __rtentry2.o(.ARM.Collect$$rtentry$$00000002)
    .ARM.Collect$$rtentry$$00000004          0x080001ac   Section        6  __rtentry4.o(.ARM.Collect$$rtentry$$00000004)
    .ARM.Collect$$rtentry$$00000009          0x080001b2   Section        0  __rtentry2.o(.ARM.Collect$$rtentry$$00000009)
    .ARM.Collect$$rtentry$$0000000A          0x080001b2   Section        4  __rtentry2.o(.ARM.Collect$$rtentry$$0000000A)
    .ARM.Collect$$rtentry$$0000000C          0x080001b6   Section        0  __rtentry2.o(.ARM.Collect$$rtentry$$0000000C)
    .ARM.Collect$$rtentry$$0000000D          0x080001b6   Section        8  __rtentry2.o(.ARM.Collect$$rtentry$$0000000D)
    .ARM.Collect$$rtexit$$00000000           0x080001be   Section        2  rtexit.o(.ARM.Collect$$rtexit$$00000000)
    .ARM.Collect$$rtexit$$00000002           0x080001c0   Section        0  rtexit2.o(.ARM.Collect$$rtexit$$00000002)
    .ARM.Collect$$rtexit$$00000003           0x080001c0   Section        4  rtexit2.o(.ARM.Collect$$rtexit$$00000003)
    .ARM.Collect$$rtexit$$00000004           0x080001c4   Section        6  rtexit2.o(.ARM.Collect$$rtexit$$00000004)
    .text                                    0x080001cc   Section       64  startup_stm32f10x_hd.o(.text)
    .text                                    0x0800020c   Section        0  heapauxi.o(.text)
    .text                                    0x08000212   Section       74  sys_stackheap_outer.o(.text)
    .text                                    0x0800025c   Section        0  exit.o(.text)
    .text                                    0x08000270   Section        8  libspace.o(.text)
    .text                                    0x08000278   Section        0  sys_exit.o(.text)
    .text                                    0x08000284   Section        2  use_no_semi.o(.text)
    .text                                    0x08000286   Section        0  indicate_semi.o(.text)
    i.ADC1_GPIO_Config                       0x08000288   Section        0  ad.o(i.ADC1_GPIO_Config)
    i.ADC1_Mode_Config                       0x080002b8   Section        0  ad.o(i.ADC1_Mode_Config)
    i.ADC_Cmd                                0x080003dc   Section        0  stm32f10x_adc.o(i.ADC_Cmd)
    i.ADC_DMACmd                             0x080003f2   Section        0  stm32f10x_adc.o(i.ADC_DMACmd)
    i.ADC_GetCalibrationStatus               0x08000408   Section        0  stm32f10x_adc.o(i.ADC_GetCalibrationStatus)
    i.ADC_GetResetCalibrationStatus          0x0800041c   Section        0  stm32f10x_adc.o(i.ADC_GetResetCalibrationStatus)
    i.ADC_Init                               0x08000430   Section        0  stm32f10x_adc.o(i.ADC_Init)
    i.ADC_RegularChannelConfig               0x08000480   Section        0  stm32f10x_adc.o(i.ADC_RegularChannelConfig)
    i.ADC_ResetCalibration                   0x08000538   Section        0  stm32f10x_adc.o(i.ADC_ResetCalibration)
    i.ADC_SoftwareStartConvCmd               0x08000542   Section        0  stm32f10x_adc.o(i.ADC_SoftwareStartConvCmd)
    i.ADC_StartCalibration                   0x08000558   Section        0  stm32f10x_adc.o(i.ADC_StartCalibration)
    i.BusFault_Handler                       0x08000562   Section        0  stm32f10x_it.o(i.BusFault_Handler)
    i.DAC7554_GPIO_Config                    0x08000568   Section        0  dac8554.o(i.DAC7554_GPIO_Config)
    i.DAC7554_Send_16_bits                   0x0800059c   Section        0  dac8554.o(i.DAC7554_Send_16_bits)
    i.DAC8554_delay                          0x08000608   Section        0  dac8554.o(i.DAC8554_delay)
    i.DMA_Cmd                                0x08000614   Section        0  stm32f10x_dma.o(i.DMA_Cmd)
    i.DMA_DeInit                             0x0800062c   Section        0  stm32f10x_dma.o(i.DMA_DeInit)
    i.DMA_Init                               0x08000778   Section        0  stm32f10x_dma.o(i.DMA_Init)
    i.DealModBus                             0x080007b4   Section        0  modbus.o(i.DealModBus)
    i.DebugMon_Handler                       0x08000aa8   Section        0  stm32f10x_it.o(i.DebugMon_Handler)
    i.DiGpioCfg                              0x08000aac   Section        0  dio.o(i.DiGpioCfg)
    i.DioCfg                                 0x08000ad8   Section        0  dio.o(i.DioCfg)
    i.DoMuxGpioCfg                           0x08000ae4   Section        0  dio.o(i.DoMuxGpioCfg)
    i.GPIO_Init                              0x08000b1c   Section        0  stm32f10x_gpio.o(i.GPIO_Init)
    i.GPIO_PinRemapConfig                    0x08000c34   Section        0  stm32f10x_gpio.o(i.GPIO_PinRemapConfig)
    i.GPIO_ReadInputData                     0x08000cc4   Section        0  stm32f10x_gpio.o(i.GPIO_ReadInputData)
    i.GPIO_ResetBits                         0x08000ccc   Section        0  stm32f10x_gpio.o(i.GPIO_ResetBits)
    i.GPIO_SetBits                           0x08000cd0   Section        0  stm32f10x_gpio.o(i.GPIO_SetBits)
    i.GPIO_WriteBit                          0x08000cd4   Section        0  stm32f10x_gpio.o(i.GPIO_WriteBit)
    i.GetDiMap                               0x08000ce0   Section        0  dio.o(i.GetDiMap)
    i.HardFault_Handler                      0x08000cf4   Section        0  stm32f10x_it.o(i.HardFault_Handler)
    i.LedInit                                0x08000cf8   Section        0  main.o(i.LedInit)
    i.MemManage_Handler                      0x08000d48   Section        0  stm32f10x_it.o(i.MemManage_Handler)
    i.NMI_Handler                            0x08000d4c   Section        0  stm32f10x_it.o(i.NMI_Handler)
    i.NVIC_Configuration                     0x08000d4e   Section        0  main.o(i.NVIC_Configuration)
    i.NVIC_Init                              0x08000d94   Section        0  misc.o(i.NVIC_Init)
    i.NVIC_PriorityGroupConfig               0x08000e04   Section        0  misc.o(i.NVIC_PriorityGroupConfig)
    i.NVIC_SetVectorTable                    0x08000e18   Section        0  misc.o(i.NVIC_SetVectorTable)
    i.PWM1_Init                              0x08000e2c   Section        0  pwm.o(i.PWM1_Init)
    i.PWM1_SetHighTime                       0x08000ec8   Section        0  pwm.o(i.PWM1_SetHighTime)
    i.PWM2_Init                              0x08000eec   Section        0  pwm.o(i.PWM2_Init)
    i.PWM2_SetHighTime                       0x08000f88   Section        0  pwm.o(i.PWM2_SetHighTime)
    i.PendSV_Handler                         0x08000fac   Section        0  stm32f10x_it.o(i.PendSV_Handler)
    i.RCC_ADCCLKConfig                       0x08000fb0   Section        0  stm32f10x_rcc.o(i.RCC_ADCCLKConfig)
    i.RCC_AHBPeriphClockCmd                  0x08000fc8   Section        0  stm32f10x_rcc.o(i.RCC_AHBPeriphClockCmd)
    i.RCC_APB1PeriphClockCmd                 0x08000fe8   Section        0  stm32f10x_rcc.o(i.RCC_APB1PeriphClockCmd)
    i.RCC_APB1PeriphResetCmd                 0x08001008   Section        0  stm32f10x_rcc.o(i.RCC_APB1PeriphResetCmd)
    i.RCC_APB2PeriphClockCmd                 0x08001028   Section        0  stm32f10x_rcc.o(i.RCC_APB2PeriphClockCmd)
    i.RCC_APB2PeriphResetCmd                 0x08001048   Section        0  stm32f10x_rcc.o(i.RCC_APB2PeriphResetCmd)
    i.RCC_Configuration                      0x08001068   Section        0  main.o(i.RCC_Configuration)
    i.RCC_DeInit                             0x080010c0   Section        0  stm32f10x_rcc.o(i.RCC_DeInit)
    i.RCC_GetClocksFreq                      0x0800110c   Section        0  stm32f10x_rcc.o(i.RCC_GetClocksFreq)
    i.RCC_GetFlagStatus                      0x080011e0   Section        0  stm32f10x_rcc.o(i.RCC_GetFlagStatus)
    i.RCC_GetSYSCLKSource                    0x0800121c   Section        0  stm32f10x_rcc.o(i.RCC_GetSYSCLKSource)
    i.RCC_HCLKConfig                         0x0800122c   Section        0  stm32f10x_rcc.o(i.RCC_HCLKConfig)
    i.RCC_HSEConfig                          0x08001244   Section        0  stm32f10x_rcc.o(i.RCC_HSEConfig)
    i.RCC_PCLK1Config                        0x08001290   Section        0  stm32f10x_rcc.o(i.RCC_PCLK1Config)
    i.RCC_PCLK2Config                        0x080012a8   Section        0  stm32f10x_rcc.o(i.RCC_PCLK2Config)
    i.RCC_PLLCmd                             0x080012c0   Section        0  stm32f10x_rcc.o(i.RCC_PLLCmd)
    i.RCC_PLLConfig                          0x080012cc   Section        0  stm32f10x_rcc.o(i.RCC_PLLConfig)
    i.RCC_SYSCLKConfig                       0x080012e8   Section        0  stm32f10x_rcc.o(i.RCC_SYSCLKConfig)
    i.RCC_WaitForHSEStartUp                  0x08001300   Section        0  stm32f10x_rcc.o(i.RCC_WaitForHSEStartUp)
    i.ReadAdOfChannel                        0x08001338   Section        0  ad.o(i.ReadAdOfChannel)
    i.SPI_Cmd                                0x08001434   Section        0  stm32f10x_spi.o(i.SPI_Cmd)
    i.SPI_Flash_Init                         0x0800144c   Section        0  w25q16.o(i.SPI_Flash_Init)
    i.SPI_Init                               0x08001454   Section        0  stm32f10x_spi.o(i.SPI_Init)
    i.SPIx_Init                              0x08001490   Section        0  w25q16.o(i.SPIx_Init)
    i.SVC_Handler                            0x08001568   Section        0  stm32f10x_it.o(i.SVC_Handler)
    i.SetAoOut                               0x0800156c   Section        0  dac8554.o(i.SetAoOut)
    i.SetSpdtState                           0x08001718   Section        0  dio.o(i.SetSpdtState)
    i.SetSysClock                            0x080017c0   Section        0  system_stm32f10x.o(i.SetSysClock)
    SetSysClock                              0x080017c1   Thumb Code     8  system_stm32f10x.o(i.SetSysClock)
    i.SetSysClockTo72                        0x080017c8   Section        0  system_stm32f10x.o(i.SetSysClockTo72)
    SetSysClockTo72                          0x080017c9   Thumb Code   214  system_stm32f10x.o(i.SetSysClockTo72)
    i.SysTick_CLKSourceConfig                0x080018a8   Section        0  misc.o(i.SysTick_CLKSourceConfig)
    i.SysTick_Handler                        0x080018d0   Section        0  stm32f10x_it.o(i.SysTick_Handler)
    i.SystemInit                             0x080018d4   Section        0  system_stm32f10x.o(i.SystemInit)
    i.TIM2_IRQHandler                        0x08001934   Section        0  stm32f10x_it.o(i.TIM2_IRQHandler)
    i.TIM_ClearFlag                          0x08001984   Section        0  stm32f10x_tim.o(i.TIM_ClearFlag)
    i.TIM_ClearITPendingBit                  0x0800198a   Section        0  stm32f10x_tim.o(i.TIM_ClearITPendingBit)
    i.TIM_Cmd                                0x08001990   Section        0  stm32f10x_tim.o(i.TIM_Cmd)
    i.TIM_DeInit                             0x080019a8   Section        0  stm32f10x_tim.o(i.TIM_DeInit)
    i.TIM_GetITStatus                        0x08001b90   Section        0  stm32f10x_tim.o(i.TIM_GetITStatus)
    i.TIM_ITConfig                           0x08001bb2   Section        0  stm32f10x_tim.o(i.TIM_ITConfig)
    i.TIM_OC1Init                            0x08001bc4   Section        0  stm32f10x_tim.o(i.TIM_OC1Init)
    i.TIM_OC1PreloadConfig                   0x08001c5c   Section        0  stm32f10x_tim.o(i.TIM_OC1PreloadConfig)
    i.TIM_SetCompare1                        0x08001c6e   Section        0  stm32f10x_tim.o(i.TIM_SetCompare1)
    i.TIM_SetCounter                         0x08001c72   Section        0  stm32f10x_tim.o(i.TIM_SetCounter)
    i.TIM_TimeBaseInit                       0x08001c78   Section        0  stm32f10x_tim.o(i.TIM_TimeBaseInit)
    i.Tim2Configure                          0x08001d1c   Section        0  timer.o(i.Tim2Configure)
    i.USART1_IRQHandler                      0x08001d6c   Section        0  stm32f10x_it.o(i.USART1_IRQHandler)
    i.USART_ClearFlag                        0x08001e60   Section        0  stm32f10x_usart.o(i.USART_ClearFlag)
    i.USART_ClearITPendingBit                0x08001e72   Section        0  stm32f10x_usart.o(i.USART_ClearITPendingBit)
    i.USART_Cmd                              0x08001e90   Section        0  stm32f10x_usart.o(i.USART_Cmd)
    i.USART_DeInit                           0x08001ea8   Section        0  stm32f10x_usart.o(i.USART_DeInit)
    i.USART_GetFlagStatus                    0x08001f44   Section        0  stm32f10x_usart.o(i.USART_GetFlagStatus)
    i.USART_GetITStatus                      0x08001f5e   Section        0  stm32f10x_usart.o(i.USART_GetITStatus)
    i.USART_ITConfig                         0x08001fb2   Section        0  stm32f10x_usart.o(i.USART_ITConfig)
    i.USART_Init                             0x08001ffc   Section        0  stm32f10x_usart.o(i.USART_Init)
    i.USART_ReceiveData                      0x080020d4   Section        0  stm32f10x_usart.o(i.USART_ReceiveData)
    i.USART_SendData                         0x080020de   Section        0  stm32f10x_usart.o(i.USART_SendData)
    i.UsageFault_Handler                     0x080020e6   Section        0  stm32f10x_it.o(i.UsageFault_Handler)
    i.UsartConfigure                         0x080020ec   Section        0  usart.o(i.UsartConfigure)
    i.crc16                                  0x080021ac   Section        0  modbus.o(i.crc16)
    i.delay_init                             0x080021f0   Section        0  delay.o(i.delay_init)
    i.delay_ms                               0x08002234   Section        0  delay.o(i.delay_ms)
    i.delay_nms                              0x08002280   Section        0  usart.o(i.delay_nms)
    i.main                                   0x080022a0   Section        0  main.o(i.main)
    i.zh_USART_SendData                      0x080023ec   Section        0  usart.o(i.zh_USART_SendData)
    i.zh_USART_SendString                    0x0800240c   Section        0  usart.o(i.zh_USART_SendString)
    x$fpl$d2f                                0x08002424   Section       98  d2f.o(x$fpl$d2f)
    x$fpl$dadd                               0x08002488   Section      336  daddsub_clz.o(x$fpl$dadd)
    _dadd1                                   0x08002499   Thumb Code     0  daddsub_clz.o(x$fpl$dadd)
    x$fpl$dcmpinf                            0x080025d8   Section       24  dcmpi.o(x$fpl$dcmpinf)
    x$fpl$ddiv                               0x080025f0   Section      688  ddiv.o(x$fpl$ddiv)
    ddiv_entry                               0x080025f7   Thumb Code     0  ddiv.o(x$fpl$ddiv)
    x$fpl$dfixu                              0x080028a0   Section       90  dfixu.o(x$fpl$dfixu)
    x$fpl$dfltu                              0x080028fa   Section       38  dflt_clz.o(x$fpl$dfltu)
    x$fpl$dleqf                              0x08002920   Section      120  dleqf.o(x$fpl$dleqf)
    x$fpl$dmul                               0x08002998   Section      340  dmul.o(x$fpl$dmul)
    x$fpl$dnaninf                            0x08002aec   Section      156  dnaninf.o(x$fpl$dnaninf)
    x$fpl$dretinf                            0x08002b88   Section       12  dretinf.o(x$fpl$dretinf)
    x$fpl$drleqf                             0x08002b94   Section      108  drleqf.o(x$fpl$drleqf)
    x$fpl$dsub                               0x08002c00   Section      468  daddsub_clz.o(x$fpl$dsub)
    _dsub1                                   0x08002c11   Thumb Code     0  daddsub_clz.o(x$fpl$dsub)
    x$fpl$f2d                                0x08002dd4   Section       86  f2d.o(x$fpl$f2d)
    x$fpl$fcmpinf                            0x08002e2a   Section       24  fcmpi.o(x$fpl$fcmpinf)
    x$fpl$ffixu                              0x08002e44   Section       62  ffixu.o(x$fpl$ffixu)
    x$fpl$ffltu                              0x08002e84   Section       38  fflt_clz.o(x$fpl$ffltu)
    x$fpl$fleqf                              0x08002eac   Section      104  fleqf.o(x$fpl$fleqf)
    x$fpl$fmul                               0x08002f14   Section      258  fmul.o(x$fpl$fmul)
    x$fpl$fnaninf                            0x08003016   Section      140  fnaninf.o(x$fpl$fnaninf)
    x$fpl$fretinf                            0x080030a2   Section       10  fretinf.o(x$fpl$fretinf)
    x$fpl$usenofp                            0x080030ac   Section        0  usenofp.o(x$fpl$usenofp)
    .data                                    0x20000000   Section       20  system_stm32f10x.o(.data)
    .data                                    0x20000014   Section       20  stm32f10x_rcc.o(.data)
    APBAHBPrescTable                         0x20000014   Data          16  stm32f10x_rcc.o(.data)
    ADCPrescTable                            0x20000024   Data           4  stm32f10x_rcc.o(.data)
    .data                                    0x20000028   Section        4  ad.o(.data)
    .data                                    0x2000002c   Section        2  dac8554.o(.data)
    .data                                    0x2000002e   Section        2  pwm.o(.data)
    .data                                    0x20000030   Section        4  delay.o(.data)
    fac_us                                   0x20000030   Data           1  delay.o(.data)
    fac_ms                                   0x20000032   Data           2  delay.o(.data)
    .data                                    0x20000034   Section       11  globle.o(.data)
    .data                                    0x20000040   Section        4  modbus.o(.data)
    .data                                    0x20000044   Section        8  main.o(.data)
    .bss                                     0x2000004c   Section      848  globle.o(.bss)
    .bss                                     0x2000039c   Section       96  libspace.o(.bss)
    HEAP                                     0x20000400   Section      512  startup_stm32f10x_hd.o(HEAP)
    Heap_Mem                                 0x20000400   Data         512  startup_stm32f10x_hd.o(HEAP)
    STACK                                    0x20000600   Section     1024  startup_stm32f10x_hd.o(STACK)
    Stack_Mem                                0x20000600   Data        1024  startup_stm32f10x_hd.o(STACK)
    __initial_sp                             0x20000a00   Data           0  startup_stm32f10x_hd.o(STACK)

    Global Symbols

    Symbol Name                              Value     Ov Type        Size  Object(Section)

    BuildAttributes$$THM_ISAv4$P$D$K$B$S$PE$A:L22UL41UL21$X:L11$S22US41US21$IEEE1$IW$USESV6$~STKCKD$USESV7$~SHL$OSPACE$ROPI$EBA8$UX$STANDARDLIB$REQ8$PRES8$EABIv2 0x00000000   Number         0  anon$$obj.o ABSOLUTE
    __ARM_use_no_argv                        0x00000000   Number         0  main.o ABSOLUTE
    __ARM_exceptions_init                     - Undefined Weak Reference
    __alloca_initialize                       - Undefined Weak Reference
    __arm_preinit_                            - Undefined Weak Reference
    __cpp_initialize__aeabi_                  - Undefined Weak Reference
    __cxa_finalize                            - Undefined Weak Reference
    __rt_locale                               - Undefined Weak Reference
    __sigvec_lookup                           - Undefined Weak Reference
    _atexit_init                              - Undefined Weak Reference
    _call_atexit_fns                          - Undefined Weak Reference
    _clock_init                               - Undefined Weak Reference
    _fp_trap_init                             - Undefined Weak Reference
    _fp_trap_shutdown                         - Undefined Weak Reference
    _get_lc_collate                           - Undefined Weak Reference
    _get_lc_ctype                             - Undefined Weak Reference
    _get_lc_monetary                          - Undefined Weak Reference
    _get_lc_numeric                           - Undefined Weak Reference
    _get_lc_time                              - Undefined Weak Reference
    _getenv_init                              - Undefined Weak Reference
    _handle_redirection                       - Undefined Weak Reference
    _init_alloc                               - Undefined Weak Reference
    _init_user_alloc                          - Undefined Weak Reference
    _initio                                   - Undefined Weak Reference
    _rand_init                                - Undefined Weak Reference
    _signal_finish                            - Undefined Weak Reference
    _signal_init                              - Undefined Weak Reference
    _terminate_alloc                          - Undefined Weak Reference
    _terminate_user_alloc                     - Undefined Weak Reference
    _terminateio                              - Undefined Weak Reference
    __Vectors_Size                           0x00000130   Number         0  startup_stm32f10x_hd.o ABSOLUTE
    __Vectors                                0x08000000   Data           4  startup_stm32f10x_hd.o(RESET)
    __Vectors_End                            0x08000130   Data           0  startup_stm32f10x_hd.o(RESET)
    __main                                   0x08000131   Thumb Code     8  __main.o(!!!main)
    __scatterload                            0x08000139   Thumb Code     0  __scatter.o(!!!scatter)
    __scatterload_rt2                        0x08000139   Thumb Code    44  __scatter.o(!!!scatter)
    __scatterload_rt2_thumb_only             0x08000139   Thumb Code     0  __scatter.o(!!!scatter)
    __scatterload_null                       0x08000147   Thumb Code     0  __scatter.o(!!!scatter)
    __scatterload_copy                       0x0800016d   Thumb Code    26  __scatter_copy.o(!!handler_copy)
    __scatterload_zeroinit                   0x08000189   Thumb Code    28  __scatter_zi.o(!!handler_zi)
    __rt_lib_init                            0x080001a5   Thumb Code     0  libinit.o(.ARM.Collect$$libinit$$00000000)
    __rt_lib_init_alloca_1                   0x080001a7   Thumb Code     0  libinit2.o(.ARM.Collect$$libinit$$0000002E)
    __rt_lib_init_argv_1                     0x080001a7   Thumb Code     0  libinit2.o(.ARM.Collect$$libinit$$0000002C)
    __rt_lib_init_atexit_1                   0x080001a7   Thumb Code     0  libinit2.o(.ARM.Collect$$libinit$$0000001B)
    __rt_lib_init_clock_1                    0x080001a7   Thumb Code     0  libinit2.o(.ARM.Collect$$libinit$$00000021)
    __rt_lib_init_cpp_1                      0x080001a7   Thumb Code     0  libinit2.o(.ARM.Collect$$libinit$$00000032)
    __rt_lib_init_exceptions_1               0x080001a7   Thumb Code     0  libinit2.o(.ARM.Collect$$libinit$$00000030)
    __rt_lib_init_fp_1                       0x080001a7   Thumb Code     0  libinit2.o(.ARM.Collect$$libinit$$00000002)
    __rt_lib_init_fp_trap_1                  0x080001a7   Thumb Code     0  libinit2.o(.ARM.Collect$$libinit$$0000001F)
    __rt_lib_init_getenv_1                   0x080001a7   Thumb Code     0  libinit2.o(.ARM.Collect$$libinit$$00000023)
    __rt_lib_init_heap_1                     0x080001a7   Thumb Code     0  libinit2.o(.ARM.Collect$$libinit$$0000000A)
    __rt_lib_init_lc_collate_1               0x080001a7   Thumb Code     0  libinit2.o(.ARM.Collect$$libinit$$00000011)
    __rt_lib_init_lc_ctype_1                 0x080001a7   Thumb Code     0  libinit2.o(.ARM.Collect$$libinit$$00000013)
    __rt_lib_init_lc_monetary_1              0x080001a7   Thumb Code     0  libinit2.o(.ARM.Collect$$libinit$$00000015)
    __rt_lib_init_lc_numeric_1               0x080001a7   Thumb Code     0  libinit2.o(.ARM.Collect$$libinit$$00000017)
    __rt_lib_init_lc_time_1                  0x080001a7   Thumb Code     0  libinit2.o(.ARM.Collect$$libinit$$00000019)
    __rt_lib_init_preinit_1                  0x080001a7   Thumb Code     0  libinit2.o(.ARM.Collect$$libinit$$00000004)
    __rt_lib_init_rand_1                     0x080001a7   Thumb Code     0  libinit2.o(.ARM.Collect$$libinit$$0000000E)
    __rt_lib_init_return                     0x080001a7   Thumb Code     0  libinit2.o(.ARM.Collect$$libinit$$00000033)
    __rt_lib_init_signal_1                   0x080001a7   Thumb Code     0  libinit2.o(.ARM.Collect$$libinit$$0000001D)
    __rt_lib_init_stdio_1                    0x080001a7   Thumb Code     0  libinit2.o(.ARM.Collect$$libinit$$00000025)
    __rt_lib_init_user_alloc_1               0x080001a7   Thumb Code     0  libinit2.o(.ARM.Collect$$libinit$$0000000C)
    __rt_lib_shutdown                        0x080001a9   Thumb Code     0  libshutdown.o(.ARM.Collect$$libshutdown$$00000000)
    __rt_lib_shutdown_cpp_1                  0x080001ab   Thumb Code     0  libshutdown2.o(.ARM.Collect$$libshutdown$$00000002)
    __rt_lib_shutdown_fp_trap_1              0x080001ab   Thumb Code     0  libshutdown2.o(.ARM.Collect$$libshutdown$$00000007)
    __rt_lib_shutdown_heap_1                 0x080001ab   Thumb Code     0  libshutdown2.o(.ARM.Collect$$libshutdown$$0000000F)
    __rt_lib_shutdown_return                 0x080001ab   Thumb Code     0  libshutdown2.o(.ARM.Collect$$libshutdown$$00000010)
    __rt_lib_shutdown_signal_1               0x080001ab   Thumb Code     0  libshutdown2.o(.ARM.Collect$$libshutdown$$0000000A)
    __rt_lib_shutdown_stdio_1                0x080001ab   Thumb Code     0  libshutdown2.o(.ARM.Collect$$libshutdown$$00000004)
    __rt_lib_shutdown_user_alloc_1           0x080001ab   Thumb Code     0  libshutdown2.o(.ARM.Collect$$libshutdown$$0000000C)
    __rt_entry                               0x080001ad   Thumb Code     0  __rtentry.o(.ARM.Collect$$rtentry$$00000000)
    __rt_entry_presh_1                       0x080001ad   Thumb Code     0  __rtentry2.o(.ARM.Collect$$rtentry$$00000002)
    __rt_entry_sh                            0x080001ad   Thumb Code     0  __rtentry4.o(.ARM.Collect$$rtentry$$00000004)
    __rt_entry_li                            0x080001b3   Thumb Code     0  __rtentry2.o(.ARM.Collect$$rtentry$$0000000A)
    __rt_entry_postsh_1                      0x080001b3   Thumb Code     0  __rtentry2.o(.ARM.Collect$$rtentry$$00000009)
    __rt_entry_main                          0x080001b7   Thumb Code     0  __rtentry2.o(.ARM.Collect$$rtentry$$0000000D)
    __rt_entry_postli_1                      0x080001b7   Thumb Code     0  __rtentry2.o(.ARM.Collect$$rtentry$$0000000C)
    __rt_exit                                0x080001bf   Thumb Code     0  rtexit.o(.ARM.Collect$$rtexit$$00000000)
    __rt_exit_ls                             0x080001c1   Thumb Code     0  rtexit2.o(.ARM.Collect$$rtexit$$00000003)
    __rt_exit_prels_1                        0x080001c1   Thumb Code     0  rtexit2.o(.ARM.Collect$$rtexit$$00000002)
    __rt_exit_exit                           0x080001c5   Thumb Code     0  rtexit2.o(.ARM.Collect$$rtexit$$00000004)
    Reset_Handler                            0x080001cd   Thumb Code     8  startup_stm32f10x_hd.o(.text)
    ADC1_2_IRQHandler                        0x080001e7   Thumb Code     0  startup_stm32f10x_hd.o(.text)
    ADC3_IRQHandler                          0x080001e7   Thumb Code     0  startup_stm32f10x_hd.o(.text)
    CAN1_RX1_IRQHandler                      0x080001e7   Thumb Code     0  startup_stm32f10x_hd.o(.text)
    CAN1_SCE_IRQHandler                      0x080001e7   Thumb Code     0  startup_stm32f10x_hd.o(.text)
    DMA1_Channel1_IRQHandler                 0x080001e7   Thumb Code     0  startup_stm32f10x_hd.o(.text)
    DMA1_Channel2_IRQHandler                 0x080001e7   Thumb Code     0  startup_stm32f10x_hd.o(.text)
    DMA1_Channel3_IRQHandler                 0x080001e7   Thumb Code     0  startup_stm32f10x_hd.o(.text)
    DMA1_Channel4_IRQHandler                 0x080001e7   Thumb Code     0  startup_stm32f10x_hd.o(.text)
    DMA1_Channel5_IRQHandler                 0x080001e7   Thumb Code     0  startup_stm32f10x_hd.o(.text)
    DMA1_Channel6_IRQHandler                 0x080001e7   Thumb Code     0  startup_stm32f10x_hd.o(.text)
    DMA1_Channel7_IRQHandler                 0x080001e7   Thumb Code     0  startup_stm32f10x_hd.o(.text)
    DMA2_Channel1_IRQHandler                 0x080001e7   Thumb Code     0  startup_stm32f10x_hd.o(.text)
    DMA2_Channel2_IRQHandler                 0x080001e7   Thumb Code     0  startup_stm32f10x_hd.o(.text)
    DMA2_Channel3_IRQHandler                 0x080001e7   Thumb Code     0  startup_stm32f10x_hd.o(.text)
    DMA2_Channel4_5_IRQHandler               0x080001e7   Thumb Code     0  startup_stm32f10x_hd.o(.text)
    EXTI0_IRQHandler                         0x080001e7   Thumb Code     0  startup_stm32f10x_hd.o(.text)
    EXTI15_10_IRQHandler                     0x080001e7   Thumb Code     0  startup_stm32f10x_hd.o(.text)
    EXTI1_IRQHandler                         0x080001e7   Thumb Code     0  startup_stm32f10x_hd.o(.text)
    EXTI2_IRQHandler                         0x080001e7   Thumb Code     0  startup_stm32f10x_hd.o(.text)
    EXTI3_IRQHandler                         0x080001e7   Thumb Code     0  startup_stm32f10x_hd.o(.text)
    EXTI4_IRQHandler                         0x080001e7   Thumb Code     0  startup_stm32f10x_hd.o(.text)
    EXTI9_5_IRQHandler                       0x080001e7   Thumb Code     0  startup_stm32f10x_hd.o(.text)
    FLASH_IRQHandler                         0x080001e7   Thumb Code     0  startup_stm32f10x_hd.o(.text)
    FSMC_IRQHandler                          0x080001e7   Thumb Code     0  startup_stm32f10x_hd.o(.text)
    I2C1_ER_IRQHandler                       0x080001e7   Thumb Code     0  startup_stm32f10x_hd.o(.text)
    I2C1_EV_IRQHandler                       0x080001e7   Thumb Code     0  startup_stm32f10x_hd.o(.text)
    I2C2_ER_IRQHandler                       0x080001e7   Thumb Code     0  startup_stm32f10x_hd.o(.text)
    I2C2_EV_IRQHandler                       0x080001e7   Thumb Code     0  startup_stm32f10x_hd.o(.text)
    PVD_IRQHandler                           0x080001e7   Thumb Code     0  startup_stm32f10x_hd.o(.text)
    RCC_IRQHandler                           0x080001e7   Thumb Code     0  startup_stm32f10x_hd.o(.text)
    RTCAlarm_IRQHandler                      0x080001e7   Thumb Code     0  startup_stm32f10x_hd.o(.text)
    RTC_IRQHandler                           0x080001e7   Thumb Code     0  startup_stm32f10x_hd.o(.text)
    SDIO_IRQHandler                          0x080001e7   Thumb Code     0  startup_stm32f10x_hd.o(.text)
    SPI1_IRQHandler                          0x080001e7   Thumb Code     0  startup_stm32f10x_hd.o(.text)
    SPI2_IRQHandler                          0x080001e7   Thumb Code     0  startup_stm32f10x_hd.o(.text)
    SPI3_IRQHandler                          0x080001e7   Thumb Code     0  startup_stm32f10x_hd.o(.text)
    TAMPER_IRQHandler                        0x080001e7   Thumb Code     0  startup_stm32f10x_hd.o(.text)
    TIM1_BRK_IRQHandler                      0x080001e7   Thumb Code     0  startup_stm32f10x_hd.o(.text)
    TIM1_CC_IRQHandler                       0x080001e7   Thumb Code     0  startup_stm32f10x_hd.o(.text)
    TIM1_TRG_COM_IRQHandler                  0x080001e7   Thumb Code     0  startup_stm32f10x_hd.o(.text)
    TIM1_UP_IRQHandler                       0x080001e7   Thumb Code     0  startup_stm32f10x_hd.o(.text)
    TIM3_IRQHandler                          0x080001e7   Thumb Code     0  startup_stm32f10x_hd.o(.text)
    TIM4_IRQHandler                          0x080001e7   Thumb Code     0  startup_stm32f10x_hd.o(.text)
    TIM5_IRQHandler                          0x080001e7   Thumb Code     0  startup_stm32f10x_hd.o(.text)
    TIM6_IRQHandler                          0x080001e7   Thumb Code     0  startup_stm32f10x_hd.o(.text)
    TIM7_IRQHandler                          0x080001e7   Thumb Code     0  startup_stm32f10x_hd.o(.text)
    TIM8_BRK_IRQHandler                      0x080001e7   Thumb Code     0  startup_stm32f10x_hd.o(.text)
    TIM8_CC_IRQHandler                       0x080001e7   Thumb Code     0  startup_stm32f10x_hd.o(.text)
    TIM8_TRG_COM_IRQHandler                  0x080001e7   Thumb Code     0  startup_stm32f10x_hd.o(.text)
    TIM8_UP_IRQHandler                       0x080001e7   Thumb Code     0  startup_stm32f10x_hd.o(.text)
    UART4_IRQHandler                         0x080001e7   Thumb Code     0  startup_stm32f10x_hd.o(.text)
    UART5_IRQHandler                         0x080001e7   Thumb Code     0  startup_stm32f10x_hd.o(.text)
    USART2_IRQHandler                        0x080001e7   Thumb Code     0  startup_stm32f10x_hd.o(.text)
    USART3_IRQHandler                        0x080001e7   Thumb Code     0  startup_stm32f10x_hd.o(.text)
    USBWakeUp_IRQHandler                     0x080001e7   Thumb Code     0  startup_stm32f10x_hd.o(.text)
    USB_HP_CAN1_TX_IRQHandler                0x080001e7   Thumb Code     0  startup_stm32f10x_hd.o(.text)
    USB_LP_CAN1_RX0_IRQHandler               0x080001e7   Thumb Code     0  startup_stm32f10x_hd.o(.text)
    WWDG_IRQHandler                          0x080001e7   Thumb Code     0  startup_stm32f10x_hd.o(.text)
    __user_initial_stackheap                 0x080001e9   Thumb Code     0  startup_stm32f10x_hd.o(.text)
    __use_two_region_memory                  0x0800020d   Thumb Code     2  heapauxi.o(.text)
    __rt_heap_escrow$2region                 0x0800020f   Thumb Code     2  heapauxi.o(.text)
    __rt_heap_expand$2region                 0x08000211   Thumb Code     2  heapauxi.o(.text)
    __user_setup_stackheap                   0x08000213   Thumb Code    74  sys_stackheap_outer.o(.text)
    exit                                     0x0800025d   Thumb Code    18  exit.o(.text)
    __user_libspace                          0x08000271   Thumb Code     8  libspace.o(.text)
    __user_perproc_libspace                  0x08000271   Thumb Code     0  libspace.o(.text)
    __user_perthread_libspace                0x08000271   Thumb Code     0  libspace.o(.text)
    _sys_exit                                0x08000279   Thumb Code     8  sys_exit.o(.text)
    __I$use$semihosting                      0x08000285   Thumb Code     0  use_no_semi.o(.text)
    __use_no_semihosting_swi                 0x08000285   Thumb Code     2  use_no_semi.o(.text)
    __semihosting_library_function           0x08000287   Thumb Code     0  indicate_semi.o(.text)
    ADC1_GPIO_Config                         0x08000289   Thumb Code    42  ad.o(i.ADC1_GPIO_Config)
    ADC1_Mode_Config                         0x080002b9   Thumb Code   280  ad.o(i.ADC1_Mode_Config)
    ADC_Cmd                                  0x080003dd   Thumb Code    22  stm32f10x_adc.o(i.ADC_Cmd)
    ADC_DMACmd                               0x080003f3   Thumb Code    22  stm32f10x_adc.o(i.ADC_DMACmd)
    ADC_GetCalibrationStatus                 0x08000409   Thumb Code    20  stm32f10x_adc.o(i.ADC_GetCalibrationStatus)
    ADC_GetResetCalibrationStatus            0x0800041d   Thumb Code    20  stm32f10x_adc.o(i.ADC_GetResetCalibrationStatus)
    ADC_Init                                 0x08000431   Thumb Code    70  stm32f10x_adc.o(i.ADC_Init)
    ADC_RegularChannelConfig                 0x08000481   Thumb Code   184  stm32f10x_adc.o(i.ADC_RegularChannelConfig)
    ADC_ResetCalibration                     0x08000539   Thumb Code    10  stm32f10x_adc.o(i.ADC_ResetCalibration)
    ADC_SoftwareStartConvCmd                 0x08000543   Thumb Code    22  stm32f10x_adc.o(i.ADC_SoftwareStartConvCmd)
    ADC_StartCalibration                     0x08000559   Thumb Code    10  stm32f10x_adc.o(i.ADC_StartCalibration)
    BusFault_Handler                         0x08000563   Thumb Code     4  stm32f10x_it.o(i.BusFault_Handler)
    DAC7554_GPIO_Config                      0x08000569   Thumb Code    46  dac8554.o(i.DAC7554_GPIO_Config)
    DAC7554_Send_16_bits                     0x0800059d   Thumb Code   102  dac8554.o(i.DAC7554_Send_16_bits)
    DAC8554_delay                            0x08000609   Thumb Code    12  dac8554.o(i.DAC8554_delay)
    DMA_Cmd                                  0x08000615   Thumb Code    24  stm32f10x_dma.o(i.DMA_Cmd)
    DMA_DeInit                               0x0800062d   Thumb Code   324  stm32f10x_dma.o(i.DMA_DeInit)
    DMA_Init                                 0x08000779   Thumb Code    60  stm32f10x_dma.o(i.DMA_Init)
    DealModBus                               0x080007b5   Thumb Code   716  modbus.o(i.DealModBus)
    DebugMon_Handler                         0x08000aa9   Thumb Code     2  stm32f10x_it.o(i.DebugMon_Handler)
    DiGpioCfg                                0x08000aad   Thumb Code    40  dio.o(i.DiGpioCfg)
    DioCfg                                   0x08000ad9   Thumb Code    12  dio.o(i.DioCfg)
    DoMuxGpioCfg                             0x08000ae5   Thumb Code    50  dio.o(i.DoMuxGpioCfg)
    GPIO_Init                                0x08000b1d   Thumb Code   278  stm32f10x_gpio.o(i.GPIO_Init)
    GPIO_PinRemapConfig                      0x08000c35   Thumb Code   138  stm32f10x_gpio.o(i.GPIO_PinRemapConfig)
    GPIO_ReadInputData                       0x08000cc5   Thumb Code     8  stm32f10x_gpio.o(i.GPIO_ReadInputData)
    GPIO_ResetBits                           0x08000ccd   Thumb Code     4  stm32f10x_gpio.o(i.GPIO_ResetBits)
    GPIO_SetBits                             0x08000cd1   Thumb Code     4  stm32f10x_gpio.o(i.GPIO_SetBits)
    GPIO_WriteBit                            0x08000cd5   Thumb Code    10  stm32f10x_gpio.o(i.GPIO_WriteBit)
    GetDiMap                                 0x08000ce1   Thumb Code    14  dio.o(i.GetDiMap)
    HardFault_Handler                        0x08000cf5   Thumb Code     4  stm32f10x_it.o(i.HardFault_Handler)
    LedInit                                  0x08000cf9   Thumb Code    72  main.o(i.LedInit)
    MemManage_Handler                        0x08000d49   Thumb Code     4  stm32f10x_it.o(i.MemManage_Handler)
    NMI_Handler                              0x08000d4d   Thumb Code     2  stm32f10x_it.o(i.NMI_Handler)
    NVIC_Configuration                       0x08000d4f   Thumb Code    68  main.o(i.NVIC_Configuration)
    NVIC_Init                                0x08000d95   Thumb Code   100  misc.o(i.NVIC_Init)
    NVIC_PriorityGroupConfig                 0x08000e05   Thumb Code    10  misc.o(i.NVIC_PriorityGroupConfig)
    NVIC_SetVectorTable                      0x08000e19   Thumb Code    12  misc.o(i.NVIC_SetVectorTable)
    PWM1_Init                                0x08000e2d   Thumb Code   140  pwm.o(i.PWM1_Init)
    PWM1_SetHighTime                         0x08000ec9   Thumb Code    26  pwm.o(i.PWM1_SetHighTime)
    PWM2_Init                                0x08000eed   Thumb Code   142  pwm.o(i.PWM2_Init)
    PWM2_SetHighTime                         0x08000f89   Thumb Code    26  pwm.o(i.PWM2_SetHighTime)
    PendSV_Handler                           0x08000fad   Thumb Code     2  stm32f10x_it.o(i.PendSV_Handler)
    RCC_ADCCLKConfig                         0x08000fb1   Thumb Code    18  stm32f10x_rcc.o(i.RCC_ADCCLKConfig)
    RCC_AHBPeriphClockCmd                    0x08000fc9   Thumb Code    26  stm32f10x_rcc.o(i.RCC_AHBPeriphClockCmd)
    RCC_APB1PeriphClockCmd                   0x08000fe9   Thumb Code    26  stm32f10x_rcc.o(i.RCC_APB1PeriphClockCmd)
    RCC_APB1PeriphResetCmd                   0x08001009   Thumb Code    26  stm32f10x_rcc.o(i.RCC_APB1PeriphResetCmd)
    RCC_APB2PeriphClockCmd                   0x08001029   Thumb Code    26  stm32f10x_rcc.o(i.RCC_APB2PeriphClockCmd)
    RCC_APB2PeriphResetCmd                   0x08001049   Thumb Code    26  stm32f10x_rcc.o(i.RCC_APB2PeriphResetCmd)
    RCC_Configuration                        0x08001069   Thumb Code    88  main.o(i.RCC_Configuration)
    RCC_DeInit                               0x080010c1   Thumb Code    64  stm32f10x_rcc.o(i.RCC_DeInit)
    RCC_GetClocksFreq                        0x0800110d   Thumb Code   192  stm32f10x_rcc.o(i.RCC_GetClocksFreq)
    RCC_GetFlagStatus                        0x080011e1   Thumb Code    56  stm32f10x_rcc.o(i.RCC_GetFlagStatus)
    RCC_GetSYSCLKSource                      0x0800121d   Thumb Code    10  stm32f10x_rcc.o(i.RCC_GetSYSCLKSource)
    RCC_HCLKConfig                           0x0800122d   Thumb Code    18  stm32f10x_rcc.o(i.RCC_HCLKConfig)
    RCC_HSEConfig                            0x08001245   Thumb Code    70  stm32f10x_rcc.o(i.RCC_HSEConfig)
    RCC_PCLK1Config                          0x08001291   Thumb Code    18  stm32f10x_rcc.o(i.RCC_PCLK1Config)
    RCC_PCLK2Config                          0x080012a9   Thumb Code    20  stm32f10x_rcc.o(i.RCC_PCLK2Config)
    RCC_PLLCmd                               0x080012c1   Thumb Code     6  stm32f10x_rcc.o(i.RCC_PLLCmd)
    RCC_PLLConfig                            0x080012cd   Thumb Code    24  stm32f10x_rcc.o(i.RCC_PLLConfig)
    RCC_SYSCLKConfig                         0x080012e9   Thumb Code    18  stm32f10x_rcc.o(i.RCC_SYSCLKConfig)
    RCC_WaitForHSEStartUp                    0x08001301   Thumb Code    56  stm32f10x_rcc.o(i.RCC_WaitForHSEStartUp)
    ReadAdOfChannel                          0x08001339   Thumb Code   216  ad.o(i.ReadAdOfChannel)
    SPI_Cmd                                  0x08001435   Thumb Code    24  stm32f10x_spi.o(i.SPI_Cmd)
    SPI_Flash_Init                           0x0800144d   Thumb Code     8  w25q16.o(i.SPI_Flash_Init)
    SPI_Init                                 0x08001455   Thumb Code    60  stm32f10x_spi.o(i.SPI_Init)
    SPIx_Init                                0x08001491   Thumb Code   202  w25q16.o(i.SPIx_Init)
    SVC_Handler                              0x08001569   Thumb Code     2  stm32f10x_it.o(i.SVC_Handler)
    SetAoOut                                 0x0800156d   Thumb Code   376  dac8554.o(i.SetAoOut)
    SetSpdtState                             0x08001719   Thumb Code   164  dio.o(i.SetSpdtState)
    SysTick_CLKSourceConfig                  0x080018a9   Thumb Code    40  misc.o(i.SysTick_CLKSourceConfig)
    SysTick_Handler                          0x080018d1   Thumb Code     2  stm32f10x_it.o(i.SysTick_Handler)
    SystemInit                               0x080018d5   Thumb Code    78  system_stm32f10x.o(i.SystemInit)
    TIM2_IRQHandler                          0x08001935   Thumb Code    62  stm32f10x_it.o(i.TIM2_IRQHandler)
    TIM_ClearFlag                            0x08001985   Thumb Code     6  stm32f10x_tim.o(i.TIM_ClearFlag)
    TIM_ClearITPendingBit                    0x0800198b   Thumb Code     6  stm32f10x_tim.o(i.TIM_ClearITPendingBit)
    TIM_Cmd                                  0x08001991   Thumb Code    24  stm32f10x_tim.o(i.TIM_Cmd)
    TIM_DeInit                               0x080019a9   Thumb Code   424  stm32f10x_tim.o(i.TIM_DeInit)
    TIM_GetITStatus                          0x08001b91   Thumb Code    34  stm32f10x_tim.o(i.TIM_GetITStatus)
    TIM_ITConfig                             0x08001bb3   Thumb Code    18  stm32f10x_tim.o(i.TIM_ITConfig)
    TIM_OC1Init                              0x08001bc5   Thumb Code   132  stm32f10x_tim.o(i.TIM_OC1Init)
    TIM_OC1PreloadConfig                     0x08001c5d   Thumb Code    18  stm32f10x_tim.o(i.TIM_OC1PreloadConfig)
    TIM_SetCompare1                          0x08001c6f   Thumb Code     4  stm32f10x_tim.o(i.TIM_SetCompare1)
    TIM_SetCounter                           0x08001c73   Thumb Code     4  stm32f10x_tim.o(i.TIM_SetCounter)
    TIM_TimeBaseInit                         0x08001c79   Thumb Code   122  stm32f10x_tim.o(i.TIM_TimeBaseInit)
    Tim2Configure                            0x08001d1d   Thumb Code    80  timer.o(i.Tim2Configure)
    USART1_IRQHandler                        0x08001d6d   Thumb Code   204  stm32f10x_it.o(i.USART1_IRQHandler)
    USART_ClearFlag                          0x08001e61   Thumb Code    18  stm32f10x_usart.o(i.USART_ClearFlag)
    USART_ClearITPendingBit                  0x08001e73   Thumb Code    30  stm32f10x_usart.o(i.USART_ClearITPendingBit)
    USART_Cmd                                0x08001e91   Thumb Code    24  stm32f10x_usart.o(i.USART_Cmd)
    USART_DeInit                             0x08001ea9   Thumb Code   134  stm32f10x_usart.o(i.USART_DeInit)
    USART_GetFlagStatus                      0x08001f45   Thumb Code    26  stm32f10x_usart.o(i.USART_GetFlagStatus)
    USART_GetITStatus                        0x08001f5f   Thumb Code    84  stm32f10x_usart.o(i.USART_GetITStatus)
    USART_ITConfig                           0x08001fb3   Thumb Code    74  stm32f10x_usart.o(i.USART_ITConfig)
    USART_Init                               0x08001ffd   Thumb Code   210  stm32f10x_usart.o(i.USART_Init)
    USART_ReceiveData                        0x080020d5   Thumb Code    10  stm32f10x_usart.o(i.USART_ReceiveData)
    USART_SendData                           0x080020df   Thumb Code     8  stm32f10x_usart.o(i.USART_SendData)
    UsageFault_Handler                       0x080020e7   Thumb Code     4  stm32f10x_it.o(i.UsageFault_Handler)
    UsartConfigure                           0x080020ed   Thumb Code   180  usart.o(i.UsartConfigure)
    crc16                                    0x080021ad   Thumb Code    68  modbus.o(i.crc16)
    delay_init                               0x080021f1   Thumb Code    50  delay.o(i.delay_init)
    delay_ms                                 0x08002235   Thumb Code    72  delay.o(i.delay_ms)
    delay_nms                                0x08002281   Thumb Code    32  usart.o(i.delay_nms)
    main                                     0x080022a1   Thumb Code   298  main.o(i.main)
    zh_USART_SendData                        0x080023ed   Thumb Code    28  usart.o(i.zh_USART_SendData)
    zh_USART_SendString                      0x0800240d   Thumb Code    24  usart.o(i.zh_USART_SendString)
    __aeabi_d2f                              0x08002425   Thumb Code     0  d2f.o(x$fpl$d2f)
    _d2f                                     0x08002425   Thumb Code    98  d2f.o(x$fpl$d2f)
    __aeabi_dadd                             0x08002489   Thumb Code     0  daddsub_clz.o(x$fpl$dadd)
    _dadd                                    0x08002489   Thumb Code   332  daddsub_clz.o(x$fpl$dadd)
    __fpl_dcmp_Inf                           0x080025d9   Thumb Code    24  dcmpi.o(x$fpl$dcmpinf)
    __aeabi_ddiv                             0x080025f1   Thumb Code     0  ddiv.o(x$fpl$ddiv)
    _ddiv                                    0x080025f1   Thumb Code   552  ddiv.o(x$fpl$ddiv)
    __aeabi_d2uiz                            0x080028a1   Thumb Code     0  dfixu.o(x$fpl$dfixu)
    _dfixu                                   0x080028a1   Thumb Code    90  dfixu.o(x$fpl$dfixu)
    __aeabi_ui2d                             0x080028fb   Thumb Code     0  dflt_clz.o(x$fpl$dfltu)
    _dfltu                                   0x080028fb   Thumb Code    38  dflt_clz.o(x$fpl$dfltu)
    __aeabi_cdcmple                          0x08002921   Thumb Code     0  dleqf.o(x$fpl$dleqf)
    _dcmple                                  0x08002921   Thumb Code   120  dleqf.o(x$fpl$dleqf)
    __fpl_dcmple_InfNaN                      0x08002983   Thumb Code     0  dleqf.o(x$fpl$dleqf)
    __aeabi_dmul                             0x08002999   Thumb Code     0  dmul.o(x$fpl$dmul)
    _dmul                                    0x08002999   Thumb Code   332  dmul.o(x$fpl$dmul)
    __fpl_dnaninf                            0x08002aed   Thumb Code   156  dnaninf.o(x$fpl$dnaninf)
    __fpl_dretinf                            0x08002b89   Thumb Code    12  dretinf.o(x$fpl$dretinf)
    __aeabi_cdrcmple                         0x08002b95   Thumb Code     0  drleqf.o(x$fpl$drleqf)
    _drcmple                                 0x08002b95   Thumb Code   108  drleqf.o(x$fpl$drleqf)
    __aeabi_dsub                             0x08002c01   Thumb Code     0  daddsub_clz.o(x$fpl$dsub)
    _dsub                                    0x08002c01   Thumb Code   464  daddsub_clz.o(x$fpl$dsub)
    __aeabi_f2d                              0x08002dd5   Thumb Code     0  f2d.o(x$fpl$f2d)
    _f2d                                     0x08002dd5   Thumb Code    86  f2d.o(x$fpl$f2d)
    __fpl_fcmp_Inf                           0x08002e2b   Thumb Code    24  fcmpi.o(x$fpl$fcmpinf)
    __aeabi_f2uiz                            0x08002e45   Thumb Code     0  ffixu.o(x$fpl$ffixu)
    _ffixu                                   0x08002e45   Thumb Code    62  ffixu.o(x$fpl$ffixu)
    __aeabi_ui2f                             0x08002e85   Thumb Code     0  fflt_clz.o(x$fpl$ffltu)
    _ffltu                                   0x08002e85   Thumb Code    38  fflt_clz.o(x$fpl$ffltu)
    __aeabi_cfcmple                          0x08002ead   Thumb Code     0  fleqf.o(x$fpl$fleqf)
    _fcmple                                  0x08002ead   Thumb Code   104  fleqf.o(x$fpl$fleqf)
    __fpl_fcmple_InfNaN                      0x08002eff   Thumb Code     0  fleqf.o(x$fpl$fleqf)
    __aeabi_fmul                             0x08002f15   Thumb Code     0  fmul.o(x$fpl$fmul)
    _fmul                                    0x08002f15   Thumb Code   258  fmul.o(x$fpl$fmul)
    __fpl_fnaninf                            0x08003017   Thumb Code   140  fnaninf.o(x$fpl$fnaninf)
    __fpl_fretinf                            0x080030a3   Thumb Code    10  fretinf.o(x$fpl$fretinf)
    Region$$Table$$Base                      0x080030ac   Number         0  anon$$obj.o(Region$$Table)
    __I$use$fp                               0x080030ac   Number         0  usenofp.o(x$fpl$usenofp)
    Region$$Table$$Limit                     0x080030cc   Number         0  anon$$obj.o(Region$$Table)
    SystemCoreClock                          0x20000000   Data           4  system_stm32f10x.o(.data)
    AHBPrescTable                            0x20000004   Data          16  system_stm32f10x.o(.data)
    sum                                      0x20000028   Data           4  ad.o(.data)
    Dat                                      0x2000002c   Data           2  dac8554.o(.data)
    arrSave                                  0x2000002e   Data           2  pwm.o(.data)
    Uart1_SCnt                               0x20000034   Data           1  globle.o(.data)
    Uart1_RCnt                               0x20000035   Data           1  globle.o(.data)
    Uart1_SendBuffSize                       0x20000036   Data           1  globle.o(.data)
    temperature                              0x20000038   Data           4  globle.o(.data)
    TimerOverFlag                            0x2000003c   Data           1  globle.o(.data)
    BegainRxFlag                             0x2000003d   Data           1  globle.o(.data)
    BusyFlag                                 0x2000003e   Data           1  globle.o(.data)
    SumRec                                   0x20000040   Data           2  modbus.o(.data)
    SumCal                                   0x20000042   Data           2  modbus.o(.data)
    mode                                     0x20000044   Data           1  main.o(.data)
    DiMap                                    0x20000045   Data           1  main.o(.data)
    i                                        0x20000048   Data           4  main.o(.data)
    ADC_ConvertedValue                       0x2000004c   Data         120  globle.o(.bss)
    Uart1_Send_buffer                        0x200000c4   Data         150  globle.o(.bss)
    Uart1_receive_buffer                     0x2000015a   Data         150  globle.o(.bss)
    advalue                                  0x200001f0   Data          28  globle.o(.bss)
    ReadReg                                  0x2000020c   Data         200  globle.o(.bss)
    WriteReg                                 0x200002d4   Data         200  globle.o(.bss)
    __libspace_start                         0x2000039c   Data          96  libspace.o(.bss)
    __temporary_stack_top$libspace           0x200003fc   Data           0  libspace.o(.bss)



==============================================================================

Memory Map of the image

  Image Entry point : 0x08000131

  Load Region LR_IROM1 (Base: 0x08000000, Size: 0x00003118, Max: 0x00040000, ABSOLUTE)

    Execution Region ER_IROM1 (Exec base: 0x08000000, Load base: 0x08000000, Size: 0x000030cc, Max: 0x00040000, ABSOLUTE)

    Exec Addr    Load Addr    Size         Type   Attr      Idx    E Section Name        Object

    0x08000000   0x08000000   0x00000130   Data   RO         2776    RESET               startup_stm32f10x_hd.o
    0x08000130   0x08000130   0x00000008   Code   RO         2785  * !!!main             c_w.l(__main.o)
    0x08000138   0x08000138   0x00000034   Code   RO         3011    !!!scatter          c_w.l(__scatter.o)
    0x0800016c   0x0800016c   0x0000001a   Code   RO         3013    !!handler_copy      c_w.l(__scatter_copy.o)
    0x08000186   0x08000186   0x00000002   PAD
    0x08000188   0x08000188   0x0000001c   Code   RO         3015    !!handler_zi        c_w.l(__scatter_zi.o)
    0x080001a4   0x080001a4   0x00000002   Code   RO         2881    .ARM.Collect$$libinit$$00000000  c_w.l(libinit.o)
    0x080001a6   0x080001a6   0x00000000   Code   RO         2888    .ARM.Collect$$libinit$$00000002  c_w.l(libinit2.o)
    0x080001a6   0x080001a6   0x00000000   Code   RO         2890    .ARM.Collect$$libinit$$00000004  c_w.l(libinit2.o)
    0x080001a6   0x080001a6   0x00000000   Code   RO         2893    .ARM.Collect$$libinit$$0000000A  c_w.l(libinit2.o)
    0x080001a6   0x080001a6   0x00000000   Code   RO         2895    .ARM.Collect$$libinit$$0000000C  c_w.l(libinit2.o)
    0x080001a6   0x080001a6   0x00000000   Code   RO         2897    .ARM.Collect$$libinit$$0000000E  c_w.l(libinit2.o)
    0x080001a6   0x080001a6   0x00000000   Code   RO         2900    .ARM.Collect$$libinit$$00000011  c_w.l(libinit2.o)
    0x080001a6   0x080001a6   0x00000000   Code   RO         2902    .ARM.Collect$$libinit$$00000013  c_w.l(libinit2.o)
    0x080001a6   0x080001a6   0x00000000   Code   RO         2904    .ARM.Collect$$libinit$$00000015  c_w.l(libinit2.o)
    0x080001a6   0x080001a6   0x00000000   Code   RO         2906    .ARM.Collect$$libinit$$00000017  c_w.l(libinit2.o)
    0x080001a6   0x080001a6   0x00000000   Code   RO         2908    .ARM.Collect$$libinit$$00000019  c_w.l(libinit2.o)
    0x080001a6   0x080001a6   0x00000000   Code   RO         2910    .ARM.Collect$$libinit$$0000001B  c_w.l(libinit2.o)
    0x080001a6   0x080001a6   0x00000000   Code   RO         2912    .ARM.Collect$$libinit$$0000001D  c_w.l(libinit2.o)
    0x080001a6   0x080001a6   0x00000000   Code   RO         2914    .ARM.Collect$$libinit$$0000001F  c_w.l(libinit2.o)
    0x080001a6   0x080001a6   0x00000000   Code   RO         2916    .ARM.Collect$$libinit$$00000021  c_w.l(libinit2.o)
    0x080001a6   0x080001a6   0x00000000   Code   RO         2918    .ARM.Collect$$libinit$$00000023  c_w.l(libinit2.o)
    0x080001a6   0x080001a6   0x00000000   Code   RO         2920    .ARM.Collect$$libinit$$00000025  c_w.l(libinit2.o)
    0x080001a6   0x080001a6   0x00000000   Code   RO         2924    .ARM.Collect$$libinit$$0000002C  c_w.l(libinit2.o)
    0x080001a6   0x080001a6   0x00000000   Code   RO         2926    .ARM.Collect$$libinit$$0000002E  c_w.l(libinit2.o)
    0x080001a6   0x080001a6   0x00000000   Code   RO         2928    .ARM.Collect$$libinit$$00000030  c_w.l(libinit2.o)
    0x080001a6   0x080001a6   0x00000000   Code   RO         2930    .ARM.Collect$$libinit$$00000032  c_w.l(libinit2.o)
    0x080001a6   0x080001a6   0x00000002   Code   RO         2931    .ARM.Collect$$libinit$$00000033  c_w.l(libinit2.o)
    0x080001a8   0x080001a8   0x00000002   Code   RO         2951    .ARM.Collect$$libshutdown$$00000000  c_w.l(libshutdown.o)
    0x080001aa   0x080001aa   0x00000000   Code   RO         2964    .ARM.Collect$$libshutdown$$00000002  c_w.l(libshutdown2.o)
    0x080001aa   0x080001aa   0x00000000   Code   RO         2966    .ARM.Collect$$libshutdown$$00000004  c_w.l(libshutdown2.o)
    0x080001aa   0x080001aa   0x00000000   Code   RO         2969    .ARM.Collect$$libshutdown$$00000007  c_w.l(libshutdown2.o)
    0x080001aa   0x080001aa   0x00000000   Code   RO         2972    .ARM.Collect$$libshutdown$$0000000A  c_w.l(libshutdown2.o)
    0x080001aa   0x080001aa   0x00000000   Code   RO         2974    .ARM.Collect$$libshutdown$$0000000C  c_w.l(libshutdown2.o)
    0x080001aa   0x080001aa   0x00000000   Code   RO         2977    .ARM.Collect$$libshutdown$$0000000F  c_w.l(libshutdown2.o)
    0x080001aa   0x080001aa   0x00000002   Code   RO         2978    .ARM.Collect$$libshutdown$$00000010  c_w.l(libshutdown2.o)
    0x080001ac   0x080001ac   0x00000000   Code   RO         2843    .ARM.Collect$$rtentry$$00000000  c_w.l(__rtentry.o)
    0x080001ac   0x080001ac   0x00000000   Code   RO         2858    .ARM.Collect$$rtentry$$00000002  c_w.l(__rtentry2.o)
    0x080001ac   0x080001ac   0x00000006   Code   RO         2870    .ARM.Collect$$rtentry$$00000004  c_w.l(__rtentry4.o)
    0x080001b2   0x080001b2   0x00000000   Code   RO         2860    .ARM.Collect$$rtentry$$00000009  c_w.l(__rtentry2.o)
    0x080001b2   0x080001b2   0x00000004   Code   RO         2861    .ARM.Collect$$rtentry$$0000000A  c_w.l(__rtentry2.o)
    0x080001b6   0x080001b6   0x00000000   Code   RO         2863    .ARM.Collect$$rtentry$$0000000C  c_w.l(__rtentry2.o)
    0x080001b6   0x080001b6   0x00000008   Code   RO         2864    .ARM.Collect$$rtentry$$0000000D  c_w.l(__rtentry2.o)
    0x080001be   0x080001be   0x00000002   Code   RO         2885    .ARM.Collect$$rtexit$$00000000  c_w.l(rtexit.o)
    0x080001c0   0x080001c0   0x00000000   Code   RO         2933    .ARM.Collect$$rtexit$$00000002  c_w.l(rtexit2.o)
    0x080001c0   0x080001c0   0x00000004   Code   RO         2934    .ARM.Collect$$rtexit$$00000003  c_w.l(rtexit2.o)
    0x080001c4   0x080001c4   0x00000006   Code   RO         2935    .ARM.Collect$$rtexit$$00000004  c_w.l(rtexit2.o)
    0x080001ca   0x080001ca   0x00000002   PAD
    0x080001cc   0x080001cc   0x00000040   Code   RO         2777    .text               startup_stm32f10x_hd.o
    0x0800020c   0x0800020c   0x00000006   Code   RO         2783    .text               c_w.l(heapauxi.o)
    0x08000212   0x08000212   0x0000004a   Code   RO         2872    .text               c_w.l(sys_stackheap_outer.o)
    0x0800025c   0x0800025c   0x00000012   Code   RO         2874    .text               c_w.l(exit.o)
    0x0800026e   0x0800026e   0x00000002   PAD
    0x08000270   0x08000270   0x00000008   Code   RO         2882    .text               c_w.l(libspace.o)
    0x08000278   0x08000278   0x0000000c   Code   RO         2943    .text               c_w.l(sys_exit.o)
    0x08000284   0x08000284   0x00000002   Code   RO         2954    .text               c_w.l(use_no_semi.o)
    0x08000286   0x08000286   0x00000000   Code   RO         2956    .text               c_w.l(indicate_semi.o)
    0x08000286   0x08000286   0x00000002   PAD
    0x08000288   0x08000288   0x00000030   Code   RO         2082    i.ADC1_GPIO_Config  ad.o
    0x080002b8   0x080002b8   0x00000124   Code   RO         2083    i.ADC1_Mode_Config  ad.o
    0x080003dc   0x080003dc   0x00000016   Code   RO         1794    i.ADC_Cmd           stm32f10x_adc.o
    0x080003f2   0x080003f2   0x00000016   Code   RO         1795    i.ADC_DMACmd        stm32f10x_adc.o
    0x08000408   0x08000408   0x00000014   Code   RO         1802    i.ADC_GetCalibrationStatus  stm32f10x_adc.o
    0x0800041c   0x0800041c   0x00000014   Code   RO         1808    i.ADC_GetResetCalibrationStatus  stm32f10x_adc.o
    0x08000430   0x08000430   0x00000050   Code   RO         1812    i.ADC_Init          stm32f10x_adc.o
    0x08000480   0x08000480   0x000000b8   Code   RO         1816    i.ADC_RegularChannelConfig  stm32f10x_adc.o
    0x08000538   0x08000538   0x0000000a   Code   RO         1817    i.ADC_ResetCalibration  stm32f10x_adc.o
    0x08000542   0x08000542   0x00000016   Code   RO         1819    i.ADC_SoftwareStartConvCmd  stm32f10x_adc.o
    0x08000558   0x08000558   0x0000000a   Code   RO         1821    i.ADC_StartCalibration  stm32f10x_adc.o
    0x08000562   0x08000562   0x00000004   Code   RO         2702    i.BusFault_Handler  stm32f10x_it.o
    0x08000566   0x08000566   0x00000002   PAD
    0x08000568   0x08000568   0x00000034   Code   RO         2137    i.DAC7554_GPIO_Config  dac8554.o
    0x0800059c   0x0800059c   0x0000006c   Code   RO         2138    i.DAC7554_Send_16_bits  dac8554.o
    0x08000608   0x08000608   0x0000000c   Code   RO         2140    i.DAC8554_delay     dac8554.o
    0x08000614   0x08000614   0x00000018   Code   RO         2012    i.DMA_Cmd           stm32f10x_dma.o
    0x0800062c   0x0800062c   0x0000014c   Code   RO         2013    i.DMA_DeInit        stm32f10x_dma.o
    0x08000778   0x08000778   0x0000003c   Code   RO         2018    i.DMA_Init          stm32f10x_dma.o
    0x080007b4   0x080007b4   0x000002f4   Code   RO         2598    i.DealModBus        modbus.o
    0x08000aa8   0x08000aa8   0x00000002   Code   RO         2703    i.DebugMon_Handler  stm32f10x_it.o
    0x08000aaa   0x08000aaa   0x00000002   PAD
    0x08000aac   0x08000aac   0x0000002c   Code   RO         2182    i.DiGpioCfg         dio.o
    0x08000ad8   0x08000ad8   0x0000000c   Code   RO         2183    i.DioCfg            dio.o
    0x08000ae4   0x08000ae4   0x00000038   Code   RO         2184    i.DoMuxGpioCfg      dio.o
    0x08000b1c   0x08000b1c   0x00000116   Code   RO          218    i.GPIO_Init         stm32f10x_gpio.o
    0x08000c32   0x08000c32   0x00000002   PAD
    0x08000c34   0x08000c34   0x00000090   Code   RO          220    i.GPIO_PinRemapConfig  stm32f10x_gpio.o
    0x08000cc4   0x08000cc4   0x00000008   Code   RO          221    i.GPIO_ReadInputData  stm32f10x_gpio.o
    0x08000ccc   0x08000ccc   0x00000004   Code   RO          225    i.GPIO_ResetBits    stm32f10x_gpio.o
    0x08000cd0   0x08000cd0   0x00000004   Code   RO          226    i.GPIO_SetBits      stm32f10x_gpio.o
    0x08000cd4   0x08000cd4   0x0000000a   Code   RO          229    i.GPIO_WriteBit     stm32f10x_gpio.o
    0x08000cde   0x08000cde   0x00000002   PAD
    0x08000ce0   0x08000ce0   0x00000014   Code   RO         2185    i.GetDiMap          dio.o
    0x08000cf4   0x08000cf4   0x00000004   Code   RO         2704    i.HardFault_Handler  stm32f10x_it.o
    0x08000cf8   0x08000cf8   0x00000050   Code   RO         2666    i.LedInit           main.o
    0x08000d48   0x08000d48   0x00000004   Code   RO         2705    i.MemManage_Handler  stm32f10x_it.o
    0x08000d4c   0x08000d4c   0x00000002   Code   RO         2706    i.NMI_Handler       stm32f10x_it.o
    0x08000d4e   0x08000d4e   0x00000044   Code   RO         2667    i.NVIC_Configuration  main.o
    0x08000d92   0x08000d92   0x00000002   PAD
    0x08000d94   0x08000d94   0x00000070   Code   RO          130    i.NVIC_Init         misc.o
    0x08000e04   0x08000e04   0x00000014   Code   RO          131    i.NVIC_PriorityGroupConfig  misc.o
    0x08000e18   0x08000e18   0x00000014   Code   RO          132    i.NVIC_SetVectorTable  misc.o
    0x08000e2c   0x08000e2c   0x0000009c   Code   RO         2338    i.PWM1_Init         pwm.o
    0x08000ec8   0x08000ec8   0x00000024   Code   RO         2339    i.PWM1_SetHighTime  pwm.o
    0x08000eec   0x08000eec   0x0000009c   Code   RO         2340    i.PWM2_Init         pwm.o
    0x08000f88   0x08000f88   0x00000024   Code   RO         2341    i.PWM2_SetHighTime  pwm.o
    0x08000fac   0x08000fac   0x00000002   Code   RO         2707    i.PendSV_Handler    stm32f10x_it.o
    0x08000fae   0x08000fae   0x00000002   PAD
    0x08000fb0   0x08000fb0   0x00000018   Code   RO          530    i.RCC_ADCCLKConfig  stm32f10x_rcc.o
    0x08000fc8   0x08000fc8   0x00000020   Code   RO          531    i.RCC_AHBPeriphClockCmd  stm32f10x_rcc.o
    0x08000fe8   0x08000fe8   0x00000020   Code   RO          532    i.RCC_APB1PeriphClockCmd  stm32f10x_rcc.o
    0x08001008   0x08001008   0x00000020   Code   RO          533    i.RCC_APB1PeriphResetCmd  stm32f10x_rcc.o
    0x08001028   0x08001028   0x00000020   Code   RO          534    i.RCC_APB2PeriphClockCmd  stm32f10x_rcc.o
    0x08001048   0x08001048   0x00000020   Code   RO          535    i.RCC_APB2PeriphResetCmd  stm32f10x_rcc.o
    0x08001068   0x08001068   0x00000058   Code   RO         2668    i.RCC_Configuration  main.o
    0x080010c0   0x080010c0   0x0000004c   Code   RO          541    i.RCC_DeInit        stm32f10x_rcc.o
    0x0800110c   0x0800110c   0x000000d4   Code   RO          542    i.RCC_GetClocksFreq  stm32f10x_rcc.o
    0x080011e0   0x080011e0   0x0000003c   Code   RO          543    i.RCC_GetFlagStatus  stm32f10x_rcc.o
    0x0800121c   0x0800121c   0x00000010   Code   RO          545    i.RCC_GetSYSCLKSource  stm32f10x_rcc.o
    0x0800122c   0x0800122c   0x00000018   Code   RO          546    i.RCC_HCLKConfig    stm32f10x_rcc.o
    0x08001244   0x08001244   0x0000004c   Code   RO          547    i.RCC_HSEConfig     stm32f10x_rcc.o
    0x08001290   0x08001290   0x00000018   Code   RO          553    i.RCC_PCLK1Config   stm32f10x_rcc.o
    0x080012a8   0x080012a8   0x00000018   Code   RO          554    i.RCC_PCLK2Config   stm32f10x_rcc.o
    0x080012c0   0x080012c0   0x0000000c   Code   RO          555    i.RCC_PLLCmd        stm32f10x_rcc.o
    0x080012cc   0x080012cc   0x0000001c   Code   RO          556    i.RCC_PLLConfig     stm32f10x_rcc.o
    0x080012e8   0x080012e8   0x00000018   Code   RO          559    i.RCC_SYSCLKConfig  stm32f10x_rcc.o
    0x08001300   0x08001300   0x00000038   Code   RO          561    i.RCC_WaitForHSEStartUp  stm32f10x_rcc.o
    0x08001338   0x08001338   0x000000fc   Code   RO         2084    i.ReadAdOfChannel   ad.o
    0x08001434   0x08001434   0x00000018   Code   RO          921    i.SPI_Cmd           stm32f10x_spi.o
    0x0800144c   0x0800144c   0x00000008   Code   RO         2376    i.SPI_Flash_Init    w25q16.o
    0x08001454   0x08001454   0x0000003c   Code   RO          934    i.SPI_Init          stm32f10x_spi.o
    0x08001490   0x08001490   0x000000d8   Code   RO         2386    i.SPIx_Init         w25q16.o
    0x08001568   0x08001568   0x00000002   Code   RO         2708    i.SVC_Handler       stm32f10x_it.o
    0x0800156a   0x0800156a   0x00000002   PAD
    0x0800156c   0x0800156c   0x000001ac   Code   RO         2142    i.SetAoOut          dac8554.o
    0x08001718   0x08001718   0x000000a8   Code   RO         2186    i.SetSpdtState      dio.o
    0x080017c0   0x080017c0   0x00000008   Code   RO           17    i.SetSysClock       system_stm32f10x.o
    0x080017c8   0x080017c8   0x000000e0   Code   RO           18    i.SetSysClockTo72   system_stm32f10x.o
    0x080018a8   0x080018a8   0x00000028   Code   RO          134    i.SysTick_CLKSourceConfig  misc.o
    0x080018d0   0x080018d0   0x00000002   Code   RO         2709    i.SysTick_Handler   stm32f10x_it.o
    0x080018d2   0x080018d2   0x00000002   PAD
    0x080018d4   0x080018d4   0x00000060   Code   RO           20    i.SystemInit        system_stm32f10x.o
    0x08001934   0x08001934   0x00000050   Code   RO         2710    i.TIM2_IRQHandler   stm32f10x_it.o
    0x08001984   0x08001984   0x00000006   Code   RO         1070    i.TIM_ClearFlag     stm32f10x_tim.o
    0x0800198a   0x0800198a   0x00000006   Code   RO         1071    i.TIM_ClearITPendingBit  stm32f10x_tim.o
    0x08001990   0x08001990   0x00000018   Code   RO         1076    i.TIM_Cmd           stm32f10x_tim.o
    0x080019a8   0x080019a8   0x000001e8   Code   RO         1081    i.TIM_DeInit        stm32f10x_tim.o
    0x08001b90   0x08001b90   0x00000022   Code   RO         1097    i.TIM_GetITStatus   stm32f10x_tim.o
    0x08001bb2   0x08001bb2   0x00000012   Code   RO         1101    i.TIM_ITConfig      stm32f10x_tim.o
    0x08001bc4   0x08001bc4   0x00000098   Code   RO         1105    i.TIM_OC1Init       stm32f10x_tim.o
    0x08001c5c   0x08001c5c   0x00000012   Code   RO         1108    i.TIM_OC1PreloadConfig  stm32f10x_tim.o
    0x08001c6e   0x08001c6e   0x00000004   Code   RO         1137    i.TIM_SetCompare1   stm32f10x_tim.o
    0x08001c72   0x08001c72   0x00000004   Code   RO         1141    i.TIM_SetCounter    stm32f10x_tim.o
    0x08001c76   0x08001c76   0x00000002   PAD
    0x08001c78   0x08001c78   0x000000a4   Code   RO         1147    i.TIM_TimeBaseInit  stm32f10x_tim.o
    0x08001d1c   0x08001d1c   0x00000050   Code   RO         2487    i.Tim2Configure     timer.o
    0x08001d6c   0x08001d6c   0x000000f4   Code   RO         2711    i.USART1_IRQHandler  stm32f10x_it.o
    0x08001e60   0x08001e60   0x00000012   Code   RO         1608    i.USART_ClearFlag   stm32f10x_usart.o
    0x08001e72   0x08001e72   0x0000001e   Code   RO         1609    i.USART_ClearITPendingBit  stm32f10x_usart.o
    0x08001e90   0x08001e90   0x00000018   Code   RO         1612    i.USART_Cmd         stm32f10x_usart.o
    0x08001ea8   0x08001ea8   0x0000009c   Code   RO         1614    i.USART_DeInit      stm32f10x_usart.o
    0x08001f44   0x08001f44   0x0000001a   Code   RO         1615    i.USART_GetFlagStatus  stm32f10x_usart.o
    0x08001f5e   0x08001f5e   0x00000054   Code   RO         1616    i.USART_GetITStatus  stm32f10x_usart.o
    0x08001fb2   0x08001fb2   0x0000004a   Code   RO         1618    i.USART_ITConfig    stm32f10x_usart.o
    0x08001ffc   0x08001ffc   0x000000d8   Code   RO         1619    i.USART_Init        stm32f10x_usart.o
    0x080020d4   0x080020d4   0x0000000a   Code   RO         1626    i.USART_ReceiveData  stm32f10x_usart.o
    0x080020de   0x080020de   0x00000008   Code   RO         1629    i.USART_SendData    stm32f10x_usart.o
    0x080020e6   0x080020e6   0x00000004   Code   RO         2712    i.UsageFault_Handler  stm32f10x_it.o
    0x080020ea   0x080020ea   0x00000002   PAD
    0x080020ec   0x080020ec   0x000000c0   Code   RO         2526    i.UsartConfigure    usart.o
    0x080021ac   0x080021ac   0x00000044   Code   RO         2601    i.crc16             modbus.o
    0x080021f0   0x080021f0   0x00000044   Code   RO         2559    i.delay_init        delay.o
    0x08002234   0x08002234   0x0000004c   Code   RO         2560    i.delay_ms          delay.o
    0x08002280   0x08002280   0x00000020   Code   RO         2527    i.delay_nms         usart.o
    0x080022a0   0x080022a0   0x0000014c   Code   RO         2669    i.main              main.o
    0x080023ec   0x080023ec   0x00000020   Code   RO         2528    i.zh_USART_SendData  usart.o
    0x0800240c   0x0800240c   0x00000018   Code   RO         2529    i.zh_USART_SendString  usart.o
    0x08002424   0x08002424   0x00000062   Code   RO         2787    x$fpl$d2f           fz_ws.l(d2f.o)
    0x08002486   0x08002486   0x00000002   PAD
    0x08002488   0x08002488   0x00000150   Code   RO         2789    x$fpl$dadd          fz_ws.l(daddsub_clz.o)
    0x080025d8   0x080025d8   0x00000018   Code   RO         2844    x$fpl$dcmpinf       fz_ws.l(dcmpi.o)
    0x080025f0   0x080025f0   0x000002b0   Code   RO         2796    x$fpl$ddiv          fz_ws.l(ddiv.o)
    0x080028a0   0x080028a0   0x0000005a   Code   RO         2799    x$fpl$dfixu         fz_ws.l(dfixu.o)
    0x080028fa   0x080028fa   0x00000026   Code   RO         2803    x$fpl$dfltu         fz_ws.l(dflt_clz.o)
    0x08002920   0x08002920   0x00000078   Code   RO         2809    x$fpl$dleqf         fz_ws.l(dleqf.o)
    0x08002998   0x08002998   0x00000154   Code   RO         2811    x$fpl$dmul          fz_ws.l(dmul.o)
    0x08002aec   0x08002aec   0x0000009c   Code   RO         2846    x$fpl$dnaninf       fz_ws.l(dnaninf.o)
    0x08002b88   0x08002b88   0x0000000c   Code   RO         2848    x$fpl$dretinf       fz_ws.l(dretinf.o)
    0x08002b94   0x08002b94   0x0000006c   Code   RO         2813    x$fpl$drleqf        fz_ws.l(drleqf.o)
    0x08002c00   0x08002c00   0x000001d4   Code   RO         2791    x$fpl$dsub          fz_ws.l(daddsub_clz.o)
    0x08002dd4   0x08002dd4   0x00000056   Code   RO         2815    x$fpl$f2d           fz_ws.l(f2d.o)
    0x08002e2a   0x08002e2a   0x00000018   Code   RO         2850    x$fpl$fcmpinf       fz_ws.l(fcmpi.o)
    0x08002e42   0x08002e42   0x00000002   PAD
    0x08002e44   0x08002e44   0x0000003e   Code   RO         2827    x$fpl$ffixu         fz_ws.l(ffixu.o)
    0x08002e82   0x08002e82   0x00000002   PAD
    0x08002e84   0x08002e84   0x00000026   Code   RO         2831    x$fpl$ffltu         fz_ws.l(fflt_clz.o)
    0x08002eaa   0x08002eaa   0x00000002   PAD
    0x08002eac   0x08002eac   0x00000068   Code   RO         2837    x$fpl$fleqf         fz_ws.l(fleqf.o)
    0x08002f14   0x08002f14   0x00000102   Code   RO         2839    x$fpl$fmul          fz_ws.l(fmul.o)
    0x08003016   0x08003016   0x0000008c   Code   RO         2852    x$fpl$fnaninf       fz_ws.l(fnaninf.o)
    0x080030a2   0x080030a2   0x0000000a   Code   RO         2854    x$fpl$fretinf       fz_ws.l(fretinf.o)
    0x080030ac   0x080030ac   0x00000000   Code   RO         2856    x$fpl$usenofp       fz_ws.l(usenofp.o)
    0x080030ac   0x080030ac   0x00000020   Data   RO         3009    Region$$Table       anon$$obj.o


    Execution Region RW_IRAM1 (Exec base: 0x20000000, Load base: 0x080030cc, Size: 0x00000a00, Max: 0x0000c000, ABSOLUTE)

    Exec Addr    Load Addr    Size         Type   Attr      Idx    E Section Name        Object

    0x20000000   0x080030cc   0x00000014   Data   RW           21    .data               system_stm32f10x.o
    0x20000014   0x080030e0   0x00000014   Data   RW          562    .data               stm32f10x_rcc.o
    0x20000028   0x080030f4   0x00000004   Data   RW         2085    .data               ad.o
    0x2000002c   0x080030f8   0x00000002   Data   RW         2143    .data               dac8554.o
    0x2000002e   0x080030fa   0x00000002   Data   RW         2342    .data               pwm.o
    0x20000030   0x080030fc   0x00000004   Data   RW         2562    .data               delay.o
    0x20000034   0x08003100   0x0000000b   Data   RW         2586    .data               globle.o
    0x2000003f   0x0800310b   0x00000001   PAD
    0x20000040   0x0800310c   0x00000004   Data   RW         2602    .data               modbus.o
    0x20000044   0x08003110   0x00000008   Data   RW         2670    .data               main.o
    0x2000004c        -       0x00000350   Zero   RW         2585    .bss                globle.o
    0x2000039c        -       0x00000060   Zero   RW         2883    .bss                c_w.l(libspace.o)
    0x200003fc   0x08003118   0x00000004   PAD
    0x20000400        -       0x00000200   Zero   RW         2775    HEAP                startup_stm32f10x_hd.o
    0x20000600        -       0x00000400   Zero   RW         2774    STACK               startup_stm32f10x_hd.o


==============================================================================

Image component sizes


      Code (inc. data)   RO Data    RW Data    ZI Data      Debug   Object Name

       592         54          0          4          0       2246   ad.o
         0          0          0          0          0       4564   core_cm3.o
       600         64          0          2          0       2754   dac8554.o
       144         22          0          4          0       1264   delay.o
       300         20          0          0          0       2690   dio.o
         0          0          0         11        848       1190   globle.o
       568         42          0          8          0       2581   main.o
       192         30          0          0          0       2691   misc.o
       824         40          0          4          0       2577   modbus.o
       384         50          0          2          0       2784   pwm.o
        64         26        304          0       1536        824   startup_stm32f10x_hd.o
       390         10          0          0          0       7609   stm32f10x_adc.o
       416          8          0          0          0       3498   stm32f10x_dma.o
       448          6          0          0          0       5135   stm32f10x_gpio.o
       350         58          0          0          0       5284   stm32f10x_it.o
       816        116          0         20          0      13215   stm32f10x_rcc.o
        84          0          0          0          0       2193   stm32f10x_spi.o
       918        126          0          0          0       7523   stm32f10x_tim.o
       646         28          0          0          0       8200   stm32f10x_usart.o
       328         28          0         20          0     277193   system_stm32f10x.o
        80          0          0          0          0        544   timer.o
       280         16          0          0          0       2651   usart.o
       224         14          0          0          0       1161   w25q16.o

    ----------------------------------------------------------------------
      8668        758        336         76       2384     360371   Object Totals
         0          0         32          0          0          0   (incl. Generated)
        20          0          0          1          0          0   (incl. Padding)

    ----------------------------------------------------------------------

      Code (inc. data)   RO Data    RW Data    ZI Data      Debug   Library Member Name

         8          0          0          0          0         68   __main.o
         0          0          0          0          0          0   __rtentry.o
        12          0          0          0          0          0   __rtentry2.o
         6          0          0          0          0          0   __rtentry4.o
        52          8          0          0          0          0   __scatter.o
        26          0          0          0          0          0   __scatter_copy.o
        28          0          0          0          0          0   __scatter_zi.o
        18          0          0          0          0         80   exit.o
         6          0          0          0          0        152   heapauxi.o
         0          0          0          0          0          0   indicate_semi.o
         2          0          0          0          0          0   libinit.o
         2          0          0          0          0          0   libinit2.o
         2          0          0          0          0          0   libshutdown.o
         2          0          0          0          0          0   libshutdown2.o
         8          4          0          0         96         68   libspace.o
         2          0          0          0          0          0   rtexit.o
        10          0          0          0          0          0   rtexit2.o
        12          4          0          0          0         68   sys_exit.o
        74          0          0          0          0         80   sys_stackheap_outer.o
         2          0          0          0          0         68   use_no_semi.o
        98          4          0          0          0         92   d2f.o
       804         16          0          0          0        272   daddsub_clz.o
        24          0          0          0          0         68   dcmpi.o
       688        140          0          0          0        208   ddiv.o
        90          4          0          0          0         92   dfixu.o
        38          0          0          0          0         68   dflt_clz.o
       120          4          0          0          0         92   dleqf.o
       340         12          0          0          0        104   dmul.o
       156          4          0          0          0         92   dnaninf.o
        12          0          0          0          0         68   dretinf.o
       108          0          0          0          0         80   drleqf.o
        86          4          0          0          0         84   f2d.o
        24          0          0          0          0         68   fcmpi.o
        62          4          0          0          0         84   ffixu.o
        38          0          0          0          0         68   fflt_clz.o
       104          4          0          0          0         84   fleqf.o
       258          4          0          0          0         84   fmul.o
       140          4          0          0          0         84   fnaninf.o
        10          0          0          0          0         68   fretinf.o
         0          0          0          0          0          0   usenofp.o

    ----------------------------------------------------------------------
      3488        220          0          0        100       2444   Library Totals
        16          0          0          0          4          0   (incl. Padding)

    ----------------------------------------------------------------------

      Code (inc. data)   RO Data    RW Data    ZI Data      Debug   Library Name

       272         16          0          0         96        584   c_w.l
      3200        204          0          0          0       1860   fz_ws.l

    ----------------------------------------------------------------------
      3488        220          0          0        100       2444   Library Totals

    ----------------------------------------------------------------------

==============================================================================


      Code (inc. data)   RO Data    RW Data    ZI Data      Debug   

     12156        978        336         76       2484     356259   Grand Totals
     12156        978        336         76       2484     356259   ELF Image Totals
     12156        978        336         76          0          0   ROM Totals

==============================================================================

    Total RO  Size (Code + RO Data)                12492 (  12.20kB)
    Total RW  Size (RW Data + ZI Data)              2560 (   2.50kB)
    Total ROM Size (Code + RO Data + RW Data)      12568 (  12.27kB)

==============================================================================

