<html>
<body>
<pre>
<h1>µVision Build Log</h1>
<h2>Tool Versions:</h2>
IDE-Version: ¦ÌVision V5.24.2.0
Copyright (C) 2017 ARM Ltd and ARM Germany GmbH. All rights reserved.
License Information: 1 1, 1, LIC=WHYKP-MP2YL-Z9XG9-4SY4L-9FM8V-95I19
 
Tool Versions:
Toolchain:       MDK-ARM Plus  Version: 5.24.1
Toolchain Path:  D:\software install\Keil\ARM\ARMCC\Bin
C Compiler:      Armcc.exe V5.06 update 5 (build 528)
Assembler:       Armasm.exe V5.06 update 5 (build 528)
Linker/Locator:  ArmLink.exe V5.06 update 5 (build 528)
Library Manager: ArmAr.exe V5.06 update 5 (build 528)
Hex Converter:   FromElf.exe V5.06 update 5 (build 528)
CPU DLL:         SARMCM3.DLL V5.24.1
Dialog DLL:      DARMSTM.DLL V1.68.0.0
Target DLL:      Segger\JL2CM3.dll V2.99.26.0
Dialog DLL:      TARMSTM.DLL V1.66.0.0
 
<h2>Project:</h2>
C:\Users\xu\Desktop\UCOSII_MODBUSRTU_DEMO\UCOSII_MODBUSRTU_DEMO\UCOSII_MODBUSRTU_DEMO\USER\UCOSII_MODBUS_DEMO.uvprojx
Project File Date:  05/15/2018

<h2>Output:</h2>
*** Using Compiler 'V5.06 update 5 (build 528)', folder: 'D:\software install\Keil\ARM\ARMCC\Bin'
Rebuild target 'Target 1'
compiling system_stm32f10x.c...
compiling main.c...
compiling stm32f10x_it.c...
compiling led.c...
compiling key.c...
compiling lcd.c...
compiling delay.c...
compiling sys.c...
assembling startup_stm32f10x_hd.s...
compiling core_cm3.c...
compiling usart.c...
compiling misc.c...
compiling stm32f10x_fsmc.c...
compiling stm32f10x_gpio.c...
compiling stm32f10x_rcc.c...
compiling stm32f10x_usart.c...
compiling stm32f10x_tim.c...
compiling os_core.c...
compiling os_flag.c...
compiling os_mbox.c...
compiling os_mem.c...
compiling os_q.c...
compiling os_mutex.c...
compiling os_sem.c...
compiling os_task.c...
compiling os_time.c...
compiling os_tmr.c...
assembling os_cpu_a.asm...
compiling os_dbg.c...
compiling os_cpu_c.c...
compiling mbfunccoils.c...
compiling mbfuncdiag.c...
compiling mbfuncdisc.c...
compiling mbfuncholding.c...
compiling mbfuncinput.c...
compiling mbfuncother.c...
compiling mbcrc.c...
compiling mbutils.c...
compiling mbrtu.c...
..\MODBUS\modbus\rtu\mbrtu.c(171): warning:  #550-D: variable "xFrameReceived"  was set but never used
      BOOL            xFrameReceived = FALSE;
..\MODBUS\modbus\rtu\mbrtu.c: 1 warning, 0 errors
compiling mb.c...
..\MODBUS\modbus\mb.c(64): warning:  #550-D: variable "eMBCurrentMode"  was set but never used
  static eMBMode  eMBCurrentMode;
..\MODBUS\modbus\mb.c: 1 warning, 0 errors
compiling port.c...
compiling portserial.c...
compiling portevent.c...
compiling porttimer.c...
linking...
Program Size: Code=32230 RO-data=3866 RW-data=324 ZI-data=6196  
FromELF: creating hex file...
"..\OBJ\UCOSII_MODBUS_DEMO.axf" - 0 Error(s), 2 Warning(s).

<h2>Software Packages used:</h2>

Package Vendor: ARM
                http://www.keil.com/pack/ARM.CMSIS.5.1.0.pack
                ARM.CMSIS.5.1.0
                CMSIS (Cortex Microcontroller Software Interface Standard)
   * Component: CORE Version: 5.0.2

Package Vendor: Keil
                http://www.keil.com/pack/Keil.STM32F1xx_DFP.2.2.0.pack
                Keil.STM32F1xx_DFP.2.2.0
                STMicroelectronics STM32F1 Series Device Support, Drivers and Examples

<h2>Collection of Component include folders:</h2>
  .\RTE\_Target_1
  D:\software install\Keil\ARM\CMSIS\5.1.0\CMSIS\Include
  D:\software install\Keil\Keil\STM32F1xx_DFP\2.2.0\Device\Include

<h2>Collection of Component Files used:</h2>

   * Component: ARM::CMSIS:CORE:5.0.2
Build Time Elapsed:  00:00:09
</pre>
</body>
</html>
