<html>
<body>
<pre>
<h1>礦ision Build Log</h1>
<h2>Tool Versions:</h2>
IDE-Version: μVision V5.15
Copyright (C) 2015 ARM Ltd and ARM Germany GmbH. All rights reserved.
License Information: xu yingjun, buaa, LIC=14HLQ-NXY0S-0NBAM-XU4EB-VSY4W-DRY20
 
Tool Versions:
Toolchain:       MDK-ARM Standard  Version: 5.15.0
Toolchain Path:  D:\software install\keil\ARM\ARMCC\Bin
C Compiler:      Armcc.exe V5.05 update 2 (build 169)
Assembler:       Armasm.exe V5.05 update 2 (build 169)
Linker/Locator:  ArmLink.exe V5.05 update 2 (build 169)
Library Manager: ArmAr.exe V5.05 update 2 (build 169)
Hex Converter:   FromElf.exe V5.05 update 2 (build 169)
CPU DLL:         SARMCM3.DLL V5.15.0
Dialog DLL:      DARMSTM.DLL V1.65.0.0
Target DLL:      STLink\ST-LINKIII-KEIL_SWO.dll V2.0.15.0_KEIL
Dialog DLL:      TARMSTM.DLL V1.64.0.0
 
<h2>Project:</h2>
E:\徐颖俊工作资料\新加坡资料\LDDS\LDDS各版本\LDDS_RE_1017\Project\LDDS_RE.uvproj
Project File Date:  04/10/2017

<h2>Output:</h2>
*** Using Compiler 'V5.05 update 2 (build 169)', folder: 'D:\software install\keil\ARM\ARMCC\Bin'
Rebuild target 'LDDS_RE'
compiling main.c...
compiling stm32f10_dac.c...
compiling stm32f10_gpio.c...
compiling stm32f10_timer.c...
compiling stm32f10_usart.c...
compiling stm32f10x_it.c...
compiling analogin.c...
compiling heatpump_ctrl.c...
compiling logic.c...
compiling misc.c...
compiling stm32f10x_gpio.c...
compiling stm32f10x_rcc.c...
compiling stm32f10x_usart.c...
compiling stm32f10x_tim.c...
compiling core_cm3.c...
compiling system_stm32f10x.c...
assembling startup_stm32f10x_hd.s...
linking...
Program Size: Code=23042 RO-data=362 RW-data=764 ZI-data=2188  
FromELF: creating hex file...
".\LDDS_RE.axf" - 0 Error(s), 0 Warning(s).
</pre>
</body>
</html>
