<html>
<body>
<pre>
<h1>礦ision Build Log</h1>
<h2>Project:</h2>
C:\Users\Administrator\Desktop\8、串口通信\8、串口通信\printf（interrupt）\Project\RVMDK（uv4）\iSO-STM32.uvproj
Project File Date:  09/10/2014

<h2>Output:</h2>
compiling main.c...
..\..\User\main.c(29): warning:  #550-D: variable "weigh1" was set but never used
"..\..\User\main.c" - 0 Errors, 1 Warning(s).
Load "..\\..\\Output\\Template.axf" 
Set JLink Project File to "C:\Users\Administrator\Desktop\8、串口通信\8、串口通信\printf（interrupt）\Project\RVMDK（uv4）\JLinkSettings.ini"
* JLink Info: Device "STM32F103VE" selected (512 KB flash, 64 KB RAM).
 
JLink info:
------------
DLL: V4.58a, compiled Dec  5 2012 18:38:08
Firmware: J-Link ARM V8 compiled Nov 25 2013 19:20:08
Hardware: V8.00
S/N : 17935099 
Feature(s) : RDI,FlashDL,FlashBP,JFlash 
 
* JLink Info: TotalIRLen = 9, IRPrint = 0x0011
* JLink Info: TotalIRLen = 9, IRPrint = 0x0011
* JLink Info: Found Cortex-M3 r1p1, Little endian.
* JLink Info: TPIU fitted.
* JLink Info: ETM fitted.
* JLink Info: FPUnit: 6 code (BP) slots and 2 literal slots
ROMTableAddr = 0xE00FF003
* JLink Info: Found Cortex-M3 r1p1, Little endian.
* JLink Info: TPIU fitted.
* JLink Info: ETM fitted.
* JLink Info: FPUnit: 6 code (BP) slots and 2 literal slots
 
Target info:
------------
Device: STM32F103VE
VTarget = 3.241V
State of Pins: 
TCK: 1, TDI: 0, TDO: 1, TMS: 0, TRES: 1, TRST: 1
Hardware-Breakpoints: 6
Software-Breakpoints: 8192
Watchpoints:          4
JTAG speed: 4800 kHz
 
Full Chip Erase Done.
Programming Done.
Verify OK.
* JLink Info: Found Cortex-M3 r1p1, Little endian.
* JLink Info: TPIU fitted.
* JLink Info: ETM fitted.
* JLink Info: FPUnit: 6 code (BP) slots and 2 literal slots
Application running ...
Build target 'USART1（interrupt）'
compiling bsp_usart1.c...
linking...
Program Size: Code=9804 RO-data=336 RW-data=44 ZI-data=1028  
FromELF: creating hex file...
"..\..\Output\Template.axf" - 0 Errors, 0 Warning(s).
Load "..\\..\\Output\\Template.axf" 
Set JLink Project File to "C:\Users\Administrator\Desktop\8、串口通信\8、串口通信\printf（interrupt）\Project\RVMDK（uv4）\JLinkSettings.ini"
* JLink Info: Device "STM32F103VE" selected (512 KB flash, 64 KB RAM).
 
JLink info:
------------
DLL: V4.58a, compiled Dec  5 2012 18:38:08
Firmware: J-Link ARM V8 compiled Nov 25 2013 19:20:08
Hardware: V8.00
S/N : 17935099 
Feature(s) : RDI,FlashDL,FlashBP,JFlash 
 
* JLink Info: TotalIRLen = 9, IRPrint = 0x0011
* JLink Info: TotalIRLen = 9, IRPrint = 0x0011
* JLink Info: Found Cortex-M3 r1p1, Little endian.
* JLink Info: TPIU fitted.
* JLink Info: ETM fitted.
* JLink Info: FPUnit: 6 code (BP) slots and 2 literal slots
ROMTableAddr = 0xE00FF003
* JLink Info: Found Cortex-M3 r1p1, Little endian.
* JLink Info: TPIU fitted.
* JLink Info: ETM fitted.
* JLink Info: FPUnit: 6 code (BP) slots and 2 literal slots
 
Target info:
------------
Device: STM32F103VE
VTarget = 3.248V
State of Pins: 
TCK: 1, TDI: 0, TDO: 1, TMS: 0, TRES: 1, TRST: 1
Hardware-Breakpoints: 6
Software-Breakpoints: 8192
Watchpoints:          4
JTAG speed: 4800 kHz
 
Full Chip Erase Done.
Programming Done.
Verify OK.
* JLink Info: Found Cortex-M3 r1p1, Little endian.
* JLink Info: TPIU fitted.
* JLink Info: ETM fitted.
* JLink Info: FPUnit: 6 code (BP) slots and 2 literal slots
Application running ...
Load "..\\..\\Output\\Template.axf" 
Set JLink Project File to "C:\Users\Administrator\Desktop\8、串口通信\8、串口通信\printf（interrupt）\Project\RVMDK（uv4）\JLinkSettings.ini"
* JLink Info: Device "STM32F103VE" selected (512 KB flash, 64 KB RAM).
 
JLink info:
------------
DLL: V4.58a, compiled Dec  5 2012 18:38:08
Firmware: J-Link ARM V8 compiled Nov 25 2013 19:20:08
Hardware: V8.00
S/N : 17935099 
Feature(s) : RDI,FlashDL,FlashBP,JFlash 
 
* JLink Info: TotalIRLen = 9, IRPrint = 0x0011
* JLink Info: TotalIRLen = 9, IRPrint = 0x0011
* JLink Info: Found Cortex-M3 r1p1, Little endian.
* JLink Info: TPIU fitted.
* JLink Info: ETM fitted.
* JLink Info: FPUnit: 6 code (BP) slots and 2 literal slots
ROMTableAddr = 0xE00FF003
* JLink Info: Found Cortex-M3 r1p1, Little endian.
* JLink Info: TPIU fitted.
* JLink Info: ETM fitted.
* JLink Info: FPUnit: 6 code (BP) slots and 2 literal slots
 
Target info:
------------
Device: STM32F103VE
VTarget = 3.241V
State of Pins: 
TCK: 1, TDI: 0, TDO: 1, TMS: 0, TRES: 1, TRST: 1
Hardware-Breakpoints: 6
Software-Breakpoints: 8192
Watchpoints:          4
JTAG speed: 4800 kHz
 
Full Chip Erase Done.
Programming Done.
Verify OK.
* JLink Info: Found Cortex-M3 r1p1, Little endian.
* JLink Info: TPIU fitted.
* JLink Info: ETM fitted.
* JLink Info: FPUnit: 6 code (BP) slots and 2 literal slots
Application running ...
compiling main.c...
..\..\User\main.c(29): warning:  #550-D: variable "weigh1" was set but never used
"..\..\User\main.c" - 0 Errors, 1 Warning(s).
Load "..\\..\\Output\\Template.axf" 
Set JLink Project File to "C:\Users\Administrator\Desktop\8、串口通信\8、串口通信\printf（interrupt）\Project\RVMDK（uv4）\JLinkSettings.ini"
* JLink Info: Device "STM32F103VE" selected (512 KB flash, 64 KB RAM).
 
JLink info:
------------
DLL: V4.58a, compiled Dec  5 2012 18:38:08
Firmware: J-Link ARM V8 compiled Nov 25 2013 19:20:08
Hardware: V8.00
S/N : 17935099 
Feature(s) : RDI,FlashDL,FlashBP,JFlash 
 
* JLink Info: TotalIRLen = 9, IRPrint = 0x0011
* JLink Info: TotalIRLen = 9, IRPrint = 0x0011
* JLink Info: Found Cortex-M3 r1p1, Little endian.
* JLink Info: TPIU fitted.
* JLink Info: ETM fitted.
* JLink Info: FPUnit: 6 code (BP) slots and 2 literal slots
ROMTableAddr = 0xE00FF003
* JLink Info: Found Cortex-M3 r1p1, Little endian.
* JLink Info: TPIU fitted.
* JLink Info: ETM fitted.
* JLink Info: FPUnit: 6 code (BP) slots and 2 literal slots
 
Target info:
------------
Device: STM32F103VE
VTarget = 3.241V
State of Pins: 
TCK: 1, TDI: 0, TDO: 1, TMS: 0, TRES: 1, TRST: 1
Hardware-Breakpoints: 6
Software-Breakpoints: 8192
Watchpoints:          4
JTAG speed: 4800 kHz
 
Full Chip Erase Done.
Programming Done.
Verify OK.
* JLink Info: Found Cortex-M3 r1p1, Little endian.
* JLink Info: TPIU fitted.
* JLink Info: ETM fitted.
* JLink Info: FPUnit: 6 code (BP) slots and 2 literal slots
Application running ...
compiling main.c...
..\..\User\main.c(29): warning:  #550-D: variable "weigh1" was set but never used
"..\..\User\main.c" - 0 Errors, 1 Warning(s).
compiling main.c...
..\..\User\main.c(29): warning:  #550-D: variable "weigh1" was set but never used
"..\..\User\main.c" - 0 Errors, 1 Warning(s).
Load "..\\..\\Output\\Template.axf" 
Set JLink Project File to "C:\Users\Administrator\Desktop\8、串口通信\8、串口通信\printf（interrupt）\Project\RVMDK（uv4）\JLinkSettings.ini"
* JLink Info: Device "STM32F103VE" selected (512 KB flash, 64 KB RAM).
 
JLink info:
------------
DLL: V4.58a, compiled Dec  5 2012 18:38:08
Firmware: J-Link ARM V8 compiled Nov 25 2013 19:20:08
Hardware: V8.00
S/N : 17935099 
Feature(s) : RDI,FlashDL,FlashBP,JFlash 
 
* JLink Info: TotalIRLen = 9, IRPrint = 0x0011
* JLink Info: TotalIRLen = 9, IRPrint = 0x0011
* JLink Info: Found Cortex-M3 r1p1, Little endian.
* JLink Info: TPIU fitted.
* JLink Info: ETM fitted.
* JLink Info: FPUnit: 6 code (BP) slots and 2 literal slots
ROMTableAddr = 0xE00FF003
* JLink Info: Found Cortex-M3 r1p1, Little endian.
* JLink Info: TPIU fitted.
* JLink Info: ETM fitted.
* JLink Info: FPUnit: 6 code (BP) slots and 2 literal slots
 
Target info:
------------
Device: STM32F103VE
VTarget = 3.248V
State of Pins: 
TCK: 1, TDI: 0, TDO: 1, TMS: 0, TRES: 1, TRST: 1
Hardware-Breakpoints: 6
Software-Breakpoints: 8192
Watchpoints:          4
JTAG speed: 4800 kHz
 
Full Chip Erase Done.
Programming Done.
Verify OK.
* JLink Info: Found Cortex-M3 r1p1, Little endian.
* JLink Info: TPIU fitted.
* JLink Info: ETM fitted.
* JLink Info: FPUnit: 6 code (BP) slots and 2 literal slots
Application running ...
compiling main.c...
..\..\User\main.c(29): warning:  #550-D: variable "weigh1" was set but never used
"..\..\User\main.c" - 0 Errors, 1 Warning(s).
Build target 'USART1（interrupt）'
compiling bsp_usart1.c...
linking...
Program Size: Code=9780 RO-data=336 RW-data=44 ZI-data=1028  
FromELF: creating hex file...
"..\..\Output\Template.axf" - 0 Errors, 0 Warning(s).
Load "..\\..\\Output\\Template.axf" 
Set JLink Project File to "C:\Users\Administrator\Desktop\8、串口通信\8、串口通信\printf（interrupt）\Project\RVMDK（uv4）\JLinkSettings.ini"
* JLink Info: Device "STM32F103VE" selected (512 KB flash, 64 KB RAM).
 
JLink info:
------------
DLL: V4.58a, compiled Dec  5 2012 18:38:08
Firmware: J-Link ARM V8 compiled Nov 25 2013 19:20:08
Hardware: V8.00
S/N : 17935099 
Feature(s) : RDI,FlashDL,FlashBP,JFlash 
 
* JLink Info: TotalIRLen = 9, IRPrint = 0x0011
* JLink Info: TotalIRLen = 9, IRPrint = 0x0011
* JLink Info: Found Cortex-M3 r1p1, Little endian.
* JLink Info: TPIU fitted.
* JLink Info: ETM fitted.
* JLink Info: FPUnit: 6 code (BP) slots and 2 literal slots
ROMTableAddr = 0xE00FF003
* JLink Info: Found Cortex-M3 r1p1, Little endian.
* JLink Info: TPIU fitted.
* JLink Info: ETM fitted.
* JLink Info: FPUnit: 6 code (BP) slots and 2 literal slots
 
Target info:
------------
Device: STM32F103VE
VTarget = 3.241V
State of Pins: 
TCK: 1, TDI: 0, TDO: 1, TMS: 0, TRES: 1, TRST: 1
Hardware-Breakpoints: 6
Software-Breakpoints: 8192
Watchpoints:          4
JTAG speed: 4800 kHz
 
Full Chip Erase Done.
Programming Done.
Verify OK.
* JLink Info: Found Cortex-M3 r1p1, Little endian.
* JLink Info: TPIU fitted.
* JLink Info: ETM fitted.
* JLink Info: FPUnit: 6 code (BP) slots and 2 literal slots
Application running ...
