<html>
<body>
<pre>
<h1>µVision Build Log</h1>
<h2>Tool Versions:</h2>
IDE-Version: ¦ÌVision V5.24.2.0
Copyright (C) 2017 ARM Ltd and ARM Germany GmbH. All rights reserved.
License Information: 1 1, 1, LIC=WHYKP-MP2YL-Z9XG9-4SY4L-9FM8V-95I19
 
Tool Versions:
Toolchain:       MDK-ARM Plus  Version: 5.24.1
Toolchain Path:  D:\software install\Keil\ARM\ARMCC\Bin
C Compiler:      Armcc.exe V5.06 update 5 (build 528)
Assembler:       Armasm.exe V5.06 update 5 (build 528)
Linker/Locator:  ArmLink.exe V5.06 update 5 (build 528)
Library Manager: ArmAr.exe V5.06 update 5 (build 528)
Hex Converter:   FromElf.exe V5.06 update 5 (build 528)
CPU DLL:         SARMCM3.DLL V5.24.1
Dialog DLL:      DARMSTM.DLL V1.68.0.0
Target DLL:      UL2CM3.DLL V1.160.3.0
Dialog DLL:      TARMSTM.DLL V1.66.0.0
 
<h2>Project:</h2>
C:\Users\xu\Desktop\rt-thread-stm32f10x-HAL\rt-thread-stm32f10x-HAL\project.uvprojx
Project File Date:  06/07/2018

<h2>Output:</h2>
*** Using Compiler 'V5.06 update 5 (build 528)', folder: 'D:\software install\Keil\ARM\ARMCC\Bin'
Rebuild target 'rtthread-stm32'
compiling main.c...
compiling stm32f1xx_it.c...
compiling board.c...
compiling drv_gpio.c...
compiling system_stm32f1xx.c...
compiling drv_usart.c...
compiling stm32f1xx_hal_adc.c...
compiling stm32f1xx_hal_gpio_ex.c...
compiling stm32f1xx_hal_adc_ex.c...
compiling stm32f1xx_hal_gpio.c...
compiling stm32f1xx_hal_flash_ex.c...
compiling stm32f1xx_hal_flash.c...
compiling stm32f1xx_hal_dma.c...
compiling stm32f1xx_hal_i2c.c...
compiling stm32f1xx_hal_cortex.c...
compiling stm32f1xx_hal_crc.c...
compiling stm32f1xx_hal_irda.c...
compiling stm32f1xx_hal_iwdg.c...
compiling stm32f1xx_hal_pwr.c...
compiling stm32f1xx_hal_rcc_ex.c...
compiling stm32f1xx_hal_rtc.c...
compiling stm32f1xx_hal_rcc.c...
compiling stm32f1xx_hal_rtc_ex.c...
compiling stm32f1xx_hal_spi.c...
compiling stm32f1xx_hal_smartcard.c...
compiling stm32f1xx_hal_spi_ex.c...
compiling stm32f1xx_hal_tim_ex.c...
compiling stm32f1xx_hal_tim.c...
compiling stm32f1xx_hal_usart.c...
compiling stm32f1xx_hal_uart.c...
compiling stm32f1xx_hal_wwdg.c...
compiling stm32f1xx_ll_adc.c...
compiling stm32f1xx_ll_crc.c...
compiling stm32f1xx_ll_dac.c...
compiling stm32f1xx_ll_exti.c...
compiling stm32f1xx_ll_dma.c...
compiling stm32f1xx_ll_gpio.c...
compiling stm32f1xx_ll_i2c.c...
compiling stm32f1xx_ll_pwr.c...
compiling stm32f1xx_ll_rcc.c...
compiling stm32f1xx_ll_rtc.c...
compiling stm32f1xx_hal.c...
compiling stm32f1xx_ll_spi.c...
compiling stm32f1xx_ll_fsmc.c...
compiling stm32f1xx_ll_tim.c...
compiling stm32f1xx_ll_usart.c...
compiling stm32f1xx_ll_sdmmc.c...
compiling stm32f1xx_ll_usb.c...
compiling stm32f1xx_ll_utils.c...
compiling stm32f1xx_hal_can.c...
compiling stm32f1xx_hal_dac.c...
compiling stm32f1xx_hal_dac_ex.c...
compiling stm32f1xx_hal_i2s.c...
compiling stm32f1xx_hal_mmc.c...
compiling stm32f1xx_hal_sd.c...
compiling stm32f1xx_hal_nand.c...
compiling stm32f1xx_hal_pccard.c...
compiling stm32f1xx_hal_nor.c...
compiling stm32f1xx_hal_sram.c...
assembling startup_stm32f103xe.s...
compiling led.c...
compiling producer_consumer.c...
compiling clock.c...
compiling components.c...
compiling device.c...
compiling stm32f1xx_hal_pcd_ex.c...
compiling stm32f1xx_hal_pcd.c...
compiling idle.c...
compiling irq.c...
compiling ipc.c...
compiling kservice.c...
compiling memheap.c...
compiling mem.c...
compiling object.c...
compiling mempool.c...
compiling scheduler.c...
compiling signal.c...
compiling src_thread.c...
compiling timer.c...
assembling context_rvds.S...
compiling cpuport.c...
compiling backtrace.c...
compiling div0.c...
compiling showmem.c...
compiling pin.c...
compiling completion.c...
compiling serial.c...
compiling dataqueue.c...
compiling pipe.c...
compiling ringbuffer.c...
compiling waitqueue.c...
compiling workqueue.c...
compiling shell.c...
compiling symbol.c...
compiling cmd.c...
compiling msh.c...
compiling msh_cmd.c...
compiling msh_file.c...
compiling libc.c...
compiling libc_syms.c...
compiling mem_std.c...
compiling stdio.c...
compiling stubs.c...
compiling time.c...
linking...
Program Size: Code=47748 RO-data=7580 RW-data=624 ZI-data=2864  
After Build - User command #1: fromelf --bin .\build\rtthread-stm32.axf --output rtthread.bin
".\build\rtthread-stm32.axf" - 0 Error(s), 0 Warning(s).

<h2>Software Packages used:</h2>

Package Vendor: Keil
                http://www.keil.com/pack/Keil.STM32F1xx_DFP.2.2.0.pack
                Keil.STM32F1xx_DFP.2.2.0
                STMicroelectronics STM32F1 Series Device Support, Drivers and Examples

<h2>Collection of Component include folders:</h2>
  .\RTE\_rtthread-stm32
  D:\software install\Keil\Keil\STM32F1xx_DFP\2.2.0\Device\Include

<h2>Collection of Component Files used:</h2>
Build Time Elapsed:  00:01:19
</pre>
</body>
</html>
