<html>
<body>
<pre>
<h1>µVision Build Log</h1>
<h2>Project:</h2>
D:\Keil Developer\STM32_Edition_2.0\Project\Template.uvproj
Project File Date:  11/16/2015

<h2>Output:</h2>
Rebuild target 'DEH'
assembling startup_stm32f10x_hd_revised.s...
compiling core_cm3.c...
compiling system_stm32f10x.c...
compiling stm32f10x_gpio.c...
compiling stm32f10x_rcc.c...
compiling stm32f10x_tim.c...
compiling stm32f10x_usart.c...
compiling stm32f10x_wwdg.c...
compiling misc.c...
compiling main.c...
compiling subroutine.c...
compiling execute.c...
compiling fatherlinklist.c...
compiling funclib.c...
compiling mainlinklist.c...
compiling protocol.c...
compiling sublinklist.c...
compiling adc.c...
compiling dac.c...
compiling digital_io.c...
compiling pid.c...
compiling rtd.c...
compiling systick_timer.c...
compiling timer.c...
compiling usart.c...
creating Library...
"..\PublicLib\Template.lib" - 0 Error(s), 0 Warning(s).
Rebuild target 'DEH'
assembling startup_stm32f10x_hd_revised.s...
compiling core_cm3.c...
compiling system_stm32f10x.c...
compiling stm32f10x_gpio.c...
compiling stm32f10x_rcc.c...
compiling stm32f10x_tim.c...
compiling stm32f10x_usart.c...
compiling stm32f10x_wwdg.c...
compiling misc.c...
compiling main.c...
compiling subroutine.c...
compiling execute.c...
compiling fatherlinklist.c...
compiling funclib.c...
compiling mainlinklist.c...
compiling protocol.c...
compiling sublinklist.c...
compiling adc.c...
compiling dac.c...
compiling digital_io.c...
compiling pid.c...
compiling rtd.c...
compiling systick_timer.c...
compiling timer.c...
compiling usart.c...
linking...
Program Size: Code=13084 RO-data=348 RW-data=232 ZI-data=57160  
FromELF: creating hex file...
"..\Output\Template.axf" - 0 Error(s), 0 Warning(s).
Load "..\\Output\\Template.AXF" 
Build target 'DEH'
linking...
Program Size: Code=13084 RO-data=348 RW-data=232 ZI-data=57160  
FromELF: creating hex file...
"..\Output\Template.axf" - 0 Error(s), 0 Warning(s).
Rebuild target 'DEH'
assembling startup_stm32f10x_hd_revised.s...
compiling core_cm3.c...
compiling system_stm32f10x.c...
compiling stm32f10x_gpio.c...
compiling stm32f10x_rcc.c...
compiling stm32f10x_tim.c...
compiling stm32f10x_usart.c...
compiling stm32f10x_wwdg.c...
compiling misc.c...
compiling main.c...
compiling subroutine.c...
compiling execute.c...
compiling fatherlinklist.c...
compiling funclib.c...
compiling mainlinklist.c...
compiling protocol.c...
compiling sublinklist.c...
compiling adc.c...
compiling dac.c...
compiling digital_io.c...
compiling pid.c...
compiling rtd.c...
compiling systick_timer.c...
compiling timer.c...
compiling usart.c...
compiling lookuptable.c...
..\User\Algorithm\lookuptable.h(7): warning:  #1-D: last line of file ends without a newline
..\User\Algorithm\lookuptable.c(20): warning:  #223-D: function "indexOfRow" declared implicitly
..\User\Algorithm\lookuptable.c(21): warning:  #223-D: function "indexOfColumn" declared implicitly
..\User\Algorithm\lookuptable.c(56): error:  #142: expression must have pointer-to-object type
..\User\Algorithm\lookuptable.c(61): error:  #159: declaration is incompatible with previous "indexOfRow" (declared at line 20)
..\User\Algorithm\lookuptable.c(76): error:  #159: declaration is incompatible with previous "indexOfColumn" (declared at line 21)
..\User\Algorithm\lookuptable.c(89): warning:  #1-D: last line of file ends without a newline
Target not created
Rebuild target 'DEH'
assembling startup_stm32f10x_hd_revised.s...
compiling core_cm3.c...
compiling system_stm32f10x.c...
compiling stm32f10x_gpio.c...
compiling stm32f10x_rcc.c...
compiling stm32f10x_tim.c...
compiling stm32f10x_usart.c...
compiling stm32f10x_wwdg.c...
compiling misc.c...
compiling main.c...
compiling subroutine.c...
compiling execute.c...
compiling fatherlinklist.c...
compiling funclib.c...
compiling mainlinklist.c...
compiling protocol.c...
compiling sublinklist.c...
compiling adc.c...
compiling dac.c...
compiling digital_io.c...
compiling pid.c...
compiling rtd.c...
compiling systick_timer.c...
compiling timer.c...
compiling usart.c...
compiling lookuptable.c...
..\User\Algorithm\lookuptable.c(41): error:  #147-D: declaration is incompatible with "void FillTableData(int, int, float *, float *, float *)" (declared at line 5 of "..\User\Algorithm\lookuptable.h")
Target not created
Rebuild target 'DEH'
assembling startup_stm32f10x_hd_revised.s...
compiling core_cm3.c...
compiling system_stm32f10x.c...
compiling stm32f10x_gpio.c...
compiling stm32f10x_rcc.c...
compiling stm32f10x_tim.c...
compiling stm32f10x_usart.c...
compiling stm32f10x_wwdg.c...
compiling misc.c...
compiling main.c...
compiling subroutine.c...
compiling execute.c...
compiling fatherlinklist.c...
compiling funclib.c...
compiling mainlinklist.c...
compiling protocol.c...
compiling sublinklist.c...
compiling adc.c...
compiling dac.c...
compiling digital_io.c...
compiling pid.c...
compiling rtd.c...
compiling systick_timer.c...
compiling timer.c...
compiling usart.c...
compiling lookuptable.c...
linking...
Program Size: Code=13084 RO-data=348 RW-data=232 ZI-data=57160  
FromELF: creating hex file...
"..\Output\Template.axf" - 0 Error(s), 0 Warning(s).
