<html>
<body>
<pre>
<h1>µVision Build Log</h1>
<h2>Tool Versions:</h2>
IDE-Version: ¦ÌVision V5.24.2.0
Copyright (C) 2017 ARM Ltd and ARM Germany GmbH. All rights reserved.
License Information: 1 1, 1, LIC=WHYKP-MP2YL-Z9XG9-4SY4L-9FM8V-95I19
 
Tool Versions:
Toolchain:       MDK-ARM Plus  Version: 5.24.1
Toolchain Path:  D:\software install\Keil\ARM\ARMCC\Bin
C Compiler:      Armcc.exe V5.06 update 5 (build 528)
Assembler:       Armasm.exe V5.06 update 5 (build 528)
Linker/Locator:  ArmLink.exe V5.06 update 5 (build 528)
Library Manager: ArmAr.exe V5.06 update 5 (build 528)
Hex Converter:   FromElf.exe V5.06 update 5 (build 528)
CPU DLL:         SARMCM3.DLL V5.24.1
Dialog DLL:      DARMCM1.DLL V1.18.0.0
Target DLL:      STLink\ST-LINKIII-KEIL_SWO.dll V3.0.1.0
Dialog DLL:      TARMCM1.DLL V1.13.0.0
 
<h2>Project:</h2>
C:\Users\xu\Desktop\ModBus-Master-master\ModBus-Master-master\MDK-ARM\master.uvprojx
Project File Date:  06/11/2018

<h2>Output:</h2>
*** Using Compiler 'V5.06 update 5 (build 528)', folder: 'D:\software install\Keil\ARM\ARMCC\Bin'
Rebuild target 'master'
compiling stm32f0xx_hal_msp.c...
compiling stm32f0xx_it.c...
compiling main.c...
..\Modbus_Master\modbus_master.h(29): warning:  #1295-D: Deprecated declaration ModbusMaster_clearResponseBuffer - give arg types
   void ModbusMaster_clearResponseBuffer();
..\Modbus_Master\modbus_master.h(31): warning:  #1295-D: Deprecated declaration ModbusMaster_clearTransmitBuffer - give arg types
   void ModbusMaster_clearTransmitBuffer();
../Src/main.c(70): warning:  #177-D: variable "state"  was declared but never referenced
    uint8_t state=0;
../Src/main.c(71): warning:  #550-D: variable "Input_Result"  was set but never used
  	uint16_t  Input_Result[2];
../Src/main.c: 4 warnings, 0 errors
compiling ringbuffer.c...
compiling trans_recieve_buff_control.c...
..\Modbus_Master\trans_recieve_buff_control.c(33): warning:  #940-D: missing return statement at end of non-void function "Modbus_Master_Rece_Flush" 
  }
..\Modbus_Master\trans_recieve_buff_control.c(87): warning:  #940-D: missing return statement at end of non-void function "Modbus_Master_Rece_Handler" 
  }
..\Modbus_Master\trans_recieve_buff_control.c: 2 warnings, 0 errors
assembling startup_stm32f042x6.s...
compiling modbus_master.c...
..\Modbus_Master\modbus_master.h(29): warning:  #1295-D: Deprecated declaration ModbusMaster_clearResponseBuffer - give arg types
   void ModbusMaster_clearResponseBuffer();
..\Modbus_Master\modbus_master.h(31): warning:  #1295-D: Deprecated declaration ModbusMaster_clearTransmitBuffer - give arg types
   void ModbusMaster_clearTransmitBuffer();
..\Modbus_Master\modbus_master.c(4): warning:  #177-D: variable "ku8MBIllegalFunction"  was declared but never referenced
   static const uint8_t ku8MBIllegalFunction            = 0x01;
..\Modbus_Master\modbus_master.c(6): warning:  #177-D: variable "ku8MBIllegalDataValue"  was declared but never referenced
   static const uint8_t ku8MBIllegalDataValue           = 0x03;
..\Modbus_Master\modbus_master.c(7): warning:  #177-D: variable "ku8MBSlaveDeviceFailure"  was declared but never referenced
   static const uint8_t ku8MBSlaveDeviceFailure         = 0x04;
..\Modbus_Master\modbus_master.c: 5 warnings, 0 errors
compiling stm32f0xx_hal_pwr_ex.c...
compiling stm32f0xx_hal.c...
compiling stm32f0xx_hal_cortex.c...
compiling stm32f0xx_hal_tim.c...
compiling stm32f0xx_hal_flash_ex.c...
compiling stm32f0xx_hal_uart.c...
compiling stm32f0xx_hal_i2c_ex.c...
compiling stm32f0xx_hal_uart_ex.c...
compiling stm32f0xx_hal_rcc.c...
compiling stm32f0xx_hal_rcc_ex.c...
compiling stm32f0xx_hal_tim_ex.c...
compiling stm32f0xx_hal_dma.c...
compiling stm32f0xx_hal_pwr.c...
compiling stm32f0xx_hal_gpio.c...
compiling stm32f0xx_hal_i2c.c...
compiling system_stm32f0xx.c...
compiling stm32f0xx_hal_flash.c...
linking...
Program Size: Code=6098 RO-data=250 RW-data=24 ZI-data=1616  
"master\master.axf" - 0 Error(s), 11 Warning(s).

<h2>Software Packages used:</h2>

Package Vendor: ARM
                http://www.keil.com/pack/ARM.CMSIS.5.3.0.pack
                ARM.CMSIS.5.3.0
                CMSIS (Cortex Microcontroller Software Interface Standard)
   * Component: CORE Version: 5.1.1

Package Vendor: Keil
                http://www.keil.com/pack/Keil.STM32F0xx_DFP.1.5.0.pack
                Keil.STM32F0xx_DFP.1.5.0
                STMicroelectronics STM32F0 Series Device Support and Examples

<h2>Collection of Component include folders:</h2>
  .\RTE\_master
  D:\software install\Keil\ARM\CMSIS\5.3.0\CMSIS\Include
  D:\software install\Keil\Keil\STM32F0xx_DFP\1.5.0\Device\Include

<h2>Collection of Component Files used:</h2>

   * Component: ARM::CMSIS:CORE:5.1.1
Build Time Elapsed:  00:00:20
</pre>
</body>
</html>
