<html>
<body>
<pre>
<h1>µVision Build Log</h1>
<h2>Tool Versions:</h2>
IDE-Version: ¦ÌVision V5.15
Copyright (C) 2015 ARM Ltd and ARM Germany GmbH. All rights reserved.
License Information: xu yingjun, buaa, LIC=14HLQ-NXY0S-0NBAM-XU4EB-VSY4W-DRY20
 
Tool Versions:
Toolchain:       MDK-ARM Standard  Version: 5.15.0
Toolchain Path:  D:\software install\keil\ARM\ARMCC\Bin
C Compiler:      Armcc.exe V5.05 update 2 (build 169)
Assembler:       Armasm.exe V5.05 update 2 (build 169)
Linker/Locator:  ArmLink.exe V5.05 update 2 (build 169)
Library Manager: ArmAr.exe V5.05 update 2 (build 169)
Hex Converter:   FromElf.exe V5.05 update 2 (build 169)
CPU DLL:         SARMCM3.DLL V5.15.0
Dialog DLL:      DARMSTM.DLL V1.65.0.0
Target DLL:      STLink\ST-LINKIII-KEIL_SWO.dll V2.0.15.0_KEIL
Dialog DLL:      TARMSTM.DLL V1.64.0.0
 
<h2>Project:</h2>
C:\Users\Ü°\Desktop\NSLH_Modbus\project\ProtocolTest.uvprojx
Project File Date:  07/25/2017

<h2>Output:</h2>
*** Using Compiler 'V5.05 update 2 (build 169)', folder: 'D:\software install\keil\ARM\ARMCC\Bin'
Rebuild target 'NSLH_Modbus'
compiling core_cm3.c...
compiling system_stm32f10x.c...
compiling misc.c...
compiling stm32f10x_exti.c...
compiling stm32f10x_gpio.c...
compiling stm32f10x_rcc.c...
compiling stm32f10x_tim.c...
compiling stm32f10x_usart.c...
compiling adc.c...
compiling dac.c...
compiling digital_io.c...
compiling rtd.c...
compiling systick_timer.c...
compiling timer.c...
compiling usart.c...
compiling globe.c...
compiling protocol.c...
compiling runtimedata.c...
compiling touchscreen.c...
assembling startup_stm32f10x_hd.s...
compiling main.c...
compiling stm32_it.c...
compiling logic.c...
compiling algorithm.c...
compiling pid.c...
linking...
Program Size: Code=13234 RO-data=350 RW-data=460 ZI-data=7748  
FromELF: creating hex file...
".\Objects\ProtocolTest.axf" - 0 Error(s), 0 Warning(s).

<h2>Collection of Component include folders:</h2>
  C:\Users\Ü°\Desktop\NSLH_Modbus\project\RTE
  D:\software install\keil\ARM\PACK\Keil\STM32F1xx_DFP\2.1.0\Device\Include

<h2>Collection of Component Files used:</h2>
</pre>
</body>
</html>
