<html>
<body>
<pre>
<h1>礦ision Build Log</h1>
<h2>Tool Versions:</h2>
IDE-Version: μVision V5.15
Copyright (C) 2015 ARM Ltd and ARM Germany GmbH. All rights reserved.
License Information: xu yingjun, buaa, LIC=14HLQ-NXY0S-0NBAM-XU4EB-VSY4W-DRY20
 
Tool Versions:
Toolchain:       MDK-ARM Standard  Version: 5.15.0
Toolchain Path:  D:\software install\keil\ARM\ARMCC\Bin
C Compiler:      Armcc.exe V5.05 update 2 (build 169)
Assembler:       Armasm.exe V5.05 update 2 (build 169)
Linker/Locator:  ArmLink.exe V5.05 update 2 (build 169)
Library Manager: ArmAr.exe V5.05 update 2 (build 169)
Hex Converter:   FromElf.exe V5.05 update 2 (build 169)
CPU DLL:         SARMCM3.DLL V5.15.0
Dialog DLL:      DARMSTM.DLL V1.65.0.0
Target DLL:      STLink\ST-LINKIII-KEIL_SWO.dll V2.0.15.0_KEIL
Dialog DLL:      TARMSTM.DLL V1.64.0.0
 
<h2>Project:</h2>
C:\Users\馨\Desktop\Modbus\大板ModBus代码\大板ModBus代码\MainBoard_Modbus RTD\Project\MainBoardTest\MDK-ARM\Project.uvproj
Project File Date:  07/17/2017

<h2>Output:</h2>
*** Using Compiler 'V5.05 update 2 (build 169)', folder: 'D:\software install\keil\ARM\ARMCC\Bin'
Rebuild target 'MainBoardForRTD'
compiling stm32f10x_it.c...
compiling main.c...
compiling rtd.c...
compiling ADS1115.c...
compiling delay.c...
compiling myiic.c...
compiling DAC8554.c...
compiling Globle.c...
compiling Dio.c...
compiling Pwm.c...
compiling MuxCfg.c...
compiling stm32f10x_rcc.c...
compiling stm32f10x_gpio.c...
compiling misc.c...
compiling stm32f10x_exti.c...
compiling stm32f10x_spi.c...
compiling stm32f10x_fsmc.c...
compiling stm32f10x_usart.c...
compiling stm32f10x_sdio.c...
compiling stm32f10x_dma.c...
compiling stm32f10x_i2c.c...
compiling stm32f10x_tim.c...
compiling core_cm3.c...
compiling system_stm32f10x.c...
compiling stm32_eval.c...
compiling stm3210e_eval_lcd.c...
assembling startup_stm32f10x_hd.s...
linking...
Program Size: Code=10260 RO-data=572 RW-data=100 ZI-data=2020  
FromELF: creating hex file...
".\MainBoard.axf" - 0 Error(s), 0 Warning(s).
</pre>
</body>
</html>
